Archive member included to satisfy reference by file (symbol)

C:/ST/STM32CubeIDE_1.19.0/STM32CubeIDE/plugins/com.st.stm32cube.ide.mcu.externaltools.gnu-tools-for-stm32.13.3.rel1.win32_1.0.0.202411081344/tools/bin/../lib/gcc/arm-none-eabi/13.3.1/../../../../arm-none-eabi/lib/thumb/v7-m/nofp\libc_nano.a(libc_a-atoi.o)
                              ./Core/Src/uart_commands.o (atoi)
C:/ST/STM32CubeIDE_1.19.0/STM32CubeIDE/plugins/com.st.stm32cube.ide.mcu.externaltools.gnu-tools-for-stm32.13.3.rel1.win32_1.0.0.202411081344/tools/bin/../lib/gcc/arm-none-eabi/13.3.1/../../../../arm-none-eabi/lib/thumb/v7-m/nofp\libc_nano.a(libc_a-exit.o)
                              C:/ST/STM32CubeIDE_1.19.0/STM32CubeIDE/plugins/com.st.stm32cube.ide.mcu.externaltools.gnu-tools-for-stm32.13.3.rel1.win32_1.0.0.202411081344/tools/bin/../lib/gcc/arm-none-eabi/13.3.1/../../../../arm-none-eabi/lib/thumb/v7-m/nofp/crt0.o (exit)
C:/ST/STM32CubeIDE_1.19.0/STM32CubeIDE/plugins/com.st.stm32cube.ide.mcu.externaltools.gnu-tools-for-stm32.13.3.rel1.win32_1.0.0.202411081344/tools/bin/../lib/gcc/arm-none-eabi/13.3.1/../../../../arm-none-eabi/lib/thumb/v7-m/nofp\libc_nano.a(libc_a-strtol.o)
                              C:/ST/STM32CubeIDE_1.19.0/STM32CubeIDE/plugins/com.st.stm32cube.ide.mcu.externaltools.gnu-tools-for-stm32.13.3.rel1.win32_1.0.0.202411081344/tools/bin/../lib/gcc/arm-none-eabi/13.3.1/../../../../arm-none-eabi/lib/thumb/v7-m/nofp\libc_nano.a(libc_a-atoi.o) (_strtol_r)
C:/ST/STM32CubeIDE_1.19.0/STM32CubeIDE/plugins/com.st.stm32cube.ide.mcu.externaltools.gnu-tools-for-stm32.13.3.rel1.win32_1.0.0.202411081344/tools/bin/../lib/gcc/arm-none-eabi/13.3.1/../../../../arm-none-eabi/lib/thumb/v7-m/nofp\libc_nano.a(libc_a-ctype_.o)
                              C:/ST/STM32CubeIDE_1.19.0/STM32CubeIDE/plugins/com.st.stm32cube.ide.mcu.externaltools.gnu-tools-for-stm32.13.3.rel1.win32_1.0.0.202411081344/tools/bin/../lib/gcc/arm-none-eabi/13.3.1/../../../../arm-none-eabi/lib/thumb/v7-m/nofp\libc_nano.a(libc_a-strtol.o) (_ctype_)
C:/ST/STM32CubeIDE_1.19.0/STM32CubeIDE/plugins/com.st.stm32cube.ide.mcu.externaltools.gnu-tools-for-stm32.13.3.rel1.win32_1.0.0.202411081344/tools/bin/../lib/gcc/arm-none-eabi/13.3.1/../../../../arm-none-eabi/lib/thumb/v7-m/nofp\libc_nano.a(libc_a-nano-vfprintf_float.o)
                              (_printf_float)
C:/ST/STM32CubeIDE_1.19.0/STM32CubeIDE/plugins/com.st.stm32cube.ide.mcu.externaltools.gnu-tools-for-stm32.13.3.rel1.win32_1.0.0.202411081344/tools/bin/../lib/gcc/arm-none-eabi/13.3.1/../../../../arm-none-eabi/lib/thumb/v7-m/nofp\libc_nano.a(libc_a-nano-vfprintf_i.o)
                              C:/ST/STM32CubeIDE_1.19.0/STM32CubeIDE/plugins/com.st.stm32cube.ide.mcu.externaltools.gnu-tools-for-stm32.13.3.rel1.win32_1.0.0.202411081344/tools/bin/../lib/gcc/arm-none-eabi/13.3.1/../../../../arm-none-eabi/lib/thumb/v7-m/nofp\libc_nano.a(libc_a-nano-vfprintf_float.o) (_printf_common)
C:/ST/STM32CubeIDE_1.19.0/STM32CubeIDE/plugins/com.st.stm32cube.ide.mcu.externaltools.gnu-tools-for-stm32.13.3.rel1.win32_1.0.0.202411081344/tools/bin/../lib/gcc/arm-none-eabi/13.3.1/../../../../arm-none-eabi/lib/thumb/v7-m/nofp\libc_nano.a(libc_a-findfp.o)
                              C:/ST/STM32CubeIDE_1.19.0/STM32CubeIDE/plugins/com.st.stm32cube.ide.mcu.externaltools.gnu-tools-for-stm32.13.3.rel1.win32_1.0.0.202411081344/tools/bin/../lib/gcc/arm-none-eabi/13.3.1/../../../../arm-none-eabi/lib/thumb/v7-m/nofp\libc_nano.a(libc_a-exit.o) (__stdio_exit_handler)
C:/ST/STM32CubeIDE_1.19.0/STM32CubeIDE/plugins/com.st.stm32cube.ide.mcu.externaltools.gnu-tools-for-stm32.13.3.rel1.win32_1.0.0.202411081344/tools/bin/../lib/gcc/arm-none-eabi/13.3.1/../../../../arm-none-eabi/lib/thumb/v7-m/nofp\libc_nano.a(libc_a-fwalk.o)
                              C:/ST/STM32CubeIDE_1.19.0/STM32CubeIDE/plugins/com.st.stm32cube.ide.mcu.externaltools.gnu-tools-for-stm32.13.3.rel1.win32_1.0.0.202411081344/tools/bin/../lib/gcc/arm-none-eabi/13.3.1/../../../../arm-none-eabi/lib/thumb/v7-m/nofp\libc_nano.a(libc_a-findfp.o) (_fwalk_sglue)
C:/ST/STM32CubeIDE_1.19.0/STM32CubeIDE/plugins/com.st.stm32cube.ide.mcu.externaltools.gnu-tools-for-stm32.13.3.rel1.win32_1.0.0.202411081344/tools/bin/../lib/gcc/arm-none-eabi/13.3.1/../../../../arm-none-eabi/lib/thumb/v7-m/nofp\libc_nano.a(libc_a-puts.o)
                              ./Core/Src/rtc_i2c.o (puts)
C:/ST/STM32CubeIDE_1.19.0/STM32CubeIDE/plugins/com.st.stm32cube.ide.mcu.externaltools.gnu-tools-for-stm32.13.3.rel1.win32_1.0.0.202411081344/tools/bin/../lib/gcc/arm-none-eabi/13.3.1/../../../../arm-none-eabi/lib/thumb/v7-m/nofp\libc_nano.a(libc_a-snprintf.o)
                              ./Core/Src/adc.o (snprintf)
C:/ST/STM32CubeIDE_1.19.0/STM32CubeIDE/plugins/com.st.stm32cube.ide.mcu.externaltools.gnu-tools-for-stm32.13.3.rel1.win32_1.0.0.202411081344/tools/bin/../lib/gcc/arm-none-eabi/13.3.1/../../../../arm-none-eabi/lib/thumb/v7-m/nofp\libc_nano.a(libc_a-stdio.o)
[...]
Memory Configuration

Name             Origin             Length             Attributes
RAM              0x20000000         0x00005000         xrw
FLASH            0x08000000         0x00020000         xr
*default*        0x00000000         0xffffffff

Linker script and memory map

LOAD C:/ST/STM32CubeIDE_1.19.0/STM32CubeIDE/plugins/com.st.stm32cube.ide.mcu.externaltools.gnu-tools-for-stm32.13.3.rel1.win32_1.0.0.202411081344/tools/bin/../lib/gcc/arm-none-eabi/13.3.1/thumb/v7-m/nofp/crti.o
LOAD C:/ST/STM32CubeIDE_1.19.0/STM32CubeIDE/plugins/com.st.stm32cube.ide.mcu.externaltools.gnu-tools-for-stm32.13.3.rel1.win32_1.0.0.202411081344/tools/bin/../lib/gcc/arm-none-eabi/13.3.1/thumb/v7-m/nofp/crtbegin.o
LOAD C:/ST/STM32CubeIDE_1.19.0/STM32CubeIDE/plugins/com.st.stm32cube.ide.mcu.externaltools.gnu-tools-for-stm32.13.3.rel1.win32_1.0.0.202411081344/tools/bin/../lib/gcc/arm-none-eabi/13.3.1/../../../../arm-none-eabi/lib/thumb/v7-m/nofp/crt0.o
LOAD ./Core/Src/acs712.o
LOAD ./Core/Src/adc.o
LOAD ./Core/Src/device_id.o
LOAD ./Core/Src/eeprom_i2c.o
LOAD ./Core/Src/global.o
LOAD ./Core/Src/lcd_i2c.o
LOAD ./Core/Src/led.o
LOAD ./Core/Src/lora.o
LOAD ./Core/Src/lora_parser.o
LOAD ./Core/Src/main.o
LOAD ./Core/Src/model_handle.o
LOAD ./Core/Src/relay.o
LOAD ./Core/Src/rf.o
LOAD ./Core/Src/rtc_i2c.o
LOAD ./Core/Src/screen.o
LOAD ./Core/Src/stm32f1xx_hal_msp.o
LOAD ./Core/Src/stm32f1xx_it.o
LOAD ./Core/Src/switches.o
LOAD ./Core/Src/syscalls.o
LOAD ./Core/Src/sysmem.o
LOAD ./Core/Src/system_stm32f1xx.o
LOAD ./Core/Src/uart.o
LOAD ./Core/Src/uart_commands.o
LOAD ./Core/Startup/startup_stm32f103c8tx.o
LOAD ./Drivers/STM32F1xx_HAL_Driver/Src/stm32f1xx_hal.o
LOAD ./Drivers/STM32F1xx_HAL_Driver/Src/stm32f1xx_hal_adc.o
LOAD ./Drivers/STM32F1xx_HAL_Driver/Src/stm32f1xx_hal_adc_ex.o
LOAD ./Drivers/STM32F1xx_HAL_Driver/Src/stm32f1xx_hal_cortex.o
LOAD ./Drivers/STM32F1xx_HAL_Driver/Src/stm32f1xx_hal_dma.o
LOAD ./Drivers/STM32F1xx_HAL_Driver/Src/stm32f1xx_hal_exti.o
LOAD ./Drivers/STM32F1xx_HAL_Driver/Src/stm32f1xx_hal_flash.o
LOAD ./Drivers/STM32F1xx_HAL_Driver/Src/stm32f1xx_hal_flash_ex.o
LOAD ./Drivers/STM32F1xx_HAL_Driver/Src/stm32f1xx_hal_gpio.o
LOAD ./Drivers/STM32F1xx_HAL_Driver/Src/stm32f1xx_hal_gpio_ex.o
LOAD ./Drivers/STM32F1xx_HAL_Driver/Src/stm32f1xx_hal_i2c.o
LOAD ./Drivers/STM32F1xx_HAL_Driver/Src/stm32f1xx_hal_pwr.o
LOAD ./Drivers/STM32F1xx_HAL_Driver/Src/stm32f1xx_hal_rcc.o
LOAD ./Drivers/STM32F1xx_HAL_Driver/Src/stm32f1xx_hal_rcc_ex.o
LOAD ./Drivers/STM32F1xx_HAL_Driver/Src/stm32f1xx_hal_rtc.o
LOAD ./Drivers/STM32F1xx_HAL_Driver/Src/stm32f1xx_hal_rtc_ex.o
LOAD ./Drivers/STM32F1xx_HAL_Driver/Src/stm32f1xx_hal_spi.o
LOAD ./Drivers/STM32F1xx_HAL_Driver/Src/stm32f1xx_hal_tim.o
LOAD ./Drivers/STM32F1xx_HAL_Driver/Src/stm32f1xx_hal_tim_ex.o
LOAD ./Drivers/STM32F1xx_HAL_Driver/Src/stm32f1xx_hal_uart.o
START GROUP
LOAD C:/ST/STM32CubeIDE_1.19.0/STM32CubeIDE/plugins/com.st.stm32cube.ide.mcu.externaltools.gnu-tools-for-stm32.13.3.rel1.win32_1.0.0.202411081344/tools/bin/../lib/gcc/arm-none-eabi/13.3.1/../../../../arm-none-eabi/lib/thumb/v7-m/nofp\libc_nano.a
LOAD C:/ST/STM32CubeIDE_1.19.0/STM32CubeIDE/plugins/com.st.stm32cube.ide.mcu.externaltools.gnu-tools-for-stm32.13.3.rel1.win32_1.0.0.202411081344/tools/bin/../lib/gcc/arm-none-eabi/13.3.1/../../../../arm-none-eabi/lib/thumb/v7-m/nofp\libm.a
END GROUP
START GROUP
LOAD C:/ST/STM32CubeIDE_1.19.0/STM32CubeIDE/plugins/com.st.stm32cube.ide.mcu.externaltools.gnu-tools-for-stm32.13.3.rel1.win32_1.0.0.202411081344/tools/bin/../lib/gcc/arm-none-eabi/13.3.1/thumb/v7-m/nofp\libgcc.a
LOAD C:/ST/STM32CubeIDE_1.19.0/STM32CubeIDE/plugins/com.st.stm32cube.ide.mcu.externaltools.gnu-tools-for-stm32.13.3.rel1.win32_1.0.0.202411081344/tools/bin/../lib/gcc/arm-none-eabi/13.3.1/../../../../arm-none-eabi/lib/thumb/v7-m/nofp\libc_nano.a
END GROUP
START GROUP
LOAD C:/ST/STM32CubeIDE_1.19.0/STM32CubeIDE/plugins/com.st.stm32cube.ide.mcu.externaltools.gnu-tools-for-stm32.13.3.rel1.win32_1.0.0.202411081344/tools/bin/../lib/gcc/arm-none-eabi/13.3.1/thumb/v7-m/nofp\libgcc.a
LOAD C:/ST/STM32CubeIDE_1.19.0/STM32CubeIDE/plugins/com.st.stm32cube.ide.mcu.externaltools.gnu-tools-for-stm32.13.3.rel1.win32_1.0.0.202411081344/tools/bin/../lib/gcc/arm-none-eabi/13.3.1/../../../../arm-none-eabi/lib/thumb/v7-m/nofp\libc_nano.a
LOAD C:/ST/STM32CubeIDE_1.19.0/STM32CubeIDE/plugins/com.st.stm32cube.ide.mcu.externaltools.gnu-tools-for-stm32.13.3.rel1.win32_1.0.0.202411081344/tools/bin/../lib/gcc/arm-none-eabi/13.3.1/../../../../arm-none-eabi/lib/thumb/v7-m/nofp\libnosys.a
END GROUP
START GROUP
LOAD C:/ST/STM32CubeIDE_1.19.0/STM32CubeIDE/plugins/com.st.stm32cube.ide.mcu.externaltools.gnu-tools-for-stm32.13.3.rel1.win32_1.0.0.202411081344/tools/bin/../lib/gcc/arm-none-eabi/13.3.1/thumb/v7-m/nofp\libgcc.a
LOAD C:/ST/STM32CubeIDE_1.19.0/STM32CubeIDE/plugins/com.st.stm32cube.ide.mcu.externaltools.gnu-tools-for-stm32.13.3.rel1.win32_1.0.0.202411081344/tools/bin/../lib/gcc/arm-none-eabi/13.3.1/../../../../arm-none-eabi/lib/thumb/v7-m/nofp\libc_nano.a
LOAD C:/ST/STM32CubeIDE_1.19.0/STM32CubeIDE/plugins/com.st.stm32cube.ide.mcu.externaltools.gnu-tools-for-stm32.13.3.rel1.win32_1.0.0.202411081344/tools/bin/../lib/gcc/arm-none-eabi/13.3.1/../../../../arm-none-eabi/lib/thumb/v7-m/nofp\libnosys.a
END GROUP
LOAD C:/ST/STM32CubeIDE_1.19.0/STM32CubeIDE/plugins/com.st.stm32cube.ide.mcu.externaltools.gnu-tools-for-stm32.13.3.rel1.win32_1.0.0.202411081344/tools/bin/../lib/gcc/arm-none-eabi/13.3.1/thumb/v7-m/nofp/crtend.o
LOAD C:/ST/STM32CubeIDE_1.19.0/STM32CubeIDE/plugins/com.st.stm32cube.ide.mcu.externaltools.gnu-tools-for-stm32.13.3.rel1.win32_1.0.0.202411081344/tools/bin/../lib/gcc/arm-none-eabi/13.3.1/thumb/v7-m/nofp/crtn.o
                0x20005000                        _estack = (ORIGIN (RAM) + LENGTH (RAM))
                0x00000200                        _Min_Heap_Size = 0x200
                0x00000400                        _Min_Stack_Size = 0x400

.isr_vector     0x08000000      0x10c
                0x08000000                        . = ALIGN (0x4)
 *(.isr_vector)
 .isr_vector    0x08000000      0x10c ./Core/Startup/startup_stm32f103c8tx.o
                0x08000000                g_pfnVectors
                0x0800010c                        . = ALIGN (0x4)

.text           0x08000110    0x1450c
                0x08000110                        . = ALIGN (0x4)
 *(.text)
 .text          0x08000110       0x40 C:/ST/STM32CubeIDE_1.19.0/STM32CubeIDE/plugins/com.st.stm32cube.ide.mcu.externaltools.gnu-tools-for-stm32.13.3.rel1.win32_1.0.0.202411081344/tools/bin/../lib/gcc/arm-none-eabi/13.3.1/thumb/v7-m/nofp/crtbegin.o
 .text          0x08000150       0x14 C:/ST/STM32CubeIDE_1.19.0/STM32CubeIDE/plugins/com.st.stm32cube.ide.mcu.externaltools.gnu-tools-for-stm32.13.3.rel1.win32_1.0.0.202411081344/tools/bin/../lib/gcc/arm-none-eabi/13.3.1/../../../../arm-none-eabi/lib/thumb/v7-m/nofp\libc_nano.a(libc_a-strcmp.o)
                0x08000150                strcmp
 .text          0x08000164       0x10 C:/ST/STM32CubeIDE_1.19.0/STM32CubeIDE/plugins/com.st.stm32cube.ide.mcu.externaltools.gnu-tools-for-stm32.13.3.rel1.win32_1.0.0.202411081344/tools/bin/../lib/gcc/arm-none-eabi/13.3.1/../../../../arm-none-eabi/lib/thumb/v7-m/nofp\libc_nano.a(libc_a-strlen.o)
                0x08000164                strlen
 .text          0x08000174      0x378 C:/ST/STM32CubeIDE_1.19.0/STM32CubeIDE/plugins/com.st.stm32cube.ide.mcu.externaltools.gnu-tools-for-stm32.13.3.rel1.win32_1.0.0.202411081344/tools/bin/../lib/gcc/arm-none-eabi/13.3.1/thumb/v7-m/nofp\libgcc.a(_arm_addsubdf3.o)
                0x08000174                __aeabi_drsub
                0x0800017c                __aeabi_dsub
                0x0800017c                __subdf3
                0x08000180                __aeabi_dadd
                0x08000180                __adddf3
                0x080003f8                __floatunsidf
                0x080003f8                __aeabi_ui2d
                0x08000418                __floatsidf
                0x08000418                __aeabi_i2d
                0x0800043c                __aeabi_f2d
                0x0800043c                __extendsfdf2
                0x08000480                __floatundidf
                0x08000480                __aeabi_ul2d
                0x08000490                __floatdidf
                0x08000490                __aeabi_l2d
 .text          0x080004ec      0x424 C:/ST/STM32CubeIDE_1.19.0/STM32CubeIDE/plugins/com.st.stm32cube.ide.mcu.externaltools.gnu-tools-for-stm32.13.3.rel1.win32_1.0.0.202411081344/tools/bin/../lib/gcc/arm-none-eabi/13.3.1/thumb/v7-m/nofp\libgcc.a(_arm_muldivdf3.o)
                0x080004ec                __aeabi_dmul
                0x080004ec                __muldf3
                0x08000740                __divdf3
                0x08000740                __aeabi_ddiv
 .text          0x08000910      0x110 C:/ST/STM32CubeIDE_1.19.0/STM32CubeIDE/plugins/com.st.stm32cube.ide.mcu.externaltools.gnu-tools-for-stm32.13.3.rel1.win32_1.0.0.202411081344/tools/bin/../lib/gcc/arm-none-eabi/13.3.1/thumb/v7-m/nofp\libgcc.a(_arm_cmpdf2.o)
                0x08000910                __gtdf2
                0x08000910                __gedf2
                0x08000918                __ltdf2
                0x08000918                __ledf2
                0x08000920                __nedf2
                0x08000920                __eqdf2
                0x08000920                __cmpdf2
                0x0800099c                __aeabi_cdrcmple
                0x080009ac                __aeabi_cdcmpeq
                0x080009ac                __aeabi_cdcmple
                0x080009bc                __aeabi_dcmpeq
                0x080009d0                __aeabi_dcmplt
                0x080009e4                __aeabi_dcmple
                0x080009f8                __aeabi_dcmpge
                0x08000a0c                __aeabi_dcmpgt
 .text          0x08000a20       0x2c C:/ST/STM32CubeIDE_1.19.0/STM32CubeIDE/plugins/com.st.stm32cube.ide.mcu.externaltools.gnu-tools-for-stm32.13.3.rel1.win32_1.0.0.202411081344/tools/bin/../lib/gcc/arm-none-eabi/13.3.1/thumb/v7-m/nofp\libgcc.a(_arm_unorddf2.o)
                0x08000a20                __unorddf2
                0x08000a20                __aeabi_dcmpun
 .text          0x08000a4c       0x50 C:/ST/STM32CubeIDE_1.19.0/STM32CubeIDE/plugins/com.st.stm32cube.ide.mcu.externaltools.gnu-tools-for-stm32.13.3.rel1.win32_1.0.0.202411081344/tools/bin/../lib/gcc/arm-none-eabi/13.3.1/thumb/v7-m/nofp\libgcc.a(_arm_fixdfsi.o)
                0x08000a4c                __aeabi_d2iz
                0x08000a4c                __fixdfsi
 .text          0x08000a9c      0x21c C:/ST/STM32CubeIDE_1.19.0/STM32CubeIDE/plugins/com.st.stm32cube.ide.mcu.externaltools.gnu-tools-for-stm32.13.3.rel1.win32_1.0.0.202411081344/tools/bin/../lib/gcc/arm-none-eabi/13.3.1/thumb/v7-m/nofp\libgcc.a(_arm_addsubsf3.o)
                0x08000a9c                __aeabi_frsub
                0x08000aa4                __subsf3
                0x08000aa4                __aeabi_fsub
                0x08000aa8                __aeabi_fadd
                0x08000aa8                __addsf3
                0x08000c08                __aeabi_ui2f
                0x08000c08                __floatunsisf
                0x08000c10                __aeabi_i2f
                0x08000c10                __floatsisf
                0x08000c2c                __aeabi_ul2f
                0x08000c2c                __floatundisf
                0x08000c3c                __aeabi_l2f
                0x08000c3c                __floatdisf
 .text          0x08000cb8      0x2a0 C:/ST/STM32CubeIDE_1.19.0/STM32CubeIDE/plugins/com.st.stm32cube.ide.mcu.externaltools.gnu-tools-for-stm32.13.3.rel1.win32_1.0.0.202411081344/tools/bin/../lib/gcc/arm-none-eabi/13.3.1/thumb/v7-m/nofp\libgcc.a(_arm_muldivsf3.o)
                0x08000cb8                __mulsf3
                0x08000cb8                __aeabi_fmul
                0x08000e20                __aeabi_fdiv
                0x08000e20                __divsf3
 .text          0x08000f58       0xec C:/ST/STM32CubeIDE_1.19.0/STM32CubeIDE/plugins/com.st.stm32cube.ide.mcu.externaltools.gnu-tools-for-stm32.13.3.rel1.win32_1.0.0.202411081344/tools/bin/../lib/gcc/arm-none-eabi/13.3.1/thumb/v7-m/nofp\libgcc.a(_arm_cmpsf2.o)
                0x08000f58                __gesf2
                0x08000f58                __gtsf2
                0x08000f60                __lesf2
                0x08000f60                __ltsf2
                0x08000f68                __nesf2
                0x08000f68                __eqsf2
                0x08000f68                __cmpsf2
                0x08000fc8                __aeabi_cfrcmple
                0x08000fd0                __aeabi_cfcmpeq
                0x08000fd0                __aeabi_cfcmple
                0x08000fe0                __aeabi_fcmpeq
                0x08000ff4                __aeabi_fcmplt
                0x08001008                __aeabi_fcmple
                0x0800101c                __aeabi_fcmpge
                0x08001030                __aeabi_fcmpgt
 .text          0x08001044       0x2c C:/ST/STM32CubeIDE_1.19.0/STM32CubeIDE/plugins/com.st.stm32cube.ide.mcu.externaltools.gnu-tools-for-stm32.13.3.rel1.win32_1.0.0.202411081344/tools/bin/../lib/gcc/arm-none-eabi/13.3.1/thumb/v7-m/nofp\libgcc.a(_arm_unordsf2.o)
                0x08001044                __unordsf2
                0x08001044                __aeabi_fcmpun
 .text          0x08001070       0x4c C:/ST/STM32CubeIDE_1.19.0/STM32CubeIDE/plugins/com.st.stm32cube.ide.mcu.externaltools.gnu-tools-for-stm32.13.3.rel1.win32_1.0.0.202411081344/tools/bin/../lib/gcc/arm-none-eabi/13.3.1/thumb/v7-m/nofp\libgcc.a(_arm_fixsfsi.o)
                0x08001070                __aeabi_f2iz
                0x08001070                __fixsfsi
 .text          0x080010bc       0x40 C:/ST/STM32CubeIDE_1.19.0/STM32CubeIDE/plugins/com.st.stm32cube.ide.mcu.externaltools.gnu-tools-for-stm32.13.3.rel1.win32_1.0.0.202411081344/tools/bin/../lib/gcc/arm-none-eabi/13.3.1/thumb/v7-m/nofp\libgcc.a(_arm_fixunssfsi.o)
                0x080010bc                __fixunssfsi
                0x080010bc                __aeabi_f2uiz
 *(.text*)
 .text.adc_read
                0x080010fc       0x94 ./Core/Src/acs712.o
 .text.zmpt_calibrate_offset
                0x08001190       0x54 ./Core/Src/acs712.o
 .text.acs_calibrate_offset
                0x080011e4       0x54 ./Core/Src/acs712.o
 .text.ACS712_Init
                0x08001238       0x2c ./Core/Src/acs712.o
                0x08001238                ACS712_Init
 .text.ZMPT_ReadVoltageRMS
                0x08001264      0x124 ./Core/Src/acs712.o
                0x08001264                ZMPT_ReadVoltageRMS
 .text.ACS712_ReadCurrent
                0x08001388      0x180 ./Core/Src/acs712.o
                0x08001388                ACS712_ReadCurrent
 .text.ACS712_Update
                0x08001508       0x34 ./Core/Src/acs712.o
                0x08001508                ACS712_Update
 .text.readChannelVoltage
                0x0800153c       0xa0 ./Core/Src/adc.o
 .text.ADC_Init
                0x080015dc       0x20 ./Core/Src/adc.o
                0x080015dc                ADC_Init
 .text.inject_wireless_level
                0x080015fc      0x12c ./Core/Src/adc.o
 .text.ADC_ReadAllChannels
                0x08001728      0x440 ./Core/Src/adc.o
                0x08001728                ADC_ReadAllChannels
 .text.did_crc16
                0x08001b68       0x70 ./Core/Src/device_id.o
 .text.uid_generate
                0x08001bd8       0x48 ./Core/Src/device_id.o
 .text.DeviceID_Init
                0x08001c20       0x9c ./Core/Src/device_id.o
                0x08001c20                DeviceID_Init
 .text.DeviceID_GetOwn
                0x08001cbc       0x14 ./Core/Src/device_id.o
                0x08001cbc                DeviceID_GetOwn
 .text.DeviceID_GetHex
                0x08001cd0       0x28 ./Core/Src/device_id.o
                0x08001cd0                DeviceID_GetHex
 .text.paired_save
                0x08001cf8       0x70 ./Core/Src/device_id.o
 .text.PairedDev_Init
                0x08001d68       0x88 ./Core/Src/device_id.o
                0x08001d68                PairedDev_Init
 .text.PairedDev_Count
                0x08001df0       0x14 ./Core/Src/device_id.o
                0x08001df0                PairedDev_Count
 .text.PairedDev_Get
                0x08001e04       0x2c ./Core/Src/device_id.o
                0x08001e04                PairedDev_Get
 .text.PairedDev_IsAllowed
                0x08001e30       0x54 ./Core/Src/device_id.o
                0x08001e30                PairedDev_IsAllowed
 .text.PairedDev_Add
                0x08001e84       0x7c ./Core/Src/device_id.o
                0x08001e84                PairedDev_Add
 .text.PairedDev_Remove
                0x08001f00       0x88 ./Core/Src/device_id.o
                0x08001f00                PairedDev_Remove
 .text.EEPROM_WriteBuffer
                0x08001f88       0x78 ./Core/Src/eeprom_i2c.o
                0x08001f88                EEPROM_WriteBuffer
 .text.EEPROM_ReadBuffer
                0x08002000       0x38 ./Core/Src/eeprom_i2c.o
                0x08002000                EEPROM_ReadBuffer
 .text.lcd_i2c_write
                0x08002038       0x28 ./Core/Src/lcd_i2c.o
 .text.lcd_pulse_enable
                0x08002060       0x3a ./Core/Src/lcd_i2c.o
 *fill*         0x0800209a        0x2 
 .text.lcd_write4
                0x0800209c       0x4c ./Core/Src/lcd_i2c.o
 .text.lcd_send_cmd
                0x080020e8       0x36 ./Core/Src/lcd_i2c.o
                0x080020e8                lcd_send_cmd
 .text.lcd_send_data
                0x0800211e       0x30 ./Core/Src/lcd_i2c.o
                0x0800211e                lcd_send_data
 *fill*         0x0800214e        0x2 
 .text.lcd_backlight_on
                0x08002150       0x1c ./Core/Src/lcd_i2c.o
                0x08002150                lcd_backlight_on
 .text.lcd_clear
                0x0800216c       0x14 ./Core/Src/lcd_i2c.o
                0x0800216c                lcd_clear
 .text.lcd_put_cur
                0x08002180       0x34 ./Core/Src/lcd_i2c.o
                0x08002180                lcd_put_cur
 .text.lcd_send_string
                0x080021b4       0x2a ./Core/Src/lcd_i2c.o
                0x080021b4                lcd_send_string
 .text.lcd_init
                0x080021de       0x68 ./Core/Src/lcd_i2c.o
                0x080021de                lcd_init
 .text.now_ms   0x08002246        0xe ./Core/Src/led.o
 .text.led_write
                0x08002254       0x38 ./Core/Src/led.o
 .text.led_on   0x0800228c       0x1c ./Core/Src/led.o
 .text.led_off  0x080022a8       0x1c ./Core/Src/led.o
 .text.LED_Init
                0x080022c4       0x6c ./Core/Src/led.o
                0x080022c4                LED_Init
 .text.LED_Task
                0x08002330       0xf8 ./Core/Src/led.o
                0x08002330                LED_Task
 .text.LED_ClearAllIntents
                0x08002428       0x40 ./Core/Src/led.o
                0x08002428                LED_ClearAllIntents
 .text.LED_SetIntent
                0x08002468       0x40 ./Core/Src/led.o
                0x08002468                LED_SetIntent
 .text.LED_ApplyIntents
                0x080024a8        0xc ./Core/Src/led.o
                0x080024a8                LED_ApplyIntents
 .text.LoRa_DID_IsValid
                0x080024b4       0x2c ./Core/Src/lora.o
 .text.uart_print_now
                0x080024e0       0x3c ./Core/Src/lora.o
 .text.log_defer
                0x0800251c       0x64 ./Core/Src/lora.o
 .text.log_flush
                0x08002580       0x60 ./Core/Src/lora.o
 .text.LoRa_WriteReg
                0x080025e0       0x58 ./Core/Src/lora.o
                0x080025e0                LoRa_WriteReg
 .text.LoRa_ReadReg
                0x08002638       0x64 ./Core/Src/lora.o
                0x08002638                LoRa_ReadReg
 .text.LoRa_WriteBuffer
                0x0800269c       0x64 ./Core/Src/lora.o
 .text.LoRa_ReadBuffer
                0x08002700       0x64 ./Core/Src/lora.o
 .text.LoRa_Reset
                0x08002764       0x2c ./Core/Src/lora.o
 .text.LoRa_EnterRxContinuous
                0x08002790       0x18 ./Core/Src/lora.o
 .text.LoRa_PollPacket
                0x080027a8       0xb4 ./Core/Src/lora.o
 .text.LoRa_FastReply
                0x0800285c       0xb8 ./Core/Src/lora.o
 .text.send_ack
                0x08002914       0x36 ./Core/Src/lora.o
 .text.send_pong
                0x0800294a       0x38 ./Core/Src/lora.o
 .text.send_reject
                0x08002982       0x36 ./Core/Src/lora.o
 .text.send_sync_req
                0x080029b8       0x34 ./Core/Src/lora.o
 .text.LoRa_GetStateString
                0x080029ec       0x58 ./Core/Src/lora.o
                0x080029ec                LoRa_GetStateString
 .text.set_state
                0x08002a44       0x50 ./Core/Src/lora.o
 .text.already_in_list
                0x08002a94       0x42 ./Core/Src/lora.o
 *fill*         0x08002ad6        0x2 
 .text.should_allow
                0x08002ad8       0x40 ./Core/Src/lora.o
 .text.pair_device
                0x08002b18       0x94 ./Core/Src/lora.o
 .text.LoRa_EnterPairingMode
                0x08002bac       0x50 ./Core/Src/lora.o
                0x08002bac                LoRa_EnterPairingMode
 .text.LoRa_ExitPairingMode
                0x08002bfc       0x18 ./Core/Src/lora.o
                0x08002bfc                LoRa_ExitPairingMode
 .text.LoRa_IsPairingComplete
                0x08002c14       0x14 ./Core/Src/lora.o
                0x08002c14                LoRa_IsPairingComplete
 .text.LoRa_GetLastPairedDID
                0x08002c28       0x14 ./Core/Src/lora.o
                0x08002c28                LoRa_GetLastPairedDID
 .text.LoRa_GetWirelessTankLevel
                0x08002c3c       0x14 ./Core/Src/lora.o
                0x08002c3c                LoRa_GetWirelessTankLevel
 .text.LoRa_GetWirelessWellDry
                0x08002c50       0x14 ./Core/Src/lora.o
                0x08002c50                LoRa_GetWirelessWellDry
 .text.LoRa_IsWirelessDataValid
                0x08002c64       0x80 ./Core/Src/lora.o
                0x08002c64                LoRa_IsWirelessDataValid
 .text.validate_sequence
                0x08002ce4       0xe0 ./Core/Src/lora.o
 .text.accept_data
                0x08002dc4       0x70 ./Core/Src/lora.o
 .text.LoRa_Init
                0x08002e34      0x318 ./Core/Src/lora.o
                0x08002e34                LoRa_Init
 .text.handle_stale_periodics
                0x0800314c       0x48 ./Core/Src/lora.o
 .text.maybe_print_stats
                0x08003194       0x94 ./Core/Src/lora.o
 .text.LoRa_Task
                0x08003228      0x2cc ./Core/Src/lora.o
                0x08003228                LoRa_Task
 .text.LoRa_DID_IsValid
                0x080034f4       0x2c ./Core/Src/lora_parser.o
 .text.parse_hex_n
                0x08003520       0xa6 ./Core/Src/lora_parser.o
 .text.parse_uint_3digit
                0x080035c6       0x8a ./Core/Src/lora_parser.o
 .text.parse_did_only
                0x08003650       0x62 ./Core/Src/lora_parser.o
 *fill*         0x080036b2        0x2 
 .text.parse_did_and_seq
                0x080036b4       0xb0 ./Core/Src/lora_parser.o
 .text.parse_tanklevel_payload
                0x08003764      0x144 ./Core/Src/lora_parser.o
 .text.LoRa_ParsePacket
                0x080038a8      0x244 ./Core/Src/lora_parser.o
                0x080038a8                LoRa_ParsePacket
 .text.LoRa_BuildAck
                0x08003aec       0x28 ./Core/Src/lora_parser.o
                0x08003aec                LoRa_BuildAck
 .text.LoRa_BuildReject
                0x08003b14       0x28 ./Core/Src/lora_parser.o
                0x08003b14                LoRa_BuildReject
 .text.LoRa_BuildPong
                0x08003b3c       0x2c ./Core/Src/lora_parser.o
                0x08003b3c                LoRa_BuildPong
 .text.LoRa_BuildSyncReq
                0x08003b68       0x28 ./Core/Src/lora_parser.o
                0x08003b68                LoRa_BuildSyncReq
 .text.UART_PrintLn
                0x08003b90       0x3c ./Core/Src/main.o
                0x08003b90                UART_PrintLn
 .text.main     0x08003bcc      0x1e0 ./Core/Src/main.o
                0x08003bcc                main
 .text.SystemClock_Config
                0x08003dac       0xb8 ./Core/Src/main.o
                0x08003dac                SystemClock_Config
 .text.MX_ADC1_Init
                0x08003e64       0xc4 ./Core/Src/main.o
 .text.MX_I2C2_Init
                0x08003f28       0x5c ./Core/Src/main.o
 .text.MX_SPI1_Init
                0x08003f84       0x6c ./Core/Src/main.o
 .text.MX_TIM3_Init
                0x08003ff0       0x9c ./Core/Src/main.o
 .text.MX_USART1_UART_Init
                0x0800408c       0x54 ./Core/Src/main.o
 .text.MX_GPIO_Init
                0x080040e0       0xfc ./Core/Src/main.o
 .text.Error_Handler
                0x080041dc       0x18 ./Core/Src/main.o
                0x080041dc                Error_Handler
 .text.Timer_CRC16
                0x080041f4       0x70 ./Core/Src/model_handle.o
 .text.dry_protection_enabled
                0x08004264       0x2c ./Core/Src/model_handle.o
 .text.ModelHandle_GetGapTime
                0x08004290       0x18 ./Core/Src/model_handle.o
                0x08004290                ModelHandle_GetGapTime
 .text.ModelHandle_GetRetryCount
                0x080042a8       0x14 ./Core/Src/model_handle.o
                0x080042a8                ModelHandle_GetRetryCount
 .text.ModelHandle_GetUnderVolt
                0x080042bc       0x14 ./Core/Src/model_handle.o
                0x080042bc                ModelHandle_GetUnderVolt
 .text.ModelHandle_GetOverVolt
                0x080042d0       0x14 ./Core/Src/model_handle.o
                0x080042d0                ModelHandle_GetOverVolt
 .text.ModelHandle_GetOverloadLimit
                0x080042e4       0x14 ./Core/Src/model_handle.o
                0x080042e4                ModelHandle_GetOverloadLimit
 .text.ModelHandle_GetUnderloadLimit
                0x080042f8       0x14 ./Core/Src/model_handle.o
                0x080042f8                ModelHandle_GetUnderloadLimit
 .text.ModelHandle_GetMaxRunTime
                0x0800430c       0x14 ./Core/Src/model_handle.o
                0x0800430c                ModelHandle_GetMaxRunTime
 .text.ModelHandle_GetDryRunRetryGap
                0x08004320       0x14 ./Core/Src/model_handle.o
                0x08004320                ModelHandle_GetDryRunRetryGap
 .text.EEPROM_WriteBlockSafe
                0x08004334       0x78 ./Core/Src/model_handle.o
                0x08004334                EEPROM_WriteBlockSafe
 .text.SYS_CRC16
                0x080043ac       0x70 ./Core/Src/model_handle.o
 .text.ModelHandle_SaveSettingsToEEPROM
                0x0800441c       0xac ./Core/Src/model_handle.o
                0x0800441c                ModelHandle_SaveSettingsToEEPROM
 .text.ModelHandle_LoadSettingsFromEEPROM
                0x080044c8       0xbc ./Core/Src/model_handle.o
                0x080044c8                ModelHandle_LoadSettingsFromEEPROM
 .text.ModelHandle_SaveModeState
                0x08004584       0x90 ./Core/Src/model_handle.o
                0x08004584                ModelHandle_SaveModeState
 .text.backup_current_mode
                0x08004614       0x68 ./Core/Src/model_handle.o
 .text.restore_previous_mode
                0x0800467c       0xc0 ./Core/Src/model_handle.o
 .text.ModelHandle_StopRestart
                0x0800473c       0x30 ./Core/Src/model_handle.o
                0x0800473c                ModelHandle_StopRestart
 .text.ModelHandle_LoadModeState
                0x0800476c       0xe4 ./Core/Src/model_handle.o
                0x0800476c                ModelHandle_LoadModeState
 .text.ModelHandle_SaveTimerToEEPROM
                0x08004850       0x58 ./Core/Src/model_handle.o
                0x08004850                ModelHandle_SaveTimerToEEPROM
 .text.ModelHandle_LoadTimerFromEEPROM
                0x080048a8       0x58 ./Core/Src/model_handle.o
                0x080048a8                ModelHandle_LoadTimerFromEEPROM
 .text.Timer_EEPROM_EnsureValid
                0x08004900       0x50 ./Core/Src/model_handle.o
                0x08004900                Timer_EEPROM_EnsureValid
 .text.ModelHandle_SendTimerInfoUART
                0x08004950       0xa0 ./Core/Src/model_handle.o
                0x08004950                ModelHandle_SendTimerInfoUART
 .text.read_raw_tank_level
                0x080049f0       0x78 ./Core/Src/model_handle.o
 .text.get_tank_level_percent
                0x08004a68       0x64 ./Core/Src/model_handle.o
 .text.isTankFull
                0x08004acc       0x18 ./Core/Src/model_handle.o
 .text.ModelHandle_StartRestart
                0x08004ae4       0x70 ./Core/Src/model_handle.o
                0x08004ae4                ModelHandle_StartRestart
 .text.ModelHandle_GetPowerRestoreMode
                0x08004b54       0x14 ./Core/Src/model_handle.o
                0x08004b54                ModelHandle_GetPowerRestoreMode
 .text.ModelHandle_SetPowerRestoreMode
                0x08004b68       0x2c ./Core/Src/model_handle.o
                0x08004b68                ModelHandle_SetPowerRestoreMode
 .text.ModelHandle_SetDryRunTime
                0x08004b94       0x38 ./Core/Src/model_handle.o
                0x08004b94                ModelHandle_SetDryRunTime
 .text.ModelHandle_ToggleManual
                0x08004bcc       0x90 ./Core/Src/model_handle.o
                0x08004bcc                ModelHandle_ToggleManual
 .text.ModelHandle_ManualToggleMotor
                0x08004c5c       0x34 ./Core/Src/model_handle.o
                0x08004c5c                ModelHandle_ManualToggleMotor
 .text.ModelHandle_Button3_SinglePress
                0x08004c90       0x84 ./Core/Src/model_handle.o
                0x08004c90                ModelHandle_Button3_SinglePress
 .text.ModelHandle_FactoryReset
                0x08004d14       0x78 ./Core/Src/model_handle.o
                0x08004d14                ModelHandle_FactoryReset
 .text.ModelHandle_StartTimerNearestSlot
                0x08004d8c       0x50 ./Core/Src/model_handle.o
                0x08004d8c                ModelHandle_StartTimerNearestSlot
 .text.Buzzer_SetPin
                0x08004ddc       0x24 ./Core/Src/model_handle.o
 .text.Buzzer_StartEvent
                0x08004e00       0x40 ./Core/Src/model_handle.o
 .text.Buzzer_TankEmptyPattern
                0x08004e40       0x40 ./Core/Src/model_handle.o
 .text.Buzzer_TankFullPattern
                0x08004e80       0x40 ./Core/Src/model_handle.o
 .text.Buzzer_Update
                0x08004ec0      0x1c8 ./Core/Src/model_handle.o
 .text.now_ms   0x08005088        0xe ./Core/Src/model_handle.o
 *fill*         0x08005096        0x2 
 .text.clear_all_modes
                0x08005098       0x5c ./Core/Src/model_handle.o
 .text.ModelHandle_OnPowerUp
                0x080050f4       0xd8 ./Core/Src/model_handle.o
                0x080050f4                ModelHandle_OnPowerUp
 .text.Motor_IsRelayOn
                0x080051cc       0x20 ./Core/Src/model_handle.o
 .text.Motor_StartAllowed
                0x080051ec       0x68 ./Core/Src/model_handle.o
 .text.ModelHandle_IsRestartActive
                0x08005254       0x14 ./Core/Src/model_handle.o
                0x08005254                ModelHandle_IsRestartActive
 .text.motor_apply
                0x08005268       0x98 ./Core/Src/model_handle.o
 .text.Motor_GetStatus
                0x08005300        0xe ./Core/Src/model_handle.o
                0x08005300                Motor_GetStatus
 *fill*         0x0800530e        0x2 
 .text.start_motor
                0x08005310       0x50 ./Core/Src/model_handle.o
 .text.stop_motor
                0x08005360        0xe ./Core/Src/model_handle.o
 *fill*         0x0800536e        0x2 
 .text.check_max_run
                0x08005370       0x90 ./Core/Src/model_handle.o
 .text.ModelHandle_CheckDryRun
                0x08005400       0x3c ./Core/Src/model_handle.o
                0x08005400                ModelHandle_CheckDryRun
 .text.ModelHandle_CheckGroundWater
                0x0800543c       0x94 ./Core/Src/model_handle.o
                0x0800543c                ModelHandle_CheckGroundWater
 .text.isAnyModeActive
                0x080054d0       0x6c ./Core/Src/model_handle.o
 .text.ModelHandle_SoftDryRunHandler
                0x0800553c      0x1c0 ./Core/Src/model_handle.o
                0x0800553c                ModelHandle_SoftDryRunHandler
 .text.get_load_lock_duration_ms
                0x080056fc       0x30 ./Core/Src/model_handle.o
 .text.ModelHandle_CheckLoadFault
                0x0800572c      0x27c ./Core/Src/model_handle.o
                0x0800572c                ModelHandle_CheckLoadFault
 .text.get_today_mask
                0x080059a8       0x38 ./Core/Src/model_handle.o
 .text.slot_is_active_now
                0x080059e0       0xc8 ./Core/Src/model_handle.o
 .text.timer_any_active_slot
                0x08005aa8       0x44 ./Core/Src/model_handle.o
 .text.ModelHandle_SaveBuzzerSettings
                0x08005aec       0x74 ./Core/Src/model_handle.o
                0x08005aec                ModelHandle_SaveBuzzerSettings
 .text.ModelHandle_LoadBuzzerSettings
                0x08005b60       0x90 ./Core/Src/model_handle.o
                0x08005b60                ModelHandle_LoadBuzzerSettings
 .text.ModelHandle_ProcessTimerSlots
                0x08005bf0      0x24c ./Core/Src/model_handle.o
                0x08005bf0                ModelHandle_ProcessTimerSlots
 .text.ModelHandle_StopTimer
                0x08005e3c       0x48 ./Core/Src/model_handle.o
                0x08005e3c                ModelHandle_StopTimer
 .text.ModelHandle_CheckAutoTimerActivation
                0x08005e84       0x64 ./Core/Src/model_handle.o
                0x08005e84                ModelHandle_CheckAutoTimerActivation
 .text.ModelHandle_StartSemiAuto
                0x08005ee8       0x70 ./Core/Src/model_handle.o
                0x08005ee8                ModelHandle_StartSemiAuto
 .text.ModelHandle_StopSemiAuto
                0x08005f58       0x30 ./Core/Src/model_handle.o
                0x08005f58                ModelHandle_StopSemiAuto
 .text.ModelHandle_StartAuto
                0x08005f88       0xc4 ./Core/Src/model_handle.o
                0x08005f88                ModelHandle_StartAuto
 .text.ModelHandle_StopAuto
                0x0800604c       0x60 ./Core/Src/model_handle.o
                0x0800604c                ModelHandle_StopAuto
 .text.ModelHandle_LoadAutoSettings
                0x080060ac       0xa8 ./Core/Src/model_handle.o
                0x080060ac                ModelHandle_LoadAutoSettings
 .text.auto_mode_background_control
                0x08006154      0x12c ./Core/Src/model_handle.o
 .text.ModelHandle_SetBuzzerSettings
                0x08006280       0x58 ./Core/Src/model_handle.o
                0x08006280                ModelHandle_SetBuzzerSettings
 .text.auto_tick
                0x080062d8      0x268 ./Core/Src/model_handle.o
 .text.ModelHandle_StartCountdown
                0x08006540       0x98 ./Core/Src/model_handle.o
                0x08006540                ModelHandle_StartCountdown
 .text.ModelHandle_StopCountdown
                0x080065d8       0x4c ./Core/Src/model_handle.o
                0x080065d8                ModelHandle_StopCountdown
 .text.CD_CRC   0x08006624       0x4a ./Core/Src/model_handle.o
 *fill*         0x0800666e        0x2 
 .text.ModelHandle_LoadCountdown
                0x08006670       0x8c ./Core/Src/model_handle.o
                0x08006670                ModelHandle_LoadCountdown
 .text.ModelHandle_StartTwist
                0x080066fc       0xd8 ./Core/Src/model_handle.o
                0x080066fc                ModelHandle_StartTwist
 .text.ModelHandle_StopTwist
                0x080067d4       0x30 ./Core/Src/model_handle.o
                0x080067d4                ModelHandle_StopTwist
 .text.twist_tick
                0x08006804       0xc4 ./Core/Src/model_handle.o
 .text.leds_from_model
                0x080068c8       0xa8 ./Core/Src/model_handle.o
 .text.timer_auto_transition
                0x08006970      0x158 ./Core/Src/model_handle.o
 .text.ModelHandle_Process
                0x08006ac8      0x3d8 ./Core/Src/model_handle.o
                0x08006ac8                ModelHandle_Process
 .text.ModelHandle_GetDryState
                0x08006ea0       0x14 ./Core/Src/model_handle.o
                0x08006ea0                ModelHandle_GetDryState
 .text.ModelHandle_SetUserSettings
                0x08006eb4      0x148 ./Core/Src/model_handle.o
                0x08006eb4                ModelHandle_SetUserSettings
 .text.ModelHandle_IsAutoActive
                0x08006ffc       0x18 ./Core/Src/model_handle.o
                0x08006ffc                ModelHandle_IsAutoActive
 .text.ModelHandle_SetDryRun
                0x08007014       0x38 ./Core/Src/model_handle.o
                0x08007014                ModelHandle_SetDryRun
 .text.ModelHandle_GetDryRunEnable
                0x0800704c        0xe ./Core/Src/model_handle.o
                0x0800704c                ModelHandle_GetDryRunEnable
 *fill*         0x0800705a        0x2 
 .text.ModelHandle_GetTimerSlots
                0x0800705c       0x14 ./Core/Src/model_handle.o
                0x0800705c                ModelHandle_GetTimerSlots
 .text.ModelHandle_IsOverload
                0x08007070       0x18 ./Core/Src/model_handle.o
                0x08007070                ModelHandle_IsOverload
 .text.ModelHandle_IsUnderload
                0x08007088       0x18 ./Core/Src/model_handle.o
                0x08007088                ModelHandle_IsUnderload
 .text.ModelHandle_IsDryRunActive
                0x080070a0       0x18 ./Core/Src/model_handle.o
                0x080070a0                ModelHandle_IsDryRunActive
 .text.ModelHandle_IsVoltageFault
                0x080070b8       0x18 ./Core/Src/model_handle.o
                0x080070b8                ModelHandle_IsVoltageFault
 .text.ModelHandle_GetTankLevelPercent
                0x080070d0        0xe ./Core/Src/model_handle.o
                0x080070d0                ModelHandle_GetTankLevelPercent
 .text.ModelHandle_IsTankFull
                0x080070de        0xe ./Core/Src/model_handle.o
                0x080070de                ModelHandle_IsTankFull
 .text.ModelHandle_IsManualActive
                0x080070ec       0x18 ./Core/Src/model_handle.o
                0x080070ec                ModelHandle_IsManualActive
 .text.Relay_Init
                0x08007104       0x94 ./Core/Src/relay.o
                0x08007104                Relay_Init
 .text.Relay_Set
                0x08007198       0x48 ./Core/Src/relay.o
                0x08007198                Relay_Set
 .text.dec2bcd  0x080071e0       0x48 ./Core/Src/rtc_i2c.o
 .text.bcd2dec  0x08007228       0x30 ./Core/Src/rtc_i2c.o
 .text.RTC_Init
                0x08007258       0xbc ./Core/Src/rtc_i2c.o
                0x08007258                RTC_Init
 .text.RTC_SetTimeDate
                0x08007314       0xa8 ./Core/Src/rtc_i2c.o
                0x08007314                RTC_SetTimeDate
 .text.RTC_GetTimeDate
                0x080073bc       0xc0 ./Core/Src/rtc_i2c.o
                0x080073bc                RTC_GetTimeDate
 .text.clear_sticky_mode_flags
                0x0800747c       0x20 ./Core/Src/screen.o
 .text.sticky_set_countdown
                0x0800749c       0x20 ./Core/Src/screen.o
 .text.sticky_set_semi
                0x080074bc       0x20 ./Core/Src/screen.o
 .text.Screen_Init
                0x080074dc       0x3c ./Core/Src/screen.o
                0x080074dc                Screen_Init
 .text.refreshInactivityTimer
                0x08007518       0x18 ./Core/Src/screen.o
 .text.lcd_line
                0x08007530       0x3c ./Core/Src/screen.o
 .text.lcd_line0
                0x0800756c       0x18 ./Core/Src/screen.o
 .text.lcd_line1
                0x08007584       0x18 ./Core/Src/screen.o
 .text.show_welcome
                0x0800759c       0x1c ./Core/Src/screen.o
 .text.show_dash
                0x080075b8      0x454 ./Core/Src/screen.o
 .text.draw_menu_cursor
                0x08007a0c       0x64 ./Core/Src/screen.o
 .text.show_menu
                0x08007a70       0xb0 ./Core/Src/screen.o
 .text.show_devset_menu
                0x08007b20      0x234 ./Core/Src/screen.o
 .text.show_timer_slot_select
                0x08007d54       0xe4 ./Core/Src/screen.o
 .text.show_timer_days
                0x08007e38       0xa8 ./Core/Src/screen.o
 .text.show_timer_gap
                0x08007ee0       0x48 ./Core/Src/screen.o
 .text.show_timer_enable
                0x08007f28       0x50 ./Core/Src/screen.o
 .text.show_timer_summary
                0x08007f78       0x50 ./Core/Src/screen.o
 .text.show_auto_menu
                0x08007fc8       0x1c ./Core/Src/screen.o
 .text.show_auto_gap
                0x08007fe4       0x38 ./Core/Src/screen.o
 .text.show_auto_maxrun
                0x0800801c       0x38 ./Core/Src/screen.o
 .text.show_auto_retry
                0x08008054       0x38 ./Core/Src/screen.o
 .text.show_semi_auto
                0x0800808c       0x34 ./Core/Src/screen.o
 .text.show_twist
                0x080080c0       0x58 ./Core/Src/screen.o
 .text.show_countdown
                0x08008118       0xf8 ./Core/Src/screen.o
 .text.show_countdown_edit_min
                0x08008210       0x38 ./Core/Src/screen.o
 .text.show_settings_gap
                0x08008248       0x50 ./Core/Src/screen.o
 .text.show_settings_retry
                0x08008298       0x50 ./Core/Src/screen.o
 .text.show_settings_uv
                0x080082e8       0x50 ./Core/Src/screen.o
 .text.show_settings_ov
                0x08008338       0x50 ./Core/Src/screen.o
 .text.show_settings_ol
                0x08008388       0x50 ./Core/Src/screen.o
 .text.show_settings_ul
                0x080083d8       0x50 ./Core/Src/screen.o
 .text.show_settings_maxrun
                0x08008428       0x50 ./Core/Src/screen.o
 .text.show_settings_pwrrest
                0x08008478       0x44 ./Core/Src/screen.o
 .text.show_settings_factory
                0x080084bc       0x34 ./Core/Src/screen.o
 .text.show_devset_edit_date
                0x080084f0       0xc8 ./Core/Src/screen.o
 .text.show_devset_edit_time
                0x080085b8       0x70 ./Core/Src/screen.o
 .text.show_devset_edit_day
                0x08008628       0x60 ./Core/Src/screen.o
 .text.show_add_device_menu
                0x08008688       0x44 ./Core/Src/screen.o
 .text.show_add_device_pair
                0x080086cc      0x130 ./Core/Src/screen.o
 .text.show_add_device_remove
                0x080087fc       0xb0 ./Core/Src/screen.o
 .text.show_add_device_pair_done
                0x080088ac       0x38 ./Core/Src/screen.o
 .text.show_add_device_remove_done
                0x080088e4       0x38 ./Core/Src/screen.o
 .text.show_reset_confirm
                0x0800891c       0x34 ./Core/Src/screen.o
 .text.apply_settings_core
                0x08008950       0xc8 ./Core/Src/screen.o
 .text.start_settings_edit_flow
                0x08008a18      0x25c ./Core/Src/screen.o
 .text.goto_menu_top
                0x08008c74       0x20 ./Core/Src/screen.o
 .text.menu_select
                0x08008c94      0x478 ./Core/Src/screen.o
 .text.increase_edit_value
                0x0800910c      0x564 ./Core/Src/screen.o
                0x0800910c                increase_edit_value
 .text.decrease_edit_value
                0x08009670      0x3dc ./Core/Src/screen.o
                0x08009670                decrease_edit_value
 .text.decode_button_press
                0x08009a4c      0x258 ./Core/Src/screen.o
 .text.Screen_HandleSwitches
                0x08009ca4      0x7c0 ./Core/Src/screen.o
                0x08009ca4                Screen_HandleSwitches
 .text.Screen_Update
                0x0800a464      0x458 ./Core/Src/screen.o
                0x0800a464                Screen_Update
 .text.HAL_MspInit
                0x0800a8bc       0x64 ./Core/Src/stm32f1xx_hal_msp.o
                0x0800a8bc                HAL_MspInit
 .text.HAL_ADC_MspInit
                0x0800a920       0x88 ./Core/Src/stm32f1xx_hal_msp.o
                0x0800a920                HAL_ADC_MspInit
 .text.HAL_I2C_MspInit
                0x0800a9a8       0x80 ./Core/Src/stm32f1xx_hal_msp.o
                0x0800a9a8                HAL_I2C_MspInit
 .text.HAL_SPI_MspInit
                0x0800aa28       0xb4 ./Core/Src/stm32f1xx_hal_msp.o
                0x0800aa28                HAL_SPI_MspInit
 .text.HAL_TIM_Base_MspInit
                0x0800aadc       0x3c ./Core/Src/stm32f1xx_hal_msp.o
                0x0800aadc                HAL_TIM_Base_MspInit
 .text.HAL_UART_MspInit
                0x0800ab18       0xa8 ./Core/Src/stm32f1xx_hal_msp.o
                0x0800ab18                HAL_UART_MspInit
 .text.NMI_Handler
                0x0800abc0        0x8 ./Core/Src/stm32f1xx_it.o
                0x0800abc0                NMI_Handler
 .text.HardFault_Handler
                0x0800abc8        0x8 ./Core/Src/stm32f1xx_it.o
                0x0800abc8                HardFault_Handler
 .text.MemManage_Handler
                0x0800abd0        0x8 ./Core/Src/stm32f1xx_it.o
                0x0800abd0                MemManage_Handler
 .text.BusFault_Handler
                0x0800abd8        0x8 ./Core/Src/stm32f1xx_it.o
                0x0800abd8                BusFault_Handler
 .text.UsageFault_Handler
                0x0800abe0        0x8 ./Core/Src/stm32f1xx_it.o
                0x0800abe0                UsageFault_Handler
 .text.SVC_Handler
                0x0800abe8        0xc ./Core/Src/stm32f1xx_it.o
                0x0800abe8                SVC_Handler
 .text.DebugMon_Handler
                0x0800abf4        0xc ./Core/Src/stm32f1xx_it.o
                0x0800abf4                DebugMon_Handler
 .text.PendSV_Handler
                0x0800ac00        0xc ./Core/Src/stm32f1xx_it.o
                0x0800ac00                PendSV_Handler
 .text.SysTick_Handler
                0x0800ac0c        0xc ./Core/Src/stm32f1xx_it.o
                0x0800ac0c                SysTick_Handler
 .text.ADC1_2_IRQHandler
                0x0800ac18       0x14 ./Core/Src/stm32f1xx_it.o
                0x0800ac18                ADC1_2_IRQHandler
 .text.USART1_IRQHandler
                0x0800ac2c       0x14 ./Core/Src/stm32f1xx_it.o
                0x0800ac2c                USART1_IRQHandler
 .text.RTC_Alarm_IRQHandler
                0x0800ac40       0x14 ./Core/Src/stm32f1xx_it.o
                0x0800ac40                RTC_Alarm_IRQHandler
 .text.now_ms   0x0800ac54        0xe ./Core/Src/switches.o
 *fill*         0x0800ac62        0x2 
 .text.read_raw
                0x0800ac64       0x70 ./Core/Src/switches.o
 .text.Switches_Init
                0x0800acd4       0x6c ./Core/Src/switches.o
                0x0800acd4                Switches_Init
 .text.update_state
                0x0800ad40       0x68 ./Core/Src/switches.o
 .text.Switch_IsPressed
                0x0800ada8       0x38 ./Core/Src/switches.o
                0x0800ada8                Switch_IsPressed
 .text._getpid  0x0800ade0        0xe ./Core/Src/syscalls.o
                0x0800ade0                _getpid
 .text._kill    0x0800adee       0x20 ./Core/Src/syscalls.o
                0x0800adee                _kill
 .text._exit    0x0800ae0e       0x16 ./Core/Src/syscalls.o
                0x0800ae0e                _exit
 .text._read    0x0800ae24       0x3a ./Core/Src/syscalls.o
                0x0800ae24                _read
 .text._write   0x0800ae5e       0x38 ./Core/Src/syscalls.o
                0x0800ae5e                _write
 .text._close   0x0800ae96       0x16 ./Core/Src/syscalls.o
                0x0800ae96                _close
 .text._fstat   0x0800aeac       0x1e ./Core/Src/syscalls.o
                0x0800aeac                _fstat
 .text._isatty  0x0800aeca       0x14 ./Core/Src/syscalls.o
                0x0800aeca                _isatty
 .text._lseek   0x0800aede       0x18 ./Core/Src/syscalls.o
                0x0800aede                _lseek
 *fill*         0x0800aef6        0x2 
 .text._sbrk    0x0800aef8       0x6c ./Core/Src/sysmem.o
                0x0800aef8                _sbrk
 .text.SystemInit
                0x0800af64        0xc ./Core/Src/system_stm32f1xx.o
                0x0800af64                SystemInit
 .text.UART_Init
                0x0800af70       0x54 ./Core/Src/uart.o
                0x0800af70                UART_Init
 .text.UART_TransmitPacket
                0x0800afc4       0x4c ./Core/Src/uart.o
                0x0800afc4                UART_TransmitPacket
 .text.HAL_UART_RxCpltCallback
                0x0800b010       0xe8 ./Core/Src/uart.o
                0x0800b010                HAL_UART_RxCpltCallback
 .text.UART_GetReceivedPacket
                0x0800b0f8       0x58 ./Core/Src/uart.o
                0x0800b0f8                UART_GetReceivedPacket
 .text.ack      0x0800b150       0x16 ./Core/Src/uart_commands.o
 .text.err      0x0800b166       0x16 ./Core/Src/uart_commands.o
 .text.UART_SendStatusPacket
                0x0800b17c      0x170 ./Core/Src/uart_commands.o
                0x0800b17c                UART_SendStatusPacket
 .text.next_token
                0x0800b2ec       0x50 ./Core/Src/uart_commands.o
 .text.parse_settings
                0x0800b33c      0x32c ./Core/Src/uart_commands.o
 .text.send_timer_info
                0x0800b668       0x8c ./Core/Src/uart_commands.o
 .text.UART_HandleCommand
                0x0800b6f4      0xb54 ./Core/Src/uart_commands.o
                0x0800b6f4                UART_HandleCommand
 .text.Reset_Handler
                0x0800c248       0x48 ./Core/Startup/startup_stm32f103c8tx.o
                0x0800c248                Reset_Handler
 .text.Default_Handler
                0x0800c290        0x2 ./Core/Startup/startup_stm32f103c8tx.o
                0x0800c290                EXTI2_IRQHandler
                0x0800c290                TIM1_CC_IRQHandler
                0x0800c290                PVD_IRQHandler
                0x0800c290                EXTI3_IRQHandler
                0x0800c290                EXTI0_IRQHandler
                0x0800c290                I2C2_EV_IRQHandler
                0x0800c290                SPI1_IRQHandler
                0x0800c290                TAMPER_IRQHandler
                0x0800c290                DMA1_Channel4_IRQHandler
                0x0800c290                USART3_IRQHandler
                0x0800c290                RTC_IRQHandler
                0x0800c290                DMA1_Channel7_IRQHandler
                0x0800c290                CAN1_RX1_IRQHandler
                0x0800c290                TIM4_IRQHandler
                0x0800c290                I2C1_EV_IRQHandler
                0x0800c290                DMA1_Channel6_IRQHandler
                0x0800c290                TIM3_IRQHandler
                0x0800c290                RCC_IRQHandler
                0x0800c290                TIM1_TRG_COM_IRQHandler
                0x0800c290                DMA1_Channel1_IRQHandler
                0x0800c290                Default_Handler
                0x0800c290                EXTI15_10_IRQHandler
                0x0800c290                EXTI9_5_IRQHandler
                0x0800c290                SPI2_IRQHandler
                0x0800c290                DMA1_Channel5_IRQHandler
                0x0800c290                EXTI4_IRQHandler
                0x0800c290                USB_LP_CAN1_RX0_IRQHandler
                0x0800c290                USB_HP_CAN1_TX_IRQHandler
                0x0800c290                DMA1_Channel3_IRQHandler
                0x0800c290                TIM1_UP_IRQHandler
                0x0800c290                WWDG_IRQHandler
                0x0800c290                TIM2_IRQHandler
                0x0800c290                TIM1_BRK_IRQHandler
                0x0800c290                EXTI1_IRQHandler
                0x0800c290                USART2_IRQHandler
                0x0800c290                I2C2_ER_IRQHandler
                0x0800c290                DMA1_Channel2_IRQHandler
                0x0800c290                CAN1_SCE_IRQHandler
                0x0800c290                FLASH_IRQHandler
                0x0800c290                I2C1_ER_IRQHandler
                0x0800c290                USBWakeUp_IRQHandler
 *fill*         0x0800c292        0x2 
 .text.HAL_Init
                0x0800c294       0x2c ./Drivers/STM32F1xx_HAL_Driver/Src/stm32f1xx_hal.o
                0x0800c294                HAL_Init
 .text.HAL_InitTick
                0x0800c2c0       0x60 ./Drivers/STM32F1xx_HAL_Driver/Src/stm32f1xx_hal.o
                0x0800c2c0                HAL_InitTick
 .text.HAL_IncTick
                0x0800c320       0x24 ./Drivers/STM32F1xx_HAL_Driver/Src/stm32f1xx_hal.o
                0x0800c320                HAL_IncTick
 .text.HAL_GetTick
                0x0800c344       0x14 ./Drivers/STM32F1xx_HAL_Driver/Src/stm32f1xx_hal.o
                0x0800c344                HAL_GetTick
 .text.HAL_Delay
                0x0800c358       0x48 ./Drivers/STM32F1xx_HAL_Driver/Src/stm32f1xx_hal.o
                0x0800c358                HAL_Delay
 .text.HAL_ADC_Init
                0x0800c3a0      0x1b0 ./Drivers/STM32F1xx_HAL_Driver/Src/stm32f1xx_hal_adc.o
                0x0800c3a0                HAL_ADC_Init
 .text.HAL_ADC_Start
                0x0800c550      0x15c ./Drivers/STM32F1xx_HAL_Driver/Src/stm32f1xx_hal_adc.o
                0x0800c550                HAL_ADC_Start
 .text.HAL_ADC_Stop
                0x0800c6ac       0x58 ./Drivers/STM32F1xx_HAL_Driver/Src/stm32f1xx_hal_adc.o
                0x0800c6ac                HAL_ADC_Stop
 .text.HAL_ADC_PollForConversion
                0x0800c704      0x20c ./Drivers/STM32F1xx_HAL_Driver/Src/stm32f1xx_hal_adc.o
                0x0800c704                HAL_ADC_PollForConversion
 .text.HAL_ADC_GetValue
                0x0800c910       0x18 ./Drivers/STM32F1xx_HAL_Driver/Src/stm32f1xx_hal_adc.o
                0x0800c910                HAL_ADC_GetValue
 .text.HAL_ADC_IRQHandler
                0x0800c928      0x17e ./Drivers/STM32F1xx_HAL_Driver/Src/stm32f1xx_hal_adc.o
                0x0800c928                HAL_ADC_IRQHandler
 .text.HAL_ADC_ConvCpltCallback
                0x0800caa6       0x12 ./Drivers/STM32F1xx_HAL_Driver/Src/stm32f1xx_hal_adc.o
                0x0800caa6                HAL_ADC_ConvCpltCallback
 .text.HAL_ADC_LevelOutOfWindowCallback
                0x0800cab8       0x12 ./Drivers/STM32F1xx_HAL_Driver/Src/stm32f1xx_hal_adc.o
                0x0800cab8                HAL_ADC_LevelOutOfWindowCallback
 *fill*         0x0800caca        0x2 
 .text.HAL_ADC_ConfigChannel
                0x0800cacc      0x1f0 ./Drivers/STM32F1xx_HAL_Driver/Src/stm32f1xx_hal_adc.o
                0x0800cacc                HAL_ADC_ConfigChannel
 .text.ADC_Enable
                0x0800ccbc       0xb4 ./Drivers/STM32F1xx_HAL_Driver/Src/stm32f1xx_hal_adc.o
                0x0800ccbc                ADC_Enable
 .text.ADC_ConversionStop_Disable
                0x0800cd70       0x82 ./Drivers/STM32F1xx_HAL_Driver/Src/stm32f1xx_hal_adc.o
                0x0800cd70                ADC_ConversionStop_Disable
 *fill*         0x0800cdf2        0x2 
 .text.HAL_ADCEx_Calibration_Start
                0x0800cdf4      0x15c ./Drivers/STM32F1xx_HAL_Driver/Src/stm32f1xx_hal_adc_ex.o
                0x0800cdf4                HAL_ADCEx_Calibration_Start
 .text.HAL_ADCEx_InjectedConvCpltCallback
                0x0800cf50       0x12 ./Drivers/STM32F1xx_HAL_Driver/Src/stm32f1xx_hal_adc_ex.o
                0x0800cf50                HAL_ADCEx_InjectedConvCpltCallback
 *fill*         0x0800cf62        0x2 
 .text.__NVIC_SetPriorityGrouping
                0x0800cf64       0x48 ./Drivers/STM32F1xx_HAL_Driver/Src/stm32f1xx_hal_cortex.o
 .text.__NVIC_GetPriorityGrouping
                0x0800cfac       0x1c ./Drivers/STM32F1xx_HAL_Driver/Src/stm32f1xx_hal_cortex.o
 .text.__NVIC_EnableIRQ
                0x0800cfc8       0x38 ./Drivers/STM32F1xx_HAL_Driver/Src/stm32f1xx_hal_cortex.o
 .text.__NVIC_SetPriority
                0x0800d000       0x54 ./Drivers/STM32F1xx_HAL_Driver/Src/stm32f1xx_hal_cortex.o
 .text.NVIC_EncodePriority
                0x0800d054       0x64 ./Drivers/STM32F1xx_HAL_Driver/Src/stm32f1xx_hal_cortex.o
 .text.SysTick_Config
                0x0800d0b8       0x44 ./Drivers/STM32F1xx_HAL_Driver/Src/stm32f1xx_hal_cortex.o
 .text.HAL_NVIC_SetPriorityGrouping
                0x0800d0fc       0x16 ./Drivers/STM32F1xx_HAL_Driver/Src/stm32f1xx_hal_cortex.o
                0x0800d0fc                HAL_NVIC_SetPriorityGrouping
 .text.HAL_NVIC_SetPriority
                0x0800d112       0x38 ./Drivers/STM32F1xx_HAL_Driver/Src/stm32f1xx_hal_cortex.o
                0x0800d112                HAL_NVIC_SetPriority
 .text.HAL_NVIC_EnableIRQ
                0x0800d14a       0x1c ./Drivers/STM32F1xx_HAL_Driver/Src/stm32f1xx_hal_cortex.o
                0x0800d14a                HAL_NVIC_EnableIRQ
 .text.HAL_SYSTICK_Config
                0x0800d166       0x18 ./Drivers/STM32F1xx_HAL_Driver/Src/stm32f1xx_hal_cortex.o
                0x0800d166                HAL_SYSTICK_Config
 .text.HAL_DMA_Abort
                0x0800d17e       0x76 ./Drivers/STM32F1xx_HAL_Driver/Src/stm32f1xx_hal_dma.o
                0x0800d17e                HAL_DMA_Abort
 .text.HAL_DMA_Abort_IT
                0x0800d1f4       0xf0 ./Drivers/STM32F1xx_HAL_Driver/Src/stm32f1xx_hal_dma.o
                0x0800d1f4                HAL_DMA_Abort_IT
 .text.HAL_GPIO_Init
                0x0800d2e4      0x308 ./Drivers/STM32F1xx_HAL_Driver/Src/stm32f1xx_hal_gpio.o
                0x0800d2e4                HAL_GPIO_Init
 .text.HAL_GPIO_ReadPin
                0x0800d5ec       0x2e ./Drivers/STM32F1xx_HAL_Driver/Src/stm32f1xx_hal_gpio.o
                0x0800d5ec                HAL_GPIO_ReadPin
 .text.HAL_GPIO_WritePin
                0x0800d61a       0x30 ./Drivers/STM32F1xx_HAL_Driver/Src/stm32f1xx_hal_gpio.o
                0x0800d61a                HAL_GPIO_WritePin
 *fill*         0x0800d64a        0x2 
 .text.HAL_I2C_Init
                0x0800d64c      0x288 ./Drivers/STM32F1xx_HAL_Driver/Src/stm32f1xx_hal_i2c.o
                0x0800d64c                HAL_I2C_Init
 .text.HAL_I2C_Master_Transmit
                0x0800d8d4      0x1fc ./Drivers/STM32F1xx_HAL_Driver/Src/stm32f1xx_hal_i2c.o
                0x0800d8d4                HAL_I2C_Master_Transmit
 .text.HAL_I2C_Mem_Write
                0x0800dad0      0x1f4 ./Drivers/STM32F1xx_HAL_Driver/Src/stm32f1xx_hal_i2c.o
                0x0800dad0                HAL_I2C_Mem_Write
 .text.HAL_I2C_Mem_Read
                0x0800dcc4      0x4e8 ./Drivers/STM32F1xx_HAL_Driver/Src/stm32f1xx_hal_i2c.o
                0x0800dcc4                HAL_I2C_Mem_Read
 .text.HAL_I2C_IsDeviceReady
                0x0800e1ac      0x25c ./Drivers/STM32F1xx_HAL_Driver/Src/stm32f1xx_hal_i2c.o
                0x0800e1ac                HAL_I2C_IsDeviceReady
 .text.I2C_MasterRequestWrite
                0x0800e408      0x104 ./Drivers/STM32F1xx_HAL_Driver/Src/stm32f1xx_hal_i2c.o
 .text.I2C_RequestMemoryWrite
                0x0800e50c      0x12c ./Drivers/STM32F1xx_HAL_Driver/Src/stm32f1xx_hal_i2c.o
 .text.I2C_RequestMemoryRead
                0x0800e638      0x1d0 ./Drivers/STM32F1xx_HAL_Driver/Src/stm32f1xx_hal_i2c.o
 .text.I2C_WaitOnFlagUntilTimeout
                0x0800e808       0xf4 ./Drivers/STM32F1xx_HAL_Driver/Src/stm32f1xx_hal_i2c.o
 .text.I2C_WaitOnMasterAddressFlagUntilTimeout
                0x0800e8fc      0x140 ./Drivers/STM32F1xx_HAL_Driver/Src/stm32f1xx_hal_i2c.o
 .text.I2C_WaitOnTXEFlagUntilTimeout
                0x0800ea3c       0x90 ./Drivers/STM32F1xx_HAL_Driver/Src/stm32f1xx_hal_i2c.o
 .text.I2C_WaitOnBTFFlagUntilTimeout
                0x0800eacc       0x90 ./Drivers/STM32F1xx_HAL_Driver/Src/stm32f1xx_hal_i2c.o
 .text.I2C_WaitOnRXNEFlagUntilTimeout
                0x0800eb5c       0xba ./Drivers/STM32F1xx_HAL_Driver/Src/stm32f1xx_hal_i2c.o
 .text.I2C_IsAcknowledgeFailed
                0x0800ec16       0x5c ./Drivers/STM32F1xx_HAL_Driver/Src/stm32f1xx_hal_i2c.o
 *fill*         0x0800ec72        0x2 
 .text.HAL_RCC_OscConfig
                0x0800ec74      0x504 ./Drivers/STM32F1xx_HAL_Driver/Src/stm32f1xx_hal_rcc.o
                0x0800ec74                HAL_RCC_OscConfig
 .text.HAL_RCC_ClockConfig
                0x0800f178      0x1d4 ./Drivers/STM32F1xx_HAL_Driver/Src/stm32f1xx_hal_rcc.o
                0x0800f178                HAL_RCC_ClockConfig
 .text.HAL_RCC_GetSysClockFreq
                0x0800f34c       0xa8 ./Drivers/STM32F1xx_HAL_Driver/Src/stm32f1xx_hal_rcc.o
                0x0800f34c                HAL_RCC_GetSysClockFreq
 .text.HAL_RCC_GetHCLKFreq
                0x0800f3f4       0x14 ./Drivers/STM32F1xx_HAL_Driver/Src/stm32f1xx_hal_rcc.o
                0x0800f3f4                HAL_RCC_GetHCLKFreq
 .text.HAL_RCC_GetPCLK1Freq
                0x0800f408       0x28 ./Drivers/STM32F1xx_HAL_Driver/Src/stm32f1xx_hal_rcc.o
                0x0800f408                HAL_RCC_GetPCLK1Freq
 .text.HAL_RCC_GetPCLK2Freq
                0x0800f430       0x28 ./Drivers/STM32F1xx_HAL_Driver/Src/stm32f1xx_hal_rcc.o
                0x0800f430                HAL_RCC_GetPCLK2Freq
 .text.RCC_Delay
                0x0800f458       0x3c ./Drivers/STM32F1xx_HAL_Driver/Src/stm32f1xx_hal_rcc.o
 .text.HAL_RCCEx_PeriphCLKConfig
                0x0800f494      0x16c ./Drivers/STM32F1xx_HAL_Driver/Src/stm32f1xx_hal_rcc_ex.o
                0x0800f494                HAL_RCCEx_PeriphCLKConfig
 .text.HAL_RCCEx_GetPeriphCLKFreq
                0x0800f600      0x16c ./Drivers/STM32F1xx_HAL_Driver/Src/stm32f1xx_hal_rcc_ex.o
                0x0800f600                HAL_RCCEx_GetPeriphCLKFreq
 .text.HAL_RTC_AlarmIRQHandler
                0x0800f76c       0x54 ./Drivers/STM32F1xx_HAL_Driver/Src/stm32f1xx_hal_rtc.o
                0x0800f76c                HAL_RTC_AlarmIRQHandler
 .text.HAL_RTC_AlarmAEventCallback
                0x0800f7c0       0x12 ./Drivers/STM32F1xx_HAL_Driver/Src/stm32f1xx_hal_rtc.o
                0x0800f7c0                HAL_RTC_AlarmAEventCallback
 .text.HAL_SPI_Init
                0x0800f7d2      0x108 ./Drivers/STM32F1xx_HAL_Driver/Src/stm32f1xx_hal_spi.o
                0x0800f7d2                HAL_SPI_Init
 .text.HAL_SPI_Transmit
                0x0800f8da      0x288 ./Drivers/STM32F1xx_HAL_Driver/Src/stm32f1xx_hal_spi.o
                0x0800f8da                HAL_SPI_Transmit
 .text.HAL_SPI_Receive
                0x0800fb62      0x232 ./Drivers/STM32F1xx_HAL_Driver/Src/stm32f1xx_hal_spi.o
                0x0800fb62                HAL_SPI_Receive
 .text.HAL_SPI_TransmitReceive
                0x0800fd94      0x352 ./Drivers/STM32F1xx_HAL_Driver/Src/stm32f1xx_hal_spi.o
                0x0800fd94                HAL_SPI_TransmitReceive
 *fill*         0x080100e6        0x2 
 .text.SPI_WaitFlagStateUntilTimeout
                0x080100e8      0x110 ./Drivers/STM32F1xx_HAL_Driver/Src/stm32f1xx_hal_spi.o
 .text.SPI_EndRxTransaction
                0x080101f8       0xa4 ./Drivers/STM32F1xx_HAL_Driver/Src/stm32f1xx_hal_spi.o
 .text.SPI_EndRxTxTransaction
                0x0801029c       0x62 ./Drivers/STM32F1xx_HAL_Driver/Src/stm32f1xx_hal_spi.o
 .text.HAL_TIM_Base_Init
                0x080102fe       0x9e ./Drivers/STM32F1xx_HAL_Driver/Src/stm32f1xx_hal_tim.o
                0x080102fe                HAL_TIM_Base_Init
 .text.HAL_TIM_ConfigClockSource
                0x0801039c      0x18e ./Drivers/STM32F1xx_HAL_Driver/Src/stm32f1xx_hal_tim.o
                0x0801039c                HAL_TIM_ConfigClockSource
 *fill*         0x0801052a        0x2 
 .text.TIM_Base_SetConfig
                0x0801052c       0xdc ./Drivers/STM32F1xx_HAL_Driver/Src/stm32f1xx_hal_tim.o
                0x0801052c                TIM_Base_SetConfig
 .text.TIM_TI1_ConfigInputStage
                0x08010608       0x5c ./Drivers/STM32F1xx_HAL_Driver/Src/stm32f1xx_hal_tim.o
 .text.TIM_TI2_ConfigInputStage
                0x08010664       0x5e ./Drivers/STM32F1xx_HAL_Driver/Src/stm32f1xx_hal_tim.o
 .text.TIM_ITRx_SetConfig
                0x080106c2       0x34 ./Drivers/STM32F1xx_HAL_Driver/Src/stm32f1xx_hal_tim.o
 .text.TIM_ETR_SetConfig
                0x080106f6       0x3e ./Drivers/STM32F1xx_HAL_Driver/Src/stm32f1xx_hal_tim.o
                0x080106f6                TIM_ETR_SetConfig
 .text.HAL_TIMEx_MasterConfigSynchronization
                0x08010734       0xbc ./Drivers/STM32F1xx_HAL_Driver/Src/stm32f1xx_hal_tim_ex.o
                0x08010734                HAL_TIMEx_MasterConfigSynchronization
 .text.HAL_UART_Init
                0x080107f0       0xa0 ./Drivers/STM32F1xx_HAL_Driver/Src/stm32f1xx_hal_uart.o
                0x080107f0                HAL_UART_Init
 .text.HAL_UART_Transmit
                0x08010890      0x116 ./Drivers/STM32F1xx_HAL_Driver/Src/stm32f1xx_hal_uart.o
                0x08010890                HAL_UART_Transmit
 .text.HAL_UART_Receive_IT
                0x080109a6       0x4a ./Drivers/STM32F1xx_HAL_Driver/Src/stm32f1xx_hal_uart.o
                0x080109a6                HAL_UART_Receive_IT
 .text.HAL_UART_IRQHandler
                0x080109f0      0x524 ./Drivers/STM32F1xx_HAL_Driver/Src/stm32f1xx_hal_uart.o
                0x080109f0                HAL_UART_IRQHandler
 .text.HAL_UART_TxCpltCallback
                0x08010f14       0x12 ./Drivers/STM32F1xx_HAL_Driver/Src/stm32f1xx_hal_uart.o
                0x08010f14                HAL_UART_TxCpltCallback
 .text.HAL_UART_ErrorCallback
                0x08010f26       0x12 ./Drivers/STM32F1xx_HAL_Driver/Src/stm32f1xx_hal_uart.o
                0x08010f26                HAL_UART_ErrorCallback
 .text.HAL_UARTEx_RxEventCallback
                0x08010f38       0x16 ./Drivers/STM32F1xx_HAL_Driver/Src/stm32f1xx_hal_uart.o
                0x08010f38                HAL_UARTEx_RxEventCallback
 .text.UART_WaitOnFlagUntilTimeout
                0x08010f4e       0xb2 ./Drivers/STM32F1xx_HAL_Driver/Src/stm32f1xx_hal_uart.o
 .text.UART_Start_Receive_IT
                0x08011000       0x72 ./Drivers/STM32F1xx_HAL_Driver/Src/stm32f1xx_hal_uart.o
                0x08011000                UART_Start_Receive_IT
 .text.UART_EndRxTransfer
                0x08011072       0xc4 ./Drivers/STM32F1xx_HAL_Driver/Src/stm32f1xx_hal_uart.o
 .text.UART_DMAAbortOnError
                0x08011136       0x28 ./Drivers/STM32F1xx_HAL_Driver/Src/stm32f1xx_hal_uart.o
 .text.UART_Transmit_IT
                0x0801115e       0x9e ./Drivers/STM32F1xx_HAL_Driver/Src/stm32f1xx_hal_uart.o
 .text.UART_EndTransmit_IT
                0x080111fc       0x30 ./Drivers/STM32F1xx_HAL_Driver/Src/stm32f1xx_hal_uart.o
 .text.UART_Receive_IT
                0x0801122c      0x17c ./Drivers/STM32F1xx_HAL_Driver/Src/stm32f1xx_hal_uart.o
 .text.UART_SetConfig
                0x080113a8      0x11c ./Drivers/STM32F1xx_HAL_Driver/Src/stm32f1xx_hal_uart.o
 .text.atoi     0x080114c4        0x8 C:/ST/STM32CubeIDE_1.19.0/STM32CubeIDE/plugins/com.st.stm32cube.ide.mcu.externaltools.gnu-tools-for-stm32.13.3.rel1.win32_1.0.0.202411081344/tools/bin/../lib/gcc/arm-none-eabi/13.3.1/../../../../arm-none-eabi/lib/thumb/v7-m/nofp\libc_nano.a(libc_a-atoi.o)
                0x080114c4                atoi
 .text._strtol_l.isra.0
                0x080114cc       0xf4 C:/ST/STM32CubeIDE_1.19.0/STM32CubeIDE/plugins/com.st.stm32cube.ide.mcu.externaltools.gnu-tools-for-stm32.13.3.rel1.win32_1.0.0.202411081344/tools/bin/../lib/gcc/arm-none-eabi/13.3.1/../../../../arm-none-eabi/lib/thumb/v7-m/nofp\libc_nano.a(libc_a-strtol.o)
 .text.strtol   0x080115c0       0x14 C:/ST/STM32CubeIDE_1.19.0/STM32CubeIDE/plugins/com.st.stm32cube.ide.mcu.externaltools.gnu-tools-for-stm32.13.3.rel1.win32_1.0.0.202411081344/tools/bin/../lib/gcc/arm-none-eabi/13.3.1/../../../../arm-none-eabi/lib/thumb/v7-m/nofp\libc_nano.a(libc_a-strtol.o)
                0x080115c0                strtol
 .text.__cvt    0x080115d4       0xc8 C:/ST/STM32CubeIDE_1.19.0/STM32CubeIDE/plugins/com.st.stm32cube.ide.mcu.externaltools.gnu-tools-for-stm32.13.3.rel1.win32_1.0.0.202411081344/tools/bin/../lib/gcc/arm-none-eabi/13.3.1/../../../../arm-none-eabi/lib/thumb/v7-m/nofp\libc_nano.a(libc_a-nano-vfprintf_float.o)
                0x080115d4                __cvt
 .text.__exponent
                0x0801169c       0x74 C:/ST/STM32CubeIDE_1.19.0/STM32CubeIDE/plugins/com.st.stm32cube.ide.mcu.externaltools.gnu-tools-for-stm32.13.3.rel1.win32_1.0.0.202411081344/tools/bin/../lib/gcc/arm-none-eabi/13.3.1/../../../../arm-none-eabi/lib/thumb/v7-m/nofp\libc_nano.a(libc_a-nano-vfprintf_float.o)
                0x0801169c                __exponent
 .text._printf_float
                0x08011710      0x458 C:/ST/STM32CubeIDE_1.19.0/STM32CubeIDE/plugins/com.st.stm32cube.ide.mcu.externaltools.gnu-tools-for-stm32.13.3.rel1.win32_1.0.0.202411081344/tools/bin/../lib/gcc/arm-none-eabi/13.3.1/../../../../arm-none-eabi/lib/thumb/v7-m/nofp\libc_nano.a(libc_a-nano-vfprintf_float.o)
                0x08011710                _printf_float
 .text._printf_common
                0x08011b68       0xe4 C:/ST/STM32CubeIDE_1.19.0/STM32CubeIDE/plugins/com.st.stm32cube.ide.mcu.externaltools.gnu-tools-for-stm32.13.3.rel1.win32_1.0.0.202411081344/tools/bin/../lib/gcc/arm-none-eabi/13.3.1/../../../../arm-none-eabi/lib/thumb/v7-m/nofp\libc_nano.a(libc_a-nano-vfprintf_i.o)
                0x08011b68                _printf_common
 .text._printf_i
                0x08011c4c      0x23c C:/ST/STM32CubeIDE_1.19.0/STM32CubeIDE/plugins/com.st.stm32cube.ide.mcu.externaltools.gnu-tools-for-stm32.13.3.rel1.win32_1.0.0.202411081344/tools/bin/../lib/gcc/arm-none-eabi/13.3.1/../../../../arm-none-eabi/lib/thumb/v7-m/nofp\libc_nano.a(libc_a-nano-vfprintf_i.o)
                0x08011c4c                _printf_i
 .text.std      0x08011e88       0x6c C:/ST/STM32CubeIDE_1.19.0/STM32CubeIDE/plugins/com.st.stm32cube.ide.mcu.externaltools.gnu-tools-for-stm32.13.3.rel1.win32_1.0.0.202411081344/tools/bin/../lib/gcc/arm-none-eabi/13.3.1/../../../../arm-none-eabi/lib/thumb/v7-m/nofp\libc_nano.a(libc_a-findfp.o)
 .text.stdio_exit_handler
                0x08011ef4       0x18 C:/ST/STM32CubeIDE_1.19.0/STM32CubeIDE/plugins/com.st.stm32cube.ide.mcu.externaltools.gnu-tools-for-stm32.13.3.rel1.win32_1.0.0.202411081344/tools/bin/../lib/gcc/arm-none-eabi/13.3.1/../../../../arm-none-eabi/lib/thumb/v7-m/nofp\libc_nano.a(libc_a-findfp.o)
 .text.cleanup_stdio
                0x08011f0c       0x40 C:/ST/STM32CubeIDE_1.19.0/STM32CubeIDE/plugins/com.st.stm32cube.ide.mcu.externaltools.gnu-tools-for-stm32.13.3.rel1.win32_1.0.0.202411081344/tools/bin/../lib/gcc/arm-none-eabi/13.3.1/../../../../arm-none-eabi/lib/thumb/v7-m/nofp\libc_nano.a(libc_a-findfp.o)
 .text.global_stdio_init.part.0
                0x08011f4c       0x3c C:/ST/STM32CubeIDE_1.19.0/STM32CubeIDE/plugins/com.st.stm32cube.ide.mcu.externaltools.gnu-tools-for-stm32.13.3.rel1.win32_1.0.0.202411081344/tools/bin/../lib/gcc/arm-none-eabi/13.3.1/../../../../arm-none-eabi/lib/thumb/v7-m/nofp\libc_nano.a(libc_a-findfp.o)
 .text.__sfp_lock_acquire
                0x08011f88        0xc C:/ST/STM32CubeIDE_1.19.0/STM32CubeIDE/plugins/com.st.stm32cube.ide.mcu.externaltools.gnu-tools-for-stm32.13.3.rel1.win32_1.0.0.202411081344/tools/bin/../lib/gcc/arm-none-eabi/13.3.1/../../../../arm-none-eabi/lib/thumb/v7-m/nofp\libc_nano.a(libc_a-findfp.o)
                0x08011f88                __sfp_lock_acquire
 .text.__sfp_lock_release
                0x08011f94        0xc C:/ST/STM32CubeIDE_1.19.0/STM32CubeIDE/plugins/com.st.stm32cube.ide.mcu.externaltools.gnu-tools-for-stm32.13.3.rel1.win32_1.0.0.202411081344/tools/bin/../lib/gcc/arm-none-eabi/13.3.1/../../../../arm-none-eabi/lib/thumb/v7-m/nofp\libc_nano.a(libc_a-findfp.o)
                0x08011f94                __sfp_lock_release
 .text.__sinit  0x08011fa0       0x30 C:/ST/STM32CubeIDE_1.19.0/STM32CubeIDE/plugins/com.st.stm32cube.ide.mcu.externaltools.gnu-tools-for-stm32.13.3.rel1.win32_1.0.0.202411081344/tools/bin/../lib/gcc/arm-none-eabi/13.3.1/../../../../arm-none-eabi/lib/thumb/v7-m/nofp\libc_nano.a(libc_a-findfp.o)
                0x08011fa0                __sinit
 .text._fwalk_sglue
                0x08011fd0       0x3c C:/ST/STM32CubeIDE_1.19.0/STM32CubeIDE/plugins/com.st.stm32cube.ide.mcu.externaltools.gnu-tools-for-stm32.13.3.rel1.win32_1.0.0.202411081344/tools/bin/../lib/gcc/arm-none-eabi/13.3.1/../../../../arm-none-eabi/lib/thumb/v7-m/nofp\libc_nano.a(libc_a-fwalk.o)
                0x08011fd0                _fwalk_sglue
 .text._puts_r  0x0801200c       0xaa C:/ST/STM32CubeIDE_1.19.0/STM32CubeIDE/plugins/com.st.stm32cube.ide.mcu.externaltools.gnu-tools-for-stm32.13.3.rel1.win32_1.0.0.202411081344/tools/bin/../lib/gcc/arm-none-eabi/13.3.1/../../../../arm-none-eabi/lib/thumb/v7-m/nofp\libc_nano.a(libc_a-puts.o)
                0x0801200c                _puts_r
 *fill*         0x080120b6        0x2 
 .text.puts     0x080120b8       0x10 C:/ST/STM32CubeIDE_1.19.0/STM32CubeIDE/plugins/com.st.stm32cube.ide.mcu.externaltools.gnu-tools-for-stm32.13.3.rel1.win32_1.0.0.202411081344/tools/bin/../lib/gcc/arm-none-eabi/13.3.1/../../../../arm-none-eabi/lib/thumb/v7-m/nofp\libc_nano.a(libc_a-puts.o)
                0x080120b8                puts
 .text.snprintf
                0x080120c8       0x6c C:/ST/STM32CubeIDE_1.19.0/STM32CubeIDE/plugins/com.st.stm32cube.ide.mcu.externaltools.gnu-tools-for-stm32.13.3.rel1.win32_1.0.0.202411081344/tools/bin/../lib/gcc/arm-none-eabi/13.3.1/../../../../arm-none-eabi/lib/thumb/v7-m/nofp\libc_nano.a(libc_a-snprintf.o)
                0x080120c8                sniprintf
                0x080120c8                snprintf
 .text.__sread  0x08012134       0x22 C:/ST/STM32CubeIDE_1.19.0/STM32CubeIDE/plugins/com.st.stm32cube.ide.mcu.externaltools.gnu-tools-for-stm32.13.3.rel1.win32_1.0.0.202411081344/tools/bin/../lib/gcc/arm-none-eabi/13.3.1/../../../../arm-none-eabi/lib/thumb/v7-m/nofp\libc_nano.a(libc_a-stdio.o)
                0x08012134                __sread
 .text.__swrite
                0x08012156       0x38 C:/ST/STM32CubeIDE_1.19.0/STM32CubeIDE/plugins/com.st.stm32cube.ide.mcu.externaltools.gnu-tools-for-stm32.13.3.rel1.win32_1.0.0.202411081344/tools/bin/../lib/gcc/arm-none-eabi/13.3.1/../../../../arm-none-eabi/lib/thumb/v7-m/nofp\libc_nano.a(libc_a-stdio.o)
                0x08012156                __swrite
 .text.__sseek  0x0801218e       0x24 C:/ST/STM32CubeIDE_1.19.0/STM32CubeIDE/plugins/com.st.stm32cube.ide.mcu.externaltools.gnu-tools-for-stm32.13.3.rel1.win32_1.0.0.202411081344/tools/bin/../lib/gcc/arm-none-eabi/13.3.1/../../../../arm-none-eabi/lib/thumb/v7-m/nofp\libc_nano.a(libc_a-stdio.o)
                0x0801218e                __sseek
 .text.__sclose
                0x080121b2        0x8 C:/ST/STM32CubeIDE_1.19.0/STM32CubeIDE/plugins/com.st.stm32cube.ide.mcu.externaltools.gnu-tools-for-stm32.13.3.rel1.win32_1.0.0.202411081344/tools/bin/../lib/gcc/arm-none-eabi/13.3.1/../../../../arm-none-eabi/lib/thumb/v7-m/nofp\libc_nano.a(libc_a-stdio.o)
                0x080121b2                __sclose
 .text._vsnprintf_r
                0x080121ba       0x5c C:/ST/STM32CubeIDE_1.19.0/STM32CubeIDE/plugins/com.st.stm32cube.ide.mcu.externaltools.gnu-tools-for-stm32.13.3.rel1.win32_1.0.0.202411081344/tools/bin/../lib/gcc/arm-none-eabi/13.3.1/../../../../arm-none-eabi/lib/thumb/v7-m/nofp\libc_nano.a(libc_a-vsnprintf.o)
                0x080121ba                _vsniprintf_r
                0x080121ba                _vsnprintf_r
 *fill*         0x08012216        0x2 
 .text.vsnprintf
                0x08012218       0x1c C:/ST/STM32CubeIDE_1.19.0/STM32CubeIDE/plugins/com.st.stm32cube.ide.mcu.externaltools.gnu-tools-for-stm32.13.3.rel1.win32_1.0.0.202411081344/tools/bin/../lib/gcc/arm-none-eabi/13.3.1/../../../../arm-none-eabi/lib/thumb/v7-m/nofp\libc_nano.a(libc_a-vsnprintf.o)
                0x08012218                vsniprintf
                0x08012218                vsnprintf
 .text.__swbuf_r
                0x08012234       0x7c C:/ST/STM32CubeIDE_1.19.0/STM32CubeIDE/plugins/com.st.stm32cube.ide.mcu.externaltools.gnu-tools-for-stm32.13.3.rel1.win32_1.0.0.202411081344/tools/bin/../lib/gcc/arm-none-eabi/13.3.1/../../../../arm-none-eabi/lib/thumb/v7-m/nofp\libc_nano.a(libc_a-wbuf.o)
                0x08012234                __swbuf_r
 .text.__swsetup_r
                0x080122b0       0xac C:/ST/STM32CubeIDE_1.19.0/STM32CubeIDE/plugins/com.st.stm32cube.ide.mcu.externaltools.gnu-tools-for-stm32.13.3.rel1.win32_1.0.0.202411081344/tools/bin/../lib/gcc/arm-none-eabi/13.3.1/../../../../arm-none-eabi/lib/thumb/v7-m/nofp\libc_nano.a(libc_a-wsetup.o)
                0x080122b0                __swsetup_r
 .text.memmove  0x0801235c       0x34 C:/ST/STM32CubeIDE_1.19.0/STM32CubeIDE/plugins/com.st.stm32cube.ide.mcu.externaltools.gnu-tools-for-stm32.13.3.rel1.win32_1.0.0.202411081344/tools/bin/../lib/gcc/arm-none-eabi/13.3.1/../../../../arm-none-eabi/lib/thumb/v7-m/nofp\libc_nano.a(libc_a-memmove.o)
                0x0801235c                memmove
 .text.memset   0x08012390       0x10 C:/ST/STM32CubeIDE_1.19.0/STM32CubeIDE/plugins/com.st.stm32cube.ide.mcu.externaltools.gnu-tools-for-stm32.13.3.rel1.win32_1.0.0.202411081344/tools/bin/../lib/gcc/arm-none-eabi/13.3.1/../../../../arm-none-eabi/lib/thumb/v7-m/nofp\libc_nano.a(libc_a-memset.o)
                0x08012390                memset
 .text.strchr   0x080123a0       0x1a C:/ST/STM32CubeIDE_1.19.0/STM32CubeIDE/plugins/com.st.stm32cube.ide.mcu.externaltools.gnu-tools-for-stm32.13.3.rel1.win32_1.0.0.202411081344/tools/bin/../lib/gcc/arm-none-eabi/13.3.1/../../../../arm-none-eabi/lib/thumb/v7-m/nofp\libc_nano.a(libc_a-strchr.o)
                0x080123a0                strchr
 .text.strncat  0x080123ba       0x26 C:/ST/STM32CubeIDE_1.19.0/STM32CubeIDE/plugins/com.st.stm32cube.ide.mcu.externaltools.gnu-tools-for-stm32.13.3.rel1.win32_1.0.0.202411081344/tools/bin/../lib/gcc/arm-none-eabi/13.3.1/../../../../arm-none-eabi/lib/thumb/v7-m/nofp\libc_nano.a(libc_a-strncat.o)
                0x080123ba                strncat
 .text.strncmp  0x080123e0       0x24 C:/ST/STM32CubeIDE_1.19.0/STM32CubeIDE/plugins/com.st.stm32cube.ide.mcu.externaltools.gnu-tools-for-stm32.13.3.rel1.win32_1.0.0.202411081344/tools/bin/../lib/gcc/arm-none-eabi/13.3.1/../../../../arm-none-eabi/lib/thumb/v7-m/nofp\libc_nano.a(libc_a-strncmp.o)
                0x080123e0                strncmp
 .text.strncpy  0x08012404       0x26 C:/ST/STM32CubeIDE_1.19.0/STM32CubeIDE/plugins/com.st.stm32cube.ide.mcu.externaltools.gnu-tools-for-stm32.13.3.rel1.win32_1.0.0.202411081344/tools/bin/../lib/gcc/arm-none-eabi/13.3.1/../../../../arm-none-eabi/lib/thumb/v7-m/nofp\libc_nano.a(libc_a-strncpy.o)
                0x08012404                strncpy
 .text.__strtok_r
                0x0801242a       0x50 C:/ST/STM32CubeIDE_1.19.0/STM32CubeIDE/plugins/com.st.stm32cube.ide.mcu.externaltools.gnu-tools-for-stm32.13.3.rel1.win32_1.0.0.202411081344/tools/bin/../lib/gcc/arm-none-eabi/13.3.1/../../../../arm-none-eabi/lib/thumb/v7-m/nofp\libc_nano.a(libc_a-strtok_r.o)
                0x0801242a                __strtok_r
 .text.strtok_r
                0x0801247a        0x6 C:/ST/STM32CubeIDE_1.19.0/STM32CubeIDE/plugins/com.st.stm32cube.ide.mcu.externaltools.gnu-tools-for-stm32.13.3.rel1.win32_1.0.0.202411081344/tools/bin/../lib/gcc/arm-none-eabi/13.3.1/../../../../arm-none-eabi/lib/thumb/v7-m/nofp\libc_nano.a(libc_a-strtok_r.o)
                0x0801247a                strtok_r
 .text.strstr   0x08012480       0x2c C:/ST/STM32CubeIDE_1.19.0/STM32CubeIDE/plugins/com.st.stm32cube.ide.mcu.externaltools.gnu-tools-for-stm32.13.3.rel1.win32_1.0.0.202411081344/tools/bin/../lib/gcc/arm-none-eabi/13.3.1/../../../../arm-none-eabi/lib/thumb/v7-m/nofp\libc_nano.a(libc_a-strstr.o)
                0x08012480                strstr
 .text._localeconv_r
                0x080124ac        0x8 C:/ST/STM32CubeIDE_1.19.0/STM32CubeIDE/plugins/com.st.stm32cube.ide.mcu.externaltools.gnu-tools-for-stm32.13.3.rel1.win32_1.0.0.202411081344/tools/bin/../lib/gcc/arm-none-eabi/13.3.1/../../../../arm-none-eabi/lib/thumb/v7-m/nofp\libc_nano.a(libc_a-localeconv.o)
                0x080124ac                _localeconv_r
 .text._close_r
                0x080124b4       0x20 C:/ST/STM32CubeIDE_1.19.0/STM32CubeIDE/plugins/com.st.stm32cube.ide.mcu.externaltools.gnu-tools-for-stm32.13.3.rel1.win32_1.0.0.202411081344/tools/bin/../lib/gcc/arm-none-eabi/13.3.1/../../../../arm-none-eabi/lib/thumb/v7-m/nofp\libc_nano.a(libc_a-closer.o)
                0x080124b4                _close_r
 .text._lseek_r
                0x080124d4       0x24 C:/ST/STM32CubeIDE_1.19.0/STM32CubeIDE/plugins/com.st.stm32cube.ide.mcu.externaltools.gnu-tools-for-stm32.13.3.rel1.win32_1.0.0.202411081344/tools/bin/../lib/gcc/arm-none-eabi/13.3.1/../../../../arm-none-eabi/lib/thumb/v7-m/nofp\libc_nano.a(libc_a-lseekr.o)
                0x080124d4                _lseek_r
 .text._read_r  0x080124f8       0x24 C:/ST/STM32CubeIDE_1.19.0/STM32CubeIDE/plugins/com.st.stm32cube.ide.mcu.externaltools.gnu-tools-for-stm32.13.3.rel1.win32_1.0.0.202411081344/tools/bin/../lib/gcc/arm-none-eabi/13.3.1/../../../../arm-none-eabi/lib/thumb/v7-m/nofp\libc_nano.a(libc_a-readr.o)
                0x080124f8                _read_r
 .text._write_r
                0x0801251c       0x24 C:/ST/STM32CubeIDE_1.19.0/STM32CubeIDE/plugins/com.st.stm32cube.ide.mcu.externaltools.gnu-tools-for-stm32.13.3.rel1.win32_1.0.0.202411081344/tools/bin/../lib/gcc/arm-none-eabi/13.3.1/../../../../arm-none-eabi/lib/thumb/v7-m/nofp\libc_nano.a(libc_a-writer.o)
                0x0801251c                _write_r
 .text.__errno  0x08012540        0xc C:/ST/STM32CubeIDE_1.19.0/STM32CubeIDE/plugins/com.st.stm32cube.ide.mcu.externaltools.gnu-tools-for-stm32.13.3.rel1.win32_1.0.0.202411081344/tools/bin/../lib/gcc/arm-none-eabi/13.3.1/../../../../arm-none-eabi/lib/thumb/v7-m/nofp\libc_nano.a(libc_a-errno.o)
                0x08012540                __errno
 .text.__libc_init_array
                0x0801254c       0x48 C:/ST/STM32CubeIDE_1.19.0/STM32CubeIDE/plugins/com.st.stm32cube.ide.mcu.externaltools.gnu-tools-for-stm32.13.3.rel1.win32_1.0.0.202411081344/tools/bin/../lib/gcc/arm-none-eabi/13.3.1/../../../../arm-none-eabi/lib/thumb/v7-m/nofp\libc_nano.a(libc_a-init.o)
                0x0801254c                __libc_init_array
 .text.__retarget_lock_init_recursive
                0x08012594        0x2 C:/ST/STM32CubeIDE_1.19.0/STM32CubeIDE/plugins/com.st.stm32cube.ide.mcu.externaltools.gnu-tools-for-stm32.13.3.rel1.win32_1.0.0.202411081344/tools/bin/../lib/gcc/arm-none-eabi/13.3.1/../../../../arm-none-eabi/lib/thumb/v7-m/nofp\libc_nano.a(libc_a-lock.o)
                0x08012594                __retarget_lock_init_recursive
 .text.__retarget_lock_acquire_recursive
                0x08012596        0x2 C:/ST/STM32CubeIDE_1.19.0/STM32CubeIDE/plugins/com.st.stm32cube.ide.mcu.externaltools.gnu-tools-for-stm32.13.3.rel1.win32_1.0.0.202411081344/tools/bin/../lib/gcc/arm-none-eabi/13.3.1/../../../../arm-none-eabi/lib/thumb/v7-m/nofp\libc_nano.a(libc_a-lock.o)
                0x08012596                __retarget_lock_acquire_recursive
 .text.__retarget_lock_release_recursive
                0x08012598        0x2 C:/ST/STM32CubeIDE_1.19.0/STM32CubeIDE/plugins/com.st.stm32cube.ide.mcu.externaltools.gnu-tools-for-stm32.13.3.rel1.win32_1.0.0.202411081344/tools/bin/../lib/gcc/arm-none-eabi/13.3.1/../../../../arm-none-eabi/lib/thumb/v7-m/nofp\libc_nano.a(libc_a-lock.o)
                0x08012598                __retarget_lock_release_recursive
 .text.memchr   0x0801259a       0x1c C:/ST/STM32CubeIDE_1.19.0/STM32CubeIDE/plugins/com.st.stm32cube.ide.mcu.externaltools.gnu-tools-for-stm32.13.3.rel1.win32_1.0.0.202411081344/tools/bin/../lib/gcc/arm-none-eabi/13.3.1/../../../../arm-none-eabi/lib/thumb/v7-m/nofp\libc_nano.a(libc_a-memchr-stub.o)
                0x0801259a                memchr
 .text.memcpy   0x080125b6       0x1c C:/ST/STM32CubeIDE_1.19.0/STM32CubeIDE/plugins/com.st.stm32cube.ide.mcu.externaltools.gnu-tools-for-stm32.13.3.rel1.win32_1.0.0.202411081344/tools/bin/../lib/gcc/arm-none-eabi/13.3.1/../../../../arm-none-eabi/lib/thumb/v7-m/nofp\libc_nano.a(libc_a-memcpy-stub.o)
                0x080125b6                memcpy
 .text.quorem   0x080125d2      0x110 C:/ST/STM32CubeIDE_1.19.0/STM32CubeIDE/plugins/com.st.stm32cube.ide.mcu.externaltools.gnu-tools-for-stm32.13.3.rel1.win32_1.0.0.202411081344/tools/bin/../lib/gcc/arm-none-eabi/13.3.1/../../../../arm-none-eabi/lib/thumb/v7-m/nofp\libc_nano.a(libc_a-dtoa.o)
 *fill*         0x080126e2        0x6 
 .text._dtoa_r  0x080126e8      0xba8 C:/ST/STM32CubeIDE_1.19.0/STM32CubeIDE/plugins/com.st.stm32cube.ide.mcu.externaltools.gnu-tools-for-stm32.13.3.rel1.win32_1.0.0.202411081344/tools/bin/../lib/gcc/arm-none-eabi/13.3.1/../../../../arm-none-eabi/lib/thumb/v7-m/nofp\libc_nano.a(libc_a-dtoa.o)
                0x080126e8                _dtoa_r
 .text._free_r  0x08013290       0x90 C:/ST/STM32CubeIDE_1.19.0/STM32CubeIDE/plugins/com.st.stm32cube.ide.mcu.externaltools.gnu-tools-for-stm32.13.3.rel1.win32_1.0.0.202411081344/tools/bin/../lib/gcc/arm-none-eabi/13.3.1/../../../../arm-none-eabi/lib/thumb/v7-m/nofp\libc_nano.a(libc_a-freer.o)
                0x08013290                _free_r
 .text.malloc   0x08013320       0x10 C:/ST/STM32CubeIDE_1.19.0/STM32CubeIDE/plugins/com.st.stm32cube.ide.mcu.externaltools.gnu-tools-for-stm32.13.3.rel1.win32_1.0.0.202411081344/tools/bin/../lib/gcc/arm-none-eabi/13.3.1/../../../../arm-none-eabi/lib/thumb/v7-m/nofp\libc_nano.a(libc_a-malloc.o)
                0x08013320                malloc
 .text.sbrk_aligned
                0x08013330       0x44 C:/ST/STM32CubeIDE_1.19.0/STM32CubeIDE/plugins/com.st.stm32cube.ide.mcu.externaltools.gnu-tools-for-stm32.13.3.rel1.win32_1.0.0.202411081344/tools/bin/../lib/gcc/arm-none-eabi/13.3.1/../../../../arm-none-eabi/lib/thumb/v7-m/nofp\libc_nano.a(libc_a-mallocr.o)
 .text._malloc_r
                0x08013374      0x100 C:/ST/STM32CubeIDE_1.19.0/STM32CubeIDE/plugins/com.st.stm32cube.ide.mcu.externaltools.gnu-tools-for-stm32.13.3.rel1.win32_1.0.0.202411081344/tools/bin/../lib/gcc/arm-none-eabi/13.3.1/../../../../arm-none-eabi/lib/thumb/v7-m/nofp\libc_nano.a(libc_a-mallocr.o)
                0x08013374                _malloc_r
 .text.__malloc_lock
                0x08013474        0xc C:/ST/STM32CubeIDE_1.19.0/STM32CubeIDE/plugins/com.st.stm32cube.ide.mcu.externaltools.gnu-tools-for-stm32.13.3.rel1.win32_1.0.0.202411081344/tools/bin/../lib/gcc/arm-none-eabi/13.3.1/../../../../arm-none-eabi/lib/thumb/v7-m/nofp\libc_nano.a(libc_a-mlock.o)
                0x08013474                __malloc_lock
 .text.__malloc_unlock
                0x08013480        0xc C:/ST/STM32CubeIDE_1.19.0/STM32CubeIDE/plugins/com.st.stm32cube.ide.mcu.externaltools.gnu-tools-for-stm32.13.3.rel1.win32_1.0.0.202411081344/tools/bin/../lib/gcc/arm-none-eabi/13.3.1/../../../../arm-none-eabi/lib/thumb/v7-m/nofp\libc_nano.a(libc_a-mlock.o)
                0x08013480                __malloc_unlock
 .text._Balloc  0x0801348c       0x80 C:/ST/STM32CubeIDE_1.19.0/STM32CubeIDE/plugins/com.st.stm32cube.ide.mcu.externaltools.gnu-tools-for-stm32.13.3.rel1.win32_1.0.0.202411081344/tools/bin/../lib/gcc/arm-none-eabi/13.3.1/../../../../arm-none-eabi/lib/thumb/v7-m/nofp\libc_nano.a(libc_a-mprec.o)
                0x0801348c                _Balloc
 .text._Bfree   0x0801350c       0x44 C:/ST/STM32CubeIDE_1.19.0/STM32CubeIDE/plugins/com.st.stm32cube.ide.mcu.externaltools.gnu-tools-for-stm32.13.3.rel1.win32_1.0.0.202411081344/tools/bin/../lib/gcc/arm-none-eabi/13.3.1/../../../../arm-none-eabi/lib/thumb/v7-m/nofp\libc_nano.a(libc_a-mprec.o)
                0x0801350c                _Bfree
 .text.__multadd
                0x08013550       0x8c C:/ST/STM32CubeIDE_1.19.0/STM32CubeIDE/plugins/com.st.stm32cube.ide.mcu.externaltools.gnu-tools-for-stm32.13.3.rel1.win32_1.0.0.202411081344/tools/bin/../lib/gcc/arm-none-eabi/13.3.1/../../../../arm-none-eabi/lib/thumb/v7-m/nofp\libc_nano.a(libc_a-mprec.o)
                0x08013550                __multadd
 .text.__hi0bits
                0x080135dc       0x3e C:/ST/STM32CubeIDE_1.19.0/STM32CubeIDE/plugins/com.st.stm32cube.ide.mcu.externaltools.gnu-tools-for-stm32.13.3.rel1.win32_1.0.0.202411081344/tools/bin/../lib/gcc/arm-none-eabi/13.3.1/../../../../arm-none-eabi/lib/thumb/v7-m/nofp\libc_nano.a(libc_a-mprec.o)
                0x080135dc                __hi0bits
 .text.__lo0bits
                0x0801361a       0x5a C:/ST/STM32CubeIDE_1.19.0/STM32CubeIDE/plugins/com.st.stm32cube.ide.mcu.externaltools.gnu-tools-for-stm32.13.3.rel1.win32_1.0.0.202411081344/tools/bin/../lib/gcc/arm-none-eabi/13.3.1/../../../../arm-none-eabi/lib/thumb/v7-m/nofp\libc_nano.a(libc_a-mprec.o)
                0x0801361a                __lo0bits
 .text.__i2b    0x08013674       0x2c C:/ST/STM32CubeIDE_1.19.0/STM32CubeIDE/plugins/com.st.stm32cube.ide.mcu.externaltools.gnu-tools-for-stm32.13.3.rel1.win32_1.0.0.202411081344/tools/bin/../lib/gcc/arm-none-eabi/13.3.1/../../../../arm-none-eabi/lib/thumb/v7-m/nofp\libc_nano.a(libc_a-mprec.o)
                0x08013674                __i2b
 .text.__multiply
                0x080136a0      0x144 C:/ST/STM32CubeIDE_1.19.0/STM32CubeIDE/plugins/com.st.stm32cube.ide.mcu.externaltools.gnu-tools-for-stm32.13.3.rel1.win32_1.0.0.202411081344/tools/bin/../lib/gcc/arm-none-eabi/13.3.1/../../../../arm-none-eabi/lib/thumb/v7-m/nofp\libc_nano.a(libc_a-mprec.o)
                0x080136a0                __multiply
 .text.__pow5mult
                0x080137e4       0xb4 C:/ST/STM32CubeIDE_1.19.0/STM32CubeIDE/plugins/com.st.stm32cube.ide.mcu.externaltools.gnu-tools-for-stm32.13.3.rel1.win32_1.0.0.202411081344/tools/bin/../lib/gcc/arm-none-eabi/13.3.1/../../../../arm-none-eabi/lib/thumb/v7-m/nofp\libc_nano.a(libc_a-mprec.o)
                0x080137e4                __pow5mult
 .text.__lshift
                0x08013898       0xd8 C:/ST/STM32CubeIDE_1.19.0/STM32CubeIDE/plugins/com.st.stm32cube.ide.mcu.externaltools.gnu-tools-for-stm32.13.3.rel1.win32_1.0.0.202411081344/tools/bin/../lib/gcc/arm-none-eabi/13.3.1/../../../../arm-none-eabi/lib/thumb/v7-m/nofp\libc_nano.a(libc_a-mprec.o)
                0x08013898                __lshift
 .text.__mcmp   0x08013970       0x36 C:/ST/STM32CubeIDE_1.19.0/STM32CubeIDE/plugins/com.st.stm32cube.ide.mcu.externaltools.gnu-tools-for-stm32.13.3.rel1.win32_1.0.0.202411081344/tools/bin/../lib/gcc/arm-none-eabi/13.3.1/../../../../arm-none-eabi/lib/thumb/v7-m/nofp\libc_nano.a(libc_a-mprec.o)
                0x08013970                __mcmp
 *fill*         0x080139a6        0x2 
 .text.__mdiff  0x080139a8      0x128 C:/ST/STM32CubeIDE_1.19.0/STM32CubeIDE/plugins/com.st.stm32cube.ide.mcu.externaltools.gnu-tools-for-stm32.13.3.rel1.win32_1.0.0.202411081344/tools/bin/../lib/gcc/arm-none-eabi/13.3.1/../../../../arm-none-eabi/lib/thumb/v7-m/nofp\libc_nano.a(libc_a-mprec.o)
                0x080139a8                __mdiff
 .text.__d2b    0x08013ad0       0xb0 C:/ST/STM32CubeIDE_1.19.0/STM32CubeIDE/plugins/com.st.stm32cube.ide.mcu.externaltools.gnu-tools-for-stm32.13.3.rel1.win32_1.0.0.202411081344/tools/bin/../lib/gcc/arm-none-eabi/13.3.1/../../../../arm-none-eabi/lib/thumb/v7-m/nofp\libc_nano.a(libc_a-mprec.o)
                0x08013ad0                __d2b
 .text.__ssputs_r
                0x08013b80       0xb6 C:/ST/STM32CubeIDE_1.19.0/STM32CubeIDE/plugins/com.st.stm32cube.ide.mcu.externaltools.gnu-tools-for-stm32.13.3.rel1.win32_1.0.0.202411081344/tools/bin/../lib/gcc/arm-none-eabi/13.3.1/../../../../arm-none-eabi/lib/thumb/v7-m/nofp\libc_nano.a(libc_a-nano-svfprintf.o)
                0x08013b80                __ssputs_r
 *fill*         0x08013c36        0x2 
 .text._svfprintf_r
                0x08013c38      0x1f8 C:/ST/STM32CubeIDE_1.19.0/STM32CubeIDE/plugins/com.st.stm32cube.ide.mcu.externaltools.gnu-tools-for-stm32.13.3.rel1.win32_1.0.0.202411081344/tools/bin/../lib/gcc/arm-none-eabi/13.3.1/../../../../arm-none-eabi/lib/thumb/v7-m/nofp\libc_nano.a(libc_a-nano-svfprintf.o)
                0x08013c38                _svfiprintf_r
                0x08013c38                _svfprintf_r
 .text.__sflush_r
                0x08013e30      0x100 C:/ST/STM32CubeIDE_1.19.0/STM32CubeIDE/plugins/com.st.stm32cube.ide.mcu.externaltools.gnu-tools-for-stm32.13.3.rel1.win32_1.0.0.202411081344/tools/bin/../lib/gcc/arm-none-eabi/13.3.1/../../../../arm-none-eabi/lib/thumb/v7-m/nofp\libc_nano.a(libc_a-fflush.o)
                0x08013e30                __sflush_r
 .text._fflush_r
                0x08013f30       0x50 C:/ST/STM32CubeIDE_1.19.0/STM32CubeIDE/plugins/com.st.stm32cube.ide.mcu.externaltools.gnu-tools-for-stm32.13.3.rel1.win32_1.0.0.202411081344/tools/bin/../lib/gcc/arm-none-eabi/13.3.1/../../../../arm-none-eabi/lib/thumb/v7-m/nofp\libc_nano.a(libc_a-fflush.o)
                0x08013f30                _fflush_r
 .text.__swhatbuf_r
                0x08013f80       0x4a C:/ST/STM32CubeIDE_1.19.0/STM32CubeIDE/plugins/com.st.stm32cube.ide.mcu.externaltools.gnu-tools-for-stm32.13.3.rel1.win32_1.0.0.202411081344/tools/bin/../lib/gcc/arm-none-eabi/13.3.1/../../../../arm-none-eabi/lib/thumb/v7-m/nofp\libc_nano.a(libc_a-makebuf.o)
                0x08013f80                __swhatbuf_r
 .text.__smakebuf_r
                0x08013fca       0x78 C:/ST/STM32CubeIDE_1.19.0/STM32CubeIDE/plugins/com.st.stm32cube.ide.mcu.externaltools.gnu-tools-for-stm32.13.3.rel1.win32_1.0.0.202411081344/tools/bin/../lib/gcc/arm-none-eabi/13.3.1/../../../../arm-none-eabi/lib/thumb/v7-m/nofp\libc_nano.a(libc_a-makebuf.o)
                0x08013fca                __smakebuf_r
 *fill*         0x08014042        0x2 
 .text._fstat_r
                0x08014044       0x24 C:/ST/STM32CubeIDE_1.19.0/STM32CubeIDE/plugins/com.st.stm32cube.ide.mcu.externaltools.gnu-tools-for-stm32.13.3.rel1.win32_1.0.0.202411081344/tools/bin/../lib/gcc/arm-none-eabi/13.3.1/../../../../arm-none-eabi/lib/thumb/v7-m/nofp\libc_nano.a(libc_a-fstatr.o)
                0x08014044                _fstat_r
 .text._isatty_r