Archive member included to satisfy reference by file (symbol)

C:/ST/STM32CubeIDE_1.19.0/STM32CubeIDE/plugins/com.st.stm32cube.ide.mcu.externaltools.gnu-tools-for-stm32.13.3.rel1.win32_1.0.0.202411081344/tools/bin/../lib/gcc/arm-none-eabi/13.3.1/../../../../arm-none-eabi/lib/thumb/v7-m/nofp\libc_nano.a(libc_a-atoi.o)
                              ./Core/Src/uart_commands.o (atoi)
C:/ST/STM32CubeIDE_1.19.0/STM32CubeIDE/plugins/com.st.stm32cube.ide.mcu.externaltools.gnu-tools-for-stm32.13.3.rel1.win32_1.0.0.202411081344/tools/bin/../lib/gcc/arm-none-eabi/13.3.1/../../../../arm-none-eabi/lib/thumb/v7-m/nofp\libc_nano.a(libc_a-exit.o)
                              C:/ST/STM32CubeIDE_1.19.0/STM32CubeIDE/plugins/com.st.stm32cube.ide.mcu.externaltools.gnu-tools-for-stm32.13.3.rel1.win32_1.0.0.202411081344/tools/bin/../lib/gcc/arm-none-eabi/13.3.1/../../../../arm-none-eabi/lib/thumb/v7-m/nofp/crt0.o (exit)
C:/ST/STM32CubeIDE_1.19.0/STM32CubeIDE/plugins/com.st.stm32cube.ide.mcu.externaltools.gnu-tools-for-stm32.13.3.rel1.win32_1.0.0.202411081344/tools/bin/../lib/gcc/arm-none-eabi/13.3.1/../../../../arm-none-eabi/lib/thumb/v7-m/nofp\libc_nano.a(libc_a-strtol.o)
                              C:/ST/STM32CubeIDE_1.19.0/STM32CubeIDE/plugins/com.st.stm32cube.ide.mcu.externaltools.gnu-tools-for-stm32.13.3.rel1.win32_1.0.0.202411081344/tools/bin/../lib/gcc/arm-none-eabi/13.3.1/../../../../arm-none-eabi/lib/thumb/v7-m/nofp\libc_nano.a(libc_a-atoi.o) (_strtol_r)
C:/ST/STM32CubeIDE_1.19.0/STM32CubeIDE/plugins/com.st.stm32cube.ide.mcu.externaltools.gnu-tools-for-stm32.13.3.rel1.win32_1.0.0.202411081344/tools/bin/../lib/gcc/arm-none-eabi/13.3.1/../../../../arm-none-eabi/lib/thumb/v7-m/nofp\libc_nano.a(libc_a-ctype_.o)
                              C:/ST/STM32CubeIDE_1.19.0/STM32CubeIDE/plugins/com.st.stm32cube.ide.mcu.externaltools.gnu-tools-for-stm32.13.3.rel1.win32_1.0.0.202411081344/tools/bin/../lib/gcc/arm-none-eabi/13.3.1/../../../../arm-none-eabi/lib/thumb/v7-m/nofp\libc_nano.a(libc_a-strtol.o) (_ctype_)
C:/ST/STM32CubeIDE_1.19.0/STM32CubeIDE/plugins/com.st.stm32cube.ide.mcu.externaltools.gnu-tools-for-stm32.13.3.rel1.win32_1.0.0.202411081344/tools/bin/../lib/gcc/arm-none-eabi/13.3.1/../../../../arm-none-eabi/lib/thumb/v7-m/nofp\libc_nano.a(libc_a-nano-vfprintf_float.o)
                              (_printf_float)
C:/ST/STM32CubeIDE_1.19.0/STM32CubeIDE/plugins/com.st.stm32cube.ide.mcu.externaltools.gnu-tools-for-stm32.13.3.rel1.win32_1.0.0.202411081344/tools/bin/../lib/gcc/arm-none-eabi/13.3.1/../../../../arm-none-eabi/lib/thumb/v7-m/nofp\libc_nano.a(libc_a-nano-vfprintf_i.o)
                              C:/ST/STM32CubeIDE_1.19.0/STM32CubeIDE/plugins/com.st.stm32cube.ide.mcu.externaltools.gnu-tools-for-stm32.13.3.rel1.win32_1.0.0.202411081344/tools/bin/../lib/gcc/arm-none-eabi/13.3.1/../../../../arm-none-eabi/lib/thumb/v7-m/nofp\libc_nano.a(libc_a-nano-vfprintf_float.o) (_printf_common)
C:/ST/STM32CubeIDE_1.19.0/STM32CubeIDE/plugins/com.st.stm32cube.ide.mcu.externaltools.gnu-tools-for-stm32.13.3.rel1.win32_1.0.0.202411081344/tools/bin/../lib/gcc/arm-none-eabi/13.3.1/../../../../arm-none-eabi/lib/thumb/v7-m/nofp\libc_nano.a(libc_a-findfp.o)
                              C:/ST/STM32CubeIDE_1.19.0/STM32CubeIDE/plugins/com.st.stm32cube.ide.mcu.externaltools.gnu-tools-for-stm32.13.3.rel1.win32_1.0.0.202411081344/tools/bin/../lib/gcc/arm-none-eabi/13.3.1/../../../../arm-none-eabi/lib/thumb/v7-m/nofp\libc_nano.a(libc_a-exit.o) (__stdio_exit_handler)
C:/ST/STM32CubeIDE_1.19.0/STM32CubeIDE/plugins/com.st.stm32cube.ide.mcu.externaltools.gnu-tools-for-stm32.13.3.rel1.win32_1.0.0.202411081344/tools/bin/../lib/gcc/arm-none-eabi/13.3.1/../../../../arm-none-eabi/lib/thumb/v7-m/nofp\libc_nano.a(libc_a-fwalk.o)
                              C:/ST/STM32CubeIDE_1.19.0/STM32CubeIDE/plugins/com.st.stm32cube.ide.mcu.externaltools.gnu-tools-for-stm32.13.3.rel1.win32_1.0.0.202411081344/tools/bin/../lib/gcc/arm-none-eabi/13.3.1/../../../../arm-none-eabi/lib/thumb/v7-m/nofp\libc_nano.a(libc_a-findfp.o) (_fwalk_sglue)
C:/ST/STM32CubeIDE_1.19.0/STM32CubeIDE/plugins/com.st.stm32cube.ide.mcu.externaltools.gnu-tools-for-stm32.13.3.rel1.win32_1.0.0.202411081344/tools/bin/../lib/gcc/arm-none-eabi/13.3.1/../../../../arm-none-eabi/lib/thumb/v7-m/nofp\libc_nano.a(libc_a-puts.o)
                              ./Core/Src/rtc_i2c.o (puts)
C:/ST/STM32CubeIDE_1.19.0/STM32CubeIDE/plugins/com.st.stm32cube.ide.mcu.externaltools.gnu-tools-for-stm32.13.3.rel1.win32_1.0.0.202411081344/tools/bin/../lib/gcc/arm-none-eabi/13.3.1/../../../../arm-none-eabi/lib/thumb/v7-m/nofp\libc_nano.a(libc_a-snprintf.o)
                              ./Core/Src/adc.o (snprintf)
C:/ST/STM32CubeIDE_1.19.0/STM32CubeIDE/plugins/com.st.stm32cube.ide.mcu.externaltools.gnu-tools-for-stm32.13.3.rel1.win32_1.0.0.202411081344/tools/bin/../lib/gcc/arm-none-eabi/13.3.1/../../../../arm-none-eabi/lib/thumb/v7-m/nofp\libc_nano.a(libc_a-stdio.o)
[...]
Memory Configuration

Name             Origin             Length             Attributes
RAM              0x20000000         0x00005000         xrw
FLASH            0x08000000         0x00020000         xr
*default*        0x00000000         0xffffffff

Linker script and memory map

LOAD C:/ST/STM32CubeIDE_1.19.0/STM32CubeIDE/plugins/com.st.stm32cube.ide.mcu.externaltools.gnu-tools-for-stm32.13.3.rel1.win32_1.0.0.202411081344/tools/bin/../lib/gcc/arm-none-eabi/13.3.1/thumb/v7-m/nofp/crti.o
LOAD C:/ST/STM32CubeIDE_1.19.0/STM32CubeIDE/plugins/com.st.stm32cube.ide.mcu.externaltools.gnu-tools-for-stm32.13.3.rel1.win32_1.0.0.202411081344/tools/bin/../lib/gcc/arm-none-eabi/13.3.1/thumb/v7-m/nofp/crtbegin.o
LOAD C:/ST/STM32CubeIDE_1.19.0/STM32CubeIDE/plugins/com.st.stm32cube.ide.mcu.externaltools.gnu-tools-for-stm32.13.3.rel1.win32_1.0.0.202411081344/tools/bin/../lib/gcc/arm-none-eabi/13.3.1/../../../../arm-none-eabi/lib/thumb/v7-m/nofp/crt0.o
LOAD ./Core/Src/acs712.o
LOAD ./Core/Src/adc.o
LOAD ./Core/Src/eeprom_i2c.o
LOAD ./Core/Src/global.o
LOAD ./Core/Src/lcd_i2c.o
LOAD ./Core/Src/led.o
LOAD ./Core/Src/lora.o
LOAD ./Core/Src/main.o
LOAD ./Core/Src/model_handle.o
LOAD ./Core/Src/relay.o
LOAD ./Core/Src/rf.o
LOAD ./Core/Src/rtc_i2c.o
LOAD ./Core/Src/screen.o
LOAD ./Core/Src/stm32f1xx_hal_msp.o
LOAD ./Core/Src/stm32f1xx_it.o
LOAD ./Core/Src/switches.o
LOAD ./Core/Src/syscalls.o
LOAD ./Core/Src/sysmem.o
LOAD ./Core/Src/system_stm32f1xx.o
LOAD ./Core/Src/uart.o
LOAD ./Core/Src/uart_commands.o
LOAD ./Core/Startup/startup_stm32f103c8tx.o
LOAD ./Drivers/STM32F1xx_HAL_Driver/Src/stm32f1xx_hal.o
LOAD ./Drivers/STM32F1xx_HAL_Driver/Src/stm32f1xx_hal_adc.o
LOAD ./Drivers/STM32F1xx_HAL_Driver/Src/stm32f1xx_hal_adc_ex.o
LOAD ./Drivers/STM32F1xx_HAL_Driver/Src/stm32f1xx_hal_cortex.o
LOAD ./Drivers/STM32F1xx_HAL_Driver/Src/stm32f1xx_hal_dma.o
LOAD ./Drivers/STM32F1xx_HAL_Driver/Src/stm32f1xx_hal_exti.o
LOAD ./Drivers/STM32F1xx_HAL_Driver/Src/stm32f1xx_hal_flash.o
LOAD ./Drivers/STM32F1xx_HAL_Driver/Src/stm32f1xx_hal_flash_ex.o
LOAD ./Drivers/STM32F1xx_HAL_Driver/Src/stm32f1xx_hal_gpio.o
LOAD ./Drivers/STM32F1xx_HAL_Driver/Src/stm32f1xx_hal_gpio_ex.o
LOAD ./Drivers/STM32F1xx_HAL_Driver/Src/stm32f1xx_hal_i2c.o
LOAD ./Drivers/STM32F1xx_HAL_Driver/Src/stm32f1xx_hal_pwr.o
LOAD ./Drivers/STM32F1xx_HAL_Driver/Src/stm32f1xx_hal_rcc.o
LOAD ./Drivers/STM32F1xx_HAL_Driver/Src/stm32f1xx_hal_rcc_ex.o
LOAD ./Drivers/STM32F1xx_HAL_Driver/Src/stm32f1xx_hal_rtc.o
LOAD ./Drivers/STM32F1xx_HAL_Driver/Src/stm32f1xx_hal_rtc_ex.o
LOAD ./Drivers/STM32F1xx_HAL_Driver/Src/stm32f1xx_hal_spi.o
LOAD ./Drivers/STM32F1xx_HAL_Driver/Src/stm32f1xx_hal_tim.o
LOAD ./Drivers/STM32F1xx_HAL_Driver/Src/stm32f1xx_hal_tim_ex.o
LOAD ./Drivers/STM32F1xx_HAL_Driver/Src/stm32f1xx_hal_uart.o
START GROUP
LOAD C:/ST/STM32CubeIDE_1.19.0/STM32CubeIDE/plugins/com.st.stm32cube.ide.mcu.externaltools.gnu-tools-for-stm32.13.3.rel1.win32_1.0.0.202411081344/tools/bin/../lib/gcc/arm-none-eabi/13.3.1/../../../../arm-none-eabi/lib/thumb/v7-m/nofp\libc_nano.a
LOAD C:/ST/STM32CubeIDE_1.19.0/STM32CubeIDE/plugins/com.st.stm32cube.ide.mcu.externaltools.gnu-tools-for-stm32.13.3.rel1.win32_1.0.0.202411081344/tools/bin/../lib/gcc/arm-none-eabi/13.3.1/../../../../arm-none-eabi/lib/thumb/v7-m/nofp\libm.a
END GROUP
START GROUP
LOAD C:/ST/STM32CubeIDE_1.19.0/STM32CubeIDE/plugins/com.st.stm32cube.ide.mcu.externaltools.gnu-tools-for-stm32.13.3.rel1.win32_1.0.0.202411081344/tools/bin/../lib/gcc/arm-none-eabi/13.3.1/thumb/v7-m/nofp\libgcc.a
LOAD C:/ST/STM32CubeIDE_1.19.0/STM32CubeIDE/plugins/com.st.stm32cube.ide.mcu.externaltools.gnu-tools-for-stm32.13.3.rel1.win32_1.0.0.202411081344/tools/bin/../lib/gcc/arm-none-eabi/13.3.1/../../../../arm-none-eabi/lib/thumb/v7-m/nofp\libc_nano.a
END GROUP
START GROUP
LOAD C:/ST/STM32CubeIDE_1.19.0/STM32CubeIDE/plugins/com.st.stm32cube.ide.mcu.externaltools.gnu-tools-for-stm32.13.3.rel1.win32_1.0.0.202411081344/tools/bin/../lib/gcc/arm-none-eabi/13.3.1/thumb/v7-m/nofp\libgcc.a
LOAD C:/ST/STM32CubeIDE_1.19.0/STM32CubeIDE/plugins/com.st.stm32cube.ide.mcu.externaltools.gnu-tools-for-stm32.13.3.rel1.win32_1.0.0.202411081344/tools/bin/../lib/gcc/arm-none-eabi/13.3.1/../../../../arm-none-eabi/lib/thumb/v7-m/nofp\libc_nano.a
LOAD C:/ST/STM32CubeIDE_1.19.0/STM32CubeIDE/plugins/com.st.stm32cube.ide.mcu.externaltools.gnu-tools-for-stm32.13.3.rel1.win32_1.0.0.202411081344/tools/bin/../lib/gcc/arm-none-eabi/13.3.1/../../../../arm-none-eabi/lib/thumb/v7-m/nofp\libnosys.a
END GROUP
START GROUP
LOAD C:/ST/STM32CubeIDE_1.19.0/STM32CubeIDE/plugins/com.st.stm32cube.ide.mcu.externaltools.gnu-tools-for-stm32.13.3.rel1.win32_1.0.0.202411081344/tools/bin/../lib/gcc/arm-none-eabi/13.3.1/thumb/v7-m/nofp\libgcc.a
LOAD C:/ST/STM32CubeIDE_1.19.0/STM32CubeIDE/plugins/com.st.stm32cube.ide.mcu.externaltools.gnu-tools-for-stm32.13.3.rel1.win32_1.0.0.202411081344/tools/bin/../lib/gcc/arm-none-eabi/13.3.1/../../../../arm-none-eabi/lib/thumb/v7-m/nofp\libc_nano.a
LOAD C:/ST/STM32CubeIDE_1.19.0/STM32CubeIDE/plugins/com.st.stm32cube.ide.mcu.externaltools.gnu-tools-for-stm32.13.3.rel1.win32_1.0.0.202411081344/tools/bin/../lib/gcc/arm-none-eabi/13.3.1/../../../../arm-none-eabi/lib/thumb/v7-m/nofp\libnosys.a
END GROUP
LOAD C:/ST/STM32CubeIDE_1.19.0/STM32CubeIDE/plugins/com.st.stm32cube.ide.mcu.externaltools.gnu-tools-for-stm32.13.3.rel1.win32_1.0.0.202411081344/tools/bin/../lib/gcc/arm-none-eabi/13.3.1/thumb/v7-m/nofp/crtend.o
LOAD C:/ST/STM32CubeIDE_1.19.0/STM32CubeIDE/plugins/com.st.stm32cube.ide.mcu.externaltools.gnu-tools-for-stm32.13.3.rel1.win32_1.0.0.202411081344/tools/bin/../lib/gcc/arm-none-eabi/13.3.1/thumb/v7-m/nofp/crtn.o
                0x20005000                        _estack = (ORIGIN (RAM) + LENGTH (RAM))
                0x00000200                        _Min_Heap_Size = 0x200
                0x00000400                        _Min_Stack_Size = 0x400

.isr_vector     0x08000000      0x10c
                0x08000000                        . = ALIGN (0x4)
 *(.isr_vector)
 .isr_vector    0x08000000      0x10c ./Core/Startup/startup_stm32f103c8tx.o
                0x08000000                g_pfnVectors
                0x0800010c                        . = ALIGN (0x4)

.text           0x08000110     0xf850
                0x08000110                        . = ALIGN (0x4)
 *(.text)
 .text          0x08000110       0x40 C:/ST/STM32CubeIDE_1.19.0/STM32CubeIDE/plugins/com.st.stm32cube.ide.mcu.externaltools.gnu-tools-for-stm32.13.3.rel1.win32_1.0.0.202411081344/tools/bin/../lib/gcc/arm-none-eabi/13.3.1/thumb/v7-m/nofp/crtbegin.o
 .text          0x08000150       0x14 C:/ST/STM32CubeIDE_1.19.0/STM32CubeIDE/plugins/com.st.stm32cube.ide.mcu.externaltools.gnu-tools-for-stm32.13.3.rel1.win32_1.0.0.202411081344/tools/bin/../lib/gcc/arm-none-eabi/13.3.1/../../../../arm-none-eabi/lib/thumb/v7-m/nofp\libc_nano.a(libc_a-strcmp.o)
                0x08000150                strcmp
 .text          0x08000164       0x10 C:/ST/STM32CubeIDE_1.19.0/STM32CubeIDE/plugins/com.st.stm32cube.ide.mcu.externaltools.gnu-tools-for-stm32.13.3.rel1.win32_1.0.0.202411081344/tools/bin/../lib/gcc/arm-none-eabi/13.3.1/../../../../arm-none-eabi/lib/thumb/v7-m/nofp\libc_nano.a(libc_a-strlen.o)
                0x08000164                strlen
 .text          0x08000174      0x378 C:/ST/STM32CubeIDE_1.19.0/STM32CubeIDE/plugins/com.st.stm32cube.ide.mcu.externaltools.gnu-tools-for-stm32.13.3.rel1.win32_1.0.0.202411081344/tools/bin/../lib/gcc/arm-none-eabi/13.3.1/thumb/v7-m/nofp\libgcc.a(_arm_addsubdf3.o)
                0x08000174                __aeabi_drsub
                0x0800017c                __aeabi_dsub
                0x0800017c                __subdf3
                0x08000180                __aeabi_dadd
                0x08000180                __adddf3
                0x080003f8                __floatunsidf
                0x080003f8                __aeabi_ui2d
                0x08000418                __floatsidf
                0x08000418                __aeabi_i2d
                0x0800043c                __aeabi_f2d
                0x0800043c                __extendsfdf2
                0x08000480                __floatundidf
                0x08000480                __aeabi_ul2d
                0x08000490                __floatdidf
                0x08000490                __aeabi_l2d
 .text          0x080004ec      0x424 C:/ST/STM32CubeIDE_1.19.0/STM32CubeIDE/plugins/com.st.stm32cube.ide.mcu.externaltools.gnu-tools-for-stm32.13.3.rel1.win32_1.0.0.202411081344/tools/bin/../lib/gcc/arm-none-eabi/13.3.1/thumb/v7-m/nofp\libgcc.a(_arm_muldivdf3.o)
                0x080004ec                __aeabi_dmul
                0x080004ec                __muldf3
                0x08000740                __divdf3
                0x08000740                __aeabi_ddiv
 .text          0x08000910      0x110 C:/ST/STM32CubeIDE_1.19.0/STM32CubeIDE/plugins/com.st.stm32cube.ide.mcu.externaltools.gnu-tools-for-stm32.13.3.rel1.win32_1.0.0.202411081344/tools/bin/../lib/gcc/arm-none-eabi/13.3.1/thumb/v7-m/nofp\libgcc.a(_arm_cmpdf2.o)
                0x08000910                __gtdf2
                0x08000910                __gedf2
                0x08000918                __ltdf2
                0x08000918                __ledf2
                0x08000920                __nedf2
                0x08000920                __eqdf2
                0x08000920                __cmpdf2
                0x0800099c                __aeabi_cdrcmple
                0x080009ac                __aeabi_cdcmpeq
                0x080009ac                __aeabi_cdcmple
                0x080009bc                __aeabi_dcmpeq
                0x080009d0                __aeabi_dcmplt
                0x080009e4                __aeabi_dcmple
                0x080009f8                __aeabi_dcmpge
                0x08000a0c                __aeabi_dcmpgt
 .text          0x08000a20       0x2c C:/ST/STM32CubeIDE_1.19.0/STM32CubeIDE/plugins/com.st.stm32cube.ide.mcu.externaltools.gnu-tools-for-stm32.13.3.rel1.win32_1.0.0.202411081344/tools/bin/../lib/gcc/arm-none-eabi/13.3.1/thumb/v7-m/nofp\libgcc.a(_arm_unorddf2.o)
                0x08000a20                __unorddf2
                0x08000a20                __aeabi_dcmpun
 .text          0x08000a4c       0x50 C:/ST/STM32CubeIDE_1.19.0/STM32CubeIDE/plugins/com.st.stm32cube.ide.mcu.externaltools.gnu-tools-for-stm32.13.3.rel1.win32_1.0.0.202411081344/tools/bin/../lib/gcc/arm-none-eabi/13.3.1/thumb/v7-m/nofp\libgcc.a(_arm_fixdfsi.o)
                0x08000a4c                __aeabi_d2iz
                0x08000a4c                __fixdfsi
 .text          0x08000a9c      0x21c C:/ST/STM32CubeIDE_1.19.0/STM32CubeIDE/plugins/com.st.stm32cube.ide.mcu.externaltools.gnu-tools-for-stm32.13.3.rel1.win32_1.0.0.202411081344/tools/bin/../lib/gcc/arm-none-eabi/13.3.1/thumb/v7-m/nofp\libgcc.a(_arm_addsubsf3.o)
                0x08000a9c                __aeabi_frsub
                0x08000aa4                __subsf3
                0x08000aa4                __aeabi_fsub
                0x08000aa8                __aeabi_fadd
                0x08000aa8                __addsf3
                0x08000c08                __aeabi_ui2f
                0x08000c08                __floatunsisf
                0x08000c10                __aeabi_i2f
                0x08000c10                __floatsisf
                0x08000c2c                __aeabi_ul2f
                0x08000c2c                __floatundisf
                0x08000c3c                __aeabi_l2f
                0x08000c3c                __floatdisf
 .text          0x08000cb8      0x2a0 C:/ST/STM32CubeIDE_1.19.0/STM32CubeIDE/plugins/com.st.stm32cube.ide.mcu.externaltools.gnu-tools-for-stm32.13.3.rel1.win32_1.0.0.202411081344/tools/bin/../lib/gcc/arm-none-eabi/13.3.1/thumb/v7-m/nofp\libgcc.a(_arm_muldivsf3.o)
                0x08000cb8                __mulsf3
                0x08000cb8                __aeabi_fmul
                0x08000e20                __aeabi_fdiv
                0x08000e20                __divsf3
 .text          0x08000f58       0xec C:/ST/STM32CubeIDE_1.19.0/STM32CubeIDE/plugins/com.st.stm32cube.ide.mcu.externaltools.gnu-tools-for-stm32.13.3.rel1.win32_1.0.0.202411081344/tools/bin/../lib/gcc/arm-none-eabi/13.3.1/thumb/v7-m/nofp\libgcc.a(_arm_cmpsf2.o)
                0x08000f58                __gesf2
                0x08000f58                __gtsf2
                0x08000f60                __lesf2
                0x08000f60                __ltsf2
                0x08000f68                __nesf2
                0x08000f68                __eqsf2
                0x08000f68                __cmpsf2
                0x08000fc8                __aeabi_cfrcmple
                0x08000fd0                __aeabi_cfcmpeq
                0x08000fd0                __aeabi_cfcmple
                0x08000fe0                __aeabi_fcmpeq
                0x08000ff4                __aeabi_fcmplt
                0x08001008                __aeabi_fcmple
                0x0800101c                __aeabi_fcmpge
                0x08001030                __aeabi_fcmpgt
 .text          0x08001044       0x2c C:/ST/STM32CubeIDE_1.19.0/STM32CubeIDE/plugins/com.st.stm32cube.ide.mcu.externaltools.gnu-tools-for-stm32.13.3.rel1.win32_1.0.0.202411081344/tools/bin/../lib/gcc/arm-none-eabi/13.3.1/thumb/v7-m/nofp\libgcc.a(_arm_unordsf2.o)
                0x08001044                __unordsf2
                0x08001044                __aeabi_fcmpun
 .text          0x08001070       0x40 C:/ST/STM32CubeIDE_1.19.0/STM32CubeIDE/plugins/com.st.stm32cube.ide.mcu.externaltools.gnu-tools-for-stm32.13.3.rel1.win32_1.0.0.202411081344/tools/bin/../lib/gcc/arm-none-eabi/13.3.1/thumb/v7-m/nofp\libgcc.a(_arm_fixunssfsi.o)
                0x08001070                __fixunssfsi
                0x08001070                __aeabi_f2uiz
 .text          0x080010b0       0x30 C:/ST/STM32CubeIDE_1.19.0/STM32CubeIDE/plugins/com.st.stm32cube.ide.mcu.externaltools.gnu-tools-for-stm32.13.3.rel1.win32_1.0.0.202411081344/tools/bin/../lib/gcc/arm-none-eabi/13.3.1/thumb/v7-m/nofp\libgcc.a(_aeabi_uldivmod.o)
                0x080010b0                __aeabi_uldivmod
 .text          0x080010e0      0x300 C:/ST/STM32CubeIDE_1.19.0/STM32CubeIDE/plugins/com.st.stm32cube.ide.mcu.externaltools.gnu-tools-for-stm32.13.3.rel1.win32_1.0.0.202411081344/tools/bin/../lib/gcc/arm-none-eabi/13.3.1/thumb/v7-m/nofp\libgcc.a(_udivmoddi4.o)
                0x080010e0                __udivmoddi4
 .text          0x080013e0        0x4 C:/ST/STM32CubeIDE_1.19.0/STM32CubeIDE/plugins/com.st.stm32cube.ide.mcu.externaltools.gnu-tools-for-stm32.13.3.rel1.win32_1.0.0.202411081344/tools/bin/../lib/gcc/arm-none-eabi/13.3.1/thumb/v7-m/nofp\libgcc.a(_dvmd_tls.o)
                0x080013e0                __aeabi_idiv0
                0x080013e0                __aeabi_ldiv0
 *(.text*)
 .text.adc_read
                0x080013e4       0x94 ./Core/Src/acs712.o
 .text.zmpt_calibrate_offset
                0x08001478       0x54 ./Core/Src/acs712.o
 .text.acs_calibrate_offset
                0x080014cc       0x54 ./Core/Src/acs712.o
 .text.ACS712_Init
                0x08001520       0x2c ./Core/Src/acs712.o
                0x08001520                ACS712_Init
 .text.ZMPT_ReadVoltageRMS
                0x0800154c      0x124 ./Core/Src/acs712.o
                0x0800154c                ZMPT_ReadVoltageRMS
 .text.ACS712_ReadCurrent
                0x08001670       0x80 ./Core/Src/acs712.o
                0x08001670                ACS712_ReadCurrent
 .text.ACS712_Update
                0x080016f0       0x10 ./Core/Src/acs712.o
                0x080016f0                ACS712_Update
 .text.readChannelVoltage
                0x08001700       0xa0 ./Core/Src/adc.o
 .text.ADC_Init
                0x080017a0       0x20 ./Core/Src/adc.o
                0x080017a0                ADC_Init
 .text.ADC_ReadAllChannels
                0x080017c0      0x3f8 ./Core/Src/adc.o
                0x080017c0                ADC_ReadAllChannels
 .text.EEPROM_WriteBuffer
                0x08001bb8       0x38 ./Core/Src/eeprom_i2c.o
                0x08001bb8                EEPROM_WriteBuffer
 .text.EEPROM_ReadBuffer
                0x08001bf0       0x38 ./Core/Src/eeprom_i2c.o
                0x08001bf0                EEPROM_ReadBuffer
 .text.lcd_i2c_write
                0x08001c28       0x28 ./Core/Src/lcd_i2c.o
 .text.lcd_pulse_enable
                0x08001c50       0x3a ./Core/Src/lcd_i2c.o
 *fill*         0x08001c8a        0x2 
 .text.lcd_write4
                0x08001c8c       0x4c ./Core/Src/lcd_i2c.o
 .text.lcd_send_cmd
                0x08001cd8       0x36 ./Core/Src/lcd_i2c.o
                0x08001cd8                lcd_send_cmd
 .text.lcd_send_data
                0x08001d0e       0x30 ./Core/Src/lcd_i2c.o
                0x08001d0e                lcd_send_data
 *fill*         0x08001d3e        0x2 
 .text.lcd_backlight_on
                0x08001d40       0x1c ./Core/Src/lcd_i2c.o
                0x08001d40                lcd_backlight_on
 .text.lcd_clear
                0x08001d5c       0x14 ./Core/Src/lcd_i2c.o
                0x08001d5c                lcd_clear
 .text.lcd_put_cur
                0x08001d70       0x34 ./Core/Src/lcd_i2c.o
                0x08001d70                lcd_put_cur
 .text.lcd_send_string
                0x08001da4       0x2a ./Core/Src/lcd_i2c.o
                0x08001da4                lcd_send_string
 .text.lcd_init
                0x08001dce       0x68 ./Core/Src/lcd_i2c.o
                0x08001dce                lcd_init
 .text.now_ms   0x08001e36        0xe ./Core/Src/led.o
 .text.led_write
                0x08001e44       0x38 ./Core/Src/led.o
 .text.led_on   0x08001e7c       0x1c ./Core/Src/led.o
 .text.led_off  0x08001e98       0x1c ./Core/Src/led.o
 .text.LED_Init
                0x08001eb4       0x6c ./Core/Src/led.o
                0x08001eb4                LED_Init
 .text.LED_Task
                0x08001f20       0xf8 ./Core/Src/led.o
                0x08001f20                LED_Task
 .text.LED_ClearAllIntents
                0x08002018       0x40 ./Core/Src/led.o
                0x08002018                LED_ClearAllIntents
 .text.LED_SetIntent
                0x08002058       0x40 ./Core/Src/led.o
                0x08002058                LED_SetIntent
 .text.LED_ApplyIntents
                0x08002098        0xc ./Core/Src/led.o
                0x08002098                LED_ApplyIntents
 .text.LoRa_WriteReg
                0x080020a4       0x58 ./Core/Src/lora.o
                0x080020a4                LoRa_WriteReg
 .text.LoRa_ReadReg
                0x080020fc       0x64 ./Core/Src/lora.o
                0x080020fc                LoRa_ReadReg
 .text.LoRa_WriteBuffer
                0x08002160       0x64 ./Core/Src/lora.o
                0x08002160                LoRa_WriteBuffer
 .text.LoRa_ReadBuffer
                0x080021c4       0x64 ./Core/Src/lora.o
                0x080021c4                LoRa_ReadBuffer
 .text.LoRa_Reset
                0x08002228       0x2c ./Core/Src/lora.o
                0x08002228                LoRa_Reset
 .text.LoRa_SetFrequency
                0x08002254       0x7c ./Core/Src/lora.o
                0x08002254                LoRa_SetFrequency
 .text.LoRa_Init
                0x080022d0       0x88 ./Core/Src/lora.o
                0x080022d0                LoRa_Init
 .text.LoRa_SetStandby
                0x08002358       0x16 ./Core/Src/lora.o
                0x08002358                LoRa_SetStandby
 .text.LoRa_SetRxContinuous
                0x0800236e       0x16 ./Core/Src/lora.o
                0x0800236e                LoRa_SetRxContinuous
 .text.LoRa_SetTx
                0x08002384       0x16 ./Core/Src/lora.o
                0x08002384                LoRa_SetTx
 .text.LoRa_SendPacket
                0x0800239a       0x82 ./Core/Src/lora.o
                0x0800239a                LoRa_SendPacket
 .text.LoRa_ReceivePacket
                0x0800241c       0x8a ./Core/Src/lora.o
                0x0800241c                LoRa_ReceivePacket
 *fill*         0x080024a6        0x2 
 .text.LoRa_Task
                0x080024a8      0x140 ./Core/Src/lora.o
                0x080024a8                LoRa_Task
 .text.Debug_Print
                0x080025e8       0x1c ./Core/Src/main.o
                0x080025e8                Debug_Print
 .text.main     0x08002604       0xd4 ./Core/Src/main.o
                0x08002604                main
 .text.SystemClock_Config
                0x080026d8       0xb8 ./Core/Src/main.o
                0x080026d8                SystemClock_Config
 .text.MX_ADC1_Init
                0x08002790      0x140 ./Core/Src/main.o
 .text.MX_I2C2_Init
                0x080028d0       0x5c ./Core/Src/main.o
 .text.MX_SPI1_Init
                0x0800292c       0x6c ./Core/Src/main.o
 .text.MX_TIM3_Init
                0x08002998       0x9c ./Core/Src/main.o
 .text.MX_USART1_UART_Init
                0x08002a34       0x54 ./Core/Src/main.o
 .text.MX_GPIO_Init
                0x08002a88       0xfc ./Core/Src/main.o
 .text.Error_Handler
                0x08002b84        0xc ./Core/Src/main.o
                0x08002b84                Error_Handler
 .text.ModelHandle_SaveSettingsToEEPROM
                0x08002b90       0x84 ./Core/Src/model_handle.o
                0x08002b90                ModelHandle_SaveSettingsToEEPROM
 .text.ModelHandle_LoadModeState
                0x08002c14       0x70 ./Core/Src/model_handle.o
                0x08002c14                ModelHandle_LoadModeState
 .text.ModelHandle_LoadSettingsFromEEPROM
                0x08002c84       0x90 ./Core/Src/model_handle.o
                0x08002c84                ModelHandle_LoadSettingsFromEEPROM
 .text.ModelHandle_SaveModeState
                0x08002d14       0x78 ./Core/Src/model_handle.o
                0x08002d14                ModelHandle_SaveModeState
 .text.now_ms   0x08002d8c        0xe ./Core/Src/model_handle.o
 *fill*         0x08002d9a        0x2 
 .text.ModelHandle_GetGapTime
                0x08002d9c       0x14 ./Core/Src/model_handle.o
                0x08002d9c                ModelHandle_GetGapTime
 .text.ModelHandle_GetRetryCount
                0x08002db0       0x14 ./Core/Src/model_handle.o
                0x08002db0                ModelHandle_GetRetryCount
 .text.ModelHandle_GetUnderVolt
                0x08002dc4       0x14 ./Core/Src/model_handle.o
                0x08002dc4                ModelHandle_GetUnderVolt
 .text.ModelHandle_GetOverVolt
                0x08002dd8       0x14 ./Core/Src/model_handle.o
                0x08002dd8                ModelHandle_GetOverVolt
 .text.ModelHandle_GetOverloadLimit
                0x08002dec       0x14 ./Core/Src/model_handle.o
                0x08002dec                ModelHandle_GetOverloadLimit
 .text.ModelHandle_GetUnderloadLimit
                0x08002e00       0x14 ./Core/Src/model_handle.o
                0x08002e00                ModelHandle_GetUnderloadLimit
 .text.ModelHandle_GetMaxRunTime
                0x08002e14       0x14 ./Core/Src/model_handle.o
                0x08002e14                ModelHandle_GetMaxRunTime
 .text.ModelHandle_SetUserSettings
                0x08002e28       0x58 ./Core/Src/model_handle.o
                0x08002e28                ModelHandle_SetUserSettings
 .text.ModelHandle_FactoryReset
                0x08002e80       0x5c ./Core/Src/model_handle.o
                0x08002e80                ModelHandle_FactoryReset
 .text.clear_all_modes
                0x08002edc       0x54 ./Core/Src/model_handle.o
 .text.motor_apply
                0x08002f30       0x3c ./Core/Src/model_handle.o
 .text.start_motor
                0x08002f6c        0xe ./Core/Src/model_handle.o
 .text.stop_motor
                0x08002f7a        0xe ./Core/Src/model_handle.o
 .text.Motor_GetStatus
                0x08002f88       0x20 ./Core/Src/model_handle.o
                0x08002f88                Motor_GetStatus
 .text.ModelHandle_SetMotor
                0x08002fa8       0x3c ./Core/Src/model_handle.o
                0x08002fa8                ModelHandle_SetMotor
 .text.reset    0x08002fe4       0x34 ./Core/Src/model_handle.o
                0x08002fe4                reset
 .text.ModelHandle_StopAllModesAndMotor
                0x08003018       0x50 ./Core/Src/model_handle.o
                0x08003018                ModelHandle_StopAllModesAndMotor
 .text.isTankFull
                0x08003068       0x94 ./Core/Src/model_handle.o
 .text.ModelHandle_CheckDryRun
                0x080030fc       0x6c ./Core/Src/model_handle.o
                0x080030fc                ModelHandle_CheckDryRun
 .text.ModelHandle_ToggleManual
                0x08003168       0x88 ./Core/Src/model_handle.o
                0x08003168                ModelHandle_ToggleManual
 .text.isAnyModeActive
                0x080031f0       0x6c ./Core/Src/model_handle.o
 .text.ModelHandle_SoftDryRunHandler
                0x0800325c      0x168 ./Core/Src/model_handle.o
                0x0800325c                ModelHandle_SoftDryRunHandler
 .text.ModelHandle_ProcessDryRun
                0x080033c4        0xc ./Core/Src/model_handle.o
                0x080033c4                ModelHandle_ProcessDryRun
 .text.get_today_mask
                0x080033d0       0x38 ./Core/Src/model_handle.o
 .text.slot_is_active_now
                0x08003408       0xc4 ./Core/Src/model_handle.o
 .text.timer_any_active_slot
                0x080034cc       0x44 ./Core/Src/model_handle.o
 .text.ModelHandle_StartTimerNearestSlot
                0x08003510       0xe8 ./Core/Src/model_handle.o
                0x08003510                ModelHandle_StartTimerNearestSlot
 .text.ModelHandle_ProcessTimerSlots
                0x080035f8       0x3c ./Core/Src/model_handle.o
                0x080035f8                ModelHandle_ProcessTimerSlots
 .text.ModelHandle_TimerRecalculateNow
                0x08003634       0x3c ./Core/Src/model_handle.o
                0x08003634                ModelHandle_TimerRecalculateNow
 .text.ModelHandle_StartTimer
                0x08003670       0x24 ./Core/Src/model_handle.o
                0x08003670                ModelHandle_StartTimer
 .text.ModelHandle_StopTimer
                0x08003694       0x18 ./Core/Src/model_handle.o
                0x08003694                ModelHandle_StopTimer
 .text.timer_tick
                0x080036ac        0xc ./Core/Src/model_handle.o
 .text.ModelHandle_CheckAutoTimerActivation
                0x080036b8       0x38 ./Core/Src/model_handle.o
                0x080036b8                ModelHandle_CheckAutoTimerActivation
 .text.ModelHandle_StartSemiAuto
                0x080036f0       0x38 ./Core/Src/model_handle.o
                0x080036f0                ModelHandle_StartSemiAuto
 .text.ModelHandle_StopSemiAuto
                0x08003728       0x18 ./Core/Src/model_handle.o
                0x08003728                ModelHandle_StopSemiAuto
 .text.ModelHandle_StartAuto
                0x08003740       0x8c ./Core/Src/model_handle.o
                0x08003740                ModelHandle_StartAuto
 .text.ModelHandle_StopAuto
                0x080037cc       0x2c ./Core/Src/model_handle.o
                0x080037cc                ModelHandle_StopAuto
 .text.auto_tick
                0x080037f8      0x188 ./Core/Src/model_handle.o
 .text.ModelHandle_StopCountdown
                0x08003980       0x20 ./Core/Src/model_handle.o
                0x08003980                ModelHandle_StopCountdown
 .text.ModelHandle_StartCountdown
                0x080039a0       0x5c ./Core/Src/model_handle.o
                0x080039a0                ModelHandle_StartCountdown
 .text.countdown_tick
                0x080039fc       0x70 ./Core/Src/model_handle.o
 .text.ModelHandle_StartTwist
                0x08003a6c       0x9c ./Core/Src/model_handle.o
                0x08003a6c                ModelHandle_StartTwist
 .text.ModelHandle_StopTwist
                0x08003b08       0x20 ./Core/Src/model_handle.o
                0x08003b08                ModelHandle_StopTwist
 .text.twist_time_logic
                0x08003b28       0xac ./Core/Src/model_handle.o
 .text.twist_tick
                0x08003bd4       0xac ./Core/Src/model_handle.o
 .text.protections_tick
                0x08003c80       0x28 ./Core/Src/model_handle.o
 .text.leds_from_model
                0x08003ca8       0xd8 ./Core/Src/model_handle.o
 .text.ModelHandle_Process
                0x08003d80      0x100 ./Core/Src/model_handle.o
                0x08003d80                ModelHandle_Process
 .text.ModelHandle_SetAutoSettings
                0x08003e80       0x5c ./Core/Src/model_handle.o
                0x08003e80                ModelHandle_SetAutoSettings
 .text.Relay_Init
                0x08003edc       0x94 ./Core/Src/relay.o
                0x08003edc                Relay_Init
 .text.Relay_Set
                0x08003f70       0x48 ./Core/Src/relay.o
                0x08003f70                Relay_Set
 .text.bcd2dec  0x08003fb8       0x30 ./Core/Src/rtc_i2c.o
 .text.RTC_Init
                0x08003fe8       0x98 ./Core/Src/rtc_i2c.o
                0x08003fe8                RTC_Init
 .text.RTC_GetTimeDate
                0x08004080       0xc0 ./Core/Src/rtc_i2c.o
                0x08004080                RTC_GetTimeDate
 .text.refreshInactivityTimer
                0x08004140       0x18 ./Core/Src/screen.o
 .text.lcd_line
                0x08004158       0x3c ./Core/Src/screen.o
 .text.lcd_line0
                0x08004194       0x18 ./Core/Src/screen.o
 .text.lcd_line1
                0x080041ac       0x18 ./Core/Src/screen.o
 .text.draw_menu_cursor
                0x080041c4       0x78 ./Core/Src/screen.o
 .text.show_welcome
                0x0800423c       0x20 ./Core/Src/screen.o
 .text.show_dash
                0x0800425c      0x184 ./Core/Src/screen.o
 .text.Screen_Init
                0x080043e0       0x34 ./Core/Src/screen.o
                0x080043e0                Screen_Init
 .text.show_menu
                0x08004414       0x90 ./Core/Src/screen.o
 .text.lcd_val_next_int
                0x080044a4       0x30 ./Core/Src/screen.o
 .text.lcd_val_next_float
                0x080044d4       0x38 ./Core/Src/screen.o
 .text.show_timer_slot_select
                0x0800450c      0x15c ./Core/Src/screen.o
 .text.show_timer
                0x08004668       0x70 ./Core/Src/screen.o
 .text.show_timer_on_h
                0x080046d8       0x20 ./Core/Src/screen.o
 .text.show_timer_on_m
                0x080046f8       0x20 ./Core/Src/screen.o
 .text.show_timer_off_h
                0x08004718       0x20 ./Core/Src/screen.o
 .text.show_timer_off_m
                0x08004738       0x20 ./Core/Src/screen.o
 .text.show_timer_days
                0x08004758       0x98 ./Core/Src/screen.o
 .text.show_timer_enable
                0x080047f0       0x34 ./Core/Src/screen.o
 .text.show_auto_menu
                0x08004824       0x1c ./Core/Src/screen.o
 .text.show_auto_gap
                0x08004840       0x20 ./Core/Src/screen.o
 .text.show_auto_maxrun
                0x08004860       0x20 ./Core/Src/screen.o
 .text.show_auto_retry
                0x08004880       0x20 ./Core/Src/screen.o
 .text.show_twist
                0x080048a0       0x58 ./Core/Src/screen.o
 .text.show_twist_on_sec
                0x080048f8       0x20 ./Core/Src/screen.o
 .text.show_twist_off_sec
                0x08004918       0x20 ./Core/Src/screen.o
 .text.show_twist_on_h
                0x08004938       0x20 ./Core/Src/screen.o
 .text.show_twist_on_m
                0x08004958       0x20 ./Core/Src/screen.o
 .text.show_twist_off_h
                0x08004978       0x20 ./Core/Src/screen.o
 .text.show_twist_off_m
                0x08004998       0x20 ./Core/Src/screen.o
 .text.show_countdown
                0x080049b8       0xb0 ./Core/Src/screen.o
 .text.show_countdown_edit_min
                0x08004a68       0x20 ./Core/Src/screen.o
 .text.show_settings_gap
                0x08004a88       0x20 ./Core/Src/screen.o
 .text.show_settings_retry
                0x08004aa8       0x20 ./Core/Src/screen.o
 .text.show_settings_uv
                0x08004ac8       0x20 ./Core/Src/screen.o
 .text.show_settings_ov
                0x08004ae8       0x20 ./Core/Src/screen.o
 .text.show_settings_ol
                0x08004b08       0x20 ./Core/Src/screen.o
 .text.show_settings_ul
                0x08004b28       0x20 ./Core/Src/screen.o
 .text.show_settings_maxrun
                0x08004b48       0x20 ./Core/Src/screen.o
 .text.show_settings_factory
                0x08004b68       0x34 ./Core/Src/screen.o
 .text.apply_timer_settings
                0x08004b9c       0x78 ./Core/Src/screen.o
 .text.apply_auto_settings
                0x08004c14       0x2c ./Core/Src/screen.o
 .text.apply_twist_settings
                0x08004c40       0x58 ./Core/Src/screen.o
 .text.apply_countdown_settings
                0x08004c98       0x38 ./Core/Src/screen.o
 .text.apply_settings_all
                0x08004cd0       0x8c ./Core/Src/screen.o
 .text.start_settings_edit_flow
                0x08004d5c       0xa4 ./Core/Src/screen.o
 .text.advance_settings_flow
                0x08004e00       0x94 ./Core/Src/screen.o
 .text.goto_menu_top
                0x08004e94       0x20 ./Core/Src/screen.o
 .text.menu_select
                0x08004eb4      0x374 ./Core/Src/screen.o
 .text.decode_button_press
                0x08005228      0x188 ./Core/Src/screen.o
 .text.increase_edit_value
                0x080053b0      0x31c ./Core/Src/screen.o
                0x080053b0                increase_edit_value
 .text.decrease_edit_value
                0x080056cc      0x380 ./Core/Src/screen.o
                0x080056cc                decrease_edit_value
 .text.Screen_HandleSwitches
                0x08005a4c      0x850 ./Core/Src/screen.o
                0x08005a4c                Screen_HandleSwitches
 .text.Screen_Update
                0x0800629c      0x29c ./Core/Src/screen.o
                0x0800629c                Screen_Update
 .text.HAL_MspInit
                0x08006538       0x64 ./Core/Src/stm32f1xx_hal_msp.o
                0x08006538                HAL_MspInit
 .text.HAL_ADC_MspInit
                0x0800659c       0x88 ./Core/Src/stm32f1xx_hal_msp.o
                0x0800659c                HAL_ADC_MspInit
 .text.HAL_I2C_MspInit
                0x08006624       0x80 ./Core/Src/stm32f1xx_hal_msp.o
                0x08006624                HAL_I2C_MspInit
 .text.HAL_SPI_MspInit
                0x080066a4       0xb4 ./Core/Src/stm32f1xx_hal_msp.o
                0x080066a4                HAL_SPI_MspInit
 .text.HAL_TIM_Base_MspInit
                0x08006758       0x3c ./Core/Src/stm32f1xx_hal_msp.o
                0x08006758                HAL_TIM_Base_MspInit
 .text.HAL_UART_MspInit
                0x08006794       0xa8 ./Core/Src/stm32f1xx_hal_msp.o
                0x08006794                HAL_UART_MspInit
 .text.NMI_Handler
                0x0800683c        0x8 ./Core/Src/stm32f1xx_it.o
                0x0800683c                NMI_Handler
 .text.HardFault_Handler
                0x08006844        0x8 ./Core/Src/stm32f1xx_it.o
                0x08006844                HardFault_Handler
 .text.MemManage_Handler
                0x0800684c        0x8 ./Core/Src/stm32f1xx_it.o
                0x0800684c                MemManage_Handler
 .text.BusFault_Handler
                0x08006854        0x8 ./Core/Src/stm32f1xx_it.o
                0x08006854                BusFault_Handler
 .text.UsageFault_Handler
                0x0800685c        0x8 ./Core/Src/stm32f1xx_it.o
                0x0800685c                UsageFault_Handler
 .text.SVC_Handler
                0x08006864        0xc ./Core/Src/stm32f1xx_it.o
                0x08006864                SVC_Handler
 .text.DebugMon_Handler
                0x08006870        0xc ./Core/Src/stm32f1xx_it.o
                0x08006870                DebugMon_Handler
 .text.PendSV_Handler
                0x0800687c        0xc ./Core/Src/stm32f1xx_it.o
                0x0800687c                PendSV_Handler
 .text.SysTick_Handler
                0x08006888        0xc ./Core/Src/stm32f1xx_it.o
                0x08006888                SysTick_Handler
 .text.ADC1_2_IRQHandler
                0x08006894       0x14 ./Core/Src/stm32f1xx_it.o
                0x08006894                ADC1_2_IRQHandler
 .text.USART1_IRQHandler
                0x080068a8       0x14 ./Core/Src/stm32f1xx_it.o
                0x080068a8                USART1_IRQHandler
 .text.RTC_Alarm_IRQHandler
                0x080068bc       0x14 ./Core/Src/stm32f1xx_it.o
                0x080068bc                RTC_Alarm_IRQHandler
 .text.now_ms   0x080068d0        0xe ./Core/Src/switches.o
 *fill*         0x080068de        0x2 
 .text.read_raw
                0x080068e0       0x70 ./Core/Src/switches.o
 .text.Switches_Init
                0x08006950       0x6c ./Core/Src/switches.o
                0x08006950                Switches_Init
 .text.update_state
                0x080069bc       0x68 ./Core/Src/switches.o
 .text.Switch_IsPressed
                0x08006a24       0x38 ./Core/Src/switches.o
                0x08006a24                Switch_IsPressed
 .text._getpid  0x08006a5c        0xe ./Core/Src/syscalls.o
                0x08006a5c                _getpid
 .text._kill    0x08006a6a       0x20 ./Core/Src/syscalls.o
                0x08006a6a                _kill
 .text._exit    0x08006a8a       0x16 ./Core/Src/syscalls.o
                0x08006a8a                _exit
 .text._read    0x08006aa0       0x3a ./Core/Src/syscalls.o
                0x08006aa0                _read
 .text._write   0x08006ada       0x38 ./Core/Src/syscalls.o
                0x08006ada                _write
 .text._close   0x08006b12       0x16 ./Core/Src/syscalls.o
                0x08006b12                _close
 .text._fstat   0x08006b28       0x1e ./Core/Src/syscalls.o
                0x08006b28                _fstat
 .text._isatty  0x08006b46       0x14 ./Core/Src/syscalls.o
                0x08006b46                _isatty
 .text._lseek   0x08006b5a       0x18 ./Core/Src/syscalls.o
                0x08006b5a                _lseek
 *fill*         0x08006b72        0x2 
 .text._sbrk    0x08006b74       0x6c ./Core/Src/sysmem.o
                0x08006b74                _sbrk
 .text.SystemInit
                0x08006be0        0xc ./Core/Src/system_stm32f1xx.o
                0x08006be0                SystemInit
 .text.UART_Init
                0x08006bec       0x54 ./Core/Src/uart.o
                0x08006bec                UART_Init
 .text.UART_TransmitString
                0x08006c40       0x34 ./Core/Src/uart.o
                0x08006c40                UART_TransmitString
 .text.UART_TransmitPacket
                0x08006c74       0x4c ./Core/Src/uart.o
                0x08006c74                UART_TransmitPacket
 .text.HAL_UART_RxCpltCallback
                0x08006cc0       0xe8 ./Core/Src/uart.o
                0x08006cc0                HAL_UART_RxCpltCallback
 .text.UART_GetReceivedPacket
                0x08006da8       0x58 ./Core/Src/uart.o
                0x08006da8                UART_GetReceivedPacket
 .text.ack      0x08006e00       0x16 ./Core/Src/uart_commands.o
 .text.err      0x08006e16       0x16 ./Core/Src/uart_commands.o
 .text.next_token
                0x08006e2c       0x48 ./Core/Src/uart_commands.o
 .text.UART_SendStatusPacket
                0x08006e74      0x178 ./Core/Src/uart_commands.o
                0x08006e74                UART_SendStatusPacket
 .text.UART_HandleCommand
                0x08006fec      0x6bc ./Core/Src/uart_commands.o
                0x08006fec                UART_HandleCommand
 .text.Reset_Handler
                0x080076a8       0x48 ./Core/Startup/startup_stm32f103c8tx.o
                0x080076a8                Reset_Handler
 .text.Default_Handler
                0x080076f0        0x2 ./Core/Startup/startup_stm32f103c8tx.o
                0x080076f0                EXTI2_IRQHandler
                0x080076f0                TIM1_CC_IRQHandler
                0x080076f0                PVD_IRQHandler
                0x080076f0                EXTI3_IRQHandler
                0x080076f0                EXTI0_IRQHandler
                0x080076f0                I2C2_EV_IRQHandler
                0x080076f0                SPI1_IRQHandler
                0x080076f0                TAMPER_IRQHandler
                0x080076f0                DMA1_Channel4_IRQHandler
                0x080076f0                USART3_IRQHandler
                0x080076f0                RTC_IRQHandler
                0x080076f0                DMA1_Channel7_IRQHandler
                0x080076f0                CAN1_RX1_IRQHandler
                0x080076f0                TIM4_IRQHandler
                0x080076f0                I2C1_EV_IRQHandler
                0x080076f0                DMA1_Channel6_IRQHandler
                0x080076f0                TIM3_IRQHandler
                0x080076f0                RCC_IRQHandler
                0x080076f0                TIM1_TRG_COM_IRQHandler
                0x080076f0                DMA1_Channel1_IRQHandler
                0x080076f0                Default_Handler
                0x080076f0                EXTI15_10_IRQHandler
                0x080076f0                EXTI9_5_IRQHandler
                0x080076f0                SPI2_IRQHandler
                0x080076f0                DMA1_Channel5_IRQHandler
                0x080076f0                EXTI4_IRQHandler
                0x080076f0                USB_LP_CAN1_RX0_IRQHandler
                0x080076f0                USB_HP_CAN1_TX_IRQHandler
                0x080076f0                DMA1_Channel3_IRQHandler
                0x080076f0                TIM1_UP_IRQHandler
                0x080076f0                WWDG_IRQHandler
                0x080076f0                TIM2_IRQHandler
                0x080076f0                TIM1_BRK_IRQHandler
                0x080076f0                EXTI1_IRQHandler
                0x080076f0                USART2_IRQHandler
                0x080076f0                I2C2_ER_IRQHandler
                0x080076f0                DMA1_Channel2_IRQHandler
                0x080076f0                CAN1_SCE_IRQHandler
                0x080076f0                FLASH_IRQHandler
                0x080076f0                I2C1_ER_IRQHandler
                0x080076f0                USBWakeUp_IRQHandler
 *fill*         0x080076f2        0x2 
 .text.HAL_Init
                0x080076f4       0x2c ./Drivers/STM32F1xx_HAL_Driver/Src/stm32f1xx_hal.o
                0x080076f4                HAL_Init
 .text.HAL_InitTick
                0x08007720       0x60 ./Drivers/STM32F1xx_HAL_Driver/Src/stm32f1xx_hal.o
                0x08007720                HAL_InitTick
 .text.HAL_IncTick
                0x08007780       0x24 ./Drivers/STM32F1xx_HAL_Driver/Src/stm32f1xx_hal.o
                0x08007780                HAL_IncTick
 .text.HAL_GetTick
                0x080077a4       0x14 ./Drivers/STM32F1xx_HAL_Driver/Src/stm32f1xx_hal.o
                0x080077a4                HAL_GetTick
 .text.HAL_Delay
                0x080077b8       0x48 ./Drivers/STM32F1xx_HAL_Driver/Src/stm32f1xx_hal.o
                0x080077b8                HAL_Delay
 .text.HAL_ADC_Init
                0x08007800      0x1b0 ./Drivers/STM32F1xx_HAL_Driver/Src/stm32f1xx_hal_adc.o
                0x08007800                HAL_ADC_Init
 .text.HAL_ADC_Start
                0x080079b0      0x15c ./Drivers/STM32F1xx_HAL_Driver/Src/stm32f1xx_hal_adc.o
                0x080079b0                HAL_ADC_Start
 .text.HAL_ADC_Stop
                0x08007b0c       0x58 ./Drivers/STM32F1xx_HAL_Driver/Src/stm32f1xx_hal_adc.o
                0x08007b0c                HAL_ADC_Stop
 .text.HAL_ADC_PollForConversion
                0x08007b64      0x20c ./Drivers/STM32F1xx_HAL_Driver/Src/stm32f1xx_hal_adc.o
                0x08007b64                HAL_ADC_PollForConversion
 .text.HAL_ADC_GetValue
                0x08007d70       0x18 ./Drivers/STM32F1xx_HAL_Driver/Src/stm32f1xx_hal_adc.o
                0x08007d70                HAL_ADC_GetValue
 .text.HAL_ADC_IRQHandler
                0x08007d88      0x17e ./Drivers/STM32F1xx_HAL_Driver/Src/stm32f1xx_hal_adc.o
                0x08007d88                HAL_ADC_IRQHandler
 .text.HAL_ADC_ConvCpltCallback
                0x08007f06       0x12 ./Drivers/STM32F1xx_HAL_Driver/Src/stm32f1xx_hal_adc.o
                0x08007f06                HAL_ADC_ConvCpltCallback
 .text.HAL_ADC_LevelOutOfWindowCallback
                0x08007f18       0x12 ./Drivers/STM32F1xx_HAL_Driver/Src/stm32f1xx_hal_adc.o
                0x08007f18                HAL_ADC_LevelOutOfWindowCallback
 *fill*         0x08007f2a        0x2 
 .text.HAL_ADC_ConfigChannel
                0x08007f2c      0x1f0 ./Drivers/STM32F1xx_HAL_Driver/Src/stm32f1xx_hal_adc.o
                0x08007f2c                HAL_ADC_ConfigChannel
 .text.ADC_Enable
                0x0800811c       0xb4 ./Drivers/STM32F1xx_HAL_Driver/Src/stm32f1xx_hal_adc.o
                0x0800811c                ADC_Enable
 .text.ADC_ConversionStop_Disable
                0x080081d0       0x82 ./Drivers/STM32F1xx_HAL_Driver/Src/stm32f1xx_hal_adc.o
                0x080081d0                ADC_ConversionStop_Disable
 *fill*         0x08008252        0x2 
 .text.HAL_ADCEx_Calibration_Start
                0x08008254      0x15c ./Drivers/STM32F1xx_HAL_Driver/Src/stm32f1xx_hal_adc_ex.o
                0x08008254                HAL_ADCEx_Calibration_Start
 .text.HAL_ADCEx_InjectedConvCpltCallback
                0x080083b0       0x12 ./Drivers/STM32F1xx_HAL_Driver/Src/stm32f1xx_hal_adc_ex.o
                0x080083b0                HAL_ADCEx_InjectedConvCpltCallback
 *fill*         0x080083c2        0x2 
 .text.__NVIC_SetPriorityGrouping
                0x080083c4       0x48 ./Drivers/STM32F1xx_HAL_Driver/Src/stm32f1xx_hal_cortex.o
 .text.__NVIC_GetPriorityGrouping
                0x0800840c       0x1c ./Drivers/STM32F1xx_HAL_Driver/Src/stm32f1xx_hal_cortex.o
 .text.__NVIC_EnableIRQ
                0x08008428       0x38 ./Drivers/STM32F1xx_HAL_Driver/Src/stm32f1xx_hal_cortex.o
 .text.__NVIC_SetPriority
                0x08008460       0x54 ./Drivers/STM32F1xx_HAL_Driver/Src/stm32f1xx_hal_cortex.o
 .text.NVIC_EncodePriority
                0x080084b4       0x64 ./Drivers/STM32F1xx_HAL_Driver/Src/stm32f1xx_hal_cortex.o
 .text.SysTick_Config
                0x08008518       0x44 ./Drivers/STM32F1xx_HAL_Driver/Src/stm32f1xx_hal_cortex.o
 .text.HAL_NVIC_SetPriorityGrouping
                0x0800855c       0x16 ./Drivers/STM32F1xx_HAL_Driver/Src/stm32f1xx_hal_cortex.o
                0x0800855c                HAL_NVIC_SetPriorityGrouping
 .text.HAL_NVIC_SetPriority
                0x08008572       0x38 ./Drivers/STM32F1xx_HAL_Driver/Src/stm32f1xx_hal_cortex.o
                0x08008572                HAL_NVIC_SetPriority
 .text.HAL_NVIC_EnableIRQ
                0x080085aa       0x1c ./Drivers/STM32F1xx_HAL_Driver/Src/stm32f1xx_hal_cortex.o
                0x080085aa                HAL_NVIC_EnableIRQ
 .text.HAL_SYSTICK_Config
                0x080085c6       0x18 ./Drivers/STM32F1xx_HAL_Driver/Src/stm32f1xx_hal_cortex.o
                0x080085c6                HAL_SYSTICK_Config
 .text.HAL_DMA_Abort
                0x080085de       0x76 ./Drivers/STM32F1xx_HAL_Driver/Src/stm32f1xx_hal_dma.o
                0x080085de                HAL_DMA_Abort
 .text.HAL_DMA_Abort_IT
                0x08008654       0xf0 ./Drivers/STM32F1xx_HAL_Driver/Src/stm32f1xx_hal_dma.o
                0x08008654                HAL_DMA_Abort_IT
 .text.HAL_GPIO_Init
                0x08008744      0x308 ./Drivers/STM32F1xx_HAL_Driver/Src/stm32f1xx_hal_gpio.o
                0x08008744                HAL_GPIO_Init
 .text.HAL_GPIO_ReadPin
                0x08008a4c       0x2e ./Drivers/STM32F1xx_HAL_Driver/Src/stm32f1xx_hal_gpio.o
                0x08008a4c                HAL_GPIO_ReadPin
 .text.HAL_GPIO_WritePin
                0x08008a7a       0x30 ./Drivers/STM32F1xx_HAL_Driver/Src/stm32f1xx_hal_gpio.o
                0x08008a7a                HAL_GPIO_WritePin
 *fill*         0x08008aaa        0x2 
 .text.HAL_I2C_Init
                0x08008aac      0x288 ./Drivers/STM32F1xx_HAL_Driver/Src/stm32f1xx_hal_i2c.o
                0x08008aac                HAL_I2C_Init
 .text.HAL_I2C_Master_Transmit
                0x08008d34      0x1fc ./Drivers/STM32F1xx_HAL_Driver/Src/stm32f1xx_hal_i2c.o
                0x08008d34                HAL_I2C_Master_Transmit
 .text.HAL_I2C_Mem_Write
                0x08008f30      0x1f4 ./Drivers/STM32F1xx_HAL_Driver/Src/stm32f1xx_hal_i2c.o
                0x08008f30                HAL_I2C_Mem_Write
 .text.HAL_I2C_Mem_Read
                0x08009124      0x4e8 ./Drivers/STM32F1xx_HAL_Driver/Src/stm32f1xx_hal_i2c.o
                0x08009124                HAL_I2C_Mem_Read
 .text.HAL_I2C_IsDeviceReady
                0x0800960c      0x25c ./Drivers/STM32F1xx_HAL_Driver/Src/stm32f1xx_hal_i2c.o
                0x0800960c                HAL_I2C_IsDeviceReady
 .text.I2C_MasterRequestWrite
                0x08009868      0x104 ./Drivers/STM32F1xx_HAL_Driver/Src/stm32f1xx_hal_i2c.o
 .text.I2C_RequestMemoryWrite
                0x0800996c      0x12c ./Drivers/STM32F1xx_HAL_Driver/Src/stm32f1xx_hal_i2c.o
 .text.I2C_RequestMemoryRead
                0x08009a98      0x1d0 ./Drivers/STM32F1xx_HAL_Driver/Src/stm32f1xx_hal_i2c.o
 .text.I2C_WaitOnFlagUntilTimeout
                0x08009c68       0xf4 ./Drivers/STM32F1xx_HAL_Driver/Src/stm32f1xx_hal_i2c.o
 .text.I2C_WaitOnMasterAddressFlagUntilTimeout
                0x08009d5c      0x140 ./Drivers/STM32F1xx_HAL_Driver/Src/stm32f1xx_hal_i2c.o
 .text.I2C_WaitOnTXEFlagUntilTimeout
                0x08009e9c       0x90 ./Drivers/STM32F1xx_HAL_Driver/Src/stm32f1xx_hal_i2c.o
 .text.I2C_WaitOnBTFFlagUntilTimeout
                0x08009f2c       0x90 ./Drivers/STM32F1xx_HAL_Driver/Src/stm32f1xx_hal_i2c.o
 .text.I2C_WaitOnRXNEFlagUntilTimeout
                0x08009fbc       0xba ./Drivers/STM32F1xx_HAL_Driver/Src/stm32f1xx_hal_i2c.o
 .text.I2C_IsAcknowledgeFailed
                0x0800a076       0x5c ./Drivers/STM32F1xx_HAL_Driver/Src/stm32f1xx_hal_i2c.o
 *fill*         0x0800a0d2        0x2 
 .text.HAL_RCC_OscConfig
                0x0800a0d4      0x504 ./Drivers/STM32F1xx_HAL_Driver/Src/stm32f1xx_hal_rcc.o
                0x0800a0d4                HAL_RCC_OscConfig
 .text.HAL_RCC_ClockConfig
                0x0800a5d8      0x1d4 ./Drivers/STM32F1xx_HAL_Driver/Src/stm32f1xx_hal_rcc.o
                0x0800a5d8                HAL_RCC_ClockConfig
 .text.HAL_RCC_GetSysClockFreq
                0x0800a7ac       0xa8 ./Drivers/STM32F1xx_HAL_Driver/Src/stm32f1xx_hal_rcc.o
                0x0800a7ac                HAL_RCC_GetSysClockFreq
 .text.HAL_RCC_GetHCLKFreq
                0x0800a854       0x14 ./Drivers/STM32F1xx_HAL_Driver/Src/stm32f1xx_hal_rcc.o
                0x0800a854                HAL_RCC_GetHCLKFreq
 .text.HAL_RCC_GetPCLK1Freq
                0x0800a868       0x28 ./Drivers/STM32F1xx_HAL_Driver/Src/stm32f1xx_hal_rcc.o
                0x0800a868                HAL_RCC_GetPCLK1Freq
 .text.HAL_RCC_GetPCLK2Freq
                0x0800a890       0x28 ./Drivers/STM32F1xx_HAL_Driver/Src/stm32f1xx_hal_rcc.o
                0x0800a890                HAL_RCC_GetPCLK2Freq
 .text.RCC_Delay
                0x0800a8b8       0x3c ./Drivers/STM32F1xx_HAL_Driver/Src/stm32f1xx_hal_rcc.o
 .text.HAL_RCCEx_PeriphCLKConfig
                0x0800a8f4      0x16c ./Drivers/STM32F1xx_HAL_Driver/Src/stm32f1xx_hal_rcc_ex.o
                0x0800a8f4                HAL_RCCEx_PeriphCLKConfig
 .text.HAL_RCCEx_GetPeriphCLKFreq
                0x0800aa60      0x16c ./Drivers/STM32F1xx_HAL_Driver/Src/stm32f1xx_hal_rcc_ex.o
                0x0800aa60                HAL_RCCEx_GetPeriphCLKFreq
 .text.HAL_RTC_AlarmIRQHandler
                0x0800abcc       0x54 ./Drivers/STM32F1xx_HAL_Driver/Src/stm32f1xx_hal_rtc.o
                0x0800abcc                HAL_RTC_AlarmIRQHandler
 .text.HAL_RTC_AlarmAEventCallback
                0x0800ac20       0x12 ./Drivers/STM32F1xx_HAL_Driver/Src/stm32f1xx_hal_rtc.o
                0x0800ac20                HAL_RTC_AlarmAEventCallback
 .text.HAL_SPI_Init
                0x0800ac32      0x108 ./Drivers/STM32F1xx_HAL_Driver/Src/stm32f1xx_hal_spi.o
                0x0800ac32                HAL_SPI_Init
 .text.HAL_SPI_Transmit
                0x0800ad3a      0x288 ./Drivers/STM32F1xx_HAL_Driver/Src/stm32f1xx_hal_spi.o
                0x0800ad3a                HAL_SPI_Transmit
 .text.HAL_SPI_Receive
                0x0800afc2      0x232 ./Drivers/STM32F1xx_HAL_Driver/Src/stm32f1xx_hal_spi.o
                0x0800afc2                HAL_SPI_Receive
 .text.HAL_SPI_TransmitReceive
                0x0800b1f4      0x352 ./Drivers/STM32F1xx_HAL_Driver/Src/stm32f1xx_hal_spi.o
                0x0800b1f4                HAL_SPI_TransmitReceive
 *fill*         0x0800b546        0x2 
 .text.SPI_WaitFlagStateUntilTimeout
                0x0800b548      0x110 ./Drivers/STM32F1xx_HAL_Driver/Src/stm32f1xx_hal_spi.o
 .text.SPI_EndRxTransaction
                0x0800b658       0xa4 ./Drivers/STM32F1xx_HAL_Driver/Src/stm32f1xx_hal_spi.o
 .text.SPI_EndRxTxTransaction
                0x0800b6fc       0x62 ./Drivers/STM32F1xx_HAL_Driver/Src/stm32f1xx_hal_spi.o
 .text.HAL_TIM_Base_Init
                0x0800b75e       0x9e ./Drivers/STM32F1xx_HAL_Driver/Src/stm32f1xx_hal_tim.o
                0x0800b75e                HAL_TIM_Base_Init
 .text.HAL_TIM_ConfigClockSource
                0x0800b7fc      0x18e ./Drivers/STM32F1xx_HAL_Driver/Src/stm32f1xx_hal_tim.o
                0x0800b7fc                HAL_TIM_ConfigClockSource
 *fill*         0x0800b98a        0x2 
 .text.TIM_Base_SetConfig
                0x0800b98c       0xdc ./Drivers/STM32F1xx_HAL_Driver/Src/stm32f1xx_hal_tim.o
                0x0800b98c                TIM_Base_SetConfig
 .text.TIM_TI1_ConfigInputStage
                0x0800ba68       0x5c ./Drivers/STM32F1xx_HAL_Driver/Src/stm32f1xx_hal_tim.o
 .text.TIM_TI2_ConfigInputStage
                0x0800bac4       0x5e ./Drivers/STM32F1xx_HAL_Driver/Src/stm32f1xx_hal_tim.o
 .text.TIM_ITRx_SetConfig
                0x0800bb22       0x34 ./Drivers/STM32F1xx_HAL_Driver/Src/stm32f1xx_hal_tim.o
 .text.TIM_ETR_SetConfig
                0x0800bb56       0x3e ./Drivers/STM32F1xx_HAL_Driver/Src/stm32f1xx_hal_tim.o
                0x0800bb56                TIM_ETR_SetConfig
 .text.HAL_TIMEx_MasterConfigSynchronization
                0x0800bb94       0xbc ./Drivers/STM32F1xx_HAL_Driver/Src/stm32f1xx_hal_tim_ex.o
                0x0800bb94                HAL_TIMEx_MasterConfigSynchronization
 .text.HAL_UART_Init
                0x0800bc50       0xa0 ./Drivers/STM32F1xx_HAL_Driver/Src/stm32f1xx_hal_uart.o
                0x0800bc50                HAL_UART_Init
 .text.HAL_UART_Transmit
                0x0800bcf0      0x116 ./Drivers/STM32F1xx_HAL_Driver/Src/stm32f1xx_hal_uart.o
                0x0800bcf0                HAL_UART_Transmit
 .text.HAL_UART_Receive_IT
                0x0800be06       0x4a ./Drivers/STM32F1xx_HAL_Driver/Src/stm32f1xx_hal_uart.o
                0x0800be06                HAL_UART_Receive_IT
 .text.HAL_UART_IRQHandler
                0x0800be50      0x524 ./Drivers/STM32F1xx_HAL_Driver/Src/stm32f1xx_hal_uart.o
                0x0800be50                HAL_UART_IRQHandler
 .text.HAL_UART_TxCpltCallback
                0x0800c374       0x12 ./Drivers/STM32F1xx_HAL_Driver/Src/stm32f1xx_hal_uart.o
                0x0800c374                HAL_UART_TxCpltCallback
 .text.HAL_UART_ErrorCallback
                0x0800c386       0x12 ./Drivers/STM32F1xx_HAL_Driver/Src/stm32f1xx_hal_uart.o
                0x0800c386                HAL_UART_ErrorCallback
 .text.HAL_UARTEx_RxEventCallback
                0x0800c398       0x16 ./Drivers/STM32F1xx_HAL_Driver/Src/stm32f1xx_hal_uart.o
                0x0800c398                HAL_UARTEx_RxEventCallback
 .text.UART_WaitOnFlagUntilTimeout
                0x0800c3ae       0xb2 ./Drivers/STM32F1xx_HAL_Driver/Src/stm32f1xx_hal_uart.o
 .text.UART_Start_Receive_IT
                0x0800c460       0x72 ./Drivers/STM32F1xx_HAL_Driver/Src/stm32f1xx_hal_uart.o
                0x0800c460                UART_Start_Receive_IT
 .text.UART_EndRxTransfer
                0x0800c4d2       0xc4 ./Drivers/STM32F1xx_HAL_Driver/Src/stm32f1xx_hal_uart.o
 .text.UART_DMAAbortOnError
                0x0800c596       0x28 ./Drivers/STM32F1xx_HAL_Driver/Src/stm32f1xx_hal_uart.o
 .text.UART_Transmit_IT
                0x0800c5be       0x9e ./Drivers/STM32F1xx_HAL_Driver/Src/stm32f1xx_hal_uart.o
 .text.UART_EndTransmit_IT
                0x0800c65c       0x30 ./Drivers/STM32F1xx_HAL_Driver/Src/stm32f1xx_hal_uart.o
 .text.UART_Receive_IT
                0x0800c68c      0x17c ./Drivers/STM32F1xx_HAL_Driver/Src/stm32f1xx_hal_uart.o
 .text.UART_SetConfig
                0x0800c808      0x11c ./Drivers/STM32F1xx_HAL_Driver/Src/stm32f1xx_hal_uart.o
 .text.atoi     0x0800c924        0x8 C:/ST/STM32CubeIDE_1.19.0/STM32CubeIDE/plugins/com.st.stm32cube.ide.mcu.externaltools.gnu-tools-for-stm32.13.3.rel1.win32_1.0.0.202411081344/tools/bin/../lib/gcc/arm-none-eabi/13.3.1/../../../../arm-none-eabi/lib/thumb/v7-m/nofp\libc_nano.a(libc_a-atoi.o)
                0x0800c924                atoi
 .text._strtol_l.isra.0
                0x0800c92c       0xf4 C:/ST/STM32CubeIDE_1.19.0/STM32CubeIDE/plugins/com.st.stm32cube.ide.mcu.externaltools.gnu-tools-for-stm32.13.3.rel1.win32_1.0.0.202411081344/tools/bin/../lib/gcc/arm-none-eabi/13.3.1/../../../../arm-none-eabi/lib/thumb/v7-m/nofp\libc_nano.a(libc_a-strtol.o)
 .text.strtol   0x0800ca20       0x14 C:/ST/STM32CubeIDE_1.19.0/STM32CubeIDE/plugins/com.st.stm32cube.ide.mcu.externaltools.gnu-tools-for-stm32.13.3.rel1.win32_1.0.0.202411081344/tools/bin/../lib/gcc/arm-none-eabi/13.3.1/../../../../arm-none-eabi/lib/thumb/v7-m/nofp\libc_nano.a(libc_a-strtol.o)
                0x0800ca20                strtol
 .text.__cvt    0x0800ca34       0xc8 C:/ST/STM32CubeIDE_1.19.0/STM32CubeIDE/plugins/com.st.stm32cube.ide.mcu.externaltools.gnu-tools-for-stm32.13.3.rel1.win32_1.0.0.202411081344/tools/bin/../lib/gcc/arm-none-eabi/13.3.1/../../../../arm-none-eabi/lib/thumb/v7-m/nofp\libc_nano.a(libc_a-nano-vfprintf_float.o)
                0x0800ca34                __cvt
 .text.__exponent
                0x0800cafc       0x74 C:/ST/STM32CubeIDE_1.19.0/STM32CubeIDE/plugins/com.st.stm32cube.ide.mcu.externaltools.gnu-tools-for-stm32.13.3.rel1.win32_1.0.0.202411081344/tools/bin/../lib/gcc/arm-none-eabi/13.3.1/../../../../arm-none-eabi/lib/thumb/v7-m/nofp\libc_nano.a(libc_a-nano-vfprintf_float.o)
                0x0800cafc                __exponent
 .text._printf_float
                0x0800cb70      0x458 C:/ST/STM32CubeIDE_1.19.0/STM32CubeIDE/plugins/com.st.stm32cube.ide.mcu.externaltools.gnu-tools-for-stm32.13.3.rel1.win32_1.0.0.202411081344/tools/bin/../lib/gcc/arm-none-eabi/13.3.1/../../../../arm-none-eabi/lib/thumb/v7-m/nofp\libc_nano.a(libc_a-nano-vfprintf_float.o)
                0x0800cb70                _printf_float
 .text._printf_common
                0x0800cfc8       0xe4 C:/ST/STM32CubeIDE_1.19.0/STM32CubeIDE/plugins/com.st.stm32cube.ide.mcu.externaltools.gnu-tools-for-stm32.13.3.rel1.win32_1.0.0.202411081344/tools/bin/../lib/gcc/arm-none-eabi/13.3.1/../../../../arm-none-eabi/lib/thumb/v7-m/nofp\libc_nano.a(libc_a-nano-vfprintf_i.o)
                0x0800cfc8                _printf_common
 .text._printf_i
                0x0800d0ac      0x23c C:/ST/STM32CubeIDE_1.19.0/STM32CubeIDE/plugins/com.st.stm32cube.ide.mcu.externaltools.gnu-tools-for-stm32.13.3.rel1.win32_1.0.0.202411081344/tools/bin/../lib/gcc/arm-none-eabi/13.3.1/../../../../arm-none-eabi/lib/thumb/v7-m/nofp\libc_nano.a(libc_a-nano-vfprintf_i.o)
                0x0800d0ac                _printf_i
 .text.std      0x0800d2e8       0x6c C:/ST/STM32CubeIDE_1.19.0/STM32CubeIDE/plugins/com.st.stm32cube.ide.mcu.externaltools.gnu-tools-for-stm32.13.3.rel1.win32_1.0.0.202411081344/tools/bin/../lib/gcc/arm-none-eabi/13.3.1/../../../../arm-none-eabi/lib/thumb/v7-m/nofp\libc_nano.a(libc_a-findfp.o)
 .text.stdio_exit_handler
                0x0800d354       0x18 C:/ST/STM32CubeIDE_1.19.0/STM32CubeIDE/plugins/com.st.stm32cube.ide.mcu.externaltools.gnu-tools-for-stm32.13.3.rel1.win32_1.0.0.202411081344/tools/bin/../lib/gcc/arm-none-eabi/13.3.1/../../../../arm-none-eabi/lib/thumb/v7-m/nofp\libc_nano.a(libc_a-findfp.o)
 .text.cleanup_stdio
                0x0800d36c       0x40 C:/ST/STM32CubeIDE_1.19.0/STM32CubeIDE/plugins/com.st.stm32cube.ide.mcu.externaltools.gnu-tools-for-stm32.13.3.rel1.win32_1.0.0.202411081344/tools/bin/../lib/gcc/arm-none-eabi/13.3.1/../../../../arm-none-eabi/lib/thumb/v7-m/nofp\libc_nano.a(libc_a-findfp.o)
 .text.global_stdio_init.part.0
                0x0800d3ac       0x3c C:/ST/STM32CubeIDE_1.19.0/STM32CubeIDE/plugins/com.st.stm32cube.ide.mcu.externaltools.gnu-tools-for-stm32.13.3.rel1.win32_1.0.0.202411081344/tools/bin/../lib/gcc/arm-none-eabi/13.3.1/../../../../arm-none-eabi/lib/thumb/v7-m/nofp\libc_nano.a(libc_a-findfp.o)
 .text.__sfp_lock_acquire
                0x0800d3e8        0xc C:/ST/STM32CubeIDE_1.19.0/STM32CubeIDE/plugins/com.st.stm32cube.ide.mcu.externaltools.gnu-tools-for-stm32.13.3.rel1.win32_1.0.0.202411081344/tools/bin/../lib/gcc/arm-none-eabi/13.3.1/../../../../arm-none-eabi/lib/thumb/v7-m/nofp\libc_nano.a(libc_a-findfp.o)
                0x0800d3e8                __sfp_lock_acquire
 .text.__sfp_lock_release
                0x0800d3f4        0xc C:/ST/STM32CubeIDE_1.19.0/STM32CubeIDE/plugins/com.st.stm32cube.ide.mcu.externaltools.gnu-tools-for-stm32.13.3.rel1.win32_1.0.0.202411081344/tools/bin/../lib/gcc/arm-none-eabi/13.3.1/../../../../arm-none-eabi/lib/thumb/v7-m/nofp\libc_nano.a(libc_a-findfp.o)
                0x0800d3f4                __sfp_lock_release
 .text.__sinit  0x0800d400       0x30 C:/ST/STM32CubeIDE_1.19.0/STM32CubeIDE/plugins/com.st.stm32cube.ide.mcu.externaltools.gnu-tools-for-stm32.13.3.rel1.win32_1.0.0.202411081344/tools/bin/../lib/gcc/arm-none-eabi/13.3.1/../../../../arm-none-eabi/lib/thumb/v7-m/nofp\libc_nano.a(libc_a-findfp.o)
                0x0800d400                __sinit
 .text._fwalk_sglue
                0x0800d430       0x3c C:/ST/STM32CubeIDE_1.19.0/STM32CubeIDE/plugins/com.st.stm32cube.ide.mcu.externaltools.gnu-tools-for-stm32.13.3.rel1.win32_1.0.0.202411081344/tools/bin/../lib/gcc/arm-none-eabi/13.3.1/../../../../arm-none-eabi/lib/thumb/v7-m/nofp\libc_nano.a(libc_a-fwalk.o)
                0x0800d430                _fwalk_sglue
 .text._puts_r  0x0800d46c       0xaa C:/ST/STM32CubeIDE_1.19.0/STM32CubeIDE/plugins/com.st.stm32cube.ide.mcu.externaltools.gnu-tools-for-stm32.13.3.rel1.win32_1.0.0.202411081344/tools/bin/../lib/gcc/arm-none-eabi/13.3.1/../../../../arm-none-eabi/lib/thumb/v7-m/nofp\libc_nano.a(libc_a-puts.o)
                0x0800d46c                _puts_r
 *fill*         0x0800d516        0x2 
 .text.puts     0x0800d518       0x10 C:/ST/STM32CubeIDE_1.19.0/STM32CubeIDE/plugins/com.st.stm32cube.ide.mcu.externaltools.gnu-tools-for-stm32.13.3.rel1.win32_1.0.0.202411081344/tools/bin/../lib/gcc/arm-none-eabi/13.3.1/../../../../arm-none-eabi/lib/thumb/v7-m/nofp\libc_nano.a(libc_a-puts.o)
                0x0800d518                puts
 .text.snprintf
                0x0800d528       0x6c C:/ST/STM32CubeIDE_1.19.0/STM32CubeIDE/plugins/com.st.stm32cube.ide.mcu.externaltools.gnu-tools-for-stm32.13.3.rel1.win32_1.0.0.202411081344/tools/bin/../lib/gcc/arm-none-eabi/13.3.1/../../../../arm-none-eabi/lib/thumb/v7-m/nofp\libc_nano.a(libc_a-snprintf.o)
                0x0800d528                sniprintf
                0x0800d528                snprintf
 .text.__sread  0x0800d594       0x22 C:/ST/STM32CubeIDE_1.19.0/STM32CubeIDE/plugins/com.st.stm32cube.ide.mcu.externaltools.gnu-tools-for-stm32.13.3.rel1.win32_1.0.0.202411081344/tools/bin/../lib/gcc/arm-none-eabi/13.3.1/../../../../arm-none-eabi/lib/thumb/v7-m/nofp\libc_nano.a(libc_a-stdio.o)
                0x0800d594                __sread
 .text.__swrite
                0x0800d5b6       0x38 C:/ST/STM32CubeIDE_1.19.0/STM32CubeIDE/plugins/com.st.stm32cube.ide.mcu.externaltools.gnu-tools-for-stm32.13.3.rel1.win32_1.0.0.202411081344/tools/bin/../lib/gcc/arm-none-eabi/13.3.1/../../../../arm-none-eabi/lib/thumb/v7-m/nofp\libc_nano.a(libc_a-stdio.o)
                0x0800d5b6                __swrite
 .text.__sseek  0x0800d5ee       0x24 C:/ST/STM32CubeIDE_1.19.0/STM32CubeIDE/plugins/com.st.stm32cube.ide.mcu.externaltools.gnu-tools-for-stm32.13.3.rel1.win32_1.0.0.202411081344/tools/bin/../lib/gcc/arm-none-eabi/13.3.1/../../../../arm-none-eabi/lib/thumb/v7-m/nofp\libc_nano.a(libc_a-stdio.o)
                0x0800d5ee                __sseek
 .text.__sclose
                0x0800d612        0x8 C:/ST/STM32CubeIDE_1.19.0/STM32CubeIDE/plugins/com.st.stm32cube.ide.mcu.externaltools.gnu-tools-for-stm32.13.3.rel1.win32_1.0.0.202411081344/tools/bin/../lib/gcc/arm-none-eabi/13.3.1/../../../../arm-none-eabi/lib/thumb/v7-m/nofp\libc_nano.a(libc_a-stdio.o)
                0x0800d612                __sclose
 .text.__swbuf_r
                0x0800d61a       0x7c C:/ST/STM32CubeIDE_1.19.0/STM32CubeIDE/plugins/com.st.stm32cube.ide.mcu.externaltools.gnu-tools-for-stm32.13.3.rel1.win32_1.0.0.202411081344/tools/bin/../lib/gcc/arm-none-eabi/13.3.1/../../../../arm-none-eabi/lib/thumb/v7-m/nofp\libc_nano.a(libc_a-wbuf.o)
                0x0800d61a                __swbuf_r
 *fill*         0x0800d696        0x2 
 .text.__swsetup_r
                0x0800d698       0xac C:/ST/STM32CubeIDE_1.19.0/STM32CubeIDE/plugins/com.st.stm32cube.ide.mcu.externaltools.gnu-tools-for-stm32.13.3.rel1.win32_1.0.0.202411081344/tools/bin/../lib/gcc/arm-none-eabi/13.3.1/../../../../arm-none-eabi/lib/thumb/v7-m/nofp\libc_nano.a(libc_a-wsetup.o)
                0x0800d698                __swsetup_r
 .text.memmove  0x0800d744       0x34 C:/ST/STM32CubeIDE_1.19.0/STM32CubeIDE/plugins/com.st.stm32cube.ide.mcu.externaltools.gnu-tools-for-stm32.13.3.rel1.win32_1.0.0.202411081344/tools/bin/../lib/gcc/arm-none-eabi/13.3.1/../../../../arm-none-eabi/lib/thumb/v7-m/nofp\libc_nano.a(libc_a-memmove.o)
                0x0800d744                memmove
 .text.memset   0x0800d778       0x10 C:/ST/STM32CubeIDE_1.19.0/STM32CubeIDE/plugins/com.st.stm32cube.ide.mcu.externaltools.gnu-tools-for-stm32.13.3.rel1.win32_1.0.0.202411081344/tools/bin/../lib/gcc/arm-none-eabi/13.3.1/../../../../arm-none-eabi/lib/thumb/v7-m/nofp\libc_nano.a(libc_a-memset.o)
                0x0800d778                memset
 .text.strchr   0x0800d788       0x1a C:/ST/STM32CubeIDE_1.19.0/STM32CubeIDE/plugins/com.st.stm32cube.ide.mcu.externaltools.gnu-tools-for-stm32.13.3.rel1.win32_1.0.0.202411081344/tools/bin/../lib/gcc/arm-none-eabi/13.3.1/../../../../arm-none-eabi/lib/thumb/v7-m/nofp\libc_nano.a(libc_a-strchr.o)
                0x0800d788                strchr
 .text.strncat  0x0800d7a2       0x26 C:/ST/STM32CubeIDE_1.19.0/STM32CubeIDE/plugins/com.st.stm32cube.ide.mcu.externaltools.gnu-tools-for-stm32.13.3.rel1.win32_1.0.0.202411081344/tools/bin/../lib/gcc/arm-none-eabi/13.3.1/../../../../arm-none-eabi/lib/thumb/v7-m/nofp\libc_nano.a(libc_a-strncat.o)
                0x0800d7a2                strncat
 .text.strncpy  0x0800d7c8       0x26 C:/ST/STM32CubeIDE_1.19.0/STM32CubeIDE/plugins/com.st.stm32cube.ide.mcu.externaltools.gnu-tools-for-stm32.13.3.rel1.win32_1.0.0.202411081344/tools/bin/../lib/gcc/arm-none-eabi/13.3.1/../../../../arm-none-eabi/lib/thumb/v7-m/nofp\libc_nano.a(libc_a-strncpy.o)
                0x0800d7c8                strncpy
 *fill*         0x0800d7ee        0x2 
 .text._localeconv_r
                0x0800d7f0        0x8 C:/ST/STM32CubeIDE_1.19.0/STM32CubeIDE/plugins/com.st.stm32cube.ide.mcu.externaltools.gnu-tools-for-stm32.13.3.rel1.win32_1.0.0.202411081344/tools/bin/../lib/gcc/arm-none-eabi/13.3.1/../../../../arm-none-eabi/lib/thumb/v7-m/nofp\libc_nano.a(libc_a-localeconv.o)
                0x0800d7f0                _localeconv_r
 .text._close_r
                0x0800d7f8       0x20 C:/ST/STM32CubeIDE_1.19.0/STM32CubeIDE/plugins/com.st.stm32cube.ide.mcu.externaltools.gnu-tools-for-stm32.13.3.rel1.win32_1.0.0.202411081344/tools/bin/../lib/gcc/arm-none-eabi/13.3.1/../../../../arm-none-eabi/lib/thumb/v7-m/nofp\libc_nano.a(libc_a-closer.o)
                0x0800d7f8                _close_r
 .text._lseek_r
                0x0800d818       0x24 C:/ST/STM32CubeIDE_1.19.0/STM32CubeIDE/plugins/com.st.stm32cube.ide.mcu.externaltools.gnu-tools-for-stm32.13.3.rel1.win32_1.0.0.202411081344/tools/bin/../lib/gcc/arm-none-eabi/13.3.1/../../../../arm-none-eabi/lib/thumb/v7-m/nofp\libc_nano.a(libc_a-lseekr.o)
                0x0800d818                _lseek_r
 .text._read_r  0x0800d83c       0x24 C:/ST/STM32CubeIDE_1.19.0/STM32CubeIDE/plugins/com.st.stm32cube.ide.mcu.externaltools.gnu-tools-for-stm32.13.3.rel1.win32_1.0.0.202411081344/tools/bin/../lib/gcc/arm-none-eabi/13.3.1/../../../../arm-none-eabi/lib/thumb/v7-m/nofp\libc_nano.a(libc_a-readr.o)
                0x0800d83c                _read_r
 .text._write_r
                0x0800d860       0x24 C:/ST/STM32CubeIDE_1.19.0/STM32CubeIDE/plugins/com.st.stm32cube.ide.mcu.externaltools.gnu-tools-for-stm32.13.3.rel1.win32_1.0.0.202411081344/tools/bin/../lib/gcc/arm-none-eabi/13.3.1/../../../../arm-none-eabi/lib/thumb/v7-m/nofp\libc_nano.a(libc_a-writer.o)
                0x0800d860                _write_r
 .text.__errno  0x0800d884        0xc C:/ST/STM32CubeIDE_1.19.0/STM32CubeIDE/plugins/com.st.stm32cube.ide.mcu.externaltools.gnu-tools-for-stm32.13.3.rel1.win32_1.0.0.202411081344/tools/bin/../lib/gcc/arm-none-eabi/13.3.1/../../../../arm-none-eabi/lib/thumb/v7-m/nofp\libc_nano.a(libc_a-errno.o)
                0x0800d884                __errno
 .text.__libc_init_array
                0x0800d890       0x48 C:/ST/STM32CubeIDE_1.19.0/STM32CubeIDE/plugins/com.st.stm32cube.ide.mcu.externaltools.gnu-tools-for-stm32.13.3.rel1.win32_1.0.0.202411081344/tools/bin/../lib/gcc/arm-none-eabi/13.3.1/../../../../arm-none-eabi/lib/thumb/v7-m/nofp\libc_nano.a(libc_a-init.o)
                0x0800d890                __libc_init_array
 .text.__retarget_lock_init_recursive
                0x0800d8d8        0x2 C:/ST/STM32CubeIDE_1.19.0/STM32CubeIDE/plugins/com.st.stm32cube.ide.mcu.externaltools.gnu-tools-for-stm32.13.3.rel1.win32_1.0.0.202411081344/tools/bin/../lib/gcc/arm-none-eabi/13.3.1/../../../../arm-none-eabi/lib/thumb/v7-m/nofp\libc_nano.a(libc_a-lock.o)
                0x0800d8d8                __retarget_lock_init_recursive
 .text.__retarget_lock_acquire_recursive
                0x0800d8da        0x2 C:/ST/STM32CubeIDE_1.19.0/STM32CubeIDE/plugins/com.st.stm32cube.ide.mcu.externaltools.gnu-tools-for-stm32.13.3.rel1.win32_1.0.0.202411081344/tools/bin/../lib/gcc/arm-none-eabi/13.3.1/../../../../arm-none-eabi/lib/thumb/v7-m/nofp\libc_nano.a(libc_a-lock.o)
                0x0800d8da                __retarget_lock_acquire_recursive
 .text.__retarget_lock_release_recursive
                0x0800d8dc        0x2 C:/ST/STM32CubeIDE_1.19.0/STM32CubeIDE/plugins/com.st.stm32cube.ide.mcu.externaltools.gnu-tools-for-stm32.13.3.rel1.win32_1.0.0.202411081344/tools/bin/../lib/gcc/arm-none-eabi/13.3.1/../../../../arm-none-eabi/lib/thumb/v7-m/nofp\libc_nano.a(libc_a-lock.o)
                0x0800d8dc                __retarget_lock_release_recursive
 .text.memchr   0x0800d8de       0x1c C:/ST/STM32CubeIDE_1.19.0/STM32CubeIDE/plugins/com.st.stm32cube.ide.mcu.externaltools.gnu-tools-for-stm32.13.3.rel1.win32_1.0.0.202411081344/tools/bin/../lib/gcc/arm-none-eabi/13.3.1/../../../../arm-none-eabi/lib/thumb/v7-m/nofp\libc_nano.a(libc_a-memchr-stub.o)
                0x0800d8de                memchr
 .text.quorem   0x0800d8fa      0x110 C:/ST/STM32CubeIDE_1.19.0/STM32CubeIDE/plugins/com.st.stm32cube.ide.mcu.externaltools.gnu-tools-for-stm32.13.3.rel1.win32_1.0.0.202411081344/tools/bin/../lib/gcc/arm-none-eabi/13.3.1/../../../../arm-none-eabi/lib/thumb/v7-m/nofp\libc_nano.a(libc_a-dtoa.o)
 *fill*         0x0800da0a        0x6 
 .text._dtoa_r  0x0800da10      0xba8 C:/ST/STM32CubeIDE_1.19.0/STM32CubeIDE/plugins/com.st.stm32cube.ide.mcu.externaltools.gnu-tools-for-stm32.13.3.rel1.win32_1.0.0.202411081344/tools/bin/../lib/gcc/arm-none-eabi/13.3.1/../../../../arm-none-eabi/lib/thumb/v7-m/nofp\libc_nano.a(libc_a-dtoa.o)
                0x0800da10                _dtoa_r
 .text._free_r  0x0800e5b8       0x90 C:/ST/STM32CubeIDE_1.19.0/STM32CubeIDE/plugins/com.st.stm32cube.ide.mcu.externaltools.gnu-tools-for-stm32.13.3.rel1.win32_1.0.0.202411081344/tools/bin/../lib/gcc/arm-none-eabi/13.3.1/../../../../arm-none-eabi/lib/thumb/v7-m/nofp\libc_nano.a(libc_a-freer.o)
                0x0800e5b8                _free_r
 .text.malloc   0x0800e648       0x10 C:/ST/STM32CubeIDE_1.19.0/STM32CubeIDE/plugins/com.st.stm32cube.ide.mcu.externaltools.gnu-tools-for-stm32.13.3.rel1.win32_1.0.0.202411081344/tools/bin/../lib/gcc/arm-none-eabi/13.3.1/../../../../arm-none-eabi/lib/thumb/v7-m/nofp\libc_nano.a(libc_a-malloc.o)
                0x0800e648                malloc
 .text.sbrk_aligned
                0x0800e658       0x44 C:/ST/STM32CubeIDE_1.19.0/STM32CubeIDE/plugins/com.st.stm32cube.ide.mcu.externaltools.gnu-tools-for-stm32.13.3.rel1.win32_1.0.0.202411081344/tools/bin/../lib/gcc/arm-none-eabi/13.3.1/../../../../arm-none-eabi/lib/thumb/v7-m/nofp\libc_nano.a(libc_a-mallocr.o)
 .text._malloc_r
                0x0800e69c      0x100 C:/ST/STM32CubeIDE_1.19.0/STM32CubeIDE/plugins/com.st.stm32cube.ide.mcu.externaltools.gnu-tools-for-stm32.13.3.rel1.win32_1.0.0.202411081344/tools/bin/../lib/gcc/arm-none-eabi/13.3.1/../../../../arm-none-eabi/lib/thumb/v7-m/nofp\libc_nano.a(libc_a-mallocr.o)
                0x0800e69c                _malloc_r
 .text.__malloc_lock
                0x0800e79c        0xc C:/ST/STM32CubeIDE_1.19.0/STM32CubeIDE/plugins/com.st.stm32cube.ide.mcu.externaltools.gnu-tools-for-stm32.13.3.rel1.win32_1.0.0.202411081344/tools/bin/../lib/gcc/arm-none-eabi/13.3.1/../../../../arm-none-eabi/lib/thumb/v7-m/nofp\libc_nano.a(libc_a-mlock.o)
                0x0800e79c                __malloc_lock
 .text.__malloc_unlock
                0x0800e7a8        0xc C:/ST/STM32CubeIDE_1.19.0/STM32CubeIDE/plugins/com.st.stm32cube.ide.mcu.externaltools.gnu-tools-for-stm32.13.3.rel1.win32_1.0.0.202411081344/tools/bin/../lib/gcc/arm-none-eabi/13.3.1/../../../../arm-none-eabi/lib/thumb/v7-m/nofp\libc_nano.a(libc_a-mlock.o)
                0x0800e7a8                __malloc_unlock
 .text._Balloc  0x0800e7b4       0x80 C:/ST/STM32CubeIDE_1.19.0/STM32CubeIDE/plugins/com.st.stm32cube.ide.mcu.externaltools.gnu-tools-for-stm32.13.3.rel1.win32_1.0.0.202411081344/tools/bin/../lib/gcc/arm-none-eabi/13.3.1/../../../../arm-none-eabi/lib/thumb/v7-m/nofp\libc_nano.a(libc_a-mprec.o)
                0x0800e7b4                _Balloc
 .text._Bfree   0x0800e834       0x44 C:/ST/STM32CubeIDE_1.19.0/STM32CubeIDE/plugins/com.st.stm32cube.ide.mcu.externaltools.gnu-tools-for-stm32.13.3.rel1.win32_1.0.0.202411081344/tools/bin/../lib/gcc/arm-none-eabi/13.3.1/../../../../arm-none-eabi/lib/thumb/v7-m/nofp\libc_nano.a(libc_a-mprec.o)
                0x0800e834                _Bfree
 .text.__multadd
                0x0800e878       0x8c C:/ST/STM32CubeIDE_1.19.0/STM32CubeIDE/plugins/com.st.stm32cube.ide.mcu.externaltools.gnu-tools-for-stm32.13.3.rel1.win32_1.0.0.202411081344/tools/bin/../lib/gcc/arm-none-eabi/13.3.1/../../../../arm-none-eabi/lib/thumb/v7-m/nofp\libc_nano.a(libc_a-mprec.o)
                0x0800e878                __multadd
 .text.__hi0bits
                0x0800e904       0x3e C:/ST/STM32CubeIDE_1.19.0/STM32CubeIDE/plugins/com.st.stm32cube.ide.mcu.externaltools.gnu-tools-for-stm32.13.3.rel1.win32_1.0.0.202411081344/tools/bin/../lib/gcc/arm-none-eabi/13.3.1/../../../../arm-none-eabi/lib/thumb/v7-m/nofp\libc_nano.a(libc_a-mprec.o)
                0x0800e904                __hi0bits
 .text.__lo0bits
                0x0800e942       0x5a C:/ST/STM32CubeIDE_1.19.0/STM32CubeIDE/plugins/com.st.stm32cube.ide.mcu.externaltools.gnu-tools-for-stm32.13.3.rel1.win32_1.0.0.202411081344/tools/bin/../lib/gcc/arm-none-eabi/13.3.1/../../../../arm-none-eabi/lib/thumb/v7-m/nofp\libc_nano.a(libc_a-mprec.o)
                0x0800e942                __lo0bits
 .text.__i2b    0x0800e99c       0x2c C:/ST/STM32CubeIDE_1.19.0/STM32CubeIDE/plugins/com.st.stm32cube.ide.mcu.externaltools.gnu-tools-for-stm32.13.3.rel1.win32_1.0.0.202411081344/tools/bin/../lib/gcc/arm-none-eabi/13.3.1/../../../../arm-none-eabi/lib/thumb/v7-m/nofp\libc_nano.a(libc_a-mprec.o)
                0x0800e99c                __i2b
 .text.__multiply
                0x0800e9c8      0x144 C:/ST/STM32CubeIDE_1.19.0/STM32CubeIDE/plugins/com.st.stm32cube.ide.mcu.externaltools.gnu-tools-for-stm32.13.3.rel1.win32_1.0.0.202411081344/tools/bin/../lib/gcc/arm-none-eabi/13.3.1/../../../../arm-none-eabi/lib/thumb/v7-m/nofp\libc_nano.a(libc_a-mprec.o)
                0x0800e9c8                __multiply
 .text.__pow5mult
                0x0800eb0c       0xb4 C:/ST/STM32CubeIDE_1.19.0/STM32CubeIDE/plugins/com.st.stm32cube.ide.mcu.externaltools.gnu-tools-for-stm32.13.3.rel1.win32_1.0.0.202411081344/tools/bin/../lib/gcc/arm-none-eabi/13.3.1/../../../../arm-none-eabi/lib/thumb/v7-m/nofp\libc_nano.a(libc_a-mprec.o)
                0x0800eb0c                __pow5mult
 .text.__lshift
                0x0800ebc0       0xd8 C:/ST/STM32CubeIDE_1.19.0/STM32CubeIDE/plugins/com.st.stm32cube.ide.mcu.externaltools.gnu-tools-for-stm32.13.3.rel1.win32_1.0.0.202411081344/tools/bin/../lib/gcc/arm-none-eabi/13.3.1/../../../../arm-none-eabi/lib/thumb/v7-m/nofp\libc_nano.a(libc_a-mprec.o)
                0x0800ebc0                __lshift
 .text.__mcmp   0x0800ec98       0x36 C:/ST/STM32CubeIDE_1.19.0/STM32CubeIDE/plugins/com.st.stm32cube.ide.mcu.externaltools.gnu-tools-for-stm32.13.3.rel1.win32_1.0.0.202411081344/tools/bin/../lib/gcc/arm-none-eabi/13.3.1/../../../../arm-none-eabi/lib/thumb/v7-m/nofp\libc_nano.a(libc_a-mprec.o)
                0x0800ec98                __mcmp
 *fill*         0x0800ecce        0x2 
 .text.__mdiff  0x0800ecd0      0x128 C:/ST/STM32CubeIDE_1.19.0/STM32CubeIDE/plugins/com.st.stm32cube.ide.mcu.externaltools.gnu-tools-for-stm32.13.3.rel1.win32_1.0.0.202411081344/tools/bin/../lib/gcc/arm-none-eabi/13.3.1/../../../../arm-none-eabi/lib/thumb/v7-m/nofp\libc_nano.a(libc_a-mprec.o)
                0x0800ecd0                __mdiff
 .text.__d2b    0x0800edf8       0xb0 C:/ST/STM32CubeIDE_1.19.0/STM32CubeIDE/plugins/com.st.stm32cube.ide.mcu.externaltools.gnu-tools-for-stm32.13.3.rel1.win32_1.0.0.202411081344/tools/bin/../lib/gcc/arm-none-eabi/13.3.1/../../../../arm-none-eabi/lib/thumb/v7-m/nofp\libc_nano.a(libc_a-mprec.o)
                0x0800edf8                __d2b
 .text.__ssputs_r
                0x0800eea8       0xb6 C:/ST/STM32CubeIDE_1.19.0/STM32CubeIDE/plugins/com.st.stm32cube.ide.mcu.externaltools.gnu-tools-for-stm32.13.3.rel1.win32_1.0.0.202411081344/tools/bin/../lib/gcc/arm-none-eabi/13.3.1/../../../../arm-none-eabi/lib/thumb/v7-m/nofp\libc_nano.a(libc_a-nano-svfprintf.o)
                0x0800eea8                __ssputs_r
 *fill*         0x0800ef5e        0x2 
 .text._svfprintf_r
                0x0800ef60      0x1f8 C:/ST/STM32CubeIDE_1.19.0/STM32CubeIDE/plugins/com.st.stm32cube.ide.mcu.externaltools.gnu-tools-for-stm32.13.3.rel1.win32_1.0.0.202411081344/tools/bin/../lib/gcc/arm-none-eabi/13.3.1/../../../../arm-none-eabi/lib/thumb/v7-m/nofp\libc_nano.a(libc_a-nano-svfprintf.o)
                0x0800ef60                _svfiprintf_r
                0x0800ef60                _svfprintf_r
 .text.__sflush_r
                0x0800f158      0x100 C:/ST/STM32CubeIDE_1.19.0/STM32CubeIDE/plugins/com.st.stm32cube.ide.mcu.externaltools.gnu-tools-for-stm32.13.3.rel1.win32_1.0.0.202411081344/tools/bin/../lib/gcc/arm-none-eabi/13.3.1/../../../../arm-none-eabi/lib/thumb/v7-m/nofp\libc_nano.a(libc_a-fflush.o)
                0x0800f158                __sflush_r
 .text._fflush_r
                0x0800f258       0x50 C:/ST/STM32CubeIDE_1.19.0/STM32CubeIDE/plugins/com.st.stm32cube.ide.mcu.externaltools.gnu-tools-for-stm32.13.3.rel1.win32_1.0.0.202411081344/tools/bin/../lib/gcc/arm-none-eabi/13.3.1/../../../../arm-none-eabi/lib/thumb/v7-m/nofp\libc_nano.a(libc_a-fflush.o)
                0x0800f258                _fflush_r
 .text.__swhatbuf_r
                0x0800f2a8       0x4a C:/ST/STM32CubeIDE_1.19.0/STM32CubeIDE/plugins/com.st.stm32cube.ide.mcu.externaltools.gnu-tools-for-stm32.13.3.rel1.win32_1.0.0.202411081344/tools/bin/../lib/gcc/arm-none-eabi/13.3.1/../../../../arm-none-eabi/lib/thumb/v7-m/nofp\libc_nano.a(libc_a-makebuf.o)
                0x0800f2a8                __swhatbuf_r
 .text.__smakebuf_r
                0x0800f2f2       0x78 C:/ST/STM32CubeIDE_1.19.0/STM32CubeIDE/plugins/com.st.stm32cube.ide.mcu.externaltools.gnu-tools-for-stm32.13.3.rel1.win32_1.0.0.202411081344/tools/bin/../lib/gcc/arm-none-eabi/13.3.1/../../../../arm-none-eabi/lib/thumb/v7-m/nofp\libc_nano.a(libc_a-makebuf.o)
                0x0800f2f2                __smakebuf_r
 *fill*         0x0800f36a        0x2 
 .text._fstat_r
                0x0800f36c       0x24 C:/ST/STM32CubeIDE_1.19.0/STM32CubeIDE/plugins/com.st.stm32cube.ide.mcu.externaltools.gnu-tools-for-stm32.13.3.rel1.win32_1.0.0.202411081344/tools/bin/../lib/gcc/arm-none-eabi/13.3.1/../../../../arm-none-eabi/lib/thumb/v7-m/nofp\libc_nano.a(libc_a-fstatr.o)
                0x0800f36c                _fstat_r
 .text._isatty_r
                0x0800f390       0x20 C:/ST/STM32CubeIDE_1.19.0/STM32CubeIDE/plugins/com.st.stm32cube.ide.mcu.externaltools.gnu-tools-for-stm32.13.3.rel1.win32_1.0.0.202411081344/tools/bin/../lib/gcc/arm-none-eabi/13.3.1/../../../../arm-none-eabi/lib/thumb/v7-m/nofp\libc_nano.a(libc_a-isattyr.o)
                0x0800f390                _isatty_r
 .text._sbrk_r  0x0800f3b0       0x20 C:/ST/STM32CubeIDE_1.19.0/STM32CubeIDE/plugins/com.st.stm32cube.ide.mcu.externaltools.gnu-tools-for-stm32.13.3.rel1.win32_1.0.0.202411081344/tools/bin/../lib/gcc/arm-none-eabi/13.3.1/../../../../arm-none-eabi/lib/thumb/v7-m/nofp\libc_nano.a(libc_a-sbrkr.o)
                0x0800f3b0                _sbrk_r
 .text.memcpy   0x0800f3d0       0x1c C:/ST/STM32CubeIDE_1.19.0/STM32CubeIDE/plugins/com.st.stm32cube.ide.mcu.externaltools.gnu-tools-for-stm32.13.3.rel1.win32_1.0.0.202411081344/tools/bin/../lib/gcc/arm-none-eabi/13.3.1/../../../../arm-none-eabi/lib/thumb/v7-m/nofp\libc_nano.a(libc_a-memcpy-stub.o)
                0x0800f3d0                memcpy
 .text.__assert_func
                0x0800f3ec       0x3c C:/ST/STM32CubeIDE_1.19.0/STM32CubeIDE/plugins/com.st.stm32cube.ide.mcu.externaltools.gnu-tools-for-stm32.13.3.rel1.win32_1.0.0.202411081344/tools/bin/../lib/gcc/arm-none-eabi/13.3.1/../../../../arm-none-eabi/lib/thumb/v7-m/nofp\libc_nano.a(libc_a-assert.o)
                0x0800f3ec                __assert_func
 .text._calloc_r
                0x0800f428       0x28 C:/ST/STM32CubeIDE_1.19.0/STM32CubeIDE/plugins/com.st.stm32cube.ide.mcu.externaltools.gnu-tools-for-stm32.13.3.rel1.win32_1.0.0.202411081344/tools/bin/../lib/gcc/arm-none-eabi/13.3.1/../../../../arm-none-eabi/lib/thumb/v7-m/nofp\libc_nano.a(libc_a-callocr.o)
                0x0800f428                _calloc_r
 .text.__ascii_mbtowc
                0x0800f450       0x24 C:/ST/STM32CubeIDE_1.19.0/STM32CubeIDE/plugins/com.st.stm32cube.ide.mcu.externaltools.gnu-tools-for-stm32.13.3.rel1.win32_1.0.0.202411081344/tools/bin/../lib/gcc/arm-none-eabi/13.3.1/../../../../arm-none-eabi/lib/thumb/v7-m/nofp\libc_nano.a(libc_a-mbtowc_r.o)
                0x0800f450                __ascii_mbtowc
 .text._realloc_r
                0x0800f474       0x5c C:/ST/STM32CubeIDE_1.19.0/STM32CubeIDE/plugins/com.st.stm32cube.ide.mcu.externaltools.gnu-tools-for-stm32.13.3.rel1.win32_1.0.0.202411081344/tools/bin/../lib/gcc/arm-none-eabi/13.3.1/../../../../arm-none-eabi/lib/thumb/v7-m/nofp\libc_nano.a(libc_a-reallocr.o)
                0x0800f474                _realloc_r
 .text.__ascii_wctomb
                0x0800f4d0       0x1a C:/ST/STM32CubeIDE_1.19.0/STM32CubeIDE/plugins/com.st.stm32cube.ide.mcu.externaltools.gnu-tools-for-stm32.13.3.rel1.win32_1.0.0.202411081344/tools/bin/../lib/gcc/arm-none-eabi/13.3.1/../../../../arm-none-eabi/lib/thumb/v7-m/nofp\libc_nano.a(libc_a-wctomb_r.o)
                0x0800f4d0                __ascii_wctomb
 *fill*         0x0800f4ea        0x2 
 .text.fprintf  0x0800f4ec       0x24 C:/ST/STM32CubeIDE_1.19.0/STM32CubeIDE/plugins/com.st.stm32cube.ide.mcu.externaltools.gnu-tools-for-stm32.13.3.rel1.win32_1.0.0.202411081344/tools/bin/../lib/gcc/arm-none-eabi/13.3.1/../../../../arm-none-eabi/lib/thumb/v7-m/nofp\libc_nano.a(libc_a-fprintf.o)
                0x0800f4ec                fiprintf
                0x0800f4ec                fprintf
 .text.abort    0x0800f510        0xe C:/ST/STM32CubeIDE_1.19.0/STM32CubeIDE/plugins/com.st.stm32cube.ide.mcu.externaltools.gnu-tools-for-stm32.13.3.rel1.win32_1.0.0.202411081344/tools/bin/../lib/gcc/arm-none-eabi/13.3.1/../../../../arm-none-eabi/lib/thumb/v7-m/nofp\libc_nano.a(libc_a-abort.o)
                0x0800f510                abort
 .text._malloc_usable_size_r
                0x0800f51e       0x10 C:/ST/STM32CubeIDE_1.19.0/STM32CubeIDE/plugins/com.st.stm32cube.ide.mcu.externaltools.gnu-tools-for-stm32.13.3.rel1.win32_1.0.0.202411081344/tools/bin/../lib/gcc/arm-none-eabi/13.3.1/../../../../arm-none-eabi/lib/thumb/v7-m/nofp\libc_nano.a(libc_a-msizer.o)
                0x0800f51e                _malloc_usable_size_r
 .text.__sfputc_r
                0x0800f52e       0x2a C:/ST/STM32CubeIDE_1.19.0/STM32CubeIDE/plugins/com.st.stm32cube.ide.mcu.externaltools.gnu-tools-for-stm32.13.3.rel1.win32_1.0.0.202411081344/tools/bin/../lib/gcc/arm-none-eabi/13.3.1/../../../../arm-none-eabi/lib/thumb/v7-m/nofp\libc_nano.a(libc_a-nano-vfprintf.o)
 .text.__sfputs_r
                0x0800f558       0x24 C:/ST/STM32CubeIDE_1.19.0/STM32CubeIDE/plugins/com.st.stm32cube.ide.mcu.externaltools.gnu-tools-for-stm32.13.3.rel1.win32_1.0.0.202411081344/tools/bin/../lib/gcc/arm-none-eabi/13.3.1/../../../../arm-none-eabi/lib/thumb/v7-m/nofp\libc_nano.a(libc_a-nano-vfprintf.o)
                0x0800f558                __sfputs_r
 .text._vfprintf_r
                0x0800f57c      0x230 C:/ST/STM32CubeIDE_1.19.0/STM32CubeIDE/plugins/com.st.stm32cube.ide.mcu.externaltools.gnu-tools-for-stm32.13.3.rel1.win32_1.0.0.202411081344/tools/bin/../lib/gcc/arm-none-eabi/13.3.1/../../../../arm-none-eabi/lib/thumb/v7-m/nofp\libc_nano.a(libc_a-nano-vfprintf.o)
                0x0800f57c                _vfprintf_r
                0x0800f57c                _vfiprintf_r
 .text._raise_r
                0x0800f7ac       0x50 C:/ST/STM32CubeIDE_1.19.0/STM32CubeIDE/plugins/com.st.stm32cube.ide.mcu.externaltools.gnu-tools-for-stm32.13.3.rel1.win32_1.0.0.202411081344/tools/bin/../lib/gcc/arm-none-eabi/13.3.1/../../../../arm-none-eabi/lib/thumb/v7-m/nofp\libc_nano.a(libc_a-signal.o)
                0x0800f7ac                _raise_r
 .text.raise    0x0800f7fc       0x10 C:/ST/STM32CubeIDE_1.19.0/STM32CubeIDE/plugins/com.st.stm32cube.ide.mcu.externaltools.gnu-tools-for-stm32.13.3.rel1.win32_1.0.0.202411081344/tools/bin/../lib/gcc/arm-none-eabi/13.3.1/../../../../arm-none-eabi/lib/thumb/v7-m/nofp\libc_nano.a(libc_a-signal.o)
                0x0800f7fc                raise
 .text._kill_r  0x0800f80c       0x24 C:/ST/STM32CubeIDE_1.19.0/STM32CubeIDE/plugins/com.st.stm32cube.ide.mcu.externaltools.gnu-tools-for-stm32.13.3.rel1.win32_1.0.0.202411081344/tools/bin/../lib/gcc/arm-none-eabi/13.3.1/../../../../arm-none-eabi/lib/thumb/v7-m/nofp\libc_nano.a(libc_a-signalr.o)
                0x0800f80c                _kill_r
 .text._getpid_r
                0x0800f830        0x4 C:/ST/STM32CubeIDE_1.19.0/STM32CubeIDE/plugins/com.st.stm32cube.ide.mcu.externaltools.gnu-tools-for-stm32.13.3.rel1.win32_1.0.0.202411081344/tools/bin/../lib/gcc/arm-none-eabi/13.3.1/../../../../arm-none-eabi/lib/thumb/v7-m/nofp\libc_nano.a(libc_a-signalr.o)
                0x0800f830                _getpid_r
 .text.sqrtf    0x0800f834       0x34 C:/ST/STM32CubeIDE_1.19.0/STM32CubeIDE/plugins/com.st.stm32cube.ide.mcu.externaltools.gnu-tools-for-stm32.13.3.rel1.win32_1.0.0.202411081344/tools/bin/../lib/gcc/arm-none-eabi/13.3.1/../../../../arm-none-eabi/lib/thumb/v7-m/nofp\libm.a(libm_a-wf_sqrt.o)
                0x0800f834                sqrtf
 .text.__ieee754_sqrtf
                0x0800f868       0xe0 C:/ST/STM32CubeIDE_1.19.0/STM32CubeIDE/plugins/com.st.stm32cube.ide.mcu.externaltools.gnu-tools-for-stm32.13.3.rel1.win32_1.0.0.202411081344/tools/bin/../lib/gcc/arm-none-eabi/13.3.1/../../../../arm-none-eabi/lib/thumb/v7-m/nofp\libm.a(libm_a-ef_sqrt.o)
                0x0800f868                __ieee754_sqrtf
 *(.glue_7)
 .glue_7        0x0800f948        0x0 linker stubs
 *(.glue_7t)
 .glue_7t       0x0800f948        0x0 linker stubs
 *(.eh_frame)
 .eh_frame      0x0800f948        0x0 C:/ST/STM32CubeIDE_1.19.0/STM32CubeIDE/plugins/com.st.stm32cube.ide.mcu.externaltools.gnu-tools-for-stm32.13.3.rel1.win32_1.0.0.202411081344/tools/bin/../lib/gcc/arm-none-eabi/13.3.1/thumb/v7-m/nofp/crtbegin.o
 *(.init)
 .init          0x0800f948        0x4 C:/ST/STM32CubeIDE_1.19.0/STM32CubeIDE/plugins/com.st.stm32cube.ide.mcu.externaltools.gnu-tools-for-stm32.13.3.rel1.win32_1.0.0.202411081344/tools/bin/../lib/gcc/arm-none-eabi/13.3.1/thumb/v7-m/nofp/crti.o
                0x0800f948                _init
 .init          0x0800f94c        0x8 C:/ST/STM32CubeIDE_1.19.0/STM32CubeIDE/plugins/com.st.stm32cube.ide.mcu.externaltools.gnu-tools-for-stm32.13.3.rel1.win32_1.0.0.202411081344/tools/bin/../lib/gcc/arm-none-eabi/13.3.1/thumb/v7-m/nofp/crtn.o
 *(.fini)
 .fini          0x0800f954        0x4 C:/ST/STM32CubeIDE_1.19.0/STM32CubeIDE/plugins/com.st.stm32cube.ide.mcu.externaltools.gnu-tools-for-stm32.13.3.rel1.win32_1.0.0.202411081344/tools/bin/../lib/gcc/arm-none-eabi/13.3.1/thumb/v7-m/nofp/crti.o
                0x0800f954                _fini
 .fini          0x0800f958        0x8 C:/ST/STM32CubeIDE_1.19.0/STM32CubeIDE/plugins/com.st.stm32cube.ide.mcu.externaltools.gnu-tools-for-stm32.13.3.rel1.win32_1.0.0.202411081344/tools/bin/../lib/gcc/arm-none-eabi/13.3.1/thumb/v7-m/nofp/crtn.o
                0x0800f960                        . = ALIGN (0x4)
                0x0800f960                        _etext = .

.vfp11_veneer   0x0800f960        0x0
 .vfp11_veneer  0x0800f960        0x0 linker stubs

.v4_bx          0x0800f960        0x0
 .v4_bx         0x0800f960        0x0 linker stubs

.iplt           0x0800f960        0x0
 .iplt          0x0800f960        0x0 C:/ST/STM32CubeIDE_1.19.0/STM32CubeIDE/plugins/com.st.stm32cube.ide.mcu.externaltools.gnu-tools-for-stm32.13.3.rel1.win32_1.0.0.202411081344/tools/bin/../lib/gcc/arm-none-eabi/13.3.1/thumb/v7-m/nofp/crtbegin.o

.rodata         0x0800f960      0x9c8
                0x0800f960                        . = ALIGN (0x4)
 *(.rodata)
 .rodata        0x0800f960       0x2a ./Core/Src/adc.o
 *fill*         0x0800f98a        0x2 
 .rodata        0x0800f98c       0x4b ./Core/Src/lora.o
 *fill*         0x0800f9d7        0x1 
 .rodata        0x0800f9d8       0x63 ./Core/Src/rtc_i2c.o
 *fill*         0x0800fa3b        0x1 
 .rodata        0x0800fa3c      0x3ab ./Core/Src/screen.o
 *fill*         0x0800fde7        0x1 
 .rodata        0x0800fde8        0x5 ./Core/Src/uart.o
 *fill*         0x0800fded        0x3 
 .rodata        0x0800fdf0      0x13b ./Core/Src/uart_commands.o
 *(.rodata*)
 *fill*         0x0800ff2b        0x1 
 .rodata.adcChannels
                0x0800ff2c       0x18 ./Core/Src/adc.o
 .rodata.relays
                0x0800ff44       0x18 ./Core/Src/relay.o
 .rodata.main_menu
                0x0800ff5c       0x14 ./Core/Src/screen.o
 .rodata.AHBPrescTable
                0x0800ff70       0x10 ./Core/Src/system_stm32f1xx.o
                0x0800ff70                AHBPrescTable
 .rodata.APBPrescTable
                0x0800ff80        0x8 ./Core/Src/system_stm32f1xx.o
                0x0800ff80                APBPrescTable
 .rodata.aPLLMULFactorTable.1
                0x0800ff88       0x10 ./Drivers/STM32F1xx_HAL_Driver/Src/stm32f1xx_hal_rcc.o
 .rodata.aPredivFactorTable.0
                0x0800ff98        0x2 ./Drivers/STM32F1xx_HAL_Driver/Src/stm32f1xx_hal_rcc.o
 *fill*         0x0800ff9a        0x2 
 .rodata.aPLLMULFactorTable.1
                0x0800ff9c       0x10 ./Drivers/STM32F1xx_HAL_Driver/Src/stm32f1xx_hal_rcc_ex.o
 .rodata.aPredivFactorTable.0
                0x0800ffac        0x2 ./Drivers/STM32F1xx_HAL_Driver/Src/stm32f1xx_hal_rcc_ex.o
 .rodata._ctype_
                0x0800ffae      0x101 C:/ST/STM32CubeIDE_1.19.0/STM32CubeIDE/plugins/com.st.stm32cube.ide.mcu.externaltools.gnu-tools-for-stm32.13.3.rel1.win32_1.0.0.202411081344/tools/bin/../lib/gcc/arm-none-eabi/13.3.1/../../../../arm-none-eabi/lib/thumb/v7-m/nofp\libc_nano.a(libc_a-ctype_.o)
                0x0800ffae                _ctype_
 .rodata._printf_float.str1.1
                0x080100af      0x171 C:/ST/STM32CubeIDE_1.19.0/STM32CubeIDE/plugins/com.st.stm32cube.ide.mcu.externaltools.gnu-tools-for-stm32.13.3.rel1.win32_1.0.0.202411081344/tools/bin/../lib/gcc/arm-none-eabi/13.3.1/../../../../arm-none-eabi/lib/thumb/v7-m/nofp\libc_nano.a(libc_a-nano-vfprintf_float.o)
                                 0x12 (size before relaxing)
 .rodata._printf_i.str1.1
                0x08010220       0x22 C:/ST/STM32CubeIDE_1.19.0/STM32CubeIDE/plugins/com.st.stm32cube.ide.mcu.externaltools.gnu-tools-for-stm32.13.3.rel1.win32_1.0.0.202411081344/tools/bin/../lib/gcc/arm-none-eabi/13.3.1/../../../../arm-none-eabi/lib/thumb/v7-m/nofp\libc_nano.a(libc_a-nano-vfprintf_i.o)
 .rodata._dtoa_r.str1.1
                0x08010220       0x8f C:/ST/STM32CubeIDE_1.19.0/STM32CubeIDE/plugins/com.st.stm32cube.ide.mcu.externaltools.gnu-tools-for-stm32.13.3.rel1.win32_1.0.0.202411081344/tools/bin/../lib/gcc/arm-none-eabi/13.3.1/../../../../arm-none-eabi/lib/thumb/v7-m/nofp\libc_nano.a(libc_a-dtoa.o)
 .rodata._Balloc.str1.1
                0x08010220       0x70 C:/ST/STM32CubeIDE_1.19.0/STM32CubeIDE/plugins/com.st.stm32cube.ide.mcu.externaltools.gnu-tools-for-stm32.13.3.rel1.win32_1.0.0.202411081344/tools/bin/../lib/gcc/arm-none-eabi/13.3.1/../../../../arm-none-eabi/lib/thumb/v7-m/nofp\libc_nano.a(libc_a-mprec.o)
 .rodata.__multadd.str1.1