../Core/Src/acs712.c:45:14:median3	48	static
../Core/Src/acs712.c:55:14:ReadAverageVoltage	48	static
../Core/Src/acs712.c:74:14:instant_current_A_fromV	32	static
../Core/Src/acs712.c:88:6:ACS712_Init	16	static
../Core/Src/acs712.c:99:6:ACS712_CalibrateZero	24	static
../Core/Src/acs712.c:123:6:ACS712_CalibrateGain	48	static
../Core/Src/acs712.c:154:6:ACS712_FeedAdcVoltage	16	static
../Core/Src/acs712.c:161:7:ACS712_ReadCurrent	48	static
../Core/Src/acs712.c:190:7:Voltage_ReadInput	24	static
../Core/Src/acs712.c:203:6:ACS712_Update	8	static
