../Core/Src/lcd_i2c.c:26:6:LCD_I2C_Init	16	static
../Core/Src/lcd_i2c.c:83:6:LCD_I2C_Clear	8	static
../Core/Src/lcd_i2c.c:94:6:LCD_I2C_Home	8	static
../Core/Src/lcd_i2c.c:106:6:LCD_I2C_SetCursor	40	static
../Core/Src/lcd_i2c.c:120:6:LCD_I2C_NoDisplay	8	static
../Core/Src/lcd_i2c.c:131:6:LCD_I2C_Display	8	static
../Core/Src/lcd_i2c.c:142:6:LCD_I2C_NoCursor	8	static
../Core/Src/lcd_i2c.c:153:6:LCD_I2C_Cursor	8	static
../Core/Src/lcd_i2c.c:164:6:LCD_I2C_NoBlink	8	static
../Core/Src/lcd_i2c.c:175:6:LCD_I2C_Blink	8	static
../Core/Src/lcd_i2c.c:186:6:LCD_I2C_ScrollDisplayLeft	8	static
../Core/Src/lcd_i2c.c:196:6:LCD_I2C_ScrollDisplayRight	8	static
../Core/Src/lcd_i2c.c:206:6:LCD_I2C_LeftToRight	8	static
../Core/Src/lcd_i2c.c:217:6:LCD_I2C_RightToLeft	8	static
../Core/Src/lcd_i2c.c:228:6:LCD_I2C_Autoscroll	8	static
../Core/Src/lcd_i2c.c:239:6:LCD_I2C_NoAutoscroll	8	static
../Core/Src/lcd_i2c.c:251:6:LCD_I2C_CreateChar	24	static
../Core/Src/lcd_i2c.c:265:6:LCD_I2C_Backlight	8	static
../Core/Src/lcd_i2c.c:276:6:LCD_I2C_NoBacklight	8	static
../Core/Src/lcd_i2c.c:287:6:LCD_I2C_PrintChar	16	static
../Core/Src/lcd_i2c.c:297:6:LCD_I2C_PrintString	16	static
../Core/Src/lcd_i2c.c:312:13:lcd_send	24	static
../Core/Src/lcd_i2c.c:325:13:lcd_write4bits	16	static
../Core/Src/lcd_i2c.c:336:13:lcd_expanderWrite	32	static
../Core/Src/lcd_i2c.c:347:13:lcd_pulseEnable	16	static
