../Core/Src/lcd_i2c.c:9:23:map_nibble_ctrl	24	static
../Core/Src/lcd_i2c.c:40:13:expander_write	24	static
../Core/Src/lcd_i2c.c:45:13:pulse_enable	16	static
../Core/Src/lcd_i2c.c:59:13:write4bits	24	static
../Core/Src/lcd_i2c.c:68:6:lcd_backlight_on	16	static
../Core/Src/lcd_i2c.c:78:6:lcd_backlight_off	16	static
../Core/Src/lcd_i2c.c:84:6:lcd_send_cmd	16	static
../Core/Src/lcd_i2c.c:91:6:lcd_send_data	16	static
../Core/Src/lcd_i2c.c:98:6:lcd_clear	8	static
../Core/Src/lcd_i2c.c:105:6:lcd_put_cur	16	static
../Core/Src/lcd_i2c.c:112:6:lcd_send_string	16	static
../Core/Src/lcd_i2c.c:117:6:lcd_init	8	static
../Core/Src/lcd_i2c.c:142:6:lcd_self_test	8	static
