../Core/Src/lora.c:24:13:UART_Debug	16	static
../Core/Src/lora.c:74:6:LoRa_WriteReg	24	static
../Core/Src/lora.c:82:9:LoRa_ReadReg	24	static
../Core/Src/lora.c:93:6:LoRa_WriteBuffer	24	static
../Core/Src/lora.c:102:6:LoRa_ReadBuffer	24	static
../Core/Src/lora.c:115:13:LoRa_Reset	8	static
../Core/Src/lora.c:123:13:LoRa_EnterRxContinuous	8	static
../Core/Src/lora.c:129:16:LoRa_ReceivePacket	24	static
../Core/Src/lora.c:159:13:LoRa_SendReply	24	static
../Core/Src/lora.c:190:13:LoRa_SendACK	104	static
../Core/Src/lora.c:202:13:parse_hex8	32	static
../Core/Src/lora.c:226:13:parse_hello_packet	24	static
../Core/Src/lora.c:250:13:parse_data_packet	40	static
../Core/Src/lora.c:317:13:accept_wireless_data	16	static
../Core/Src/lora.c:327:13:pair_device_from_did	96	static
../Core/Src/lora.c:353:6:LoRa_EnterPairingMode	8	static
../Core/Src/lora.c:364:6:LoRa_ExitPairingMode	8	static
../Core/Src/lora.c:370:6:LoRa_IsPairingMode	4	static
../Core/Src/lora.c:375:6:LoRa_IsPairingComplete	4	static
../Core/Src/lora.c:380:10:LoRa_GetLastPairedDID	4	static
../Core/Src/lora.c:389:9:LoRa_GetWirelessTankLevel	4	static
../Core/Src/lora.c:394:9:LoRa_GetWirelessWellDry	4	static
../Core/Src/lora.c:399:6:LoRa_IsWirelessDataValid	8	static
../Core/Src/lora.c:426:6:LoRa_Init	176	static
../Core/Src/lora.c:488:6:LoRa_Task	336	static
