../Core/Inc/lora_protocol.h:194:20:LoRa_DID_IsValid	16	static
../Core/Src/lora.c:38:13:uart_print_now	16	static
../Core/Src/lora.c:51:13:log_defer	16	static
../Core/Src/lora.c:62:13:log_flush	16	static
../Core/Src/lora.c:127:6:LoRa_WriteReg	24	static
../Core/Src/lora.c:139:9:LoRa_ReadReg	32	static
../Core/Src/lora.c:157:13:LoRa_WriteBuffer	24	static
../Core/Src/lora.c:167:13:LoRa_ReadBuffer	24	static
../Core/Src/lora.c:177:13:LoRa_Reset	8	static
../Core/Src/lora.c:192:13:LoRa_EnterRxContinuous	16	static
../Core/Src/lora.c:212:16:LoRa_PollPacket	24	static
../Core/Src/lora.c:262:13:LoRa_FastReply	24	static
../Core/Src/lora.c:293:13:send_ack	48	static
../Core/Src/lora.c:300:13:send_pong	56	static
../Core/Src/lora.c:307:13:send_reject	48	static
../Core/Src/lora.c:314:13:send_sync_req	40	static
../Core/Src/lora.c:322:13:LoRa_GetStateString	4	static
../Core/Src/lora.c:334:18:LoRa_GetState	4	static
../Core/Src/lora.c:336:13:set_state	16	static
../Core/Src/lora.c:345:13:already_in_list	24	static
../Core/Src/lora.c:353:13:should_allow	16	static
../Core/Src/lora.c:360:13:pair_device	16	static
../Core/Src/lora.c:383:6:LoRa_EnterPairingMode	8	static
../Core/Src/lora.c:393:10:LoRa_ExitPairingMode	4	static
../Core/Src/lora.c:394:10:LoRa_IsPairingMode	4	static
../Core/Src/lora.c:395:10:LoRa_IsPairingComplete	4	static
../Core/Src/lora.c:396:10:LoRa_GetLastPairedDID	4	static
../Core/Src/lora.c:399:10:LoRa_GetWirelessTankLevel	4	static
../Core/Src/lora.c:400:10:LoRa_GetWirelessWellDry	4	static
../Core/Src/lora.c:401:10:LoRa_GetLastSequence	4	static
../Core/Src/lora.c:402:10:LoRa_GetPacketsLost	4	static
../Core/Src/lora.c:404:6:LoRa_IsWirelessDataValid	8	static
../Core/Src/lora.c:425:13:validate_sequence	24	static
../Core/Src/lora.c:466:13:accept_data	16	static
../Core/Src/lora.c:480:6:LoRa_Init	216	static
../Core/Src/lora.c:660:13:handle_stale_periodics	16	static
../Core/Src/lora.c:673:13:maybe_print_stats	224	static
../Core/Src/lora.c:692:6:LoRa_Task	184	static
