../Core/Src/lora.c:77:9:LoRa_GetWirelessTankLevel	4	static
../Core/Src/lora.c:82:9:LoRa_GetWirelessWellDry	4	static
../Core/Src/lora.c:89:6:LoRa_IsWirelessDataValid	8	static
../Core/Src/lora.c:120:6:LoRa_WriteReg	24	static
../Core/Src/lora.c:126:9:LoRa_ReadReg	24	static
../Core/Src/lora.c:136:6:LoRa_WriteBuffer	24	static
../Core/Src/lora.c:145:6:LoRa_ReadBuffer	24	static
../Core/Src/lora.c:157:13:LoRa_Reset	8	static
../Core/Src/lora.c:165:13:LoRa_EnterRxContinuous	8	static
../Core/Src/lora.c:174:16:LoRa_ReceivePacket	24	static
../Core/Src/lora.c:199:13:LoRa_SendReply	24	static
../Core/Src/lora.c:220:13:LoRa_SendACK	40	static
../Core/Src/lora.c:237:13:parse_data_packet	40	static
../Core/Src/lora.c:295:6:LoRa_Init	24	static
../Core/Src/lora.c:346:6:LoRa_Task	24	static
