../Core/Src/lora.c:25:13:UART_Debug	16	static
../Core/Src/lora.c:82:6:LoRa_WriteReg	24	static
../Core/Src/lora.c:90:9:LoRa_ReadReg	24	static
../Core/Src/lora.c:101:6:LoRa_WriteBuffer	24	static
../Core/Src/lora.c:110:6:LoRa_ReadBuffer	24	static
../Core/Src/lora.c:123:13:LoRa_Reset	8	static
../Core/Src/lora.c:131:13:LoRa_EnterRxContinuous	8	static
../Core/Src/lora.c:137:16:LoRa_ReceivePacket	24	static
../Core/Src/lora.c:167:13:LoRa_SendReply	24	static
../Core/Src/lora.c:198:13:LoRa_SendACK	104	static
../Core/Src/lora.c:210:13:parse_hex8	32	static
../Core/Src/lora.c:234:13:parse_hello_packet	24	static
../Core/Src/lora.c:270:13:parse_data_packet	40	static
../Core/Src/lora.c:367:13:validate_sequence	152	static
../Core/Src/lora.c:421:13:accept_wireless_data	16	static
../Core/Src/lora.c:431:13:pair_device_from_did	96	static
../Core/Src/lora.c:461:6:LoRa_EnterPairingMode	8	static
../Core/Src/lora.c:472:6:LoRa_ExitPairingMode	8	static
../Core/Src/lora.c:478:6:LoRa_IsPairingMode	4	static
../Core/Src/lora.c:483:6:LoRa_IsPairingComplete	4	static
../Core/Src/lora.c:488:10:LoRa_GetLastPairedDID	4	static
../Core/Src/lora.c:497:9:LoRa_GetWirelessTankLevel	4	static
../Core/Src/lora.c:502:9:LoRa_GetWirelessWellDry	4	static
../Core/Src/lora.c:510:10:LoRa_GetLastSequence	4	static
../Core/Src/lora.c:518:10:LoRa_GetPacketsLost	4	static
../Core/Src/lora.c:523:6:LoRa_IsWirelessDataValid	8	static
../Core/Src/lora.c:553:6:LoRa_Init	176	static
../Core/Src/lora.c:623:6:LoRa_Task	376	static
