../Core/Inc/lora_protocol.h:194:20:LoRa_DID_IsValid	16	static
../Core/Src/lora.c:38:13:uart_print_now	16	static
../Core/Src/lora.c:51:13:log_defer	16	static
../Core/Src/lora.c:62:13:log_flush	16	static
../Core/Src/lora.c:126:6:LoRa_WriteReg	24	static
../Core/Src/lora.c:134:9:LoRa_ReadReg	24	static
../Core/Src/lora.c:144:13:LoRa_WriteBuffer	24	static
../Core/Src/lora.c:153:13:LoRa_ReadBuffer	24	static
../Core/Src/lora.c:163:13:LoRa_Reset	8	static
../Core/Src/lora.c:171:13:LoRa_EnterRxContinuous	8	static
../Core/Src/lora.c:178:16:LoRa_PollPacket	24	static
../Core/Src/lora.c:206:13:LoRa_FastReply	24	static
../Core/Src/lora.c:237:13:send_ack	48	static
../Core/Src/lora.c:244:13:send_pong	56	static
../Core/Src/lora.c:251:13:send_reject	48	static
../Core/Src/lora.c:258:13:send_sync_req	40	static
../Core/Src/lora.c:266:13:LoRa_GetStateString	4	static
../Core/Src/lora.c:278:18:LoRa_GetState	4	static
../Core/Src/lora.c:280:13:set_state	16	static
../Core/Src/lora.c:289:13:already_in_list	24	static
../Core/Src/lora.c:297:13:should_allow	16	static
../Core/Src/lora.c:304:13:pair_device	16	static
../Core/Src/lora.c:327:6:LoRa_EnterPairingMode	8	static
../Core/Src/lora.c:337:10:LoRa_ExitPairingMode	4	static
../Core/Src/lora.c:338:10:LoRa_IsPairingMode	4	static
../Core/Src/lora.c:339:10:LoRa_IsPairingComplete	4	static
../Core/Src/lora.c:340:10:LoRa_GetLastPairedDID	4	static
../Core/Src/lora.c:343:10:LoRa_GetWirelessTankLevel	4	static
../Core/Src/lora.c:344:10:LoRa_GetWirelessWellDry	4	static
../Core/Src/lora.c:345:10:LoRa_GetLastSequence	4	static
../Core/Src/lora.c:346:10:LoRa_GetPacketsLost	4	static
../Core/Src/lora.c:348:6:LoRa_IsWirelessDataValid	8	static
../Core/Src/lora.c:369:13:validate_sequence	24	static
../Core/Src/lora.c:410:13:accept_data	16	static
../Core/Src/lora.c:427:6:LoRa_Init	176	static
../Core/Src/lora.c:561:13:handle_stale_periodics	16	static
../Core/Src/lora.c:574:13:maybe_print_stats	224	static
../Core/Src/lora.c:596:6:LoRa_Task	56	static
