../Core/Src/lora.c:72:6:LoRa_WriteReg	24	static
../Core/Src/lora.c:81:9:LoRa_ReadReg	24	static
../Core/Src/lora.c:94:6:LoRa_WriteBuffer	24	static
../Core/Src/lora.c:104:6:LoRa_ReadBuffer	24	static
../Core/Src/lora.c:118:13:LoRa_Reset	8	static
../Core/Src/lora.c:126:13:LoRa_EnterRxContinuous	8	static
../Core/Src/lora.c:132:16:LoRa_ReceivePacket	24	static
../Core/Src/lora.c:162:13:LoRa_SendReply	24	static
../Core/Src/lora.c:193:13:LoRa_SendACK	40	static
../Core/Src/lora.c:205:13:parse_hex8	32	static
../Core/Src/lora.c:230:13:parse_hello_packet	24	static
../Core/Src/lora.c:257:13:parse_data_packet	40	static
../Core/Src/lora.c:324:13:accept_wireless_data	16	static
../Core/Src/lora.c:334:13:pair_device_from_did	16	static
../Core/Src/lora.c:355:6:LoRa_EnterPairingMode	8	static
../Core/Src/lora.c:363:6:LoRa_ExitPairingMode	4	static
../Core/Src/lora.c:368:6:LoRa_IsPairingMode	4	static
../Core/Src/lora.c:373:6:LoRa_IsPairingComplete	4	static
../Core/Src/lora.c:378:10:LoRa_GetLastPairedDID	4	static
../Core/Src/lora.c:387:9:LoRa_GetWirelessTankLevel	4	static
../Core/Src/lora.c:392:9:LoRa_GetWirelessWellDry	4	static
../Core/Src/lora.c:397:6:LoRa_IsWirelessDataValid	8	static
../Core/Src/lora.c:423:6:LoRa_Init	16	static
../Core/Src/lora.c:458:6:LoRa_Task	24	static
