../Core/Src/lora.c:76:9:LoRa_GetWirelessTankLevel	4	static
../Core/Src/lora.c:81:6:LoRa_IsWirelessDataValid	8	static
../Core/Src/lora.c:112:6:LoRa_WriteReg	24	static
../Core/Src/lora.c:120:9:LoRa_ReadReg	24	static
../Core/Src/lora.c:130:6:LoRa_WriteBuffer	24	static
../Core/Src/lora.c:139:6:LoRa_ReadBuffer	24	static
../Core/Src/lora.c:153:13:LoRa_Reset	8	static
../Core/Src/lora.c:162:13:LoRa_EnterRxContinuous	8	static
../Core/Src/lora.c:169:16:LoRa_ReceivePacket	24	static
../Core/Src/lora.c:209:13:LoRa_SendReply	24	static
../Core/Src/lora.c:240:13:LoRa_SendACK	88	static
../Core/Src/lora.c:257:13:parse_data_packet	40	static
../Core/Src/lora.c:302:6:LoRa_Init	96	static
../Core/Src/lora.c:361:6:LoRa_Task	120	static
