../Core/Inc/lora_protocol.h:194:20:LoRa_DID_IsValid	16	static
../Core/Src/lora.c:38:13:uart_print_now	16	static
../Core/Src/lora.c:52:13:log_defer	16	static
../Core/Src/lora.c:63:13:log_flush	16	static
../Core/Src/lora.c:128:6:LoRa_WriteReg	24	static
../Core/Src/lora.c:140:9:LoRa_ReadReg	32	static
../Core/Src/lora.c:158:13:LoRa_WriteBuffer	24	static
../Core/Src/lora.c:168:13:LoRa_ReadBuffer	24	static
../Core/Src/lora.c:178:13:LoRa_Reset	8	static
../Core/Src/lora.c:193:13:LoRa_EnterRxContinuous	16	static
../Core/Src/lora.c:213:16:LoRa_PollPacket	24	static
../Core/Src/lora.c:263:13:LoRa_FastReply	24	static
../Core/Src/lora.c:294:13:send_ack	48	static
../Core/Src/lora.c:301:13:send_pong	56	static
../Core/Src/lora.c:308:13:send_reject	48	static
../Core/Src/lora.c:315:13:send_sync_req	40	static
../Core/Src/lora.c:323:13:LoRa_GetStateString	4	static
../Core/Src/lora.c:335:18:LoRa_GetState	4	static
../Core/Src/lora.c:337:13:set_state	16	static
../Core/Src/lora.c:346:13:already_in_list	24	static
../Core/Src/lora.c:359:13:should_allow	16	static
../Core/Src/lora.c:379:6:LoRa_ClearDiscoveredDevices	8	static
../Core/Src/lora.c:385:13:discovery_add_or_update	24	static
../Core/Src/lora.c:418:9:LoRa_GetDiscoveredCount	4	static
../Core/Src/lora.c:423:6:LoRa_GetDiscoveredDevice	16	static
../Core/Src/lora.c:438:13:pair_device	16	static
../Core/Src/lora.c:471:6:LoRa_PairDiscoveredDevice	24	static
../Core/Src/lora.c:495:6:LoRa_EnterPairingMode	8	static
../Core/Src/lora.c:517:6:LoRa_ExitPairingMode	8	static
../Core/Src/lora.c:526:6:LoRa_IsPairingMode	4	static
../Core/Src/lora.c:531:6:LoRa_IsPairingComplete	4	static
../Core/Src/lora.c:536:10:LoRa_GetLastPairedDID	4	static
../Core/Src/lora.c:540:10:LoRa_GetWirelessTankLevel	4	static
../Core/Src/lora.c:541:10:LoRa_GetWirelessWellDry	4	static
../Core/Src/lora.c:542:10:LoRa_GetLastSequence	4	static
../Core/Src/lora.c:543:10:LoRa_GetPacketsLost	4	static
../Core/Src/lora.c:545:6:LoRa_IsWirelessDataValid	8	static
../Core/Src/lora.c:577:6:LoRa_OnPairingListChanged	8	static
../Core/Src/lora.c:610:13:validate_sequence	24	static
../Core/Src/lora.c:650:13:accept_data	16	static
../Core/Src/lora.c:677:6:LoRa_Init	216	static
../Core/Src/lora.c:857:13:handle_stale_periodics	16	static
../Core/Src/lora.c:868:6:LoRa_ClearWirelessData	8	static
../Core/Src/lora.c:880:13:maybe_print_stats	224	static
../Core/Src/lora.c:899:6:LoRa_Task	184	static
