../Core/Src/lora.c:34:6:LoRa_WriteReg	24	static
../Core/Src/lora.c:41:9:LoRa_ReadReg	24	static
../Core/Src/lora.c:51:6:LoRa_WriteBuffer	24	static
../Core/Src/lora.c:59:6:LoRa_ReadBuffer	24	static
../Core/Src/lora.c:68:6:LoRa_Reset	8	static
../Core/Src/lora.c:76:6:LoRa_SetFrequency	32	static
../Core/Src/lora.c:84:6:LoRa_Init	8	static
../Core/Src/lora.c:123:6:LoRa_SetStandby	8	static
../Core/Src/lora.c:124:6:LoRa_SetRxContinuous	8	static
../Core/Src/lora.c:125:6:LoRa_SetTx	8	static
../Core/Src/lora.c:128:6:LoRa_SendPacket	24	static
../Core/Src/lora.c:159:9:LoRa_ReceivePacket	24	static
../Core/Src/lora.c:177:6:LoRa_Task	104	static
