../Core/Src/lora.c:11:6:LoRa_WriteReg	24	static
../Core/Src/lora.c:18:9:LoRa_ReadReg	24	static
../Core/Src/lora.c:28:6:LoRa_WriteBuffer	24	static
../Core/Src/lora.c:36:6:LoRa_ReadBuffer	24	static
../Core/Src/lora.c:45:6:LoRa_Reset	8	static
../Core/Src/lora.c:53:6:LoRa_SetFrequency	32	static
../Core/Src/lora.c:62:6:LoRa_Init	8	static
../Core/Src/lora.c:109:6:LoRa_SetStandby	8	static
../Core/Src/lora.c:117:6:LoRa_SetRxContinuous	8	static
../Core/Src/lora.c:125:6:LoRa_SetTx	8	static
../Core/Src/lora.c:131:6:LoRa_SendPacket	24	static
../Core/Src/lora.c:161:9:LoRa_ReceivePacket	24	static
