../Core/Src/lora.c:28:9:LoRa_GetWirelessTankLevel	4	static
../Core/Src/lora.c:29:9:LoRa_GetWirelessWellDry	4	static
../Core/Src/lora.c:30:6:LoRa_IsWirelessDataValid	8	static
../Core/Src/lora.c:51:6:LoRa_WriteReg	24	static
../Core/Src/lora.c:57:9:LoRa_ReadReg	24	static
../Core/Src/lora.c:67:6:LoRa_WriteBuffer	24	static
../Core/Src/lora.c:76:6:LoRa_ReadBuffer	24	static
../Core/Src/lora.c:84:13:LoRa_Reset	8	static
../Core/Src/lora.c:92:13:LoRa_EnterRxContinuous	8	static
../Core/Src/lora.c:98:16:LoRa_ReceivePacket	24	static
../Core/Src/lora.c:116:13:LoRa_SendReply	24	static
../Core/Src/lora.c:135:13:LoRa_SendACK	40	static
../Core/Src/lora.c:142:13:parse_data_packet	40	static
../Core/Src/lora.c:186:6:LoRa_Init	24	static
../Core/Src/lora.c:212:6:LoRa_Task	24	static
