../Core/Src/lora.c:41:9:LoRa_GetWirelessTankLevel	4	static
../Core/Src/lora.c:43:6:LoRa_IsWirelessDataValid	8	static
../Core/Src/lora.c:62:6:LoRa_WriteReg	24	static
../Core/Src/lora.c:70:9:LoRa_ReadReg	24	static
../Core/Src/lora.c:80:6:LoRa_WriteBuffer	24	static
../Core/Src/lora.c:89:6:LoRa_ReadBuffer	24	static
../Core/Src/lora.c:99:13:LoRa_Reset	8	static
../Core/Src/lora.c:108:6:LoRa_Init	16	static
../Core/Src/lora.c:139:9:LoRa_ReceivePacket	24	static
../Core/Src/lora.c:171:16:parse_tank_level	24	static
../Core/Src/lora.c:197:6:LoRa_Task	16	static
