../Core/Src/lora.c:31:6:LoRa_WriteReg	24	static
../Core/Src/lora.c:38:9:LoRa_ReadReg	24	static
../Core/Src/lora.c:48:6:LoRa_WriteBuffer	24	static
../Core/Src/lora.c:56:6:LoRa_ReadBuffer	24	static
../Core/Src/lora.c:65:6:LoRa_Reset	8	static
../Core/Src/lora.c:73:6:LoRa_SetFrequency	32	static
../Core/Src/lora.c:81:6:LoRa_Init	8	static
../Core/Src/lora.c:123:6:LoRa_SetStandby	8	static
../Core/Src/lora.c:124:6:LoRa_SetRxContinuous	8	static
../Core/Src/lora.c:125:6:LoRa_SetTx	8	static
../Core/Src/lora.c:128:6:LoRa_SendPacket	24	static
../Core/Src/lora.c:161:9:LoRa_ReceivePacket	24	static
../Core/Src/lora.c:180:13:LoRa_HandleReceived	16	static
../Core/Src/lora.c:189:6:LoRa_Task	16	static
