../Core/Src/lora.c:38:9:LoRa_GetWirelessTankLevel	4	static
../Core/Src/lora.c:40:6:LoRa_IsWirelessDataValid	8	static
../Core/Src/lora.c:66:6:LoRa_WriteReg	24	static
../Core/Src/lora.c:72:9:LoRa_ReadReg	24	static
../Core/Src/lora.c:82:6:LoRa_WriteBuffer	24	static
../Core/Src/lora.c:91:6:LoRa_ReadBuffer	24	static
../Core/Src/lora.c:103:13:LoRa_Reset	8	static
../Core/Src/lora.c:111:13:LoRa_EnterRxContinuous	8	static
../Core/Src/lora.c:117:16:LoRa_ReceivePacket	24	static
../Core/Src/lora.c:138:13:LoRa_SendReply	24	static
../Core/Src/lora.c:159:13:LoRa_SendACK	40	static
../Core/Src/lora.c:167:13:parse_data_packet	40	static
../Core/Src/lora.c:201:6:LoRa_Init	24	static
../Core/Src/lora.c:232:6:LoRa_Task	24	static
