../Core/Src/main.c:93:6:Debug_Print	1
../Core/Src/main.c:103:6:HAL_ADC_ConvHalfCpltCallback	1
../Core/Src/main.c:117:5:main	2
../Core/Src/main.c:177:6:SystemClock_Config	4
../Core/Src/main.c:225:13:MX_ADC1_Init	10
../Core/Src/main.c:335:13:MX_I2C2_Init	2
../Core/Src/main.c:369:13:MX_RTC_Init	5
../Core/Src/main.c:438:13:MX_SPI1_Init	2
../Core/Src/main.c:476:13:MX_TIM3_Init	4
../Core/Src/main.c:521:13:MX_USART1_UART_Init	2
../Core/Src/main.c:554:13:MX_GPIO_Init	1
../Core/Src/main.c:614:6:Error_Handler	1
