../Core/Src/main.c:69:6:Debug_Print	16	static
../Core/Src/main.c:74:6:UART_PrintLn	16	static
../Core/Src/main.c:80:6:HAL_ADC_ConvHalfCpltCallback	16	static
../Core/Src/main.c:86:5:main	168	static
../Core/Src/main.c:185:6:SystemClock_Config	88	static
../Core/Src/main.c:214:13:MX_ADC1_Init	64	static
../Core/Src/main.c:240:13:MX_I2C2_Init	8	static
../Core/Src/main.c:254:13:MX_SPI1_Init	8	static
../Core/Src/main.c:271:13:MX_TIM3_Init	32	static
../Core/Src/main.c:292:13:MX_USART1_UART_Init	8	static
../Core/Src/main.c:305:13:MX_GPIO_Init	48	static
../Core/Src/main.c:369:6:Error_Handler	8	static,ignoring_inline_asm
