../Core/Src/main.c:83:6:I2C_Scan	16	static
../Core/Src/main.c:95:6:Debug_Print	16	static
../Core/Src/main.c:101:6:ProcessUartCommand	16	static
../Core/Src/main.c:120:5:main	192	static
../Core/Src/main.c:213:6:SystemClock_Config	88	static
../Core/Src/main.c:261:13:MX_ADC1_Init	24	static
../Core/Src/main.c:308:13:MX_I2C2_Init	8	static
../Core/Src/main.c:342:13:MX_RTC_Init	24	static
../Core/Src/main.c:412:13:MX_SPI1_Init	8	static
../Core/Src/main.c:450:13:MX_USART1_UART_Init	8	static
../Core/Src/main.c:483:13:MX_GPIO_Init	40	static
../Core/Src/main.c:543:6:Error_Handler	4	static,ignoring_inline_asm
