../Core/Src/model_handle.c:50:6:Motor_On	8	static
../Core/Src/model_handle.c:57:6:Motor_Off	8	static
../Core/Src/model_handle.c:64:6:Motor_GetStatus	4	static
../Core/Src/model_handle.c:69:6:ModelHandle_ProcessReceivedPacket	16	static
../Core/Src/model_handle.c:80:6:ModelHandle_ProcessUartCommand	72	static
../Core/Src/model_handle.c:153:6:ModelHandle_ManualMode	16	static
../Core/Src/model_handle.c:162:6:ModelHandle_CountdownMode	80	static
../Core/Src/model_handle.c:203:6:ModelHandle_TimerMode	160	static
../Core/Src/model_handle.c:238:6:ModelHandle_SearchMode	80	static
../Core/Src/model_handle.c:264:6:ModelHandle_TwistMode	88	static
../Core/Src/model_handle.c:308:6:ModelHandle_SemiAutoMode	16	static
../Core/Src/model_handle.c:319:6:ModelHandle_ErrorMode	272	static
../Core/Src/model_handle.c:337:6:ModelHandle_RunTimers	72	static
../Core/Src/model_handle.c:369:6:ModelHandle_RunCountdown	16	static
../Core/Src/model_handle.c:389:6:ModelHandle_RunSearchLogic	16	static
../Core/Src/model_handle.c:413:6:ModelHandle_RunTwistLogic	16	static
../Core/Src/model_handle.c:451:6:ModelHandle_CheckAllModes	8	static
../Core/Src/model_handle.c:459:6:ModelHandle_ParseTime	32	static
../Core/Src/model_handle.c:473:6:ModelHandle_ParseDuration	32	static
../Core/Src/model_handle.c:487:10:ModelHandle_TimeToSeconds	16	static
../Core/Src/model_handle.c:491:10:ModelHandle_DurationToSeconds	16	static
../Core/Src/model_handle.c:495:6:ModelHandle_SecondsToTime	24	static
../Core/Src/model_handle.c:502:9:ModelHandle_ParseDayBits	24	static
../Core/Src/model_handle.c:519:6:ModelHandle_IsDayActive	16	static
../Core/Src/model_handle.c:523:9:ModelHandle_GetCurrentDayOfWeek	4	static
../Core/Src/model_handle.c:529:6:ModelHandle_DebugPrint	144	static
../Core/Src/model_handle.c:537:6:ModelHandle_Process	8	static
