../Drivers/CMSIS/Include/core_cm3.h:1762:34:__NVIC_SystemReset	4	static,ignoring_inline_asm
../Core/Src/model_handle.c:75:24:now_ms	8	static
../Core/Src/model_handle.c:80:20:clear_all_modes	4	static
../Core/Src/model_handle.c:89:13:Safe_SendStatusPacket	16	static
../Core/Src/model_handle.c:104:20:motor_apply	16	static
../Core/Src/model_handle.c:127:6:Motor_ImmediateOff	8	static
../Core/Src/model_handle.c:132:6:Motor_ImmediateOn	8	static
../Core/Src/model_handle.c:137:20:start_motor	8	static
../Core/Src/model_handle.c:142:20:stop_motor_keep_modes	8	static
../Core/Src/model_handle.c:147:6:Motor_GetStatus	4	static
../Core/Src/model_handle.c:152:6:ModelHandle_SetMotor	16	static
../Core/Src/model_handle.c:166:6:ModelHandle_CheckDryRun	16	static
../Core/Src/model_handle.c:186:20:isTankFull	16	static
../Core/Src/model_handle.c:219:6:ModelHandle_ToggleManual	8	static
../Core/Src/model_handle.c:245:6:ModelHandle_StopAllModesAndMotor	8	static
../Core/Src/model_handle.c:252:6:ModelHandle_ClearManualOverride	4	static
../Core/Src/model_handle.c:256:6:ModelHandle_TriggerAuxBurst	16	static
../Core/Src/model_handle.c:266:6:ModelHandle_ManualLongPress	8	static
../Core/Src/model_handle.c:273:20:isAnyModeActive	4	static
../Core/Src/model_handle.c:281:6:ModelHandle_SoftDryRunHandler	16	static
../Core/Src/model_handle.c:410:6:ModelHandle_ProcessDryRun	8	static
../Core/Src/model_handle.c:441:6:ModelHandle_StopCountdown	8	static
../Core/Src/model_handle.c:452:13:countdown_start_one_run	8	static
../Core/Src/model_handle.c:461:6:ModelHandle_StartCountdown	16	static
../Core/Src/model_handle.c:485:13:countdown_tick	16	static
../Core/Src/model_handle.c:519:6:ModelHandle_StartTwist	24	static
../Core/Src/model_handle.c:549:6:ModelHandle_StopTwist	8	static
../Core/Src/model_handle.c:557:13:twist_tick	16	static
../Core/Src/model_handle.c:632:6:ModelHandle_TimerRecalculateNow	40	static
../Core/Src/model_handle.c:688:17:toSec	16	static
../Core/Src/model_handle.c:694:6:ModelHandle_SetTimerSlot	24	static
../Core/Src/model_handle.c:714:13:timer_any_slot_should_run	24	static
../Core/Src/model_handle.c:742:6:ModelHandle_StartAuto	8	static
../Core/Src/model_handle.c:755:6:ModelHandle_StopAuto	8	static
../Core/Src/model_handle.c:770:6:ModelHandle_StopTimer	8	static
../Core/Src/model_handle.c:779:6:ModelHandle_StartTimer	16	static
../Core/Src/model_handle.c:795:13:timer_tick	16	static
../Core/Src/model_handle.c:835:6:ModelHandle_StartSemiAuto	8	static
../Core/Src/model_handle.c:845:6:ModelHandle_StopSemiAuto	8	static
../Core/Src/model_handle.c:851:13:auto_tick	16	static
../Core/Src/model_handle.c:906:6:ModelHandle_SetAutoSettings	16	static
../Core/Src/model_handle.c:919:6:ModelHandle_ToggleAuto	8	static
../Core/Src/model_handle.c:931:13:protections_tick	8	static
../Core/Src/model_handle.c:966:13:leds_from_model	8	static
../Core/Src/model_handle.c:1000:13:twist_time_logic	8	static
../Core/Src/model_handle.c:1032:6:ModelHandle_StartNearestTimer	32	static
../Core/Src/model_handle.c:1075:6:ModelHandle_Process	8	static
../Core/Src/model_handle.c:1106:6:ModelHandle_ProcessUartCommand	32	static
../Core/Src/model_handle.c:1166:6:ModelHandle_ResetAll	16	static
../Core/Src/model_handle.c:1203:6:ModelHandle_SaveCurrentStateToEEPROM	16	static
