../Core/Src/model_handle.c:40:17:Timer_CRC16	24	static
../Core/Src/model_handle.c:275:6:EEPROM_WriteBlockSafe	40	static
../Core/Src/model_handle.c:289:17:SYS_CRC16	24	static
../Core/Src/model_handle.c:305:6:ModelHandle_SaveSettingsToEEPROM	32	static
../Core/Src/model_handle.c:326:6:ModelHandle_LoadSettingsFromEEPROM	32	static
../Core/Src/model_handle.c:350:6:ModelHandle_SaveModeState	8	static
../Core/Src/model_handle.c:363:13:backup_current_mode	4	static
../Core/Src/model_handle.c:371:13:restore_previous_mode	8	static
../Core/Src/model_handle.c:402:6:ModelHandle_StopRestart	8	static
../Core/Src/model_handle.c:412:6:ModelHandle_LoadModeState	16	static
../Core/Src/model_handle.c:468:6:ModelHandle_SaveTimerToEEPROM	64	static
../Core/Src/model_handle.c:481:6:ModelHandle_LoadTimerFromEEPROM	64	static
../Core/Src/model_handle.c:490:6:Timer_EEPROM_EnsureValid	56	static
../Core/Src/model_handle.c:501:13:is_schedule_allowing_run	8	static
../Core/Src/model_handle.c:509:16:read_raw_tank_level	16	static
../Core/Src/model_handle.c:521:16:get_tank_level_percent	16	static
../Core/Src/model_handle.c:547:13:isTankFull	8	static
../Core/Src/model_handle.c:561:6:ModelHandle_StartRestart	8	static
../Core/Src/model_handle.c:579:6:ModelHandle_TimerRecalculateNow	8	static
../Core/Src/model_handle.c:584:6:ModelHandle_ProcessDryRun	8	static
../Core/Src/model_handle.c:588:10:ModelHandle_GetGapTime	4	static
../Core/Src/model_handle.c:589:10:ModelHandle_GetRetryCount	4	static
../Core/Src/model_handle.c:590:10:ModelHandle_GetUnderVolt	4	static
../Core/Src/model_handle.c:591:10:ModelHandle_GetOverVolt	4	static
../Core/Src/model_handle.c:592:10:ModelHandle_GetOverloadLimit	8	static
../Core/Src/model_handle.c:593:10:ModelHandle_GetUnderloadLimit	8	static
../Core/Src/model_handle.c:594:10:ModelHandle_GetMaxRunTime	4	static
../Core/Src/model_handle.c:595:9:ModelHandle_GetPowerRestoreMode	4	static
../Core/Src/model_handle.c:599:6:ModelHandle_SetPowerRestoreMode	16	static
../Core/Src/model_handle.c:605:6:ModelHandle_ToggleManual	8	static
../Core/Src/model_handle.c:630:6:ModelHandle_ManualToggleMotor	8	static
../Core/Src/model_handle.c:642:6:ModelHandle_StopAllModesAndMotor	8	static
../Core/Src/model_handle.c:648:6:ModelHandle_FactoryReset	8	static
../Core/Src/model_handle.c:659:6:ModelHandle_StartTimerNearestSlot	8	static
../Core/Src/model_handle.c:664:20:Buzzer_SetPin	16	static
../Core/Src/model_handle.c:669:13:Buzzer_StartEvent	16	static
../Core/Src/model_handle.c:676:13:Buzzer_Update	24	static
../Core/Src/model_handle.c:710:24:now_ms	8	static
../Core/Src/model_handle.c:714:20:clear_all_modes	4	static
../Core/Src/model_handle.c:726:6:ModelHandle_OnPowerUp	16	static
../Core/Src/model_handle.c:760:20:Motor_IsRelayOn	8	static
../Core/Src/model_handle.c:764:13:Motor_StartAllowed	4	static
../Core/Src/model_handle.c:769:6:ModelHandle_IsRestartActive	4	static
../Core/Src/model_handle.c:774:20:motor_apply	24	static
../Core/Src/model_handle.c:799:6:Motor_GetStatus	8	static
../Core/Src/model_handle.c:803:20:start_motor	16	static
../Core/Src/model_handle.c:830:20:stop_motor	8	static
../Core/Src/model_handle.c:834:13:check_max_run	16	static
../Core/Src/model_handle.c:856:6:ModelHandle_CheckDryRun	16	static
../Core/Src/model_handle.c:869:6:ModelHandle_CheckGroundWater	16	static
../Core/Src/model_handle.c:877:20:isAnyModeActive	4	static
../Core/Src/model_handle.c:882:6:ModelHandle_SoftDryRunHandler	24	static
../Core/Src/model_handle.c:931:24:get_load_lock_duration_ms	4	static
../Core/Src/model_handle.c:938:6:ModelHandle_CheckLoadFault	32	static
../Core/Src/model_handle.c:1018:16:get_today_mask	16	static
../Core/Src/model_handle.c:1024:13:slot_is_active_now	32	static
../Core/Src/model_handle.c:1040:13:timer_any_active_slot	16	static
../Core/Src/model_handle.c:1047:17:get_active_timer_gap_minutes	32	static
../Core/Src/model_handle.c:1067:6:ModelHandle_SaveBuzzerSettings	8	static
../Core/Src/model_handle.c:1073:6:ModelHandle_LoadBuzzerSettings	8	static
../Core/Src/model_handle.c:1080:6:ModelHandle_ProcessTimerSlots	24	static
../Core/Src/model_handle.c:1170:6:ModelHandle_StartTimer	8	static
../Core/Src/model_handle.c:1175:6:ModelHandle_StopTimer	8	static
../Core/Src/model_handle.c:1183:6:ModelHandle_CheckAutoTimerActivation	8	static
../Core/Src/model_handle.c:1193:6:ModelHandle_StartSemiAuto	8	static
../Core/Src/model_handle.c:1207:6:ModelHandle_StopSemiAuto	8	static
../Core/Src/model_handle.c:1213:6:ModelHandle_StartAuto	24	static
../Core/Src/model_handle.c:1232:6:ModelHandle_StopAuto	8	static
../Core/Src/model_handle.c:1242:6:ModelHandle_LoadAutoSettings	8	static
../Core/Src/model_handle.c:1270:13:auto_mode_background_control	16	static
../Core/Src/model_handle.c:1306:13:auto_tick	24	static
../Core/Src/model_handle.c:1397:6:ModelHandle_StartCountdown	16	static
../Core/Src/model_handle.c:1425:6:ModelHandle_StopCountdown	8	static
../Core/Src/model_handle.c:1442:13:countdown_tick	16	static
../Core/Src/model_handle.c:1456:17:CD_CRC	24	static
../Core/Src/model_handle.c:1462:13:SaveCountdown	24	static
../Core/Src/model_handle.c:1485:6:ModelHandle_LoadCountdown	24	static
../Core/Src/model_handle.c:1505:6:ModelHandle_StartTwist	32	static
../Core/Src/model_handle.c:1525:6:ModelHandle_StopTwist	8	static
../Core/Src/model_handle.c:1533:13:twist_tick	16	static
../Core/Src/model_handle.c:1553:13:leds_from_model	16	static
../Core/Src/model_handle.c:1580:6:ModelHandle_Process	32	static
../Core/Src/model_handle.c:1965:13:ModelHandle_GetDryState	4	static
../Core/Src/model_handle.c:1969:6:ModelHandle_ResetAll	8	static
../Core/Src/model_handle.c:1981:6:ModelHandle_SetUserSettings	32	static
../Core/Src/model_handle.c:2007:6:ModelHandle_SetAutoSettings	16	static
../Core/Src/model_handle.c:2019:6:ModelHandle_IsAutoActive	4	static
../Core/Src/model_handle.c:2023:6:ModelHandle_SaveCurrentStateToEEPROM	24	static
../Core/Src/model_handle.c:2035:6:ModelHandle_SetTimerSlot	16	static
../Core/Src/model_handle.c:2045:6:ModelHandle_SetDryRun	16	static
../Core/Src/model_handle.c:2049:6:ModelHandle_SetOverLoad	16	static
../Core/Src/model_handle.c:2053:6:ModelHandle_SetOverUnderVolt	16	static
../Core/Src/model_handle.c:2066:6:ModelHandle_ClearMaxRunFlag	4	static
../Core/Src/model_handle.c:2070:18:ModelHandle_GetTimerSlots	4	static
../Core/Src/model_handle.c:2074:6:ModelHandle_ProcessUartCommand	16	static
../Core/Src/model_handle.c:2078:6:ModelHandle_IsOverload	4	static
../Core/Src/model_handle.c:2082:6:ModelHandle_IsUnderload	4	static
../Core/Src/model_handle.c:2086:6:ModelHandle_IsDryRunActive	4	static
../Core/Src/model_handle.c:2090:6:ModelHandle_IsVoltageFault	4	static
../Core/Src/model_handle.c:2094:6:ModelHandle_IsMaxRunReached	4	static
../Core/Src/model_handle.c:2099:9:ModelHandle_GetTankLevelPercent	8	static
../Core/Src/model_handle.c:2104:6:ModelHandle_IsTankFull	8	static
../Core/Src/model_handle.c:2108:6:ModelHandle_IsManualActive	4	static
../Core/Src/model_handle.c:2112:10:ModelHandle_GetAutoGap	4	static
../Core/Src/model_handle.c:2117:10:ModelHandle_GetAutoMaxRun	4	static
../Core/Src/model_handle.c:2122:9:ModelHandle_GetAutoRetry	4	static
