../Core/Src/model_handle.c:59:24:now_ms	8	static
../Core/Src/model_handle.c:64:20:clear_all_modes	4	static
../Core/Src/model_handle.c:78:20:motor_apply	16	static
../Core/Src/model_handle.c:89:20:start_motor	8	static
../Core/Src/model_handle.c:90:20:stop_motor	8	static
../Core/Src/model_handle.c:92:6:Motor_GetStatus	4	static
../Core/Src/model_handle.c:100:6:ModelHandle_SetMotor	16	static
../Core/Src/model_handle.c:113:20:isTankFull	24	static
../Core/Src/model_handle.c:152:6:ModelHandle_CheckDryRun	24	static
../Core/Src/model_handle.c:167:6:ModelHandle_ToggleManual	8	static
../Core/Src/model_handle.c:186:6:ModelHandle_StopAllModesAndMotor	8	static
../Core/Src/model_handle.c:216:20:isAnyModeActive	4	static
../Core/Src/model_handle.c:226:6:ModelHandle_SoftDryRunHandler	16	static
../Core/Src/model_handle.c:296:6:ModelHandle_ProcessDryRun	8	static
../Core/Src/model_handle.c:308:6:ModelHandle_StopCountdown	8	static
../Core/Src/model_handle.c:315:6:ModelHandle_StartCountdown	16	static
../Core/Src/model_handle.c:333:13:countdown_tick	16	static
../Core/Src/model_handle.c:366:6:ModelHandle_StartTwist	24	static
../Core/Src/model_handle.c:392:6:ModelHandle_StopTwist	8	static
../Core/Src/model_handle.c:400:13:twist_time_logic	8	static
../Core/Src/model_handle.c:429:13:twist_tick	16	static
../Core/Src/model_handle.c:468:13:timer_any_slot_should_run	24	static
../Core/Src/model_handle.c:501:6:ModelHandle_TimerRecalculateNow	8	static
../Core/Src/model_handle.c:509:6:ModelHandle_StartTimer	8	static
../Core/Src/model_handle.c:518:6:ModelHandle_StopTimer	8	static
../Core/Src/model_handle.c:524:13:timer_tick	8	static
../Core/Src/model_handle.c:545:6:ModelHandle_StartSemiAuto	8	static
../Core/Src/model_handle.c:554:6:ModelHandle_StopSemiAuto	8	static
../Core/Src/model_handle.c:580:6:ModelHandle_StartAuto	16	static
../Core/Src/model_handle.c:597:6:ModelHandle_StopAuto	8	static
../Core/Src/model_handle.c:605:13:auto_tick	16	static
../Core/Src/model_handle.c:682:13:protections_tick	8	static
../Core/Src/model_handle.c:695:13:leds_from_model	8	static
../Core/Src/model_handle.c:733:6:ModelHandle_Process	16	static
../Core/Src/model_handle.c:824:6:ModelHandle_ResetAll	8	static
../Core/Src/model_handle.c:842:6:ModelHandle_SetAutoSettings	16	static
../Core/Src/model_handle.c:852:6:ModelHandle_IsAutoActive	4	static
../Core/Src/model_handle.c:860:6:ModelHandle_SaveCurrentStateToEEPROM	24	static
