../Core/Src/model_handle.c:31:17:Timer_CRC16	24	static
../Core/Src/model_handle.c:205:6:EEPROM_WriteBlockSafe	40	static
../Core/Src/model_handle.c:220:13:request_mode_switch	16	static
../Core/Src/model_handle.c:227:6:ModelHandle_StartRestart	8	static
../Core/Src/model_handle.c:239:6:ModelHandle_StopRestart	8	static
../Core/Src/model_handle.c:274:6:ModelHandle_SaveSettingsToEEPROM	32	static
../Core/Src/model_handle.c:292:6:ModelHandle_LoadSettingsFromEEPROM	40	static
../Core/Src/model_handle.c:308:6:ModelHandle_SaveModeState	8	static
../Core/Src/model_handle.c:321:13:backup_current_mode	4	static
../Core/Src/model_handle.c:329:13:restore_previous_mode	8	static
../Core/Src/model_handle.c:361:6:ModelHandle_LoadModeState	8	static
../Core/Src/model_handle.c:381:6:ModelHandle_SaveTimerToEEPROM	64	static
../Core/Src/model_handle.c:397:6:ModelHandle_LoadTimerFromEEPROM	64	static
../Core/Src/model_handle.c:409:6:Timer_EEPROM_EnsureValid	56	static
../Core/Src/model_handle.c:422:13:isTankFull	24	static
../Core/Src/model_handle.c:446:6:ModelHandle_TimerRecalculateNow	8	static
../Core/Src/model_handle.c:451:6:ModelHandle_ProcessDryRun	8	static
../Core/Src/model_handle.c:455:10:ModelHandle_GetGapTime	4	static
../Core/Src/model_handle.c:456:10:ModelHandle_GetRetryCount	4	static
../Core/Src/model_handle.c:457:10:ModelHandle_GetUnderVolt	4	static
../Core/Src/model_handle.c:458:10:ModelHandle_GetOverVolt	4	static
../Core/Src/model_handle.c:459:10:ModelHandle_GetOverloadLimit	8	static
../Core/Src/model_handle.c:460:10:ModelHandle_GetUnderloadLimit	8	static
../Core/Src/model_handle.c:461:10:ModelHandle_GetMaxRunTime	4	static
../Core/Src/model_handle.c:462:9:ModelHandle_GetPowerRestoreMode	4	static
../Core/Src/model_handle.c:466:6:ModelHandle_SetPowerRestoreMode	16	static
../Core/Src/model_handle.c:472:6:ModelHandle_ToggleManual	8	static
../Core/Src/model_handle.c:497:6:ModelHandle_ManualToggleMotor	8	static
../Core/Src/model_handle.c:509:6:ModelHandle_StopAllModesAndMotor	8	static
../Core/Src/model_handle.c:515:6:ModelHandle_FactoryReset	8	static
../Core/Src/model_handle.c:526:6:ModelHandle_StartTimerNearestSlot	8	static
../Core/Src/model_handle.c:531:20:Buzzer_SetPin	16	static
../Core/Src/model_handle.c:536:13:Buzzer_TriggerAlert	8	static
../Core/Src/model_handle.c:540:13:Buzzer_Update	16	static
../Core/Src/model_handle.c:571:24:now_ms	8	static
../Core/Src/model_handle.c:575:20:clear_all_modes	4	static
../Core/Src/model_handle.c:589:6:ModelHandle_OnPowerUp	8	static
../Core/Src/model_handle.c:593:20:Motor_IsRelayOn	8	static
../Core/Src/model_handle.c:597:13:Motor_StartAllowed	8	static
../Core/Src/model_handle.c:601:6:ModelHandle_IsRestartActive	4	static
../Core/Src/model_handle.c:606:20:motor_apply	24	static
../Core/Src/model_handle.c:632:6:Motor_GetStatus	8	static
../Core/Src/model_handle.c:636:20:start_motor	8	static
../Core/Src/model_handle.c:648:20:stop_motor	8	static
../Core/Src/model_handle.c:652:13:check_max_run	16	static
../Core/Src/model_handle.c:672:6:ModelHandle_CheckDryRun	16	static
../Core/Src/model_handle.c:685:6:ModelHandle_CheckGroundWater	16	static
../Core/Src/model_handle.c:693:20:isAnyModeActive	4	static
../Core/Src/model_handle.c:698:6:ModelHandle_SoftDryRunHandler	16	static
../Core/Src/model_handle.c:782:24:get_load_lock_duration_ms	4	static
../Core/Src/model_handle.c:789:6:ModelHandle_CheckLoadFault	32	static
../Core/Src/model_handle.c:882:16:get_today_mask	16	static
../Core/Src/model_handle.c:888:13:slot_is_active_now	32	static
../Core/Src/model_handle.c:913:13:timer_any_active_slot	16	static
../Core/Src/model_handle.c:920:17:get_active_timer_gap_minutes	32	static
../Core/Src/model_handle.c:940:6:ModelHandle_ProcessTimerSlots	32	static
../Core/Src/model_handle.c:1043:16:get_tank_level_percent	8	static
../Core/Src/model_handle.c:1060:6:ModelHandle_StartTimer	8	static
../Core/Src/model_handle.c:1065:6:ModelHandle_StopTimer	8	static
../Core/Src/model_handle.c:1073:6:ModelHandle_CheckAutoTimerActivation	8	static
../Core/Src/model_handle.c:1083:6:ModelHandle_StartSemiAuto	8	static
../Core/Src/model_handle.c:1093:6:ModelHandle_StopSemiAuto	8	static
../Core/Src/model_handle.c:1100:6:ModelHandle_StartAuto	16	static
../Core/Src/model_handle.c:1122:6:ModelHandle_StopAuto	16	static
../Core/Src/model_handle.c:1139:6:ModelHandle_LoadAutoSettings	24	static
../Core/Src/model_handle.c:1157:13:auto_mode_background_control	16	static
../Core/Src/model_handle.c:1196:13:auto_tick	24	static
../Core/Src/model_handle.c:1304:6:ModelHandle_StartCountdown	16	static
../Core/Src/model_handle.c:1322:6:ModelHandle_StopCountdown	8	static
../Core/Src/model_handle.c:1331:13:countdown_tick	16	static
../Core/Src/model_handle.c:1357:17:CD_CRC	24	static
../Core/Src/model_handle.c:1362:13:SaveCountdown	24	static
../Core/Src/model_handle.c:1372:6:ModelHandle_LoadCountdown	24	static
../Core/Src/model_handle.c:1387:6:ModelHandle_StartTwist	32	static
../Core/Src/model_handle.c:1406:6:ModelHandle_StopTwist	8	static
../Core/Src/model_handle.c:1413:13:twist_time_logic	8	static
../Core/Src/model_handle.c:1434:13:twist_tick	16	static
../Core/Src/model_handle.c:1454:13:leds_from_model	16	static
../Core/Src/model_handle.c:1475:6:ModelHandle_Process	16	static
../Core/Src/model_handle.c:1599:6:ModelHandle_ResetAll	8	static
../Core/Src/model_handle.c:1611:6:ModelHandle_SetUserSettings	24	static
../Core/Src/model_handle.c:1628:16:AUTO_CRC	24	static
../Core/Src/model_handle.c:1635:6:ModelHandle_SetAutoSettings	16	static
../Core/Src/model_handle.c:1646:6:ModelHandle_IsAutoActive	4	static
../Core/Src/model_handle.c:1650:6:ModelHandle_SaveCurrentStateToEEPROM	24	static
../Core/Src/model_handle.c:1664:6:ModelHandle_SetTimerSlot	16	static
../Core/Src/model_handle.c:1675:6:ModelHandle_SetDryRun	16	static
../Core/Src/model_handle.c:1679:6:ModelHandle_SetOverLoad	16	static
../Core/Src/model_handle.c:1683:6:ModelHandle_SetOverUnderVolt	16	static
../Core/Src/model_handle.c:1696:6:ModelHandle_ClearMaxRunFlag	4	static
../Core/Src/model_handle.c:1700:18:ModelHandle_GetTimerSlots	4	static
../Core/Src/model_handle.c:1704:6:ModelHandle_ProcessUartCommand	16	static
../Core/Src/model_handle.c:1708:6:ModelHandle_IsOverload	4	static
../Core/Src/model_handle.c:1712:6:ModelHandle_IsUnderload	4	static
../Core/Src/model_handle.c:1716:6:ModelHandle_IsDryRunActive	4	static
../Core/Src/model_handle.c:1720:6:ModelHandle_IsVoltageFault	4	static
../Core/Src/model_handle.c:1724:6:ModelHandle_IsMaxRunReached	4	static
