../Core/Src/model_handle.c:52:17:Timer_CRC16	24	static
../Core/Src/model_handle.c:198:6:EEPROM_WriteBlockSafe	40	static
../Core/Src/model_handle.c:231:17:SYS_CRC16	24	static
../Core/Src/model_handle.c:238:6:ModelHandle_SaveSettingsToEEPROM	32	static
../Core/Src/model_handle.c:263:6:ModelHandle_LoadSettingsFromEEPROM	40	static
../Core/Src/model_handle.c:288:6:ModelHandle_SaveModeState	8	static
../Core/Src/model_handle.c:305:6:ModelHandle_LoadModeState	8	static
../Core/Src/model_handle.c:330:6:ModelHandle_SaveTimerToEEPROM	64	static
../Core/Src/model_handle.c:350:6:ModelHandle_LoadTimerFromEEPROM	64	static
../Core/Src/model_handle.c:364:6:Timer_EEPROM_EnsureValid	56	static
../Core/Src/model_handle.c:406:13:isTankFull	24	static
../Core/Src/model_handle.c:448:6:ModelHandle_TimerRecalculateNow	8	static
../Core/Src/model_handle.c:454:6:ModelHandle_ProcessDryRun	8	static
../Core/Src/model_handle.c:460:10:ModelHandle_GetGapTime	4	static
../Core/Src/model_handle.c:461:10:ModelHandle_GetRetryCount	4	static
../Core/Src/model_handle.c:462:10:ModelHandle_GetUnderVolt	4	static
../Core/Src/model_handle.c:463:10:ModelHandle_GetOverVolt	4	static
../Core/Src/model_handle.c:464:10:ModelHandle_GetOverloadLimit	8	static
../Core/Src/model_handle.c:465:10:ModelHandle_GetUnderloadLimit	8	static
../Core/Src/model_handle.c:466:10:ModelHandle_GetMaxRunTime	4	static
../Core/Src/model_handle.c:468:9:ModelHandle_GetPowerRestoreMode	4	static
../Core/Src/model_handle.c:473:6:ModelHandle_SetPowerRestoreMode	16	static
../Core/Src/model_handle.c:481:6:ModelHandle_ToggleManual	8	static
../Core/Src/model_handle.c:489:6:ModelHandle_StopAllModesAndMotor	8	static
../Core/Src/model_handle.c:497:6:ModelHandle_FactoryReset	8	static
../Core/Src/model_handle.c:511:6:ModelHandle_StartTimerNearestSlot	8	static
../Core/Src/model_handle.c:517:20:Buzzer_SetPin	16	static
../Core/Src/model_handle.c:525:13:Buzzer_TriggerAlert	8	static
../Core/Src/model_handle.c:530:13:Buzzer_Update	24	static
../Core/Src/model_handle.c:555:6:reset	16	static
../Core/Src/model_handle.c:626:24:now_ms	8	static
../Core/Src/model_handle.c:631:20:clear_all_modes	4	static
../Core/Src/model_handle.c:649:6:ModelHandle_OnPowerUp	8	static
../Core/Src/model_handle.c:654:13:Motor_StartAllowed	8	static
../Core/Src/model_handle.c:659:20:Motor_GetStatusInternal	4	static
../Core/Src/model_handle.c:664:6:Motor_GetStatus	8	static
../Core/Src/model_handle.c:669:20:motor_apply	24	static
../Core/Src/model_handle.c:688:20:start_motor	8	static
../Core/Src/model_handle.c:689:20:stop_motor	8	static
../Core/Src/model_handle.c:699:13:check_max_run	16	static
../Core/Src/model_handle.c:721:6:ModelHandle_CheckDryRun	16	static
../Core/Src/model_handle.c:758:20:isAnyModeActive	4	static
../Core/Src/model_handle.c:764:6:ModelHandle_SoftDryRunHandler	24	static
../Core/Src/model_handle.c:871:24:get_load_lock_duration_ms	4	static
../Core/Src/model_handle.c:878:6:ModelHandle_CheckLoadFault	32	static
../Core/Src/model_handle.c:963:16:get_today_mask	16	static
../Core/Src/model_handle.c:970:13:slot_is_active_now	32	static
../Core/Src/model_handle.c:983:13:timer_any_active_slot	16	static
../Core/Src/model_handle.c:991:17:get_active_timer_gap_minutes	32	static
../Core/Src/model_handle.c:1015:17:timer_get_gap_ms	16	static
../Core/Src/model_handle.c:1037:6:ModelHandle_ProcessTimerSlots	16	static
../Core/Src/model_handle.c:1109:6:ModelHandle_StartTimer	8	static
../Core/Src/model_handle.c:1117:6:ModelHandle_StopTimer	8	static
../Core/Src/model_handle.c:1127:6:ModelHandle_CheckAutoTimerActivation	8	static
../Core/Src/model_handle.c:1141:6:ModelHandle_StartSemiAuto	8	static
../Core/Src/model_handle.c:1152:6:ModelHandle_StopSemiAuto	8	static
../Core/Src/model_handle.c:1177:6:ModelHandle_StartAuto	16	static
../Core/Src/model_handle.c:1193:6:ModelHandle_StopAuto	8	static
../Core/Src/model_handle.c:1203:13:auto_tick	16	static
../Core/Src/model_handle.c:1268:6:ModelHandle_StartCountdown	16	static
../Core/Src/model_handle.c:1282:6:ModelHandle_StopCountdown	8	static
../Core/Src/model_handle.c:1292:13:countdown_tick	16	static
../Core/Src/model_handle.c:1325:17:CD_CRC	24	static
../Core/Src/model_handle.c:1330:13:SaveCountdown	24	static
../Core/Src/model_handle.c:1341:6:ModelHandle_LoadCountdown	24	static
../Core/Src/model_handle.c:1366:6:ModelHandle_StartTwist	32	static
../Core/Src/model_handle.c:1389:6:ModelHandle_StopTwist	8	static
../Core/Src/model_handle.c:1397:13:twist_time_logic	8	static
../Core/Src/model_handle.c:1421:13:twist_tick	16	static
../Core/Src/model_handle.c:1447:13:protections_tick	8	static
../Core/Src/model_handle.c:1456:13:leds_from_model	16	static
../Core/Src/model_handle.c:1488:6:ModelHandle_Process	8	static
../Core/Src/model_handle.c:1589:6:ModelHandle_ResetAll	8	static
../Core/Src/model_handle.c:1611:6:ModelHandle_SetUserSettings	24	static
../Core/Src/model_handle.c:1633:6:ModelHandle_SetAutoSettings	16	static
../Core/Src/model_handle.c:1646:6:ModelHandle_LoadAutoSettings	8	static
../Core/Src/model_handle.c:1653:6:ModelHandle_IsAutoActive	4	static
../Core/Src/model_handle.c:1661:6:ModelHandle_SaveCurrentStateToEEPROM	24	static
../Core/Src/model_handle.c:1679:6:ModelHandle_SetTimerSlot	24	static
../Core/Src/model_handle.c:1698:6:ModelHandle_SetDryRun	16	static
../Core/Src/model_handle.c:1703:6:ModelHandle_SetOverLoad	16	static
../Core/Src/model_handle.c:1708:6:ModelHandle_SetOverUnderVolt	16	static
../Core/Src/model_handle.c:1722:6:ModelHandle_ClearMaxRunFlag	4	static
../Core/Src/model_handle.c:1729:18:ModelHandle_GetTimerSlots	4	static
../Core/Src/model_handle.c:1737:6:ModelHandle_ProcessUartCommand	16	static
