../Drivers/CMSIS/Include/core_cm3.h:1762:34:__NVIC_SystemReset	4	static,ignoring_inline_asm
../Core/Src/model_handle.c:62:24:now_ms	8	static
../Core/Src/model_handle.c:67:20:clear_all_modes	4	static
../Core/Src/model_handle.c:82:20:motor_apply	16	static
../Core/Src/model_handle.c:106:20:start_motor	8	static
../Core/Src/model_handle.c:111:20:stop_motor_keep_modes	8	static
../Core/Src/model_handle.c:116:6:Motor_GetStatus	4	static
../Core/Src/model_handle.c:121:6:ModelHandle_SetMotor	16	static
../Core/Src/model_handle.c:141:6:ModelHandle_CheckDryRun	16	static
../Core/Src/model_handle.c:161:20:isTankFull	16	static
../Core/Src/model_handle.c:175:13:Safe_SendStatusPacket	16	static
../Core/Src/model_handle.c:203:6:ModelHandle_ToggleManual	8	static
../Core/Src/model_handle.c:219:6:ModelHandle_StopAllModesAndMotor	8	static
../Core/Src/model_handle.c:224:6:ModelHandle_ClearManualOverride	4	static
../Core/Src/model_handle.c:228:6:ModelHandle_TriggerAuxBurst	16	static
../Core/Src/model_handle.c:238:6:ModelHandle_ManualLongPress	8	static
../Core/Src/model_handle.c:245:20:isAnyModeActive	4	static
../Core/Src/model_handle.c:254:6:ModelHandle_SoftDryRunHandler	16	static
../Core/Src/model_handle.c:392:6:ModelHandle_ProcessDryRun	8	static
../Core/Src/model_handle.c:423:6:ModelHandle_StopCountdown	8	static
../Core/Src/model_handle.c:434:13:countdown_start_one_run	8	static
../Core/Src/model_handle.c:443:6:ModelHandle_StartCountdown	16	static
../Core/Src/model_handle.c:467:13:countdown_tick	16	static
../Core/Src/model_handle.c:501:6:ModelHandle_StartTwist	16	static
../Core/Src/model_handle.c:517:6:ModelHandle_StopTwist	8	static
../Core/Src/model_handle.c:524:13:twist_tick	16	static
../Core/Src/model_handle.c:608:6:ModelHandle_StartSearch	24	static
../Core/Src/model_handle.c:629:6:ModelHandle_StopSearch	8	static
../Core/Src/model_handle.c:641:13:search_tick	16	static
../Core/Src/model_handle.c:754:6:ModelHandle_TimerRecalculateNow	40	static
../Core/Src/model_handle.c:810:17:toSec	16	static
../Core/Src/model_handle.c:816:6:ModelHandle_SetTimerSlot	24	static
../Core/Src/model_handle.c:836:13:timer_any_slot_should_run	24	static
../Core/Src/model_handle.c:873:6:ModelHandle_StopTimer	8	static
../Core/Src/model_handle.c:882:6:ModelHandle_StartTimer	16	static
../Core/Src/model_handle.c:898:13:timer_tick	16	static
../Core/Src/model_handle.c:921:6:ModelHandle_StartSemiAuto	8	static
../Core/Src/model_handle.c:931:6:ModelHandle_StopSemiAuto	8	static
../Core/Src/model_handle.c:937:13:semi_auto_tick	8	static
../Core/Src/model_handle.c:956:13:protections_tick	8	static
../Core/Src/model_handle.c:991:13:leds_from_model	8	static
../Core/Src/model_handle.c:1026:6:ModelHandle_Process	8	static
../Core/Src/model_handle.c:1064:6:ModelHandle_ProcessUartCommand	32	static
../Core/Src/model_handle.c:1135:6:ModelHandle_ResetAll	16	static
../Core/Src/model_handle.c:1175:6:ModelHandle_SaveCurrentStateToEEPROM	16	static
