../Drivers/CMSIS/Include/core_cm3.h:1762:34:__NVIC_SystemReset	4	static,ignoring_inline_asm
../Core/Src/model_handle.c:64:24:now_ms	8	static
../Core/Src/model_handle.c:66:10:ModelHandle_TimeToSeconds	16	static
../Core/Src/model_handle.c:69:6:ModelHandle_SecondsToTime	24	static
../Core/Src/model_handle.c:101:20:motor_apply	16	static
../Core/Src/model_handle.c:115:20:start_motor	8	static
../Core/Src/model_handle.c:116:20:stop_motor	8	static
../Core/Src/model_handle.c:121:13:isTankFull	16	static
../Core/Src/model_handle.c:133:20:dry_raw_is_dry	24	static
../Core/Src/model_handle.c:143:6:ModelHandle_ToggleManual	8	static
../Core/Src/model_handle.c:163:6:ModelHandle_ManualLongPress	8	static
../Core/Src/model_handle.c:183:6:ModelHandle_StopCountdown	8	static
../Core/Src/model_handle.c:193:13:countdown_start_one_run	8	static
../Core/Src/model_handle.c:200:6:ModelHandle_StartCountdown	16	static
../Core/Src/model_handle.c:221:13:countdown_tick	16	static
../Core/Src/model_handle.c:269:20:isDryLowSupply_debounced	16	static
../Core/Src/model_handle.c:279:20:twist_arm_priming	8	static
../Core/Src/model_handle.c:290:6:ModelHandle_StartTwist	16	static
../Core/Src/model_handle.c:312:6:ModelHandle_StopTwist	8	static
../Core/Src/model_handle.c:320:13:twist_tick	16	static
../Core/Src/model_handle.c:381:6:ModelHandle_StartSearch	16	static
../Core/Src/model_handle.c:404:6:ModelHandle_StopSearch	8	static
../Core/Src/model_handle.c:411:20:isDryDebounced_RUN	8	static
../Core/Src/model_handle.c:420:13:search_tick	16	static
../Core/Src/model_handle.c:478:17:seconds_since_midnight	8	static
../Core/Src/model_handle.c:485:13:timer_tick	24	static
../Core/Src/model_handle.c:531:6:ModelHandle_StartSemiAuto	8	static
../Core/Src/model_handle.c:551:13:semi_auto_tick	8	static
../Core/Src/model_handle.c:568:13:protections_tick	8	static
../Core/Src/model_handle.c:608:13:leds_from_model	8	static
../Core/Src/model_handle.c:637:6:ModelHandle_SetMotor	16	static
../Core/Src/model_handle.c:643:6:ModelHandle_ClearManualOverride	4	static
../Core/Src/model_handle.c:644:6:Motor_GetStatus	4	static
../Core/Src/model_handle.c:649:6:ModelHandle_Process	8	static
../Core/Src/model_handle.c:664:6:ModelHandle_ProcessUartCommand	16	static
