../Core/Src/model_handle.c:99:6:ModelHandle_SaveSettingsToEEPROM	16	static
../Core/Src/model_handle.c:112:6:ModelHandle_LoadModeState	8	static
../Core/Src/model_handle.c:127:6:ModelHandle_LoadSettingsFromEEPROM	16	static
../Core/Src/model_handle.c:147:6:ModelHandle_SaveModeState	8	static
../Core/Src/model_handle.c:168:24:now_ms	8	static
../Core/Src/model_handle.c:172:10:ModelHandle_GetGapTime	4	static
../Core/Src/model_handle.c:176:9:ModelHandle_GetRetryCount	4	static
../Core/Src/model_handle.c:180:10:ModelHandle_GetUnderVolt	4	static
../Core/Src/model_handle.c:184:10:ModelHandle_GetOverVolt	4	static
../Core/Src/model_handle.c:188:7:ModelHandle_GetOverloadLimit	4	static
../Core/Src/model_handle.c:192:7:ModelHandle_GetUnderloadLimit	4	static
../Core/Src/model_handle.c:196:10:ModelHandle_GetMaxRunTime	4	static
../Core/Src/model_handle.c:199:6:ModelHandle_SetUserSettings	24	static
../Core/Src/model_handle.c:219:6:ModelHandle_FactoryReset	4	static
../Core/Src/model_handle.c:232:20:clear_all_modes	4	static
../Core/Src/model_handle.c:247:20:motor_apply	16	static
../Core/Src/model_handle.c:258:20:start_motor	8	static
../Core/Src/model_handle.c:259:20:stop_motor	8	static
../Core/Src/model_handle.c:261:6:Motor_GetStatus	4	static
../Core/Src/model_handle.c:269:6:ModelHandle_SetMotor	16	static
../Core/Src/model_handle.c:282:6:reset	8	static
../Core/Src/model_handle.c:304:20:isAnyModeActive	4	static
../Core/Src/model_handle.c:335:6:ModelHandle_CheckLoadFault	48	static
../Core/Src/model_handle.c:434:6:ModelHandle_StopAllModesAndMotor	8	static
../Core/Src/model_handle.c:446:20:isTankFull	24	static
../Core/Src/model_handle.c:488:6:ModelHandle_CheckDryRun	16	static
../Core/Src/model_handle.c:504:6:ModelHandle_ToggleManual	8	static
../Core/Src/model_handle.c:541:6:ModelHandle_SoftDryRunHandler	16	static
../Core/Src/model_handle.c:634:6:ModelHandle_ProcessDryRun	8	static
../Core/Src/model_handle.c:645:23:get_today_mask	16	static
../Core/Src/model_handle.c:654:13:slot_is_active_now	24	static
../Core/Src/model_handle.c:681:13:timer_any_active_slot	16	static
../Core/Src/model_handle.c:694:6:ModelHandle_StartTimerNearestSlot	40	static
../Core/Src/model_handle.c:733:6:ModelHandle_ProcessTimerSlots	8	static
../Core/Src/model_handle.c:749:6:ModelHandle_TimerRecalculateNow	8	static
../Core/Src/model_handle.c:765:6:ModelHandle_StartTimer	8	static
../Core/Src/model_handle.c:774:6:ModelHandle_StopTimer	8	static
../Core/Src/model_handle.c:783:13:timer_tick	8	static
../Core/Src/model_handle.c:787:6:ModelHandle_CheckAutoTimerActivation	8	static
../Core/Src/model_handle.c:803:6:ModelHandle_StartSemiAuto	8	static
../Core/Src/model_handle.c:815:6:ModelHandle_StopSemiAuto	8	static
../Core/Src/model_handle.c:843:6:ModelHandle_StartAuto	16	static
../Core/Src/model_handle.c:862:6:ModelHandle_StopAuto	8	static
../Core/Src/model_handle.c:874:13:auto_tick	16	static
../Core/Src/model_handle.c:955:6:ModelHandle_StopCountdown	8	static
../Core/Src/model_handle.c:962:6:ModelHandle_StartCountdown	16	static
../Core/Src/model_handle.c:982:13:countdown_tick	16	static
../Core/Src/model_handle.c:1016:6:ModelHandle_StartTwist	24	static
../Core/Src/model_handle.c:1042:6:ModelHandle_StopTwist	8	static
../Core/Src/model_handle.c:1050:13:twist_time_logic	8	static
../Core/Src/model_handle.c:1079:13:twist_tick	16	static
../Core/Src/model_handle.c:1118:13:protections_tick	8	static
../Core/Src/model_handle.c:1130:13:leds_from_model	8	static
../Core/Src/model_handle.c:1164:6:ModelHandle_Process	8	static
../Core/Src/model_handle.c:1251:6:ModelHandle_ResetAll	8	static
../Core/Src/model_handle.c:1269:6:ModelHandle_SetAutoSettings	16	static
../Core/Src/model_handle.c:1280:6:ModelHandle_LoadAutoSettings	8	static
../Core/Src/model_handle.c:1288:6:ModelHandle_IsAutoActive	4	static
../Core/Src/model_handle.c:1296:6:ModelHandle_SaveCurrentStateToEEPROM	24	static
../Core/Src/model_handle.c:1316:6:ModelHandle_SetTimerSlot	16	static
