../Core/Src/model_handle.c:31:17:Timer_CRC16	24	static
../Core/Src/model_handle.c:208:6:EEPROM_WriteBlockSafe	40	static
../Core/Src/model_handle.c:243:6:ModelHandle_SaveSettingsToEEPROM	32	static
../Core/Src/model_handle.c:261:6:ModelHandle_LoadSettingsFromEEPROM	40	static
../Core/Src/model_handle.c:277:6:ModelHandle_SaveModeState	8	static
../Core/Src/model_handle.c:290:13:backup_current_mode	4	static
../Core/Src/model_handle.c:298:13:restore_previous_mode	8	static
../Core/Src/model_handle.c:331:13:request_mode_switch	16	static
../Core/Src/model_handle.c:338:6:ModelHandle_StartRestart	8	static
../Core/Src/model_handle.c:347:6:ModelHandle_StopRestart	8	static
../Core/Src/model_handle.c:357:6:ModelHandle_LoadModeState	8	static
../Core/Src/model_handle.c:377:6:ModelHandle_SaveTimerToEEPROM	64	static
../Core/Src/model_handle.c:393:6:ModelHandle_LoadTimerFromEEPROM	64	static
../Core/Src/model_handle.c:405:6:Timer_EEPROM_EnsureValid	56	static
../Core/Src/model_handle.c:421:16:read_raw_tank_level	16	static
../Core/Src/model_handle.c:433:16:get_tank_level_percent	16	static
../Core/Src/model_handle.c:459:13:isTankFull	8	static
../Core/Src/model_handle.c:464:6:ModelHandle_TimerRecalculateNow	8	static
../Core/Src/model_handle.c:469:6:ModelHandle_ProcessDryRun	8	static
../Core/Src/model_handle.c:473:10:ModelHandle_GetGapTime	4	static
../Core/Src/model_handle.c:474:10:ModelHandle_GetRetryCount	4	static
../Core/Src/model_handle.c:475:10:ModelHandle_GetUnderVolt	4	static
../Core/Src/model_handle.c:476:10:ModelHandle_GetOverVolt	4	static
../Core/Src/model_handle.c:477:10:ModelHandle_GetOverloadLimit	8	static
../Core/Src/model_handle.c:478:10:ModelHandle_GetUnderloadLimit	8	static
../Core/Src/model_handle.c:479:10:ModelHandle_GetMaxRunTime	4	static
../Core/Src/model_handle.c:480:9:ModelHandle_GetPowerRestoreMode	4	static
../Core/Src/model_handle.c:484:6:ModelHandle_SetPowerRestoreMode	16	static
../Core/Src/model_handle.c:490:6:ModelHandle_ToggleManual	8	static
../Core/Src/model_handle.c:515:6:ModelHandle_ManualToggleMotor	8	static
../Core/Src/model_handle.c:527:6:ModelHandle_StopAllModesAndMotor	8	static
../Core/Src/model_handle.c:533:6:ModelHandle_FactoryReset	8	static
../Core/Src/model_handle.c:544:6:ModelHandle_StartTimerNearestSlot	8	static
../Core/Src/model_handle.c:549:20:Buzzer_SetPin	16	static
../Core/Src/model_handle.c:554:13:Buzzer_TriggerAlert	8	static
../Core/Src/model_handle.c:559:13:Buzzer_Update	24	static
../Core/Src/model_handle.c:596:24:now_ms	8	static
../Core/Src/model_handle.c:600:20:clear_all_modes	4	static
../Core/Src/model_handle.c:616:6:ModelHandle_OnPowerUp	8	static
../Core/Src/model_handle.c:624:20:Motor_IsRelayOn	8	static
../Core/Src/model_handle.c:628:13:Motor_StartAllowed	4	static
../Core/Src/model_handle.c:633:6:ModelHandle_IsRestartActive	4	static
../Core/Src/model_handle.c:638:20:motor_apply	24	static
../Core/Src/model_handle.c:664:6:Motor_GetStatus	8	static
../Core/Src/model_handle.c:668:20:start_motor	8	static
../Core/Src/model_handle.c:680:20:stop_motor	8	static
../Core/Src/model_handle.c:684:13:check_max_run	16	static
../Core/Src/model_handle.c:704:6:ModelHandle_CheckDryRun	16	static
../Core/Src/model_handle.c:717:6:ModelHandle_CheckGroundWater	16	static
../Core/Src/model_handle.c:725:20:isAnyModeActive	4	static
../Core/Src/model_handle.c:730:6:ModelHandle_SoftDryRunHandler	24	static
../Core/Src/model_handle.c:791:24:get_load_lock_duration_ms	4	static
../Core/Src/model_handle.c:798:6:ModelHandle_CheckLoadFault	32	static
../Core/Src/model_handle.c:884:16:get_today_mask	16	static
../Core/Src/model_handle.c:890:13:slot_is_active_now	32	static
../Core/Src/model_handle.c:915:13:timer_any_active_slot	16	static
../Core/Src/model_handle.c:922:17:get_active_timer_gap_minutes	32	static
../Core/Src/model_handle.c:943:6:ModelHandle_SaveBuzzerSettings	8	static
../Core/Src/model_handle.c:949:6:ModelHandle_LoadBuzzerSettings	8	static
../Core/Src/model_handle.c:956:6:ModelHandle_ProcessTimerSlots	24	static
../Core/Src/model_handle.c:1051:6:ModelHandle_StartTimer	8	static
../Core/Src/model_handle.c:1056:6:ModelHandle_StopTimer	8	static
../Core/Src/model_handle.c:1064:6:ModelHandle_CheckAutoTimerActivation	8	static
../Core/Src/model_handle.c:1074:6:ModelHandle_StartSemiAuto	8	static
../Core/Src/model_handle.c:1086:6:ModelHandle_StopSemiAuto	8	static
../Core/Src/model_handle.c:1093:6:ModelHandle_StartAuto	24	static
../Core/Src/model_handle.c:1122:6:ModelHandle_StopAuto	8	static
../Core/Src/model_handle.c:1134:6:ModelHandle_LoadAutoSettings	8	static
../Core/Src/model_handle.c:1152:13:auto_mode_background_control	16	static
../Core/Src/model_handle.c:1183:13:auto_tick	32	static
../Core/Src/model_handle.c:1310:6:ModelHandle_StartCountdown	16	static
../Core/Src/model_handle.c:1331:6:ModelHandle_StopCountdown	8	static
../Core/Src/model_handle.c:1340:13:countdown_tick	16	static
../Core/Src/model_handle.c:1377:17:CD_CRC	24	static
../Core/Src/model_handle.c:1382:13:SaveCountdown	24	static
../Core/Src/model_handle.c:1411:6:ModelHandle_LoadCountdown	24	static
../Core/Src/model_handle.c:1439:6:ModelHandle_StartTwist	32	static
../Core/Src/model_handle.c:1458:6:ModelHandle_StopTwist	8	static
../Core/Src/model_handle.c:1465:13:twist_time_logic	8	static
../Core/Src/model_handle.c:1486:13:twist_tick	16	static
../Core/Src/model_handle.c:1506:13:leds_from_model	16	static
../Core/Src/model_handle.c:1545:6:ModelHandle_Process	16	static
../Core/Src/model_handle.c:1716:13:ModelHandle_GetDryState	4	static
../Core/Src/model_handle.c:1722:6:ModelHandle_ResetAll	8	static
../Core/Src/model_handle.c:1734:6:ModelHandle_SetUserSettings	24	static
../Core/Src/model_handle.c:1751:16:AUTO_CRC	24	static
../Core/Src/model_handle.c:1758:6:ModelHandle_SetAutoSettings	16	static
../Core/Src/model_handle.c:1769:6:ModelHandle_IsAutoActive	4	static
../Core/Src/model_handle.c:1773:6:ModelHandle_SaveCurrentStateToEEPROM	24	static
../Core/Src/model_handle.c:1787:6:ModelHandle_SetTimerSlot	16	static
../Core/Src/model_handle.c:1798:6:ModelHandle_SetDryRun	16	static
../Core/Src/model_handle.c:1802:6:ModelHandle_SetOverLoad	16	static
../Core/Src/model_handle.c:1806:6:ModelHandle_SetOverUnderVolt	16	static
../Core/Src/model_handle.c:1819:6:ModelHandle_ClearMaxRunFlag	4	static
../Core/Src/model_handle.c:1823:18:ModelHandle_GetTimerSlots	4	static
../Core/Src/model_handle.c:1827:6:ModelHandle_ProcessUartCommand	16	static
../Core/Src/model_handle.c:1831:6:ModelHandle_IsOverload	4	static
../Core/Src/model_handle.c:1835:6:ModelHandle_IsUnderload	4	static
../Core/Src/model_handle.c:1839:6:ModelHandle_IsDryRunActive	4	static
../Core/Src/model_handle.c:1843:6:ModelHandle_IsVoltageFault	4	static
../Core/Src/model_handle.c:1847:6:ModelHandle_IsMaxRunReached	4	static
../Core/Src/model_handle.c:1852:9:ModelHandle_GetTankLevelPercent	8	static
../Core/Src/model_handle.c:1857:6:ModelHandle_IsTankFull	8	static
../Core/Src/model_handle.c:1861:6:ModelHandle_IsManualActive	4	static
../Core/Src/model_handle.c:1865:10:ModelHandle_GetAutoGap	4	static
../Core/Src/model_handle.c:1870:10:ModelHandle_GetAutoMaxRun	4	static
../Core/Src/model_handle.c:1875:9:ModelHandle_GetAutoRetry	4	static
