../Core/Src/model_handle.c:40:17:Timer_CRC16	24	static
../Core/Src/model_handle.c:267:10:ModelHandle_GetGapTime	4	static
../Core/Src/model_handle.c:268:10:ModelHandle_GetRetryCount	4	static
../Core/Src/model_handle.c:269:10:ModelHandle_GetUnderVolt	4	static
../Core/Src/model_handle.c:270:10:ModelHandle_GetOverVolt	4	static
../Core/Src/model_handle.c:271:10:ModelHandle_GetOverloadLimit	4	static
../Core/Src/model_handle.c:272:10:ModelHandle_GetUnderloadLimit	4	static
../Core/Src/model_handle.c:273:10:ModelHandle_GetMaxRunTime	4	static
../Core/Src/model_handle.c:274:6:EEPROM_WriteBlockSafe	40	static
../Core/Src/model_handle.c:288:17:SYS_CRC16	24	static
../Core/Src/model_handle.c:302:6:ModelHandle_SaveSettingsToEEPROM	32	static
../Core/Src/model_handle.c:320:6:ModelHandle_LoadSettingsFromEEPROM	32	static
../Core/Src/model_handle.c:341:6:ModelHandle_SaveModeState	8	static
../Core/Src/model_handle.c:353:13:backup_current_mode	4	static
../Core/Src/model_handle.c:361:13:restore_previous_mode	8	static
../Core/Src/model_handle.c:391:6:ModelHandle_StopRestart	8	static
../Core/Src/model_handle.c:401:6:ModelHandle_LoadModeState	16	static
../Core/Src/model_handle.c:441:6:ModelHandle_SaveTimerToEEPROM	56	static
../Core/Src/model_handle.c:454:6:ModelHandle_LoadTimerFromEEPROM	56	static
../Core/Src/model_handle.c:463:6:Timer_EEPROM_EnsureValid	48	static
../Core/Src/model_handle.c:474:13:is_schedule_allowing_run	8	static
../Core/Src/model_handle.c:481:16:read_raw_tank_level	16	static
../Core/Src/model_handle.c:493:16:get_tank_level_percent	16	static
../Core/Src/model_handle.c:519:13:isTankFull	8	static
../Core/Src/model_handle.c:524:6:ModelHandle_StartRestart	8	static
../Core/Src/model_handle.c:538:6:ModelHandle_TimerRecalculateNow	8	static
../Core/Src/model_handle.c:543:6:ModelHandle_ProcessDryRun	8	static
../Core/Src/model_handle.c:547:9:ModelHandle_GetPowerRestoreMode	4	static
../Core/Src/model_handle.c:551:6:ModelHandle_SetPowerRestoreMode	16	static
../Core/Src/model_handle.c:557:6:ModelHandle_SetDryRunTime	16	static
../Core/Src/model_handle.c:566:6:ModelHandle_ToggleManual	8	static
../Core/Src/model_handle.c:591:6:ModelHandle_ManualToggleMotor	8	static
../Core/Src/model_handle.c:601:6:ModelHandle_SetDryRunAndRetry	16	static
../Core/Src/model_handle.c:612:6:ModelHandle_Button3_SinglePress	8	static
../Core/Src/model_handle.c:628:6:ModelHandle_StopAllModesAndMotor	8	static
../Core/Src/model_handle.c:634:6:ModelHandle_FactoryReset	8	static
../Core/Src/model_handle.c:645:6:ModelHandle_StartTimerNearestSlot	8	static
../Core/Src/model_handle.c:650:20:Buzzer_SetPin	16	static
../Core/Src/model_handle.c:655:13:Buzzer_StartEvent	16	static
../Core/Src/model_handle.c:661:13:Buzzer_Update	24	static
../Core/Src/model_handle.c:702:24:now_ms	8	static
../Core/Src/model_handle.c:706:6:ModelHandle_SetProtectionSettings	16	static
../Core/Src/model_handle.c:728:20:clear_all_modes	4	static
../Core/Src/model_handle.c:740:6:ModelHandle_OnPowerUp	16	static
../Core/Src/model_handle.c:771:20:Motor_IsRelayOn	8	static
../Core/Src/model_handle.c:775:13:Motor_StartAllowed	4	static
../Core/Src/model_handle.c:786:6:ModelHandle_IsRestartActive	4	static
../Core/Src/model_handle.c:791:20:motor_apply	24	static
../Core/Src/model_handle.c:816:6:Motor_GetStatus	8	static
../Core/Src/model_handle.c:820:20:start_motor	16	static
../Core/Src/model_handle.c:840:20:stop_motor	8	static
../Core/Src/model_handle.c:844:13:check_max_run	16	static
../Core/Src/model_handle.c:862:6:ModelHandle_Button4_SinglePress	16	static
../Core/Src/model_handle.c:888:6:ModelHandle_CheckDryRun	16	static
../Core/Src/model_handle.c:906:6:ModelHandle_CheckGroundWater	32	static
../Core/Src/model_handle.c:937:20:isAnyModeActive	4	static
../Core/Src/model_handle.c:942:6:ModelHandle_SoftDryRunHandler	24	static
../Core/Src/model_handle.c:1007:24:get_load_lock_duration_ms	4	static
../Core/Src/model_handle.c:1014:6:ModelHandle_CheckLoadFault	32	static
../Core/Src/model_handle.c:1093:16:get_today_mask	16	static
../Core/Src/model_handle.c:1099:13:slot_is_active_now	32	static
../Core/Src/model_handle.c:1115:13:timer_any_active_slot	16	static
../Core/Src/model_handle.c:1122:17:get_active_timer_gap_minutes	32	static
../Core/Src/model_handle.c:1153:6:ModelHandle_SaveBuzzerSettings	8	static
../Core/Src/model_handle.c:1159:6:ModelHandle_LoadBuzzerSettings	8	static
../Core/Src/model_handle.c:1166:6:ModelHandle_ProcessTimerSlots	24	static
../Core/Src/model_handle.c:1262:6:ModelHandle_StartTimer	8	static
../Core/Src/model_handle.c:1267:6:ModelHandle_StopTimer	8	static
../Core/Src/model_handle.c:1275:6:ModelHandle_CheckAutoTimerActivation	8	static
../Core/Src/model_handle.c:1285:6:ModelHandle_StartSemiAuto	8	static
../Core/Src/model_handle.c:1299:6:ModelHandle_StopSemiAuto	8	static
../Core/Src/model_handle.c:1305:6:ModelHandle_StartAuto	16	static
../Core/Src/model_handle.c:1320:6:ModelHandle_StopAuto	8	static
../Core/Src/model_handle.c:1330:6:ModelHandle_LoadAutoSettings	8	static
../Core/Src/model_handle.c:1358:13:auto_mode_background_control	16	static
../Core/Src/model_handle.c:1396:6:ModelHandle_SetBuzzerSettings	16	static
../Core/Src/model_handle.c:1405:13:auto_tick	24	static
../Core/Src/model_handle.c:1519:6:ModelHandle_StartCountdown	24	static
../Core/Src/model_handle.c:1546:6:ModelHandle_StopCountdown	8	static
../Core/Src/model_handle.c:1557:17:CD_CRC	24	static
../Core/Src/model_handle.c:1563:13:SaveCountdown	24	static
../Core/Src/model_handle.c:1586:6:ModelHandle_LoadCountdown	24	static
../Core/Src/model_handle.c:1606:6:ModelHandle_StartTwist	32	static
../Core/Src/model_handle.c:1626:6:ModelHandle_StopTwist	8	static
../Core/Src/model_handle.c:1634:13:twist_tick	16	static
../Core/Src/model_handle.c:1666:13:leds_from_model	16	static
../Core/Src/model_handle.c:1700:6:ModelHandle_Process	16	static
../Core/Src/model_handle.c:1900:13:ModelHandle_GetDryState	4	static
../Core/Src/model_handle.c:1904:6:ModelHandle_ResetAll	8	static
../Core/Src/model_handle.c:1916:6:ModelHandle_SetUserSettings	136	static
../Core/Src/model_handle.c:1985:6:ModelHandle_SetAutoSettings	16	static
../Core/Src/model_handle.c:1997:6:ModelHandle_IsAutoActive	4	static
../Core/Src/model_handle.c:2001:6:ModelHandle_SaveCurrentStateToEEPROM	24	static
../Core/Src/model_handle.c:2013:6:ModelHandle_SetTimerSlot	16	static
../Core/Src/model_handle.c:2023:6:ModelHandle_SetDryRun	16	static
../Core/Src/model_handle.c:2027:6:ModelHandle_SetOverLoad	16	static
../Core/Src/model_handle.c:2034:6:ModelHandle_SetOverUnderVolt	16	static
../Core/Src/model_handle.c:2050:6:ModelHandle_ClearMaxRunFlag	4	static
../Core/Src/model_handle.c:2054:18:ModelHandle_GetTimerSlots	4	static
../Core/Src/model_handle.c:2058:6:ModelHandle_ProcessUartCommand	16	static
../Core/Src/model_handle.c:2062:6:ModelHandle_IsOverload	4	static
../Core/Src/model_handle.c:2066:6:ModelHandle_IsUnderload	4	static
../Core/Src/model_handle.c:2070:6:ModelHandle_IsDryRunActive	4	static
../Core/Src/model_handle.c:2074:6:ModelHandle_IsVoltageFault	4	static
../Core/Src/model_handle.c:2078:6:ModelHandle_IsMaxRunReached	4	static
../Core/Src/model_handle.c:2083:9:ModelHandle_GetTankLevelPercent	8	static
../Core/Src/model_handle.c:2088:6:ModelHandle_IsTankFull	8	static
../Core/Src/model_handle.c:2092:6:ModelHandle_IsManualActive	4	static
../Core/Src/model_handle.c:2096:10:ModelHandle_GetAutoGap	4	static
../Core/Src/model_handle.c:2101:10:ModelHandle_GetAutoMaxRun	4	static
../Core/Src/model_handle.c:2106:9:ModelHandle_GetAutoRetry	4	static
