../Core/Src/model_handle.c:32:17:Timer_CRC16	24	static
../Core/Src/model_handle.c:208:6:EEPROM_WriteBlockSafe	40	static
../Core/Src/model_handle.c:238:17:SYS_CRC16	24	static
../Core/Src/model_handle.c:255:6:ModelHandle_SaveSettingsToEEPROM	32	static
../Core/Src/model_handle.c:276:6:ModelHandle_LoadSettingsFromEEPROM	32	static
../Core/Src/model_handle.c:301:6:ModelHandle_SaveModeState	8	static
../Core/Src/model_handle.c:314:13:backup_current_mode	4	static
../Core/Src/model_handle.c:322:13:restore_previous_mode	8	static
../Core/Src/model_handle.c:355:13:request_mode_switch	16	static
../Core/Src/model_handle.c:362:6:ModelHandle_StartRestart	8	static
../Core/Src/model_handle.c:377:6:ModelHandle_StopRestart	8	static
../Core/Src/model_handle.c:388:6:ModelHandle_LoadModeState	8	static
../Core/Src/model_handle.c:408:6:ModelHandle_SaveTimerToEEPROM	64	static
../Core/Src/model_handle.c:424:6:ModelHandle_LoadTimerFromEEPROM	64	static
../Core/Src/model_handle.c:436:6:Timer_EEPROM_EnsureValid	56	static
../Core/Src/model_handle.c:452:16:read_raw_tank_level	16	static
../Core/Src/model_handle.c:464:16:get_tank_level_percent	16	static
../Core/Src/model_handle.c:490:13:isTankFull	8	static
../Core/Src/model_handle.c:495:6:ModelHandle_TimerRecalculateNow	8	static
../Core/Src/model_handle.c:500:6:ModelHandle_ProcessDryRun	8	static
../Core/Src/model_handle.c:504:10:ModelHandle_GetGapTime	4	static
../Core/Src/model_handle.c:505:10:ModelHandle_GetRetryCount	4	static
../Core/Src/model_handle.c:506:10:ModelHandle_GetUnderVolt	4	static
../Core/Src/model_handle.c:507:10:ModelHandle_GetOverVolt	4	static
../Core/Src/model_handle.c:508:10:ModelHandle_GetOverloadLimit	8	static
../Core/Src/model_handle.c:509:10:ModelHandle_GetUnderloadLimit	8	static
../Core/Src/model_handle.c:510:10:ModelHandle_GetMaxRunTime	4	static
../Core/Src/model_handle.c:511:9:ModelHandle_GetPowerRestoreMode	4	static
../Core/Src/model_handle.c:515:6:ModelHandle_SetPowerRestoreMode	16	static
../Core/Src/model_handle.c:521:6:ModelHandle_ToggleManual	8	static
../Core/Src/model_handle.c:546:6:ModelHandle_ManualToggleMotor	8	static
../Core/Src/model_handle.c:558:6:ModelHandle_StopAllModesAndMotor	8	static
../Core/Src/model_handle.c:564:6:ModelHandle_FactoryReset	8	static
../Core/Src/model_handle.c:575:6:ModelHandle_StartTimerNearestSlot	8	static
../Core/Src/model_handle.c:580:20:Buzzer_SetPin	16	static
../Core/Src/model_handle.c:585:13:Buzzer_TriggerAlert	8	static
../Core/Src/model_handle.c:590:13:Buzzer_Update	24	static
../Core/Src/model_handle.c:627:24:now_ms	8	static
../Core/Src/model_handle.c:631:20:clear_all_modes	4	static
../Core/Src/model_handle.c:647:6:ModelHandle_OnPowerUp	16	static
../Core/Src/model_handle.c:675:20:Motor_IsRelayOn	8	static
../Core/Src/model_handle.c:679:13:Motor_StartAllowed	4	static
../Core/Src/model_handle.c:684:6:ModelHandle_IsRestartActive	4	static
../Core/Src/model_handle.c:689:20:motor_apply	24	static
../Core/Src/model_handle.c:718:6:Motor_GetStatus	8	static
../Core/Src/model_handle.c:722:20:start_motor	16	static
../Core/Src/model_handle.c:736:20:stop_motor	8	static
../Core/Src/model_handle.c:740:13:check_max_run	16	static
../Core/Src/model_handle.c:760:6:ModelHandle_CheckDryRun	16	static
../Core/Src/model_handle.c:773:6:ModelHandle_CheckGroundWater	16	static
../Core/Src/model_handle.c:781:20:isAnyModeActive	4	static
../Core/Src/model_handle.c:786:6:ModelHandle_SoftDryRunHandler	24	static
../Core/Src/model_handle.c:847:24:get_load_lock_duration_ms	4	static
../Core/Src/model_handle.c:854:6:ModelHandle_CheckLoadFault	32	static
../Core/Src/model_handle.c:940:16:get_today_mask	16	static
../Core/Src/model_handle.c:946:13:slot_is_active_now	32	static
../Core/Src/model_handle.c:971:13:timer_any_active_slot	16	static
../Core/Src/model_handle.c:978:17:get_active_timer_gap_minutes	32	static
../Core/Src/model_handle.c:999:6:ModelHandle_SaveBuzzerSettings	8	static
../Core/Src/model_handle.c:1005:6:ModelHandle_LoadBuzzerSettings	8	static
../Core/Src/model_handle.c:1012:6:ModelHandle_ProcessTimerSlots	24	static
../Core/Src/model_handle.c:1128:6:ModelHandle_StartTimer	8	static
../Core/Src/model_handle.c:1133:6:ModelHandle_StopTimer	8	static
../Core/Src/model_handle.c:1141:6:ModelHandle_CheckAutoTimerActivation	8	static
../Core/Src/model_handle.c:1151:6:ModelHandle_StartSemiAuto	8	static
../Core/Src/model_handle.c:1163:6:ModelHandle_StopSemiAuto	8	static
../Core/Src/model_handle.c:1169:6:ModelHandle_StartAuto	24	static
../Core/Src/model_handle.c:1194:6:ModelHandle_StopAuto	8	static
../Core/Src/model_handle.c:1206:6:ModelHandle_LoadAutoSettings	8	static
../Core/Src/model_handle.c:1240:13:auto_mode_background_control	16	static
../Core/Src/model_handle.c:1271:13:auto_tick	24	static
../Core/Src/model_handle.c:1386:6:ModelHandle_StartCountdown	16	static
../Core/Src/model_handle.c:1401:6:ModelHandle_StopCountdown	8	static
../Core/Src/model_handle.c:1411:13:countdown_tick	32	static
../Core/Src/model_handle.c:1468:17:CD_CRC	24	static
../Core/Src/model_handle.c:1474:13:SaveCountdown	24	static
../Core/Src/model_handle.c:1498:6:ModelHandle_LoadCountdown	24	static
../Core/Src/model_handle.c:1518:6:ModelHandle_StartTwist	32	static
../Core/Src/model_handle.c:1538:6:ModelHandle_StopTwist	8	static
../Core/Src/model_handle.c:1546:13:twist_tick	16	static
../Core/Src/model_handle.c:1566:13:leds_from_model	16	static
../Core/Src/model_handle.c:1593:6:ModelHandle_Process	24	static
../Core/Src/model_handle.c:1765:13:ModelHandle_GetDryState	4	static
../Core/Src/model_handle.c:1770:6:ModelHandle_ResetAll	8	static
../Core/Src/model_handle.c:1782:6:ModelHandle_SetUserSettings	32	static
../Core/Src/model_handle.c:1812:6:ModelHandle_SetAutoSettings	16	static
../Core/Src/model_handle.c:1826:6:ModelHandle_IsAutoActive	4	static
../Core/Src/model_handle.c:1830:6:ModelHandle_SaveCurrentStateToEEPROM	24	static
../Core/Src/model_handle.c:1844:6:ModelHandle_SetTimerSlot	16	static
../Core/Src/model_handle.c:1855:6:ModelHandle_SetDryRun	16	static
../Core/Src/model_handle.c:1859:6:ModelHandle_SetOverLoad	16	static
../Core/Src/model_handle.c:1863:6:ModelHandle_SetOverUnderVolt	16	static
../Core/Src/model_handle.c:1876:6:ModelHandle_ClearMaxRunFlag	4	static
../Core/Src/model_handle.c:1880:18:ModelHandle_GetTimerSlots	4	static
../Core/Src/model_handle.c:1884:6:ModelHandle_ProcessUartCommand	16	static
../Core/Src/model_handle.c:1888:6:ModelHandle_IsOverload	4	static
../Core/Src/model_handle.c:1892:6:ModelHandle_IsUnderload	4	static
../Core/Src/model_handle.c:1896:6:ModelHandle_IsDryRunActive	4	static
../Core/Src/model_handle.c:1900:6:ModelHandle_IsVoltageFault	4	static
../Core/Src/model_handle.c:1904:6:ModelHandle_IsMaxRunReached	4	static
../Core/Src/model_handle.c:1909:9:ModelHandle_GetTankLevelPercent	8	static
../Core/Src/model_handle.c:1914:6:ModelHandle_IsTankFull	8	static
../Core/Src/model_handle.c:1918:6:ModelHandle_IsManualActive	4	static
../Core/Src/model_handle.c:1922:10:ModelHandle_GetAutoGap	4	static
../Core/Src/model_handle.c:1927:10:ModelHandle_GetAutoMaxRun	4	static
../Core/Src/model_handle.c:1932:9:ModelHandle_GetAutoRetry	4	static
