../Drivers/CMSIS/Include/core_cm3.h:1762:34:__NVIC_SystemReset	4	static,ignoring_inline_asm
../Core/Src/model_handle.c:62:24:now_ms	8	static
../Core/Src/model_handle.c:64:10:ModelHandle_TimeToSeconds	16	static
../Core/Src/model_handle.c:68:6:ModelHandle_SecondsToTime	24	static
../Core/Src/model_handle.c:75:20:motor_apply	16	static
../Core/Src/model_handle.c:90:20:start_motor	8	static
../Core/Src/model_handle.c:91:20:stop_motor	8	static
../Core/Src/model_handle.c:94:13:isTankFull	16	static
../Core/Src/model_handle.c:104:6:ModelHandle_ToggleManual	8	static
../Core/Src/model_handle.c:125:6:ModelHandle_ManualLongPress	8	static
../Core/Src/model_handle.c:136:13:countdown_start	16	static
../Core/Src/model_handle.c:154:13:countdown_tick	16	static
../Core/Src/model_handle.c:180:13:twist_tick	16	static
../Core/Src/model_handle.c:208:13:search_tick	16	static
../Core/Src/model_handle.c:239:17:seconds_since_midnight	8	static
../Core/Src/model_handle.c:247:13:timer_tick	24	static
../Core/Src/model_handle.c:293:6:ModelHandle_StartSemiAuto	8	static
../Core/Src/model_handle.c:314:13:semi_auto_tick	8	static
../Core/Src/model_handle.c:331:13:protections_tick	8	static
../Core/Src/model_handle.c:362:13:leds_from_model	8	static
../Core/Src/model_handle.c:389:6:ModelHandle_SetMotor	16	static
../Core/Src/model_handle.c:396:6:ModelHandle_ClearManualOverride	4	static
../Core/Src/model_handle.c:401:6:Motor_GetStatus	4	static
../Core/Src/model_handle.c:407:6:ModelHandle_Process	8	static
../Core/Src/model_handle.c:424:6:ModelHandle_ProcessUartCommand	16	static
