../Core/Src/model_handle.c:40:17:Timer_CRC16	24	static
../Core/Src/model_handle.c:269:10:ModelHandle_GetGapTime	4	static
../Core/Src/model_handle.c:270:10:ModelHandle_GetRetryCount	4	static
../Core/Src/model_handle.c:271:10:ModelHandle_GetUnderVolt	4	static
../Core/Src/model_handle.c:272:10:ModelHandle_GetOverVolt	4	static
../Core/Src/model_handle.c:273:10:ModelHandle_GetOverloadLimit	4	static
../Core/Src/model_handle.c:274:10:ModelHandle_GetUnderloadLimit	4	static
../Core/Src/model_handle.c:275:10:ModelHandle_GetMaxRunTime	4	static
../Core/Src/model_handle.c:276:6:EEPROM_WriteBlockSafe	40	static
../Core/Src/model_handle.c:290:17:SYS_CRC16	24	static
../Core/Src/model_handle.c:304:6:ModelHandle_SaveSettingsToEEPROM	32	static
../Core/Src/model_handle.c:323:6:ModelHandle_LoadSettingsFromEEPROM	32	static
../Core/Src/model_handle.c:345:6:ModelHandle_SaveModeState	8	static
../Core/Src/model_handle.c:357:13:backup_current_mode	4	static
../Core/Src/model_handle.c:365:13:restore_previous_mode	8	static
../Core/Src/model_handle.c:395:6:ModelHandle_StopRestart	8	static
../Core/Src/model_handle.c:405:6:ModelHandle_LoadModeState	16	static
../Core/Src/model_handle.c:445:6:ModelHandle_SaveTimerToEEPROM	56	static
../Core/Src/model_handle.c:458:6:ModelHandle_LoadTimerFromEEPROM	56	static
../Core/Src/model_handle.c:467:6:Timer_EEPROM_EnsureValid	48	static
../Core/Src/model_handle.c:478:13:is_schedule_allowing_run	8	static
../Core/Src/model_handle.c:485:16:read_raw_tank_level	16	static
../Core/Src/model_handle.c:497:16:get_tank_level_percent	16	static
../Core/Src/model_handle.c:523:13:isTankFull	8	static
../Core/Src/model_handle.c:528:6:ModelHandle_StartRestart	8	static
../Core/Src/model_handle.c:542:6:ModelHandle_TimerRecalculateNow	8	static
../Core/Src/model_handle.c:547:6:ModelHandle_ProcessDryRun	8	static
../Core/Src/model_handle.c:551:9:ModelHandle_GetPowerRestoreMode	4	static
../Core/Src/model_handle.c:555:6:ModelHandle_SetPowerRestoreMode	16	static
../Core/Src/model_handle.c:561:6:ModelHandle_SetDryRunTime	16	static
../Core/Src/model_handle.c:570:6:ModelHandle_ToggleManual	8	static
../Core/Src/model_handle.c:595:6:ModelHandle_ManualToggleMotor	8	static
../Core/Src/model_handle.c:605:6:ModelHandle_SetDryRunAndRetry	16	static
../Core/Src/model_handle.c:616:6:ModelHandle_Button3_SinglePress	8	static
../Core/Src/model_handle.c:632:6:ModelHandle_StopAllModesAndMotor	8	static
../Core/Src/model_handle.c:638:6:ModelHandle_FactoryReset	8	static
../Core/Src/model_handle.c:649:6:ModelHandle_StartTimerNearestSlot	8	static
../Core/Src/model_handle.c:654:20:Buzzer_SetPin	16	static
../Core/Src/model_handle.c:659:13:Buzzer_StartEvent	16	static
../Core/Src/model_handle.c:665:13:Buzzer_Update	24	static
../Core/Src/model_handle.c:697:24:now_ms	8	static
../Core/Src/model_handle.c:701:6:ModelHandle_SetProtectionSettings	16	static
../Core/Src/model_handle.c:723:20:clear_all_modes	4	static
../Core/Src/model_handle.c:735:6:ModelHandle_OnPowerUp	16	static
../Core/Src/model_handle.c:766:20:Motor_IsRelayOn	8	static
../Core/Src/model_handle.c:770:13:Motor_StartAllowed	4	static
../Core/Src/model_handle.c:781:6:ModelHandle_IsRestartActive	4	static
../Core/Src/model_handle.c:786:20:motor_apply	24	static
../Core/Src/model_handle.c:811:6:Motor_GetStatus	8	static
../Core/Src/model_handle.c:815:20:start_motor	16	static
../Core/Src/model_handle.c:835:20:stop_motor	8	static
../Core/Src/model_handle.c:839:13:check_max_run	16	static
../Core/Src/model_handle.c:857:6:ModelHandle_Button4_SinglePress	16	static
../Core/Src/model_handle.c:883:6:ModelHandle_CheckDryRun	16	static
../Core/Src/model_handle.c:901:6:ModelHandle_CheckGroundWater	32	static
../Core/Src/model_handle.c:932:20:isAnyModeActive	4	static
../Core/Src/model_handle.c:937:6:ModelHandle_SoftDryRunHandler	24	static
../Core/Src/model_handle.c:1002:24:get_load_lock_duration_ms	4	static
../Core/Src/model_handle.c:1009:6:ModelHandle_CheckLoadFault	32	static
../Core/Src/model_handle.c:1088:16:get_today_mask	16	static
../Core/Src/model_handle.c:1094:13:slot_is_active_now	32	static
../Core/Src/model_handle.c:1110:13:timer_any_active_slot	16	static
../Core/Src/model_handle.c:1117:17:get_active_timer_gap_minutes	32	static
../Core/Src/model_handle.c:1148:6:ModelHandle_SaveBuzzerSettings	8	static
../Core/Src/model_handle.c:1154:6:ModelHandle_LoadBuzzerSettings	8	static
../Core/Src/model_handle.c:1161:6:ModelHandle_ProcessTimerSlots	24	static
../Core/Src/model_handle.c:1256:6:ModelHandle_StartTimer	8	static
../Core/Src/model_handle.c:1261:6:ModelHandle_StopTimer	8	static
../Core/Src/model_handle.c:1269:6:ModelHandle_CheckAutoTimerActivation	8	static
../Core/Src/model_handle.c:1279:6:ModelHandle_StartSemiAuto	8	static
../Core/Src/model_handle.c:1293:6:ModelHandle_StopSemiAuto	8	static
../Core/Src/model_handle.c:1299:6:ModelHandle_StartAuto	16	static
../Core/Src/model_handle.c:1314:6:ModelHandle_StopAuto	8	static
../Core/Src/model_handle.c:1324:6:ModelHandle_LoadAutoSettings	8	static
../Core/Src/model_handle.c:1352:13:auto_mode_background_control	16	static
../Core/Src/model_handle.c:1390:6:ModelHandle_SetBuzzerSettings	16	static
../Core/Src/model_handle.c:1399:13:auto_tick	24	static
../Core/Src/model_handle.c:1513:6:ModelHandle_StartCountdown	24	static
../Core/Src/model_handle.c:1540:6:ModelHandle_StopCountdown	8	static
../Core/Src/model_handle.c:1551:17:CD_CRC	24	static
../Core/Src/model_handle.c:1557:13:SaveCountdown	24	static
../Core/Src/model_handle.c:1580:6:ModelHandle_LoadCountdown	24	static
../Core/Src/model_handle.c:1600:6:ModelHandle_StartTwist	32	static
../Core/Src/model_handle.c:1620:6:ModelHandle_StopTwist	8	static
../Core/Src/model_handle.c:1628:13:twist_tick	16	static
../Core/Src/model_handle.c:1660:13:leds_from_model	16	static
../Core/Src/model_handle.c:1694:6:ModelHandle_Process	16	static
../Core/Src/model_handle.c:1894:13:ModelHandle_GetDryState	4	static
../Core/Src/model_handle.c:1898:6:ModelHandle_ResetAll	8	static
../Core/Src/model_handle.c:1910:6:ModelHandle_SetUserSettings	136	static
../Core/Src/model_handle.c:1979:6:ModelHandle_SetAutoSettings	16	static
../Core/Src/model_handle.c:1991:6:ModelHandle_IsAutoActive	4	static
../Core/Src/model_handle.c:1995:6:ModelHandle_SaveCurrentStateToEEPROM	24	static
../Core/Src/model_handle.c:2007:6:ModelHandle_SetTimerSlot	16	static
../Core/Src/model_handle.c:2017:6:ModelHandle_SetDryRun	16	static
../Core/Src/model_handle.c:2021:6:ModelHandle_SetOverLoad	16	static
../Core/Src/model_handle.c:2028:6:ModelHandle_SetOverUnderVolt	16	static
../Core/Src/model_handle.c:2044:6:ModelHandle_ClearMaxRunFlag	4	static
../Core/Src/model_handle.c:2048:18:ModelHandle_GetTimerSlots	4	static
../Core/Src/model_handle.c:2052:6:ModelHandle_ProcessUartCommand	16	static
../Core/Src/model_handle.c:2056:6:ModelHandle_IsOverload	4	static
../Core/Src/model_handle.c:2060:6:ModelHandle_IsUnderload	4	static
../Core/Src/model_handle.c:2064:6:ModelHandle_IsDryRunActive	4	static
../Core/Src/model_handle.c:2068:6:ModelHandle_IsVoltageFault	4	static
../Core/Src/model_handle.c:2072:6:ModelHandle_IsMaxRunReached	4	static
../Core/Src/model_handle.c:2077:9:ModelHandle_GetTankLevelPercent	8	static
../Core/Src/model_handle.c:2082:6:ModelHandle_IsTankFull	8	static
../Core/Src/model_handle.c:2086:6:ModelHandle_IsManualActive	4	static
../Core/Src/model_handle.c:2090:10:ModelHandle_GetAutoGap	4	static
../Core/Src/model_handle.c:2095:10:ModelHandle_GetAutoMaxRun	4	static
../Core/Src/model_handle.c:2100:9:ModelHandle_GetAutoRetry	4	static
