../Core/Src/model_handle.c:31:17:Timer_CRC16	24	static
../Core/Src/model_handle.c:208:6:EEPROM_WriteBlockSafe	40	static
../Core/Src/model_handle.c:223:13:request_mode_switch	16	static
../Core/Src/model_handle.c:230:6:ModelHandle_StartRestart	8	static
../Core/Src/model_handle.c:242:6:ModelHandle_StopRestart	8	static
../Core/Src/model_handle.c:277:6:ModelHandle_SaveSettingsToEEPROM	32	static
../Core/Src/model_handle.c:295:6:ModelHandle_LoadSettingsFromEEPROM	40	static
../Core/Src/model_handle.c:311:6:ModelHandle_SaveModeState	8	static
../Core/Src/model_handle.c:324:13:backup_current_mode	4	static
../Core/Src/model_handle.c:332:13:restore_previous_mode	8	static
../Core/Src/model_handle.c:365:6:ModelHandle_LoadModeState	8	static
../Core/Src/model_handle.c:385:6:ModelHandle_SaveTimerToEEPROM	64	static
../Core/Src/model_handle.c:401:6:ModelHandle_LoadTimerFromEEPROM	64	static
../Core/Src/model_handle.c:413:6:Timer_EEPROM_EnsureValid	56	static
../Core/Src/model_handle.c:428:16:get_tank_level_percent	16	static
../Core/Src/model_handle.c:463:13:isTankFull	24	static
../Core/Src/model_handle.c:494:6:ModelHandle_TimerRecalculateNow	8	static
../Core/Src/model_handle.c:499:6:ModelHandle_ProcessDryRun	8	static
../Core/Src/model_handle.c:503:10:ModelHandle_GetGapTime	4	static
../Core/Src/model_handle.c:504:10:ModelHandle_GetRetryCount	4	static
../Core/Src/model_handle.c:505:10:ModelHandle_GetUnderVolt	4	static
../Core/Src/model_handle.c:506:10:ModelHandle_GetOverVolt	4	static
../Core/Src/model_handle.c:507:10:ModelHandle_GetOverloadLimit	8	static
../Core/Src/model_handle.c:508:10:ModelHandle_GetUnderloadLimit	8	static
../Core/Src/model_handle.c:509:10:ModelHandle_GetMaxRunTime	4	static
../Core/Src/model_handle.c:510:9:ModelHandle_GetPowerRestoreMode	4	static
../Core/Src/model_handle.c:514:6:ModelHandle_SetPowerRestoreMode	16	static
../Core/Src/model_handle.c:520:6:ModelHandle_ToggleManual	8	static
../Core/Src/model_handle.c:545:6:ModelHandle_ManualToggleMotor	8	static
../Core/Src/model_handle.c:557:6:ModelHandle_StopAllModesAndMotor	8	static
../Core/Src/model_handle.c:563:6:ModelHandle_FactoryReset	8	static
../Core/Src/model_handle.c:574:6:ModelHandle_StartTimerNearestSlot	8	static
../Core/Src/model_handle.c:579:20:Buzzer_SetPin	16	static
../Core/Src/model_handle.c:584:13:Buzzer_TriggerAlert	8	static
../Core/Src/model_handle.c:589:13:Buzzer_Update	24	static
../Core/Src/model_handle.c:626:24:now_ms	8	static
../Core/Src/model_handle.c:630:20:clear_all_modes	4	static
../Core/Src/model_handle.c:644:6:ModelHandle_OnPowerUp	8	static
../Core/Src/model_handle.c:652:20:Motor_IsRelayOn	8	static
../Core/Src/model_handle.c:656:13:Motor_StartAllowed	4	static
../Core/Src/model_handle.c:661:6:ModelHandle_IsRestartActive	4	static
../Core/Src/model_handle.c:666:20:motor_apply	24	static
../Core/Src/model_handle.c:692:6:Motor_GetStatus	8	static
../Core/Src/model_handle.c:696:20:start_motor	8	static
../Core/Src/model_handle.c:708:20:stop_motor	8	static
../Core/Src/model_handle.c:712:13:check_max_run	16	static
../Core/Src/model_handle.c:732:6:ModelHandle_CheckDryRun	16	static
../Core/Src/model_handle.c:745:6:ModelHandle_CheckGroundWater	16	static
../Core/Src/model_handle.c:753:20:isAnyModeActive	4	static
../Core/Src/model_handle.c:758:6:ModelHandle_SoftDryRunHandler	24	static
../Core/Src/model_handle.c:824:24:get_load_lock_duration_ms	4	static
../Core/Src/model_handle.c:831:6:ModelHandle_CheckLoadFault	32	static
../Core/Src/model_handle.c:924:16:get_today_mask	16	static
../Core/Src/model_handle.c:930:13:slot_is_active_now	32	static
../Core/Src/model_handle.c:955:13:timer_any_active_slot	16	static
../Core/Src/model_handle.c:962:17:get_active_timer_gap_minutes	32	static
../Core/Src/model_handle.c:983:6:ModelHandle_SaveBuzzerSettings	8	static
../Core/Src/model_handle.c:989:6:ModelHandle_LoadBuzzerSettings	8	static
../Core/Src/model_handle.c:996:6:ModelHandle_ProcessTimerSlots	32	static
../Core/Src/model_handle.c:1100:6:ModelHandle_StartTimer	8	static
../Core/Src/model_handle.c:1105:6:ModelHandle_StopTimer	8	static
../Core/Src/model_handle.c:1113:6:ModelHandle_CheckAutoTimerActivation	8	static
../Core/Src/model_handle.c:1123:6:ModelHandle_StartSemiAuto	8	static
../Core/Src/model_handle.c:1133:6:ModelHandle_StopSemiAuto	8	static
../Core/Src/model_handle.c:1142:6:ModelHandle_StartAuto	24	static
../Core/Src/model_handle.c:1169:6:ModelHandle_StopAuto	8	static
../Core/Src/model_handle.c:1181:6:ModelHandle_LoadAutoSettings	8	static
../Core/Src/model_handle.c:1199:13:auto_mode_background_control	16	static
../Core/Src/model_handle.c:1229:13:auto_tick	24	static
../Core/Src/model_handle.c:1331:6:ModelHandle_StartCountdown	16	static
../Core/Src/model_handle.c:1349:6:ModelHandle_StopCountdown	8	static
../Core/Src/model_handle.c:1358:13:countdown_tick	16	static
../Core/Src/model_handle.c:1399:17:CD_CRC	24	static
../Core/Src/model_handle.c:1404:13:SaveCountdown	24	static
../Core/Src/model_handle.c:1433:6:ModelHandle_LoadCountdown	24	static
../Core/Src/model_handle.c:1461:6:ModelHandle_StartTwist	32	static
../Core/Src/model_handle.c:1480:6:ModelHandle_StopTwist	8	static
../Core/Src/model_handle.c:1487:13:twist_time_logic	8	static
../Core/Src/model_handle.c:1508:13:twist_tick	16	static
../Core/Src/model_handle.c:1528:13:leds_from_model	16	static
../Core/Src/model_handle.c:1567:6:ModelHandle_Process	16	static
../Core/Src/model_handle.c:1686:13:ModelHandle_GetDryState	4	static
../Core/Src/model_handle.c:1692:6:ModelHandle_ResetAll	8	static
../Core/Src/model_handle.c:1704:6:ModelHandle_SetUserSettings	24	static
../Core/Src/model_handle.c:1721:16:AUTO_CRC	24	static
../Core/Src/model_handle.c:1728:6:ModelHandle_SetAutoSettings	16	static
../Core/Src/model_handle.c:1739:6:ModelHandle_IsAutoActive	4	static
../Core/Src/model_handle.c:1743:6:ModelHandle_SaveCurrentStateToEEPROM	24	static
../Core/Src/model_handle.c:1757:6:ModelHandle_SetTimerSlot	16	static
../Core/Src/model_handle.c:1768:6:ModelHandle_SetDryRun	16	static
../Core/Src/model_handle.c:1772:6:ModelHandle_SetOverLoad	16	static
../Core/Src/model_handle.c:1776:6:ModelHandle_SetOverUnderVolt	16	static
../Core/Src/model_handle.c:1789:6:ModelHandle_ClearMaxRunFlag	4	static
../Core/Src/model_handle.c:1793:18:ModelHandle_GetTimerSlots	4	static
../Core/Src/model_handle.c:1797:6:ModelHandle_ProcessUartCommand	16	static
../Core/Src/model_handle.c:1801:6:ModelHandle_IsOverload	4	static
../Core/Src/model_handle.c:1805:6:ModelHandle_IsUnderload	4	static
../Core/Src/model_handle.c:1809:6:ModelHandle_IsDryRunActive	4	static
../Core/Src/model_handle.c:1813:6:ModelHandle_IsVoltageFault	4	static
../Core/Src/model_handle.c:1817:6:ModelHandle_IsMaxRunReached	4	static
../Core/Src/model_handle.c:1822:9:ModelHandle_GetTankLevelPercent	8	static
../Core/Src/model_handle.c:1827:6:ModelHandle_IsTankFull	8	static
