../Core/Src/model_handle.c:52:17:Timer_CRC16	24	static
../Core/Src/model_handle.c:212:6:EEPROM_WriteBlockSafe	40	static
../Core/Src/model_handle.c:245:17:SYS_CRC16	24	static
../Core/Src/model_handle.c:252:6:ModelHandle_SaveSettingsToEEPROM	32	static
../Core/Src/model_handle.c:277:6:ModelHandle_LoadSettingsFromEEPROM	40	static
../Core/Src/model_handle.c:302:6:ModelHandle_SaveModeState	8	static
../Core/Src/model_handle.c:319:6:ModelHandle_LoadModeState	8	static
../Core/Src/model_handle.c:344:6:ModelHandle_SaveTimerToEEPROM	64	static
../Core/Src/model_handle.c:364:6:ModelHandle_LoadTimerFromEEPROM	64	static
../Core/Src/model_handle.c:378:6:Timer_EEPROM_EnsureValid	56	static
../Core/Src/model_handle.c:420:13:isTankFull	24	static
../Core/Src/model_handle.c:463:6:ModelHandle_TimerRecalculateNow	8	static
../Core/Src/model_handle.c:469:6:ModelHandle_ProcessDryRun	8	static
../Core/Src/model_handle.c:475:10:ModelHandle_GetGapTime	4	static
../Core/Src/model_handle.c:476:10:ModelHandle_GetRetryCount	4	static
../Core/Src/model_handle.c:477:10:ModelHandle_GetUnderVolt	4	static
../Core/Src/model_handle.c:478:10:ModelHandle_GetOverVolt	4	static
../Core/Src/model_handle.c:479:10:ModelHandle_GetOverloadLimit	8	static
../Core/Src/model_handle.c:480:10:ModelHandle_GetUnderloadLimit	8	static
../Core/Src/model_handle.c:481:10:ModelHandle_GetMaxRunTime	4	static
../Core/Src/model_handle.c:483:9:ModelHandle_GetPowerRestoreMode	4	static
../Core/Src/model_handle.c:488:6:ModelHandle_SetPowerRestoreMode	16	static
../Core/Src/model_handle.c:496:6:ModelHandle_ToggleManual	8	static
../Core/Src/model_handle.c:504:6:ModelHandle_StopAllModesAndMotor	8	static
../Core/Src/model_handle.c:512:6:ModelHandle_FactoryReset	8	static
../Core/Src/model_handle.c:526:6:ModelHandle_StartTimerNearestSlot	8	static
../Core/Src/model_handle.c:533:20:Buzzer_SetPin	16	static
../Core/Src/model_handle.c:541:13:Buzzer_TriggerAlert	8	static
../Core/Src/model_handle.c:546:13:Buzzer_Update	24	static
../Core/Src/model_handle.c:571:6:reset	16	static
../Core/Src/model_handle.c:643:24:now_ms	8	static
../Core/Src/model_handle.c:648:20:clear_all_modes	4	static
../Core/Src/model_handle.c:666:6:ModelHandle_OnPowerUp	8	static
../Core/Src/model_handle.c:671:13:Motor_StartAllowed	8	static
../Core/Src/model_handle.c:676:20:Motor_GetStatusInternal	4	static
../Core/Src/model_handle.c:681:6:Motor_GetStatus	8	static
../Core/Src/model_handle.c:686:20:motor_apply	24	static
../Core/Src/model_handle.c:704:13:motor_force_off	8	static
../Core/Src/model_handle.c:712:20:start_motor	8	static
../Core/Src/model_handle.c:719:20:stop_motor	8	static
../Core/Src/model_handle.c:728:13:check_max_run	16	static
../Core/Src/model_handle.c:750:6:ModelHandle_CheckDryRun	16	static
../Core/Src/model_handle.c:787:20:isAnyModeActive	4	static
../Core/Src/model_handle.c:793:6:ModelHandle_SoftDryRunHandler	24	static
../Core/Src/model_handle.c:905:24:get_load_lock_duration_ms	4	static
../Core/Src/model_handle.c:912:6:ModelHandle_CheckLoadFault	32	static
../Core/Src/model_handle.c:1002:16:get_today_mask	16	static
../Core/Src/model_handle.c:1009:13:slot_is_active_now	32	static
../Core/Src/model_handle.c:1022:13:timer_any_active_slot	16	static
../Core/Src/model_handle.c:1030:17:get_active_timer_gap_minutes	32	static
../Core/Src/model_handle.c:1054:17:timer_get_gap_ms	16	static
../Core/Src/model_handle.c:1076:6:ModelHandle_ProcessTimerSlots	16	static
../Core/Src/model_handle.c:1148:6:ModelHandle_StartTimer	8	static
../Core/Src/model_handle.c:1156:6:ModelHandle_StopTimer	8	static
../Core/Src/model_handle.c:1166:6:ModelHandle_CheckAutoTimerActivation	8	static
../Core/Src/model_handle.c:1180:6:ModelHandle_StartSemiAuto	8	static
../Core/Src/model_handle.c:1190:6:ModelHandle_StopSemiAuto	8	static
../Core/Src/model_handle.c:1226:6:ModelHandle_StartAuto	16	static
../Core/Src/model_handle.c:1242:6:ModelHandle_StopAuto	16	static
../Core/Src/model_handle.c:1253:6:ModelHandle_LoadAutoSettings	24	static
../Core/Src/model_handle.c:1275:13:auto_tick	16	static
../Core/Src/model_handle.c:1363:6:ModelHandle_StartCountdown	16	static
../Core/Src/model_handle.c:1377:6:ModelHandle_StopCountdown	8	static
../Core/Src/model_handle.c:1387:13:countdown_tick	16	static
../Core/Src/model_handle.c:1420:17:CD_CRC	24	static
../Core/Src/model_handle.c:1425:13:SaveCountdown	24	static
../Core/Src/model_handle.c:1436:6:ModelHandle_LoadCountdown	24	static
../Core/Src/model_handle.c:1461:6:ModelHandle_StartTwist	32	static
../Core/Src/model_handle.c:1484:6:ModelHandle_StopTwist	8	static
../Core/Src/model_handle.c:1492:13:twist_time_logic	8	static
../Core/Src/model_handle.c:1516:13:twist_tick	16	static
../Core/Src/model_handle.c:1542:13:protections_tick	8	static
../Core/Src/model_handle.c:1551:13:leds_from_model	16	static
../Core/Src/model_handle.c:1583:6:ModelHandle_Process	8	static
../Core/Src/model_handle.c:1686:6:ModelHandle_ResetAll	8	static
../Core/Src/model_handle.c:1708:6:ModelHandle_SetUserSettings	24	static
../Core/Src/model_handle.c:1729:16:AUTO_CRC	24	static
../Core/Src/model_handle.c:1735:13:SaveAutoRuntime	32	static
../Core/Src/model_handle.c:1754:6:ModelHandle_SetAutoSettings	16	static
../Core/Src/model_handle.c:1768:6:ModelHandle_IsAutoActive	4	static
../Core/Src/model_handle.c:1776:6:ModelHandle_SaveCurrentStateToEEPROM	24	static
../Core/Src/model_handle.c:1794:6:ModelHandle_SetTimerSlot	24	static
../Core/Src/model_handle.c:1813:6:ModelHandle_SetDryRun	16	static
../Core/Src/model_handle.c:1818:6:ModelHandle_SetOverLoad	16	static
../Core/Src/model_handle.c:1823:6:ModelHandle_SetOverUnderVolt	16	static
../Core/Src/model_handle.c:1837:6:ModelHandle_ClearMaxRunFlag	4	static
../Core/Src/model_handle.c:1844:18:ModelHandle_GetTimerSlots	4	static
../Core/Src/model_handle.c:1852:6:ModelHandle_ProcessUartCommand	16	static
