../Core/Src/model_handle.c:47:24:now_ms	8	static
../Core/Src/model_handle.c:49:10:ModelHandle_TimeToSeconds	16	static
../Core/Src/model_handle.c:53:6:ModelHandle_SecondsToTime	24	static
../Core/Src/model_handle.c:60:13:motor_apply	16	static
../Core/Src/model_handle.c:76:13:countdown_start	16	static
../Core/Src/model_handle.c:88:13:countdown_tick	16	static
../Core/Src/model_handle.c:109:13:twist_tick	16	static
../Core/Src/model_handle.c:130:13:search_tick	16	static
../Core/Src/model_handle.c:149:17:seconds_since_midnight	16	static
../Core/Src/model_handle.c:155:13:timer_tick	24	static
../Core/Src/model_handle.c:177:13:protections_tick	8	static
../Core/Src/model_handle.c:203:13:leds_from_model	8	static
../Core/Src/model_handle.c:230:6:ModelHandle_ProcessUartCommand	16	static
../Core/Src/model_handle.c:244:6:ModelHandle_SetDryRun	16	static
../Core/Src/model_handle.c:245:6:ModelHandle_SetOverLoad	16	static
../Core/Src/model_handle.c:246:6:ModelHandle_SetOverUnderVolt	16	static
../Core/Src/model_handle.c:247:6:ModelHandle_ClearMaxRunFlag	4	static
../Core/Src/model_handle.c:250:6:ModelHandle_Process	8	static
../Core/Src/model_handle.c:261:6:Motor_GetStatus	4	static
