../Drivers/CMSIS/Include/core_cm3.h:1762:34:__NVIC_SystemReset	4	static,ignoring_inline_asm
../Core/Src/model_handle.c:64:24:now_ms	8	static
../Core/Src/model_handle.c:66:10:ModelHandle_TimeToSeconds	16	static
../Core/Src/model_handle.c:69:6:ModelHandle_SecondsToTime	24	static
../Core/Src/model_handle.c:105:20:motor_apply	16	static
../Core/Src/model_handle.c:119:20:start_motor	8	static
../Core/Src/model_handle.c:125:20:stop_motor	8	static
../Core/Src/model_handle.c:130:13:isTankFull	16	static
../Core/Src/model_handle.c:140:6:ModelHandle_TriggerAuxBurst	16	static
../Core/Src/model_handle.c:150:6:ModelHandle_AuxBurstActive	4	static
../Core/Src/model_handle.c:158:20:dry_raw_is_dry	24	static
../Core/Src/model_handle.c:168:6:ModelHandle_ToggleManual	8	static
../Core/Src/model_handle.c:188:6:ModelHandle_ManualLongPress	8	static
../Core/Src/model_handle.c:208:6:ModelHandle_StopCountdown	8	static
../Core/Src/model_handle.c:218:13:countdown_start_one_run	8	static
../Core/Src/model_handle.c:225:6:ModelHandle_StartCountdown	16	static
../Core/Src/model_handle.c:246:13:countdown_tick	16	static
../Core/Src/model_handle.c:294:20:isDryLowSupply_debounced	16	static
../Core/Src/model_handle.c:304:20:twist_arm_priming	8	static
../Core/Src/model_handle.c:315:6:ModelHandle_StartTwist	16	static
../Core/Src/model_handle.c:337:6:ModelHandle_StopTwist	8	static
../Core/Src/model_handle.c:345:13:twist_tick	16	static
../Core/Src/model_handle.c:406:6:ModelHandle_StartSearch	16	static
../Core/Src/model_handle.c:429:6:ModelHandle_StopSearch	8	static
../Core/Src/model_handle.c:436:20:isDryDebounced_RUN	8	static
../Core/Src/model_handle.c:445:13:search_tick	16	static
../Core/Src/model_handle.c:503:17:seconds_since_midnight	8	static
../Core/Src/model_handle.c:511:13:timer_tick	32	static
../Core/Src/model_handle.c:570:6:ModelHandle_StartSemiAuto	8	static
../Core/Src/model_handle.c:590:13:semi_auto_tick	8	static
../Core/Src/model_handle.c:607:13:protections_tick	8	static
../Core/Src/model_handle.c:647:13:leds_from_model	8	static
../Core/Src/model_handle.c:676:6:ModelHandle_SetMotor	16	static
../Core/Src/model_handle.c:682:6:ModelHandle_ClearManualOverride	4	static
../Core/Src/model_handle.c:683:6:Motor_GetStatus	4	static
../Core/Src/model_handle.c:688:6:ModelHandle_Process	16	static
../Core/Src/model_handle.c:714:6:ModelHandle_ProcessUartCommand	16	static
