../Core/Src/model_handle.c:64:24:now_ms	8	static
../Core/Src/model_handle.c:69:20:clear_all_modes	4	static
../Core/Src/model_handle.c:83:20:motor_apply	16	static
../Core/Src/model_handle.c:94:20:start_motor	8	static
../Core/Src/model_handle.c:95:20:stop_motor	8	static
../Core/Src/model_handle.c:97:6:Motor_GetStatus	4	static
../Core/Src/model_handle.c:105:6:ModelHandle_SetMotor	16	static
../Core/Src/model_handle.c:118:6:reset	8	static
../Core/Src/model_handle.c:139:6:ModelHandle_StopAllModesAndMotor	8	static
../Core/Src/model_handle.c:151:20:isTankFull	24	static
../Core/Src/model_handle.c:193:6:ModelHandle_CheckDryRun	16	static
../Core/Src/model_handle.c:209:6:ModelHandle_ToggleManual	8	static
../Core/Src/model_handle.c:252:20:isAnyModeActive	4	static
../Core/Src/model_handle.c:262:6:ModelHandle_SoftDryRunHandler	16	static
../Core/Src/model_handle.c:355:6:ModelHandle_ProcessDryRun	8	static
../Core/Src/model_handle.c:367:23:get_today_mask	16	static
../Core/Src/model_handle.c:376:13:timer_slot_should_run	32	static
../Core/Src/model_handle.c:401:13:timer_any_active_slot	16	static
../Core/Src/model_handle.c:410:13:slot_is_active_now	32	static
../Core/Src/model_handle.c:435:6:ModelHandle_StartTimerNearestSlot	40	static
../Core/Src/model_handle.c:483:6:ModelHandle_ProcessTimerSlots	16	static
../Core/Src/model_handle.c:515:6:ModelHandle_TimerRecalculateNow	16	static
../Core/Src/model_handle.c:539:6:ModelHandle_StartTimer	16	static
../Core/Src/model_handle.c:560:6:ModelHandle_StopTimer	8	static
../Core/Src/model_handle.c:569:13:timer_tick	16	static
../Core/Src/model_handle.c:602:6:ModelHandle_StartSemiAuto	8	static
../Core/Src/model_handle.c:614:6:ModelHandle_StopSemiAuto	8	static
../Core/Src/model_handle.c:642:6:ModelHandle_StartAuto	16	static
../Core/Src/model_handle.c:660:6:ModelHandle_StopAuto	8	static
../Core/Src/model_handle.c:672:13:auto_tick	16	static
../Core/Src/model_handle.c:753:6:ModelHandle_StopCountdown	8	static
../Core/Src/model_handle.c:760:6:ModelHandle_StartCountdown	16	static
../Core/Src/model_handle.c:780:13:countdown_tick	16	static
../Core/Src/model_handle.c:814:6:ModelHandle_StartTwist	24	static
../Core/Src/model_handle.c:840:6:ModelHandle_StopTwist	8	static
../Core/Src/model_handle.c:848:13:twist_time_logic	8	static
../Core/Src/model_handle.c:877:13:twist_tick	16	static
../Core/Src/model_handle.c:916:13:protections_tick	8	static
../Core/Src/model_handle.c:928:13:leds_from_model	8	static
../Core/Src/model_handle.c:962:6:ModelHandle_Process	8	static
../Core/Src/model_handle.c:1049:6:ModelHandle_ResetAll	8	static
../Core/Src/model_handle.c:1067:6:ModelHandle_SetAutoSettings	16	static
../Core/Src/model_handle.c:1077:6:ModelHandle_IsAutoActive	4	static
../Core/Src/model_handle.c:1085:6:ModelHandle_SaveCurrentStateToEEPROM	24	static
../Core/Src/model_handle.c:1105:6:ModelHandle_SetTimerSlot	16	static
