../Drivers/CMSIS/Include/core_cm3.h:1762:34:__NVIC_SystemReset	4	static,ignoring_inline_asm
../Core/Src/model_handle.c:61:24:now_ms	8	static
../Core/Src/model_handle.c:63:10:ModelHandle_TimeToSeconds	16	static
../Core/Src/model_handle.c:67:6:ModelHandle_SecondsToTime	24	static
../Core/Src/model_handle.c:74:20:motor_apply	16	static
../Core/Src/model_handle.c:89:20:start_motor	8	static
../Core/Src/model_handle.c:90:20:stop_motor	8	static
../Core/Src/model_handle.c:93:13:isTankFull	16	static
../Core/Src/model_handle.c:103:6:ModelHandle_ToggleManual	8	static
../Core/Src/model_handle.c:123:6:ModelHandle_ManualLongPress	8	static
../Core/Src/model_handle.c:144:6:ModelHandle_StopCountdown	8	static
../Core/Src/model_handle.c:156:13:countdown_start_one_run	8	static
../Core/Src/model_handle.c:165:6:ModelHandle_StartCountdown	16	static
../Core/Src/model_handle.c:188:13:countdown_tick	16	static
../Core/Src/model_handle.c:234:13:twist_tick	16	static
../Core/Src/model_handle.c:262:13:search_tick	16	static
../Core/Src/model_handle.c:293:17:seconds_since_midnight	8	static
../Core/Src/model_handle.c:301:13:timer_tick	24	static
../Core/Src/model_handle.c:347:6:ModelHandle_StartSemiAuto	8	static
../Core/Src/model_handle.c:368:13:semi_auto_tick	8	static
../Core/Src/model_handle.c:385:13:protections_tick	8	static
../Core/Src/model_handle.c:416:13:leds_from_model	8	static
../Core/Src/model_handle.c:443:6:ModelHandle_SetMotor	16	static
../Core/Src/model_handle.c:450:6:ModelHandle_ClearManualOverride	4	static
../Core/Src/model_handle.c:455:6:Motor_GetStatus	4	static
../Core/Src/model_handle.c:462:6:ModelHandle_Process	8	static
../Core/Src/model_handle.c:476:6:ModelHandle_ProcessUartCommand	16	static
