../Core/Src/model_handle.c:40:17:Timer_CRC16	24	static
../Core/Src/model_handle.c:266:10:ModelHandle_GetGapTime	4	static
../Core/Src/model_handle.c:267:10:ModelHandle_GetRetryCount	4	static
../Core/Src/model_handle.c:268:10:ModelHandle_GetUnderVolt	4	static
../Core/Src/model_handle.c:269:10:ModelHandle_GetOverVolt	4	static
../Core/Src/model_handle.c:270:10:ModelHandle_GetOverloadLimit	4	static
../Core/Src/model_handle.c:271:10:ModelHandle_GetUnderloadLimit	4	static
../Core/Src/model_handle.c:272:10:ModelHandle_GetMaxRunTime	4	static
../Core/Src/model_handle.c:273:6:EEPROM_WriteBlockSafe	40	static
../Core/Src/model_handle.c:287:17:SYS_CRC16	24	static
../Core/Src/model_handle.c:301:6:ModelHandle_SaveSettingsToEEPROM	32	static
../Core/Src/model_handle.c:319:6:ModelHandle_LoadSettingsFromEEPROM	32	static
../Core/Src/model_handle.c:340:6:ModelHandle_SaveModeState	8	static
../Core/Src/model_handle.c:352:13:backup_current_mode	4	static
../Core/Src/model_handle.c:360:13:restore_previous_mode	8	static
../Core/Src/model_handle.c:390:6:ModelHandle_StopRestart	8	static
../Core/Src/model_handle.c:400:6:ModelHandle_LoadModeState	16	static
../Core/Src/model_handle.c:440:6:ModelHandle_SaveTimerToEEPROM	56	static
../Core/Src/model_handle.c:453:6:ModelHandle_LoadTimerFromEEPROM	56	static
../Core/Src/model_handle.c:462:6:Timer_EEPROM_EnsureValid	48	static
../Core/Src/model_handle.c:473:13:is_schedule_allowing_run	8	static
../Core/Src/model_handle.c:480:16:read_raw_tank_level	16	static
../Core/Src/model_handle.c:490:16:get_tank_level_percent	16	static
../Core/Src/model_handle.c:512:13:isTankFull	8	static
../Core/Src/model_handle.c:517:6:ModelHandle_StartRestart	8	static
../Core/Src/model_handle.c:531:6:ModelHandle_TimerRecalculateNow	8	static
../Core/Src/model_handle.c:536:6:ModelHandle_ProcessDryRun	8	static
../Core/Src/model_handle.c:540:9:ModelHandle_GetPowerRestoreMode	4	static
../Core/Src/model_handle.c:544:6:ModelHandle_SetPowerRestoreMode	16	static
../Core/Src/model_handle.c:550:6:ModelHandle_ToggleManual	8	static
../Core/Src/model_handle.c:575:6:ModelHandle_ManualToggleMotor	8	static
../Core/Src/model_handle.c:585:6:ModelHandle_SetDryRunAndRetry	16	static
../Core/Src/model_handle.c:596:6:ModelHandle_Button3_SinglePress	8	static
../Core/Src/model_handle.c:612:6:ModelHandle_StopAllModesAndMotor	8	static
../Core/Src/model_handle.c:618:6:ModelHandle_FactoryReset	8	static
../Core/Src/model_handle.c:629:6:ModelHandle_StartTimerNearestSlot	8	static
../Core/Src/model_handle.c:634:20:Buzzer_SetPin	16	static
../Core/Src/model_handle.c:639:13:Buzzer_StartEvent	16	static
../Core/Src/model_handle.c:645:13:Buzzer_Update	24	static
../Core/Src/model_handle.c:686:24:now_ms	8	static
../Core/Src/model_handle.c:690:6:ModelHandle_SetProtectionSettings	16	static
../Core/Src/model_handle.c:703:20:clear_all_modes	4	static
../Core/Src/model_handle.c:715:6:ModelHandle_OnPowerUp	16	static
../Core/Src/model_handle.c:746:20:Motor_IsRelayOn	8	static
../Core/Src/model_handle.c:750:13:Motor_StartAllowed	4	static
../Core/Src/model_handle.c:761:6:ModelHandle_IsRestartActive	4	static
../Core/Src/model_handle.c:766:20:motor_apply	24	static
../Core/Src/model_handle.c:791:6:Motor_GetStatus	8	static
../Core/Src/model_handle.c:795:20:start_motor	16	static
../Core/Src/model_handle.c:815:20:stop_motor	8	static
../Core/Src/model_handle.c:819:13:check_max_run	16	static
../Core/Src/model_handle.c:838:6:ModelHandle_CheckDryRun	16	static
../Core/Src/model_handle.c:851:6:ModelHandle_CheckGroundWater	16	static
../Core/Src/model_handle.c:860:20:isAnyModeActive	4	static
../Core/Src/model_handle.c:865:6:ModelHandle_SoftDryRunHandler	24	static
../Core/Src/model_handle.c:914:24:get_load_lock_duration_ms	4	static
../Core/Src/model_handle.c:921:6:ModelHandle_CheckLoadFault	32	static
../Core/Src/model_handle.c:1000:16:get_today_mask	16	static
../Core/Src/model_handle.c:1006:13:slot_is_active_now	32	static
../Core/Src/model_handle.c:1022:13:timer_any_active_slot	16	static
../Core/Src/model_handle.c:1029:17:get_active_timer_gap_minutes	32	static
../Core/Src/model_handle.c:1060:6:ModelHandle_SaveBuzzerSettings	8	static
../Core/Src/model_handle.c:1066:6:ModelHandle_LoadBuzzerSettings	8	static
../Core/Src/model_handle.c:1073:6:ModelHandle_ProcessTimerSlots	24	static
../Core/Src/model_handle.c:1165:6:ModelHandle_StartTimer	8	static
../Core/Src/model_handle.c:1170:6:ModelHandle_StopTimer	8	static
../Core/Src/model_handle.c:1178:6:ModelHandle_CheckAutoTimerActivation	8	static
../Core/Src/model_handle.c:1188:6:ModelHandle_StartSemiAuto	8	static
../Core/Src/model_handle.c:1202:6:ModelHandle_StopSemiAuto	8	static
../Core/Src/model_handle.c:1208:6:ModelHandle_StartAuto	16	static
../Core/Src/model_handle.c:1223:6:ModelHandle_StopAuto	8	static
../Core/Src/model_handle.c:1233:6:ModelHandle_LoadAutoSettings	8	static
../Core/Src/model_handle.c:1261:13:auto_mode_background_control	16	static
../Core/Src/model_handle.c:1298:6:ModelHandle_SetBuzzerSettings	16	static
../Core/Src/model_handle.c:1307:13:auto_tick	24	static
../Core/Src/model_handle.c:1438:6:ModelHandle_StartCountdown	24	static
../Core/Src/model_handle.c:1454:6:ModelHandle_StopCountdown	8	static
../Core/Src/model_handle.c:1465:17:CD_CRC	24	static
../Core/Src/model_handle.c:1471:13:SaveCountdown	24	static
../Core/Src/model_handle.c:1494:6:ModelHandle_LoadCountdown	24	static
../Core/Src/model_handle.c:1514:6:ModelHandle_StartTwist	32	static
../Core/Src/model_handle.c:1534:6:ModelHandle_StopTwist	8	static
../Core/Src/model_handle.c:1542:13:twist_tick	16	static
../Core/Src/model_handle.c:1574:13:leds_from_model	16	static
../Core/Src/model_handle.c:1601:6:ModelHandle_Process	16	static
../Core/Src/model_handle.c:1801:13:ModelHandle_GetDryState	4	static
../Core/Src/model_handle.c:1805:6:ModelHandle_ResetAll	8	static
../Core/Src/model_handle.c:1817:6:ModelHandle_SetUserSettings	32	static
../Core/Src/model_handle.c:1843:6:ModelHandle_SetAutoSettings	16	static
../Core/Src/model_handle.c:1855:6:ModelHandle_IsAutoActive	4	static
../Core/Src/model_handle.c:1859:6:ModelHandle_SaveCurrentStateToEEPROM	24	static
../Core/Src/model_handle.c:1871:6:ModelHandle_SetTimerSlot	16	static
../Core/Src/model_handle.c:1881:6:ModelHandle_SetDryRun	16	static
../Core/Src/model_handle.c:1885:6:ModelHandle_SetOverLoad	16	static
../Core/Src/model_handle.c:1889:6:ModelHandle_SetOverUnderVolt	16	static
../Core/Src/model_handle.c:1902:6:ModelHandle_ClearMaxRunFlag	4	static
../Core/Src/model_handle.c:1906:18:ModelHandle_GetTimerSlots	4	static
../Core/Src/model_handle.c:1910:6:ModelHandle_ProcessUartCommand	16	static
../Core/Src/model_handle.c:1914:6:ModelHandle_IsOverload	4	static
../Core/Src/model_handle.c:1918:6:ModelHandle_IsUnderload	4	static
../Core/Src/model_handle.c:1922:6:ModelHandle_IsDryRunActive	4	static
../Core/Src/model_handle.c:1926:6:ModelHandle_IsVoltageFault	4	static
../Core/Src/model_handle.c:1930:6:ModelHandle_IsMaxRunReached	4	static
../Core/Src/model_handle.c:1935:9:ModelHandle_GetTankLevelPercent	8	static
../Core/Src/model_handle.c:1940:6:ModelHandle_IsTankFull	8	static
../Core/Src/model_handle.c:1944:6:ModelHandle_IsManualActive	4	static
../Core/Src/model_handle.c:1948:10:ModelHandle_GetAutoGap	4	static
../Core/Src/model_handle.c:1953:10:ModelHandle_GetAutoMaxRun	4	static
../Core/Src/model_handle.c:1958:9:ModelHandle_GetAutoRetry	4	static
