../Core/Src/model_handle.c:102:6:ModelHandle_SaveSettingsToEEPROM	16	static
../Core/Src/model_handle.c:116:6:ModelHandle_LoadSettingsFromEEPROM	16	static
../Core/Src/model_handle.c:140:6:ModelHandle_SaveModeState	8	static
../Core/Src/model_handle.c:153:6:ModelHandle_LoadModeState	8	static
../Core/Src/model_handle.c:171:10:ModelHandle_GetGapTime	4	static
../Core/Src/model_handle.c:172:10:ModelHandle_GetRetryCount	4	static
../Core/Src/model_handle.c:173:10:ModelHandle_GetUnderVolt	4	static
../Core/Src/model_handle.c:174:10:ModelHandle_GetOverVolt	4	static
../Core/Src/model_handle.c:175:10:ModelHandle_GetOverloadLimit	4	static
../Core/Src/model_handle.c:176:10:ModelHandle_GetUnderloadLimit	4	static
../Core/Src/model_handle.c:177:10:ModelHandle_GetMaxRunTime	4	static
../Core/Src/model_handle.c:180:6:ModelHandle_SetUserSettings	24	static
../Core/Src/model_handle.c:201:6:ModelHandle_FactoryReset	8	static
../Core/Src/model_handle.c:219:24:now_ms	8	static
../Core/Src/model_handle.c:224:20:clear_all_modes	4	static
../Core/Src/model_handle.c:240:20:Motor_GetStatusInternal	4	static
../Core/Src/model_handle.c:245:6:Motor_GetStatus	8	static
../Core/Src/model_handle.c:250:20:motor_apply	24	static
../Core/Src/model_handle.c:265:20:start_motor	8	static
../Core/Src/model_handle.c:266:20:stop_motor	8	static
../Core/Src/model_handle.c:269:13:check_max_run	16	static
../Core/Src/model_handle.c:292:6:ModelHandle_SetMotor	16	static
../Core/Src/model_handle.c:304:20:isTankFull	24	static
../Core/Src/model_handle.c:341:6:reset	16	static
../Core/Src/model_handle.c:422:20:isAnyModeActive	4	static
../Core/Src/model_handle.c:454:6:ModelHandle_CheckLoadFault	56	static
../Core/Src/model_handle.c:576:6:ModelHandle_StopAllModesAndMotor	8	static
../Core/Src/model_handle.c:589:6:ModelHandle_CheckDryRun	16	static
../Core/Src/model_handle.c:609:6:ModelHandle_ToggleManual	8	static
../Core/Src/model_handle.c:645:6:ModelHandle_SoftDryRunHandler	16	static
../Core/Src/model_handle.c:751:6:ModelHandle_ProcessDryRun	8	static
../Core/Src/model_handle.c:763:23:get_today_mask	16	static
../Core/Src/model_handle.c:772:13:slot_is_active_now	24	static
../Core/Src/model_handle.c:799:13:timer_any_active_slot	16	static
../Core/Src/model_handle.c:812:6:ModelHandle_StartTimerNearestSlot	32	static
../Core/Src/model_handle.c:848:6:ModelHandle_ProcessTimerSlots	8	static
../Core/Src/model_handle.c:864:6:ModelHandle_TimerRecalculateNow	8	static
../Core/Src/model_handle.c:878:6:ModelHandle_StartTimer	8	static
../Core/Src/model_handle.c:886:6:ModelHandle_StopTimer	8	static
../Core/Src/model_handle.c:896:6:ModelHandle_CheckAutoTimerActivation	8	static
../Core/Src/model_handle.c:911:6:ModelHandle_StartSemiAuto	8	static
../Core/Src/model_handle.c:924:6:ModelHandle_StopSemiAuto	8	static
../Core/Src/model_handle.c:953:6:ModelHandle_StartAuto	16	static
../Core/Src/model_handle.c:972:6:ModelHandle_StopAuto	8	static
../Core/Src/model_handle.c:985:13:auto_tick	16	static
../Core/Src/model_handle.c:1059:6:ModelHandle_StopCountdown	8	static
../Core/Src/model_handle.c:1067:6:ModelHandle_StartCountdown	16	static
../Core/Src/model_handle.c:1087:13:countdown_tick	16	static
../Core/Src/model_handle.c:1121:6:ModelHandle_StartTwist	24	static
../Core/Src/model_handle.c:1147:6:ModelHandle_StopTwist	8	static
../Core/Src/model_handle.c:1156:13:twist_time_logic	8	static
../Core/Src/model_handle.c:1185:13:twist_tick	16	static
../Core/Src/model_handle.c:1224:13:protections_tick	8	static
../Core/Src/model_handle.c:1246:13:leds_from_model	16	static
../Core/Src/model_handle.c:1297:6:ModelHandle_Process	8	static
../Core/Src/model_handle.c:1422:6:ModelHandle_ResetAll	8	static
../Core/Src/model_handle.c:1441:6:ModelHandle_SetAutoSettings	16	static
../Core/Src/model_handle.c:1453:6:ModelHandle_LoadAutoSettings	8	static
../Core/Src/model_handle.c:1460:6:ModelHandle_IsAutoActive	4	static
../Core/Src/model_handle.c:1468:6:ModelHandle_SaveCurrentStateToEEPROM	24	static
../Core/Src/model_handle.c:1488:6:ModelHandle_SetTimerSlot	16	static
