../Core/Src/model_handle.c:59:24:now_ms	8	static
../Core/Src/model_handle.c:64:20:clear_all_modes	4	static
../Core/Src/model_handle.c:78:20:motor_apply	16	static
../Core/Src/model_handle.c:89:20:start_motor	8	static
../Core/Src/model_handle.c:90:20:stop_motor	8	static
../Core/Src/model_handle.c:92:6:Motor_GetStatus	4	static
../Core/Src/model_handle.c:100:6:ModelHandle_SetMotor	16	static
../Core/Src/model_handle.c:109:6:Reset	4	static
../Core/Src/model_handle.c:115:20:isTankFull	24	static
../Core/Src/model_handle.c:154:6:ModelHandle_CheckDryRun	24	static
../Core/Src/model_handle.c:169:6:ModelHandle_ToggleManual	8	static
../Core/Src/model_handle.c:188:6:ModelHandle_StopAllModesAndMotor	8	static
../Core/Src/model_handle.c:218:20:isAnyModeActive	4	static
../Core/Src/model_handle.c:228:6:ModelHandle_SoftDryRunHandler	16	static
../Core/Src/model_handle.c:298:6:ModelHandle_ProcessDryRun	8	static
../Core/Src/model_handle.c:310:6:ModelHandle_StopCountdown	8	static
../Core/Src/model_handle.c:317:6:ModelHandle_StartCountdown	16	static
../Core/Src/model_handle.c:335:13:countdown_tick	16	static
../Core/Src/model_handle.c:368:6:ModelHandle_StartTwist	24	static
../Core/Src/model_handle.c:394:6:ModelHandle_StopTwist	8	static
../Core/Src/model_handle.c:402:13:twist_time_logic	8	static
../Core/Src/model_handle.c:431:13:twist_tick	16	static
../Core/Src/model_handle.c:470:13:timer_any_slot_should_run	24	static
../Core/Src/model_handle.c:503:6:ModelHandle_TimerRecalculateNow	8	static
../Core/Src/model_handle.c:511:6:ModelHandle_StartTimer	8	static
../Core/Src/model_handle.c:520:6:ModelHandle_StopTimer	8	static
../Core/Src/model_handle.c:526:13:timer_tick	8	static
../Core/Src/model_handle.c:547:6:ModelHandle_StartSemiAuto	8	static
../Core/Src/model_handle.c:556:6:ModelHandle_StopSemiAuto	8	static
../Core/Src/model_handle.c:582:6:ModelHandle_StartAuto	16	static
../Core/Src/model_handle.c:599:6:ModelHandle_StopAuto	8	static
../Core/Src/model_handle.c:607:13:auto_tick	16	static
../Core/Src/model_handle.c:684:13:protections_tick	8	static
../Core/Src/model_handle.c:697:13:leds_from_model	8	static
../Core/Src/model_handle.c:735:6:ModelHandle_Process	16	static
../Core/Src/model_handle.c:826:6:ModelHandle_ResetAll	8	static
../Core/Src/model_handle.c:844:6:ModelHandle_SetAutoSettings	16	static
../Core/Src/model_handle.c:854:6:ModelHandle_IsAutoActive	4	static
../Core/Src/model_handle.c:862:6:ModelHandle_SaveCurrentStateToEEPROM	24	static
