../Core/Src/model_handle.c:52:17:Timer_CRC16	24	static
../Core/Src/model_handle.c:199:6:EEPROM_WriteBlockSafe	40	static
../Core/Src/model_handle.c:232:17:SYS_CRC16	24	static
../Core/Src/model_handle.c:239:6:ModelHandle_SaveSettingsToEEPROM	32	static
../Core/Src/model_handle.c:258:6:ModelHandle_LoadSettingsFromEEPROM	40	static
../Core/Src/model_handle.c:278:6:ModelHandle_SaveModeState	8	static
../Core/Src/model_handle.c:295:6:ModelHandle_LoadModeState	8	static
../Core/Src/model_handle.c:315:6:ModelHandle_SaveTimerToEEPROM	64	static
../Core/Src/model_handle.c:331:6:ModelHandle_LoadTimerFromEEPROM	64	static
../Core/Src/model_handle.c:345:6:Timer_EEPROM_EnsureValid	56	static
../Core/Src/model_handle.c:387:13:isTankFull	24	static
../Core/Src/model_handle.c:430:6:ModelHandle_TimerRecalculateNow	8	static
../Core/Src/model_handle.c:436:6:ModelHandle_ProcessDryRun	8	static
../Core/Src/model_handle.c:442:10:ModelHandle_GetGapTime	4	static
../Core/Src/model_handle.c:443:10:ModelHandle_GetRetryCount	4	static
../Core/Src/model_handle.c:444:10:ModelHandle_GetUnderVolt	4	static
../Core/Src/model_handle.c:445:10:ModelHandle_GetOverVolt	4	static
../Core/Src/model_handle.c:446:10:ModelHandle_GetOverloadLimit	8	static
../Core/Src/model_handle.c:447:10:ModelHandle_GetUnderloadLimit	8	static
../Core/Src/model_handle.c:448:10:ModelHandle_GetMaxRunTime	4	static
../Core/Src/model_handle.c:450:9:ModelHandle_GetPowerRestoreMode	4	static
../Core/Src/model_handle.c:455:6:ModelHandle_SetPowerRestoreMode	16	static
../Core/Src/model_handle.c:463:6:ModelHandle_ToggleManual	8	static
../Core/Src/model_handle.c:483:6:ModelHandle_StopAllModesAndMotor	8	static
../Core/Src/model_handle.c:491:6:ModelHandle_FactoryReset	8	static
../Core/Src/model_handle.c:505:6:ModelHandle_StartTimerNearestSlot	8	static
../Core/Src/model_handle.c:512:20:Buzzer_SetPin	16	static
../Core/Src/model_handle.c:520:13:Buzzer_TriggerAlert	8	static
../Core/Src/model_handle.c:525:13:Buzzer_Update	24	static
../Core/Src/model_handle.c:549:24:now_ms	8	static
../Core/Src/model_handle.c:554:20:clear_all_modes	4	static
../Core/Src/model_handle.c:572:6:ModelHandle_OnPowerUp	8	static
../Core/Src/model_handle.c:579:20:Motor_IsRelayOn	8	static
../Core/Src/model_handle.c:586:13:Motor_StartAllowed	8	static
../Core/Src/model_handle.c:592:20:motor_apply	24	static
../Core/Src/model_handle.c:622:13:motor_force_off	8	static
../Core/Src/model_handle.c:631:6:Motor_GetStatus	8	static
../Core/Src/model_handle.c:637:20:start_motor	8	static
../Core/Src/model_handle.c:653:20:stop_motor	8	static
../Core/Src/model_handle.c:661:13:check_max_run	16	static
../Core/Src/model_handle.c:683:6:ModelHandle_CheckDryRun	16	static
../Core/Src/model_handle.c:702:6:ModelHandle_CheckGroundWater	16	static
../Core/Src/model_handle.c:731:20:isAnyModeActive	4	static
../Core/Src/model_handle.c:736:6:ModelHandle_SoftDryRunHandler	24	static
../Core/Src/model_handle.c:872:24:get_load_lock_duration_ms	4	static
../Core/Src/model_handle.c:879:6:ModelHandle_CheckLoadFault	32	static
../Core/Src/model_handle.c:969:16:get_today_mask	16	static
../Core/Src/model_handle.c:976:13:slot_is_active_now	32	static
../Core/Src/model_handle.c:989:13:timer_any_active_slot	16	static
../Core/Src/model_handle.c:997:17:get_active_timer_gap_minutes	32	static
../Core/Src/model_handle.c:1021:17:timer_get_gap_ms	16	static
../Core/Src/model_handle.c:1043:6:ModelHandle_ProcessTimerSlots	16	static
../Core/Src/model_handle.c:1145:6:ModelHandle_StartTimer	8	static
../Core/Src/model_handle.c:1153:6:ModelHandle_StopTimer	8	static
../Core/Src/model_handle.c:1163:6:ModelHandle_CheckAutoTimerActivation	8	static
../Core/Src/model_handle.c:1177:6:ModelHandle_StartSemiAuto	8	static
../Core/Src/model_handle.c:1187:6:ModelHandle_StopSemiAuto	8	static
../Core/Src/model_handle.c:1223:6:ModelHandle_StartAuto	16	static
../Core/Src/model_handle.c:1239:6:ModelHandle_StopAuto	16	static
../Core/Src/model_handle.c:1250:6:ModelHandle_LoadAutoSettings	24	static
../Core/Src/model_handle.c:1272:13:auto_tick	16	static
../Core/Src/model_handle.c:1391:6:ModelHandle_StartCountdown	16	static
../Core/Src/model_handle.c:1405:6:ModelHandle_StopCountdown	8	static
../Core/Src/model_handle.c:1415:13:countdown_tick	16	static
../Core/Src/model_handle.c:1448:17:CD_CRC	24	static
../Core/Src/model_handle.c:1453:13:SaveCountdown	24	static
../Core/Src/model_handle.c:1464:6:ModelHandle_LoadCountdown	24	static
../Core/Src/model_handle.c:1489:6:ModelHandle_StartTwist	32	static
../Core/Src/model_handle.c:1512:6:ModelHandle_StopTwist	8	static
../Core/Src/model_handle.c:1520:13:twist_time_logic	8	static
../Core/Src/model_handle.c:1544:13:twist_tick	16	static
../Core/Src/model_handle.c:1579:13:protections_tick	8	static
../Core/Src/model_handle.c:1588:13:leds_from_model	16	static
../Core/Src/model_handle.c:1620:6:ModelHandle_Process	8	static
../Core/Src/model_handle.c:1759:6:ModelHandle_ResetAll	8	static
../Core/Src/model_handle.c:1781:6:ModelHandle_SetUserSettings	24	static
../Core/Src/model_handle.c:1802:16:AUTO_CRC	24	static
../Core/Src/model_handle.c:1808:13:SaveAutoRuntime	32	static
../Core/Src/model_handle.c:1827:6:ModelHandle_SetAutoSettings	16	static
../Core/Src/model_handle.c:1841:6:ModelHandle_IsAutoActive	4	static
../Core/Src/model_handle.c:1849:6:ModelHandle_SaveCurrentStateToEEPROM	24	static
../Core/Src/model_handle.c:1867:6:ModelHandle_SetTimerSlot	24	static
../Core/Src/model_handle.c:1886:6:ModelHandle_SetDryRun	16	static
../Core/Src/model_handle.c:1891:6:ModelHandle_SetOverLoad	16	static
../Core/Src/model_handle.c:1896:6:ModelHandle_SetOverUnderVolt	16	static
../Core/Src/model_handle.c:1910:6:ModelHandle_ClearMaxRunFlag	4	static
../Core/Src/model_handle.c:1917:18:ModelHandle_GetTimerSlots	4	static
../Core/Src/model_handle.c:1925:6:ModelHandle_ProcessUartCommand	16	static
../Core/Src/model_handle.c:1929:6:ModelHandle_IsOverload	4	static
../Core/Src/model_handle.c:1934:6:ModelHandle_IsUnderload	4	static
../Core/Src/model_handle.c:1939:6:ModelHandle_IsDryRunActive	4	static
../Core/Src/model_handle.c:1944:6:ModelHandle_IsVoltageFault	4	static
../Core/Src/model_handle.c:1949:6:ModelHandle_IsMaxRunReached	4	static
