../Core/Src/model_handle.c:40:17:Timer_CRC16	24	static
../Core/Src/model_handle.c:268:10:ModelHandle_GetGapTime	4	static
../Core/Src/model_handle.c:269:10:ModelHandle_GetRetryCount	4	static
../Core/Src/model_handle.c:270:10:ModelHandle_GetUnderVolt	4	static
../Core/Src/model_handle.c:271:10:ModelHandle_GetOverVolt	4	static
../Core/Src/model_handle.c:272:10:ModelHandle_GetOverloadLimit	4	static
../Core/Src/model_handle.c:273:10:ModelHandle_GetUnderloadLimit	4	static
../Core/Src/model_handle.c:274:10:ModelHandle_GetMaxRunTime	4	static
../Core/Src/model_handle.c:275:6:EEPROM_WriteBlockSafe	40	static
../Core/Src/model_handle.c:289:17:SYS_CRC16	24	static
../Core/Src/model_handle.c:303:6:ModelHandle_SaveSettingsToEEPROM	32	static
../Core/Src/model_handle.c:321:6:ModelHandle_LoadSettingsFromEEPROM	32	static
../Core/Src/model_handle.c:342:6:ModelHandle_SaveModeState	8	static
../Core/Src/model_handle.c:354:13:backup_current_mode	4	static
../Core/Src/model_handle.c:362:13:restore_previous_mode	8	static
../Core/Src/model_handle.c:392:6:ModelHandle_StopRestart	8	static
../Core/Src/model_handle.c:402:6:ModelHandle_LoadModeState	16	static
../Core/Src/model_handle.c:442:6:ModelHandle_SaveTimerToEEPROM	64	static
../Core/Src/model_handle.c:455:6:ModelHandle_LoadTimerFromEEPROM	64	static
../Core/Src/model_handle.c:464:6:Timer_EEPROM_EnsureValid	56	static
../Core/Src/model_handle.c:475:13:is_schedule_allowing_run	8	static
../Core/Src/model_handle.c:482:16:read_raw_tank_level	16	static
../Core/Src/model_handle.c:492:16:get_tank_level_percent	16	static
../Core/Src/model_handle.c:514:13:isTankFull	8	static
../Core/Src/model_handle.c:519:6:ModelHandle_StartRestart	8	static
../Core/Src/model_handle.c:533:6:ModelHandle_TimerRecalculateNow	8	static
../Core/Src/model_handle.c:538:6:ModelHandle_ProcessDryRun	8	static
../Core/Src/model_handle.c:542:9:ModelHandle_GetPowerRestoreMode	4	static
../Core/Src/model_handle.c:546:6:ModelHandle_SetPowerRestoreMode	16	static
../Core/Src/model_handle.c:552:6:ModelHandle_ToggleManual	8	static
../Core/Src/model_handle.c:571:6:ModelHandle_ManualToggleMotor	8	static
../Core/Src/model_handle.c:581:6:ModelHandle_SetDryRunAndRetry	16	static
../Core/Src/model_handle.c:592:6:ModelHandle_Button3_SinglePress	8	static
../Core/Src/model_handle.c:608:6:ModelHandle_StopAllModesAndMotor	8	static
../Core/Src/model_handle.c:614:6:ModelHandle_FactoryReset	8	static
../Core/Src/model_handle.c:625:6:ModelHandle_StartTimerNearestSlot	8	static
../Core/Src/model_handle.c:630:20:Buzzer_SetPin	16	static
../Core/Src/model_handle.c:635:13:Buzzer_StartEvent	16	static
../Core/Src/model_handle.c:641:13:Buzzer_Update	24	static
../Core/Src/model_handle.c:674:24:now_ms	8	static
../Core/Src/model_handle.c:678:6:ModelHandle_SetProtectionSettings	16	static
../Core/Src/model_handle.c:691:20:clear_all_modes	4	static
../Core/Src/model_handle.c:703:6:ModelHandle_OnPowerUp	16	static
../Core/Src/model_handle.c:734:20:Motor_IsRelayOn	8	static
../Core/Src/model_handle.c:738:13:Motor_StartAllowed	4	static
../Core/Src/model_handle.c:743:6:ModelHandle_IsRestartActive	4	static
../Core/Src/model_handle.c:748:20:motor_apply	24	static
../Core/Src/model_handle.c:773:6:Motor_GetStatus	8	static
../Core/Src/model_handle.c:777:20:start_motor	16	static
../Core/Src/model_handle.c:804:20:stop_motor	8	static
../Core/Src/model_handle.c:808:13:check_max_run	16	static
../Core/Src/model_handle.c:827:6:ModelHandle_CheckDryRun	16	static
../Core/Src/model_handle.c:840:6:ModelHandle_CheckGroundWater	16	static
../Core/Src/model_handle.c:848:20:isAnyModeActive	4	static
../Core/Src/model_handle.c:853:6:ModelHandle_SoftDryRunHandler	24	static
../Core/Src/model_handle.c:902:24:get_load_lock_duration_ms	4	static
../Core/Src/model_handle.c:909:6:ModelHandle_CheckLoadFault	32	static
../Core/Src/model_handle.c:988:16:get_today_mask	16	static
../Core/Src/model_handle.c:994:13:slot_is_active_now	32	static
../Core/Src/model_handle.c:1010:13:timer_any_active_slot	16	static
../Core/Src/model_handle.c:1017:17:get_active_timer_gap_minutes	32	static
../Core/Src/model_handle.c:1037:6:ModelHandle_SaveBuzzerSettings	8	static
../Core/Src/model_handle.c:1043:6:ModelHandle_LoadBuzzerSettings	8	static
../Core/Src/model_handle.c:1050:6:ModelHandle_ProcessTimerSlots	24	static
../Core/Src/model_handle.c:1135:6:ModelHandle_StartTimer	8	static
../Core/Src/model_handle.c:1140:6:ModelHandle_StopTimer	8	static
../Core/Src/model_handle.c:1148:6:ModelHandle_CheckAutoTimerActivation	8	static
../Core/Src/model_handle.c:1158:6:ModelHandle_StartSemiAuto	8	static
../Core/Src/model_handle.c:1172:6:ModelHandle_StopSemiAuto	8	static
../Core/Src/model_handle.c:1178:6:ModelHandle_StartAuto	24	static
../Core/Src/model_handle.c:1197:6:ModelHandle_StopAuto	8	static
../Core/Src/model_handle.c:1207:6:ModelHandle_LoadAutoSettings	8	static
../Core/Src/model_handle.c:1235:13:auto_mode_background_control	16	static
../Core/Src/model_handle.c:1270:6:ModelHandle_SetBuzzerSettings	16	static
../Core/Src/model_handle.c:1279:13:auto_tick	24	static
../Core/Src/model_handle.c:1350:6:ModelHandle_StartCountdown	16	static
../Core/Src/model_handle.c:1370:6:ModelHandle_StopCountdown	8	static
../Core/Src/model_handle.c:1384:17:CD_CRC	24	static
../Core/Src/model_handle.c:1390:13:SaveCountdown	24	static
../Core/Src/model_handle.c:1413:6:ModelHandle_LoadCountdown	24	static
../Core/Src/model_handle.c:1433:6:ModelHandle_StartTwist	32	static
../Core/Src/model_handle.c:1453:6:ModelHandle_StopTwist	8	static
../Core/Src/model_handle.c:1461:13:twist_tick	16	static
../Core/Src/model_handle.c:1481:13:leds_from_model	16	static
../Core/Src/model_handle.c:1507:6:ModelHandle_Process	16	static
../Core/Src/model_handle.c:1643:13:ModelHandle_GetDryState	4	static
../Core/Src/model_handle.c:1647:6:ModelHandle_ResetAll	8	static
../Core/Src/model_handle.c:1659:6:ModelHandle_SetUserSettings	32	static
../Core/Src/model_handle.c:1685:6:ModelHandle_SetAutoSettings	16	static
../Core/Src/model_handle.c:1697:6:ModelHandle_IsAutoActive	4	static
../Core/Src/model_handle.c:1701:6:ModelHandle_SaveCurrentStateToEEPROM	24	static
../Core/Src/model_handle.c:1713:6:ModelHandle_SetTimerSlot	16	static
../Core/Src/model_handle.c:1723:6:ModelHandle_SetDryRun	16	static
../Core/Src/model_handle.c:1727:6:ModelHandle_SetOverLoad	16	static
../Core/Src/model_handle.c:1731:6:ModelHandle_SetOverUnderVolt	16	static
../Core/Src/model_handle.c:1744:6:ModelHandle_ClearMaxRunFlag	4	static
../Core/Src/model_handle.c:1748:18:ModelHandle_GetTimerSlots	4	static
../Core/Src/model_handle.c:1752:6:ModelHandle_ProcessUartCommand	16	static
../Core/Src/model_handle.c:1756:6:ModelHandle_IsOverload	4	static
../Core/Src/model_handle.c:1760:6:ModelHandle_IsUnderload	4	static
../Core/Src/model_handle.c:1764:6:ModelHandle_IsDryRunActive	4	static
../Core/Src/model_handle.c:1768:6:ModelHandle_IsVoltageFault	4	static
../Core/Src/model_handle.c:1772:6:ModelHandle_IsMaxRunReached	4	static
../Core/Src/model_handle.c:1777:9:ModelHandle_GetTankLevelPercent	8	static
../Core/Src/model_handle.c:1782:6:ModelHandle_IsTankFull	8	static
../Core/Src/model_handle.c:1786:6:ModelHandle_IsManualActive	4	static
../Core/Src/model_handle.c:1790:10:ModelHandle_GetAutoGap	4	static
../Core/Src/model_handle.c:1795:10:ModelHandle_GetAutoMaxRun	4	static
../Core/Src/model_handle.c:1800:9:ModelHandle_GetAutoRetry	4	static
