../Core/Src/model_handle.c:148:6:ModelHandle_SaveSettingsToEEPROM	16	static
../Core/Src/model_handle.c:162:6:ModelHandle_LoadSettingsFromEEPROM	16	static
../Core/Src/model_handle.c:186:6:ModelHandle_SaveModeState	8	static
../Core/Src/model_handle.c:200:6:ModelHandle_LoadModeState	8	static
../Core/Src/model_handle.c:227:6:ModelHandle_SaveTimerToEEPROM	16	static
../Core/Src/model_handle.c:236:6:ModelHandle_LoadTimerFromEEPROM	16	static
../Core/Src/model_handle.c:247:6:ModelHandle_SetPowerRestoreMode	16	static
../Core/Src/model_handle.c:255:9:ModelHandle_GetPowerRestoreMode	4	static
../Core/Src/model_handle.c:263:10:ModelHandle_GetGapTime	4	static
../Core/Src/model_handle.c:264:10:ModelHandle_GetRetryCount	4	static
../Core/Src/model_handle.c:265:10:ModelHandle_GetUnderVolt	4	static
../Core/Src/model_handle.c:266:10:ModelHandle_GetOverVolt	4	static
../Core/Src/model_handle.c:267:10:ModelHandle_GetOverloadLimit	8	static
../Core/Src/model_handle.c:268:10:ModelHandle_GetUnderloadLimit	8	static
../Core/Src/model_handle.c:269:10:ModelHandle_GetMaxRunTime	4	static
../Core/Src/model_handle.c:272:6:ModelHandle_SetUserSettings	24	static
../Core/Src/model_handle.c:296:6:ModelHandle_FactoryReset	8	static
../Core/Src/model_handle.c:312:24:now_ms	8	static
../Core/Src/model_handle.c:317:20:clear_all_modes	4	static
../Core/Src/model_handle.c:334:20:Motor_GetStatusInternal	4	static
../Core/Src/model_handle.c:339:6:Motor_GetStatus	8	static
../Core/Src/model_handle.c:345:6:ModelHandle_OnPowerUp	8	static
../Core/Src/model_handle.c:350:13:Motor_StartAllowed	8	static
../Core/Src/model_handle.c:355:20:motor_apply	24	static
../Core/Src/model_handle.c:374:20:start_motor	8	static
../Core/Src/model_handle.c:375:20:stop_motor	8	static
../Core/Src/model_handle.c:382:20:Buzzer_SetPin	16	static
../Core/Src/model_handle.c:391:13:Buzzer_TriggerAlert	16	static
../Core/Src/model_handle.c:401:13:Buzzer_Update	32	static
../Core/Src/model_handle.c:450:13:check_max_run	16	static
../Core/Src/model_handle.c:477:6:ModelHandle_SetMotor	16	static
../Core/Src/model_handle.c:489:6:ModelHandle_ToggleManual	8	static
../Core/Src/model_handle.c:514:6:ModelHandle_ClearManualOverride	4	static
../Core/Src/model_handle.c:520:6:ModelHandle_ManualLongPress	8	static
../Core/Src/model_handle.c:533:20:isTankFull	24	static
../Core/Src/model_handle.c:573:6:reset	16	static
../Core/Src/model_handle.c:655:20:isAnyModeActive	4	static
../Core/Src/model_handle.c:690:24:get_load_lock_duration_ms	4	static
../Core/Src/model_handle.c:699:6:ModelHandle_CheckLoadFault	56	static
../Core/Src/model_handle.c:827:6:ModelHandle_StopAllModesAndMotor	8	static
../Core/Src/model_handle.c:844:6:ModelHandle_CheckDryRun	16	static
../Core/Src/model_handle.c:874:6:ModelHandle_SoftDryRunHandler	24	static
../Core/Src/model_handle.c:997:6:ModelHandle_ProcessDryRun	8	static
../Core/Src/model_handle.c:1005:10:ModelHandle_TimeToSeconds	16	static
../Core/Src/model_handle.c:1010:6:ModelHandle_SecondsToTime	24	static
../Core/Src/model_handle.c:1023:16:get_today_mask	16	static
../Core/Src/model_handle.c:1032:13:slot_is_active_now	24	static
../Core/Src/model_handle.c:1059:13:timer_any_active_slot	16	static
../Core/Src/model_handle.c:1070:17:get_active_timer_gap_minutes	24	static
../Core/Src/model_handle.c:1102:6:ModelHandle_StartTimerNearestSlot	32	static
../Core/Src/model_handle.c:1137:6:ModelHandle_ProcessTimerSlots	8	static
../Core/Src/model_handle.c:1153:6:ModelHandle_TimerRecalculateNow	8	static
../Core/Src/model_handle.c:1167:6:ModelHandle_StartTimer	8	static
../Core/Src/model_handle.c:1175:6:ModelHandle_StopTimer	8	static
../Core/Src/model_handle.c:1185:6:ModelHandle_CheckAutoTimerActivation	8	static
../Core/Src/model_handle.c:1200:6:ModelHandle_StartSemiAuto	8	static
../Core/Src/model_handle.c:1213:6:ModelHandle_StopSemiAuto	8	static
../Core/Src/model_handle.c:1242:6:ModelHandle_StartAuto	16	static
../Core/Src/model_handle.c:1261:6:ModelHandle_StopAuto	8	static
../Core/Src/model_handle.c:1274:13:auto_tick	16	static
../Core/Src/model_handle.c:1343:6:ModelHandle_StopCountdown	8	static
../Core/Src/model_handle.c:1352:6:ModelHandle_StartCountdown	16	static
../Core/Src/model_handle.c:1374:13:countdown_tick	16	static
../Core/Src/model_handle.c:1410:6:ModelHandle_StartTwist	40	static
../Core/Src/model_handle.c:1442:6:ModelHandle_StopTwist	8	static
../Core/Src/model_handle.c:1451:13:twist_time_logic	8	static
../Core/Src/model_handle.c:1480:13:twist_tick	16	static
../Core/Src/model_handle.c:1520:13:protections_tick	8	static
../Core/Src/model_handle.c:1541:13:leds_from_model	16	static
../Core/Src/model_handle.c:1592:6:ModelHandle_Process	8	static
../Core/Src/model_handle.c:1712:6:ModelHandle_ResetAll	8	static
../Core/Src/model_handle.c:1731:6:ModelHandle_SetAutoSettings	16	static
../Core/Src/model_handle.c:1742:6:ModelHandle_LoadAutoSettings	8	static
../Core/Src/model_handle.c:1749:6:ModelHandle_IsAutoActive	4	static
../Core/Src/model_handle.c:1757:6:ModelHandle_SaveCurrentStateToEEPROM	24	static
../Core/Src/model_handle.c:1776:6:ModelHandle_SetTimerSlot	16	static
../Core/Src/model_handle.c:1791:6:ModelHandle_SetDryRun	16	static
../Core/Src/model_handle.c:1799:6:ModelHandle_SetOverLoad	16	static
../Core/Src/model_handle.c:1807:6:ModelHandle_SetOverUnderVolt	16	static
../Core/Src/model_handle.c:1821:6:ModelHandle_ClearMaxRunFlag	4	static
../Core/Src/model_handle.c:1829:6:ModelHandle_ProcessUartCommand	16	static
