../Core/Src/model_handle.c:40:17:Timer_CRC16	24	static
../Core/Src/model_handle.c:267:10:ModelHandle_GetGapTime	4	static
../Core/Src/model_handle.c:268:10:ModelHandle_GetRetryCount	4	static
../Core/Src/model_handle.c:269:10:ModelHandle_GetUnderVolt	4	static
../Core/Src/model_handle.c:270:10:ModelHandle_GetOverVolt	4	static
../Core/Src/model_handle.c:271:10:ModelHandle_GetOverloadLimit	4	static
../Core/Src/model_handle.c:272:10:ModelHandle_GetUnderloadLimit	4	static
../Core/Src/model_handle.c:273:10:ModelHandle_GetMaxRunTime	4	static
../Core/Src/model_handle.c:274:6:EEPROM_WriteBlockSafe	40	static
../Core/Src/model_handle.c:288:17:SYS_CRC16	24	static
../Core/Src/model_handle.c:302:6:ModelHandle_SaveSettingsToEEPROM	32	static
../Core/Src/model_handle.c:320:6:ModelHandle_LoadSettingsFromEEPROM	32	static
../Core/Src/model_handle.c:341:6:ModelHandle_SaveModeState	8	static
../Core/Src/model_handle.c:353:13:backup_current_mode	4	static
../Core/Src/model_handle.c:361:13:restore_previous_mode	8	static
../Core/Src/model_handle.c:391:6:ModelHandle_StopRestart	8	static
../Core/Src/model_handle.c:401:6:ModelHandle_LoadModeState	16	static
../Core/Src/model_handle.c:441:6:ModelHandle_SaveTimerToEEPROM	56	static
../Core/Src/model_handle.c:454:6:ModelHandle_LoadTimerFromEEPROM	56	static
../Core/Src/model_handle.c:463:6:Timer_EEPROM_EnsureValid	48	static
../Core/Src/model_handle.c:474:13:is_schedule_allowing_run	8	static
../Core/Src/model_handle.c:481:16:read_raw_tank_level	16	static
../Core/Src/model_handle.c:493:16:get_tank_level_percent	16	static
../Core/Src/model_handle.c:519:13:isTankFull	8	static
../Core/Src/model_handle.c:524:6:ModelHandle_StartRestart	8	static
../Core/Src/model_handle.c:538:6:ModelHandle_TimerRecalculateNow	8	static
../Core/Src/model_handle.c:543:6:ModelHandle_ProcessDryRun	8	static
../Core/Src/model_handle.c:547:9:ModelHandle_GetPowerRestoreMode	4	static
../Core/Src/model_handle.c:551:6:ModelHandle_SetPowerRestoreMode	16	static
../Core/Src/model_handle.c:557:6:ModelHandle_ToggleManual	8	static
../Core/Src/model_handle.c:582:6:ModelHandle_ManualToggleMotor	8	static
../Core/Src/model_handle.c:592:6:ModelHandle_SetDryRunAndRetry	16	static
../Core/Src/model_handle.c:603:6:ModelHandle_Button3_SinglePress	8	static
../Core/Src/model_handle.c:619:6:ModelHandle_StopAllModesAndMotor	8	static
../Core/Src/model_handle.c:625:6:ModelHandle_FactoryReset	8	static
../Core/Src/model_handle.c:636:6:ModelHandle_StartTimerNearestSlot	8	static
../Core/Src/model_handle.c:641:20:Buzzer_SetPin	16	static
../Core/Src/model_handle.c:646:13:Buzzer_StartEvent	16	static
../Core/Src/model_handle.c:652:13:Buzzer_Update	24	static
../Core/Src/model_handle.c:693:24:now_ms	8	static
../Core/Src/model_handle.c:697:6:ModelHandle_SetProtectionSettings	16	static
../Core/Src/model_handle.c:719:20:clear_all_modes	4	static
../Core/Src/model_handle.c:731:6:ModelHandle_OnPowerUp	16	static
../Core/Src/model_handle.c:762:20:Motor_IsRelayOn	8	static
../Core/Src/model_handle.c:766:13:Motor_StartAllowed	4	static
../Core/Src/model_handle.c:777:6:ModelHandle_IsRestartActive	4	static
../Core/Src/model_handle.c:782:20:motor_apply	24	static
../Core/Src/model_handle.c:807:6:Motor_GetStatus	8	static
../Core/Src/model_handle.c:811:20:start_motor	16	static
../Core/Src/model_handle.c:831:20:stop_motor	8	static
../Core/Src/model_handle.c:835:13:check_max_run	16	static
../Core/Src/model_handle.c:853:6:ModelHandle_Button4_SinglePress	16	static
../Core/Src/model_handle.c:879:6:ModelHandle_CheckDryRun	16	static
../Core/Src/model_handle.c:894:6:ModelHandle_CheckGroundWater	32	static
../Core/Src/model_handle.c:924:20:isAnyModeActive	4	static
../Core/Src/model_handle.c:929:6:ModelHandle_SoftDryRunHandler	24	static
../Core/Src/model_handle.c:994:24:get_load_lock_duration_ms	4	static
../Core/Src/model_handle.c:1001:6:ModelHandle_CheckLoadFault	32	static
../Core/Src/model_handle.c:1080:16:get_today_mask	16	static
../Core/Src/model_handle.c:1086:13:slot_is_active_now	32	static
../Core/Src/model_handle.c:1102:13:timer_any_active_slot	16	static
../Core/Src/model_handle.c:1109:17:get_active_timer_gap_minutes	32	static
../Core/Src/model_handle.c:1140:6:ModelHandle_SaveBuzzerSettings	8	static
../Core/Src/model_handle.c:1146:6:ModelHandle_LoadBuzzerSettings	8	static
../Core/Src/model_handle.c:1153:6:ModelHandle_ProcessTimerSlots	24	static
../Core/Src/model_handle.c:1245:6:ModelHandle_StartTimer	8	static
../Core/Src/model_handle.c:1250:6:ModelHandle_StopTimer	8	static
../Core/Src/model_handle.c:1258:6:ModelHandle_CheckAutoTimerActivation	8	static
../Core/Src/model_handle.c:1268:6:ModelHandle_StartSemiAuto	8	static
../Core/Src/model_handle.c:1282:6:ModelHandle_StopSemiAuto	8	static
../Core/Src/model_handle.c:1288:6:ModelHandle_StartAuto	16	static
../Core/Src/model_handle.c:1303:6:ModelHandle_StopAuto	8	static
../Core/Src/model_handle.c:1313:6:ModelHandle_LoadAutoSettings	8	static
../Core/Src/model_handle.c:1341:13:auto_mode_background_control	16	static
../Core/Src/model_handle.c:1378:6:ModelHandle_SetBuzzerSettings	16	static
../Core/Src/model_handle.c:1387:13:auto_tick	24	static
../Core/Src/model_handle.c:1495:6:ModelHandle_StartCountdown	24	static
../Core/Src/model_handle.c:1522:6:ModelHandle_StopCountdown	8	static
../Core/Src/model_handle.c:1533:17:CD_CRC	24	static
../Core/Src/model_handle.c:1539:13:SaveCountdown	24	static
../Core/Src/model_handle.c:1562:6:ModelHandle_LoadCountdown	24	static
../Core/Src/model_handle.c:1582:6:ModelHandle_StartTwist	32	static
../Core/Src/model_handle.c:1602:6:ModelHandle_StopTwist	8	static
../Core/Src/model_handle.c:1610:13:twist_tick	16	static
../Core/Src/model_handle.c:1642:13:leds_from_model	16	static
../Core/Src/model_handle.c:1676:6:ModelHandle_Process	16	static
../Core/Src/model_handle.c:1876:13:ModelHandle_GetDryState	4	static
../Core/Src/model_handle.c:1880:6:ModelHandle_ResetAll	8	static
../Core/Src/model_handle.c:1892:6:ModelHandle_SetUserSettings	32	static
../Core/Src/model_handle.c:1918:6:ModelHandle_SetAutoSettings	16	static
../Core/Src/model_handle.c:1930:6:ModelHandle_IsAutoActive	4	static
../Core/Src/model_handle.c:1934:6:ModelHandle_SaveCurrentStateToEEPROM	24	static
../Core/Src/model_handle.c:1946:6:ModelHandle_SetTimerSlot	16	static
../Core/Src/model_handle.c:1956:6:ModelHandle_SetDryRun	16	static
../Core/Src/model_handle.c:1960:6:ModelHandle_SetOverLoad	16	static
../Core/Src/model_handle.c:1964:6:ModelHandle_SetOverUnderVolt	16	static
../Core/Src/model_handle.c:1977:6:ModelHandle_ClearMaxRunFlag	4	static
../Core/Src/model_handle.c:1981:18:ModelHandle_GetTimerSlots	4	static
../Core/Src/model_handle.c:1985:6:ModelHandle_ProcessUartCommand	16	static
../Core/Src/model_handle.c:1989:6:ModelHandle_IsOverload	4	static
../Core/Src/model_handle.c:1993:6:ModelHandle_IsUnderload	4	static
../Core/Src/model_handle.c:1997:6:ModelHandle_IsDryRunActive	4	static
../Core/Src/model_handle.c:2001:6:ModelHandle_IsVoltageFault	4	static
../Core/Src/model_handle.c:2005:6:ModelHandle_IsMaxRunReached	4	static
../Core/Src/model_handle.c:2010:9:ModelHandle_GetTankLevelPercent	8	static
../Core/Src/model_handle.c:2015:6:ModelHandle_IsTankFull	8	static
../Core/Src/model_handle.c:2019:6:ModelHandle_IsManualActive	4	static
../Core/Src/model_handle.c:2023:10:ModelHandle_GetAutoGap	4	static
../Core/Src/model_handle.c:2028:10:ModelHandle_GetAutoMaxRun	4	static
../Core/Src/model_handle.c:2033:9:ModelHandle_GetAutoRetry	4	static
