../Core/Src/model_handle.c:40:17:Timer_CRC16	24	static
../Core/Src/model_handle.c:275:6:EEPROM_WriteBlockSafe	40	static
../Core/Src/model_handle.c:289:17:SYS_CRC16	24	static
../Core/Src/model_handle.c:305:6:ModelHandle_SaveSettingsToEEPROM	32	static
../Core/Src/model_handle.c:326:6:ModelHandle_LoadSettingsFromEEPROM	32	static
../Core/Src/model_handle.c:350:6:ModelHandle_SaveModeState	8	static
../Core/Src/model_handle.c:363:13:backup_current_mode	4	static
../Core/Src/model_handle.c:371:13:restore_previous_mode	8	static
../Core/Src/model_handle.c:402:6:ModelHandle_StopRestart	8	static
../Core/Src/model_handle.c:412:6:ModelHandle_LoadModeState	16	static
../Core/Src/model_handle.c:464:6:ModelHandle_SaveTimerToEEPROM	64	static
../Core/Src/model_handle.c:477:6:ModelHandle_LoadTimerFromEEPROM	64	static
../Core/Src/model_handle.c:486:6:Timer_EEPROM_EnsureValid	56	static
../Core/Src/model_handle.c:497:13:is_schedule_allowing_run	8	static
../Core/Src/model_handle.c:505:16:read_raw_tank_level	16	static
../Core/Src/model_handle.c:517:16:get_tank_level_percent	16	static
../Core/Src/model_handle.c:543:13:isTankFull	8	static
../Core/Src/model_handle.c:557:6:ModelHandle_StartRestart	8	static
../Core/Src/model_handle.c:575:6:ModelHandle_TimerRecalculateNow	8	static
../Core/Src/model_handle.c:580:6:ModelHandle_ProcessDryRun	8	static
../Core/Src/model_handle.c:584:10:ModelHandle_GetGapTime	4	static
../Core/Src/model_handle.c:585:10:ModelHandle_GetRetryCount	4	static
../Core/Src/model_handle.c:586:10:ModelHandle_GetUnderVolt	4	static
../Core/Src/model_handle.c:587:10:ModelHandle_GetOverVolt	4	static
../Core/Src/model_handle.c:588:10:ModelHandle_GetOverloadLimit	8	static
../Core/Src/model_handle.c:589:10:ModelHandle_GetUnderloadLimit	8	static
../Core/Src/model_handle.c:590:10:ModelHandle_GetMaxRunTime	4	static
../Core/Src/model_handle.c:591:9:ModelHandle_GetPowerRestoreMode	4	static
../Core/Src/model_handle.c:595:6:ModelHandle_SetPowerRestoreMode	16	static
../Core/Src/model_handle.c:601:6:ModelHandle_ToggleManual	8	static
../Core/Src/model_handle.c:626:6:ModelHandle_ManualToggleMotor	8	static
../Core/Src/model_handle.c:638:6:ModelHandle_StopAllModesAndMotor	8	static
../Core/Src/model_handle.c:644:6:ModelHandle_FactoryReset	8	static
../Core/Src/model_handle.c:655:6:ModelHandle_StartTimerNearestSlot	8	static
../Core/Src/model_handle.c:660:20:Buzzer_SetPin	16	static
../Core/Src/model_handle.c:665:13:Buzzer_StartEvent	16	static
../Core/Src/model_handle.c:672:13:Buzzer_Update	24	static
../Core/Src/model_handle.c:706:24:now_ms	8	static
../Core/Src/model_handle.c:710:20:clear_all_modes	4	static
../Core/Src/model_handle.c:722:6:ModelHandle_OnPowerUp	16	static
../Core/Src/model_handle.c:752:20:Motor_IsRelayOn	8	static
../Core/Src/model_handle.c:756:13:Motor_StartAllowed	4	static
../Core/Src/model_handle.c:761:6:ModelHandle_IsRestartActive	4	static
../Core/Src/model_handle.c:766:20:motor_apply	24	static
../Core/Src/model_handle.c:791:6:Motor_GetStatus	8	static
../Core/Src/model_handle.c:795:20:start_motor	16	static
../Core/Src/model_handle.c:816:20:stop_motor	8	static
../Core/Src/model_handle.c:820:13:check_max_run	16	static
../Core/Src/model_handle.c:839:6:ModelHandle_CheckDryRun	16	static
../Core/Src/model_handle.c:852:6:ModelHandle_CheckGroundWater	16	static
../Core/Src/model_handle.c:860:20:isAnyModeActive	4	static
../Core/Src/model_handle.c:865:6:ModelHandle_SoftDryRunHandler	24	static
../Core/Src/model_handle.c:914:24:get_load_lock_duration_ms	4	static
../Core/Src/model_handle.c:921:6:ModelHandle_CheckLoadFault	32	static
../Core/Src/model_handle.c:1001:16:get_today_mask	16	static
../Core/Src/model_handle.c:1007:13:slot_is_active_now	32	static
../Core/Src/model_handle.c:1023:13:timer_any_active_slot	16	static
../Core/Src/model_handle.c:1030:17:get_active_timer_gap_minutes	32	static
../Core/Src/model_handle.c:1050:6:ModelHandle_SaveBuzzerSettings	8	static
../Core/Src/model_handle.c:1056:6:ModelHandle_LoadBuzzerSettings	8	static
../Core/Src/model_handle.c:1063:6:ModelHandle_ProcessTimerSlots	24	static
../Core/Src/model_handle.c:1153:6:ModelHandle_StartTimer	8	static
../Core/Src/model_handle.c:1158:6:ModelHandle_StopTimer	8	static
../Core/Src/model_handle.c:1166:6:ModelHandle_CheckAutoTimerActivation	8	static
../Core/Src/model_handle.c:1176:6:ModelHandle_StartSemiAuto	8	static
../Core/Src/model_handle.c:1190:6:ModelHandle_StopSemiAuto	8	static
../Core/Src/model_handle.c:1196:6:ModelHandle_StartAuto	24	static
../Core/Src/model_handle.c:1215:6:ModelHandle_StopAuto	8	static
../Core/Src/model_handle.c:1225:6:ModelHandle_LoadAutoSettings	8	static
../Core/Src/model_handle.c:1253:13:auto_mode_background_control	16	static
../Core/Src/model_handle.c:1311:13:auto_tick	24	static
../Core/Src/model_handle.c:1402:6:ModelHandle_StartCountdown	16	static
../Core/Src/model_handle.c:1417:6:ModelHandle_StopCountdown	8	static
../Core/Src/model_handle.c:1427:13:countdown_tick	16	static
../Core/Src/model_handle.c:1441:17:CD_CRC	24	static
../Core/Src/model_handle.c:1447:13:SaveCountdown	24	static
../Core/Src/model_handle.c:1470:6:ModelHandle_LoadCountdown	24	static
../Core/Src/model_handle.c:1490:6:ModelHandle_StartTwist	32	static
../Core/Src/model_handle.c:1510:6:ModelHandle_StopTwist	8	static
../Core/Src/model_handle.c:1518:13:twist_tick	16	static
../Core/Src/model_handle.c:1538:13:leds_from_model	16	static
../Core/Src/model_handle.c:1565:6:ModelHandle_Process	32	static
../Core/Src/model_handle.c:1937:13:ModelHandle_GetDryState	4	static
../Core/Src/model_handle.c:1941:6:ModelHandle_ResetAll	8	static
../Core/Src/model_handle.c:1953:6:ModelHandle_SetUserSettings	32	static
../Core/Src/model_handle.c:1979:6:ModelHandle_SetAutoSettings	16	static
../Core/Src/model_handle.c:1991:6:ModelHandle_IsAutoActive	4	static
../Core/Src/model_handle.c:1995:6:ModelHandle_SaveCurrentStateToEEPROM	24	static
../Core/Src/model_handle.c:2007:6:ModelHandle_SetTimerSlot	16	static
../Core/Src/model_handle.c:2017:6:ModelHandle_SetDryRun	16	static
../Core/Src/model_handle.c:2021:6:ModelHandle_SetOverLoad	16	static
../Core/Src/model_handle.c:2025:6:ModelHandle_SetOverUnderVolt	16	static
../Core/Src/model_handle.c:2038:6:ModelHandle_ClearMaxRunFlag	4	static
../Core/Src/model_handle.c:2042:18:ModelHandle_GetTimerSlots	4	static
../Core/Src/model_handle.c:2046:6:ModelHandle_ProcessUartCommand	16	static
../Core/Src/model_handle.c:2050:6:ModelHandle_IsOverload	4	static
../Core/Src/model_handle.c:2054:6:ModelHandle_IsUnderload	4	static
../Core/Src/model_handle.c:2058:6:ModelHandle_IsDryRunActive	4	static
../Core/Src/model_handle.c:2062:6:ModelHandle_IsVoltageFault	4	static
../Core/Src/model_handle.c:2066:6:ModelHandle_IsMaxRunReached	4	static
../Core/Src/model_handle.c:2071:9:ModelHandle_GetTankLevelPercent	8	static
../Core/Src/model_handle.c:2076:6:ModelHandle_IsTankFull	8	static
../Core/Src/model_handle.c:2080:6:ModelHandle_IsManualActive	4	static
../Core/Src/model_handle.c:2084:10:ModelHandle_GetAutoGap	4	static
../Core/Src/model_handle.c:2089:10:ModelHandle_GetAutoMaxRun	4	static
../Core/Src/model_handle.c:2094:9:ModelHandle_GetAutoRetry	4	static
