../Core/Src/model_handle.c:40:17:Timer_CRC16	24	static
../Core/Src/model_handle.c:287:20:dry_protection_enabled	4	static
../Core/Src/model_handle.c:292:10:ModelHandle_GetGapTime	4	static
../Core/Src/model_handle.c:293:10:ModelHandle_GetRetryCount	4	static
../Core/Src/model_handle.c:294:10:ModelHandle_GetUnderVolt	4	static
../Core/Src/model_handle.c:295:10:ModelHandle_GetOverVolt	4	static
../Core/Src/model_handle.c:296:10:ModelHandle_GetOverloadLimit	4	static
../Core/Src/model_handle.c:297:10:ModelHandle_GetUnderloadLimit	4	static
../Core/Src/model_handle.c:298:10:ModelHandle_GetMaxRunTime	4	static
../Core/Src/model_handle.c:299:10:ModelHandle_GetDryRunRetryGap	4	static
../Core/Src/model_handle.c:300:6:EEPROM_WriteBlockSafe	40	static
../Core/Src/model_handle.c:314:17:SYS_CRC16	24	static
../Core/Src/model_handle.c:328:6:ModelHandle_SaveSettingsToEEPROM	32	static
../Core/Src/model_handle.c:346:6:ModelHandle_LoadSettingsFromEEPROM	32	static
../Core/Src/model_handle.c:367:6:ModelHandle_SaveModeState	8	static
../Core/Src/model_handle.c:379:13:backup_current_mode	4	static
../Core/Src/model_handle.c:387:13:restore_previous_mode	8	static
../Core/Src/model_handle.c:417:6:ModelHandle_StopRestart	8	static
../Core/Src/model_handle.c:427:6:ModelHandle_LoadModeState	16	static
../Core/Src/model_handle.c:462:6:ModelHandle_SaveTimerToEEPROM	56	static
../Core/Src/model_handle.c:472:6:ModelHandle_LoadTimerFromEEPROM	56	static
../Core/Src/model_handle.c:481:6:Timer_EEPROM_EnsureValid	48	static
../Core/Src/model_handle.c:493:16:read_raw_tank_level	16	static
../Core/Src/model_handle.c:503:16:get_tank_level_percent	16	static
../Core/Src/model_handle.c:525:13:isTankFull	8	static
../Core/Src/model_handle.c:530:6:ModelHandle_StartRestart	8	static
../Core/Src/model_handle.c:545:6:ModelHandle_TimerRecalculateNow	8	static
../Core/Src/model_handle.c:550:6:ModelHandle_ProcessDryRun	8	static
../Core/Src/model_handle.c:554:9:ModelHandle_GetPowerRestoreMode	4	static
../Core/Src/model_handle.c:558:6:ModelHandle_SetPowerRestoreMode	16	static
../Core/Src/model_handle.c:564:6:ModelHandle_SetDryRunTime	16	static
../Core/Src/model_handle.c:571:6:ModelHandle_ToggleManual	8	static
../Core/Src/model_handle.c:597:6:ModelHandle_ManualToggleMotor	8	static
../Core/Src/model_handle.c:607:6:ModelHandle_SetDryRunAndRetry	16	static
../Core/Src/model_handle.c:616:6:ModelHandle_Button3_SinglePress	8	static
../Core/Src/model_handle.c:637:6:ModelHandle_StopAllModesAndMotor	8	static
../Core/Src/model_handle.c:644:6:ModelHandle_FactoryReset	8	static
../Core/Src/model_handle.c:656:6:ModelHandle_StartTimerNearestSlot	8	static
../Core/Src/model_handle.c:667:20:Buzzer_SetPin	16	static
../Core/Src/model_handle.c:672:13:Buzzer_StartEvent	16	static
../Core/Src/model_handle.c:679:13:Buzzer_TankEmptyPattern	16	static
../Core/Src/model_handle.c:690:13:Buzzer_TankFullPattern	16	static
../Core/Src/model_handle.c:701:13:Buzzer_Update	16	static
../Core/Src/model_handle.c:740:24:now_ms	8	static
../Core/Src/model_handle.c:745:6:ModelHandle_SetProtectionSettings	16	static
../Core/Src/model_handle.c:761:20:clear_all_modes	4	static
../Core/Src/model_handle.c:777:6:ModelHandle_OnPowerUp	16	static
../Core/Src/model_handle.c:811:20:Motor_IsRelayOn	8	static
../Core/Src/model_handle.c:815:13:Motor_StartAllowed	4	static
../Core/Src/model_handle.c:825:6:ModelHandle_IsRestartActive	4	static
../Core/Src/model_handle.c:830:20:motor_apply	24	static
../Core/Src/model_handle.c:855:6:Motor_GetStatus	8	static
../Core/Src/model_handle.c:866:20:start_motor	8	static
../Core/Src/model_handle.c:880:20:stop_motor	8	static
../Core/Src/model_handle.c:884:13:check_max_run	16	static
../Core/Src/model_handle.c:902:6:ModelHandle_Button4_SinglePress	16	static
../Core/Src/model_handle.c:922:6:ModelHandle_CheckDryRun	16	static
../Core/Src/model_handle.c:935:6:ModelHandle_CheckGroundWater	32	static
../Core/Src/model_handle.c:962:20:isAnyModeActive	4	static
../Core/Src/model_handle.c:985:6:ModelHandle_SoftDryRunHandler	24	static
../Core/Src/model_handle.c:1122:24:get_load_lock_duration_ms	4	static
../Core/Src/model_handle.c:1129:6:ModelHandle_CheckLoadFault	32	static
../Core/Src/model_handle.c:1193:16:get_today_mask	16	static
../Core/Src/model_handle.c:1199:13:slot_is_active_now	32	static
../Core/Src/model_handle.c:1210:13:timer_any_active_slot	16	static
../Core/Src/model_handle.c:1217:17:get_active_timer_gap_minutes	32	static
../Core/Src/model_handle.c:1234:6:ModelHandle_SaveBuzzerSettings	8	static
../Core/Src/model_handle.c:1240:6:ModelHandle_LoadBuzzerSettings	8	static
../Core/Src/model_handle.c:1268:6:ModelHandle_ProcessTimerSlots	24	static
../Core/Src/model_handle.c:1376:6:ModelHandle_StartTimer	8	static
../Core/Src/model_handle.c:1377:6:ModelHandle_StopTimer	8	static
../Core/Src/model_handle.c:1385:6:ModelHandle_CheckAutoTimerActivation	8	static
../Core/Src/model_handle.c:1394:6:ModelHandle_StartSemiAuto	8	static
../Core/Src/model_handle.c:1408:6:ModelHandle_StopSemiAuto	8	static
../Core/Src/model_handle.c:1415:6:ModelHandle_StartAuto	16	static
../Core/Src/model_handle.c:1430:6:ModelHandle_StopAuto	8	static
../Core/Src/model_handle.c:1441:6:ModelHandle_LoadAutoSettings	8	static
../Core/Src/model_handle.c:1463:13:auto_mode_background_control	16	static
../Core/Src/model_handle.c:1488:6:ModelHandle_SetBuzzerSettings	16	static
../Core/Src/model_handle.c:1517:13:auto_tick	24	static
../Core/Src/model_handle.c:1679:6:ModelHandle_StartCountdown	24	static
../Core/Src/model_handle.c:1695:6:ModelHandle_StopCountdown	8	static
../Core/Src/model_handle.c:1706:17:CD_CRC	24	static
../Core/Src/model_handle.c:1712:13:SaveCountdown	24	static
../Core/Src/model_handle.c:1726:6:ModelHandle_LoadCountdown	24	static
../Core/Src/model_handle.c:1742:6:ModelHandle_StartTwist	32	static
../Core/Src/model_handle.c:1764:6:ModelHandle_StopTwist	8	static
../Core/Src/model_handle.c:1772:13:twist_tick	16	static
../Core/Src/model_handle.c:1798:13:leds_from_model	16	static
../Core/Src/model_handle.c:1824:6:ModelHandle_Process	16	static
../Core/Src/model_handle.c:2018:13:ModelHandle_GetDryState	4	static
../Core/Src/model_handle.c:2020:6:ModelHandle_ResetAll	8	static
../Core/Src/model_handle.c:2034:6:ModelHandle_SetUserSettings	152	static
../Core/Src/model_handle.c:2083:6:ModelHandle_SetAutoSettings	16	static
../Core/Src/model_handle.c:2093:6:ModelHandle_IsAutoActive	4	static
../Core/Src/model_handle.c:2095:6:ModelHandle_SaveCurrentStateToEEPROM	24	static
../Core/Src/model_handle.c:2108:6:ModelHandle_SetTimerSlot	16	static
../Core/Src/model_handle.c:2123:6:ModelHandle_SetDryRun	16	static
../Core/Src/model_handle.c:2131:6:ModelHandle_GetDryRunEnable	8	static
../Core/Src/model_handle.c:2136:6:ModelHandle_SetOverLoad	16	static
../Core/Src/model_handle.c:2141:6:ModelHandle_SetOverUnderVolt	16	static
../Core/Src/model_handle.c:2150:6:ModelHandle_ClearMaxRunFlag	4	static
../Core/Src/model_handle.c:2152:18:ModelHandle_GetTimerSlots	4	static
../Core/Src/model_handle.c:2154:6:ModelHandle_ProcessUartCommand	16	static
../Core/Src/model_handle.c:2156:6:ModelHandle_IsOverload	4	static
../Core/Src/model_handle.c:2157:6:ModelHandle_IsUnderload	4	static
../Core/Src/model_handle.c:2158:6:ModelHandle_IsDryRunActive	4	static
../Core/Src/model_handle.c:2159:6:ModelHandle_IsVoltageFault	4	static
../Core/Src/model_handle.c:2160:6:ModelHandle_IsMaxRunReached	4	static
../Core/Src/model_handle.c:2161:9:ModelHandle_GetTankLevelPercent	8	static
../Core/Src/model_handle.c:2162:6:ModelHandle_IsTankFull	8	static
../Core/Src/model_handle.c:2163:6:ModelHandle_IsManualActive	4	static
../Core/Src/model_handle.c:2164:10:ModelHandle_GetAutoGap	4	static
../Core/Src/model_handle.c:2165:10:ModelHandle_GetAutoMaxRun	4	static
../Core/Src/model_handle.c:2166:10:ModelHandle_GetAutoRetry	4	static
