../Core/Src/model_handle.c:52:17:Timer_CRC16	24	static
../Core/Src/model_handle.c:209:6:EEPROM_WriteBlockSafe	40	static
../Core/Src/model_handle.c:242:17:SYS_CRC16	24	static
../Core/Src/model_handle.c:249:6:ModelHandle_SaveSettingsToEEPROM	32	static
../Core/Src/model_handle.c:274:6:ModelHandle_LoadSettingsFromEEPROM	40	static
../Core/Src/model_handle.c:299:6:ModelHandle_SaveModeState	8	static
../Core/Src/model_handle.c:316:6:ModelHandle_LoadModeState	8	static
../Core/Src/model_handle.c:341:6:ModelHandle_SaveTimerToEEPROM	64	static
../Core/Src/model_handle.c:361:6:ModelHandle_LoadTimerFromEEPROM	64	static
../Core/Src/model_handle.c:375:6:Timer_EEPROM_EnsureValid	56	static
../Core/Src/model_handle.c:417:13:isTankFull	24	static
../Core/Src/model_handle.c:460:6:ModelHandle_TimerRecalculateNow	8	static
../Core/Src/model_handle.c:466:6:ModelHandle_ProcessDryRun	8	static
../Core/Src/model_handle.c:472:10:ModelHandle_GetGapTime	4	static
../Core/Src/model_handle.c:473:10:ModelHandle_GetRetryCount	4	static
../Core/Src/model_handle.c:474:10:ModelHandle_GetUnderVolt	4	static
../Core/Src/model_handle.c:475:10:ModelHandle_GetOverVolt	4	static
../Core/Src/model_handle.c:476:10:ModelHandle_GetOverloadLimit	8	static
../Core/Src/model_handle.c:477:10:ModelHandle_GetUnderloadLimit	8	static
../Core/Src/model_handle.c:478:10:ModelHandle_GetMaxRunTime	4	static
../Core/Src/model_handle.c:480:9:ModelHandle_GetPowerRestoreMode	4	static
../Core/Src/model_handle.c:485:6:ModelHandle_SetPowerRestoreMode	16	static
../Core/Src/model_handle.c:493:6:ModelHandle_ToggleManual	8	static
../Core/Src/model_handle.c:501:6:ModelHandle_StopAllModesAndMotor	8	static
../Core/Src/model_handle.c:509:6:ModelHandle_FactoryReset	8	static
../Core/Src/model_handle.c:523:6:ModelHandle_StartTimerNearestSlot	8	static
../Core/Src/model_handle.c:530:20:Buzzer_SetPin	16	static
../Core/Src/model_handle.c:538:13:Buzzer_TriggerAlert	8	static
../Core/Src/model_handle.c:543:13:Buzzer_Update	24	static
../Core/Src/model_handle.c:568:6:reset	16	static
../Core/Src/model_handle.c:640:24:now_ms	8	static
../Core/Src/model_handle.c:645:20:clear_all_modes	4	static
../Core/Src/model_handle.c:663:6:ModelHandle_OnPowerUp	8	static
../Core/Src/model_handle.c:670:20:Motor_IsRelayOn	8	static
../Core/Src/model_handle.c:677:13:Motor_StartAllowed	8	static
../Core/Src/model_handle.c:683:20:motor_apply	24	static
../Core/Src/model_handle.c:713:13:motor_force_off	8	static
../Core/Src/model_handle.c:722:6:Motor_GetStatus	8	static
../Core/Src/model_handle.c:728:20:start_motor	8	static
../Core/Src/model_handle.c:744:20:stop_motor	8	static
../Core/Src/model_handle.c:752:13:check_max_run	16	static
../Core/Src/model_handle.c:774:6:ModelHandle_CheckDryRun	16	static
../Core/Src/model_handle.c:811:20:isAnyModeActive	4	static
../Core/Src/model_handle.c:817:6:ModelHandle_SoftDryRunHandler	24	static
../Core/Src/model_handle.c:931:24:get_load_lock_duration_ms	4	static
../Core/Src/model_handle.c:938:6:ModelHandle_CheckLoadFault	32	static
../Core/Src/model_handle.c:1028:16:get_today_mask	16	static
../Core/Src/model_handle.c:1035:13:slot_is_active_now	32	static
../Core/Src/model_handle.c:1048:13:timer_any_active_slot	16	static
../Core/Src/model_handle.c:1056:17:get_active_timer_gap_minutes	32	static
../Core/Src/model_handle.c:1080:17:timer_get_gap_ms	16	static
../Core/Src/model_handle.c:1103:6:ModelHandle_ProcessTimerSlots	16	static
../Core/Src/model_handle.c:1194:6:ModelHandle_StartTimer	8	static
../Core/Src/model_handle.c:1202:6:ModelHandle_StopTimer	8	static
../Core/Src/model_handle.c:1212:6:ModelHandle_CheckAutoTimerActivation	8	static
../Core/Src/model_handle.c:1226:6:ModelHandle_StartSemiAuto	8	static
../Core/Src/model_handle.c:1236:6:ModelHandle_StopSemiAuto	8	static
../Core/Src/model_handle.c:1272:6:ModelHandle_StartAuto	16	static
../Core/Src/model_handle.c:1288:6:ModelHandle_StopAuto	16	static
../Core/Src/model_handle.c:1299:6:ModelHandle_LoadAutoSettings	24	static
../Core/Src/model_handle.c:1321:13:auto_tick	16	static
../Core/Src/model_handle.c:1413:6:ModelHandle_StartCountdown	16	static
../Core/Src/model_handle.c:1427:6:ModelHandle_StopCountdown	8	static
../Core/Src/model_handle.c:1437:13:countdown_tick	16	static
../Core/Src/model_handle.c:1470:17:CD_CRC	24	static
../Core/Src/model_handle.c:1475:13:SaveCountdown	24	static
../Core/Src/model_handle.c:1486:6:ModelHandle_LoadCountdown	24	static
../Core/Src/model_handle.c:1511:6:ModelHandle_StartTwist	32	static
../Core/Src/model_handle.c:1534:6:ModelHandle_StopTwist	8	static
../Core/Src/model_handle.c:1542:13:twist_time_logic	8	static
../Core/Src/model_handle.c:1566:13:twist_tick	16	static
../Core/Src/model_handle.c:1592:13:protections_tick	8	static
../Core/Src/model_handle.c:1601:13:leds_from_model	16	static
../Core/Src/model_handle.c:1633:6:ModelHandle_Process	8	static
../Core/Src/model_handle.c:1746:6:ModelHandle_ResetAll	8	static
../Core/Src/model_handle.c:1768:6:ModelHandle_SetUserSettings	24	static
../Core/Src/model_handle.c:1789:16:AUTO_CRC	24	static
../Core/Src/model_handle.c:1795:13:SaveAutoRuntime	32	static
../Core/Src/model_handle.c:1814:6:ModelHandle_SetAutoSettings	16	static
../Core/Src/model_handle.c:1828:6:ModelHandle_IsAutoActive	4	static
../Core/Src/model_handle.c:1836:6:ModelHandle_SaveCurrentStateToEEPROM	24	static
../Core/Src/model_handle.c:1854:6:ModelHandle_SetTimerSlot	24	static
../Core/Src/model_handle.c:1873:6:ModelHandle_SetDryRun	16	static
../Core/Src/model_handle.c:1878:6:ModelHandle_SetOverLoad	16	static
../Core/Src/model_handle.c:1883:6:ModelHandle_SetOverUnderVolt	16	static
../Core/Src/model_handle.c:1897:6:ModelHandle_ClearMaxRunFlag	4	static
../Core/Src/model_handle.c:1904:18:ModelHandle_GetTimerSlots	4	static
../Core/Src/model_handle.c:1912:6:ModelHandle_ProcessUartCommand	16	static
../Core/Src/model_handle.c:1917:6:ModelHandle_IsOverload	4	static
../Core/Src/model_handle.c:1921:6:ModelHandle_IsUnderload	4	static
../Core/Src/model_handle.c:1925:6:ModelHandle_IsDryRunActive	4	static
../Core/Src/model_handle.c:1929:6:ModelHandle_IsVoltageFault	4	static
../Core/Src/model_handle.c:1933:6:ModelHandle_IsMaxRunReached	4	static
