../Core/Src/model_handle.c:40:17:Timer_CRC16	24	static
../Core/Src/model_handle.c:280:20:dry_protection_enabled	4	static
../Core/Src/model_handle.c:285:10:ModelHandle_GetGapTime	4	static
../Core/Src/model_handle.c:286:10:ModelHandle_GetRetryCount	4	static
../Core/Src/model_handle.c:287:10:ModelHandle_GetUnderVolt	4	static
../Core/Src/model_handle.c:288:10:ModelHandle_GetOverVolt	4	static
../Core/Src/model_handle.c:289:10:ModelHandle_GetOverloadLimit	4	static
../Core/Src/model_handle.c:290:10:ModelHandle_GetUnderloadLimit	4	static
../Core/Src/model_handle.c:291:10:ModelHandle_GetMaxRunTime	4	static
../Core/Src/model_handle.c:292:10:ModelHandle_GetDryRunRetryGap	4	static
../Core/Src/model_handle.c:293:6:EEPROM_WriteBlockSafe	40	static
../Core/Src/model_handle.c:307:17:SYS_CRC16	24	static
../Core/Src/model_handle.c:321:6:ModelHandle_SaveSettingsToEEPROM	32	static
../Core/Src/model_handle.c:339:6:ModelHandle_LoadSettingsFromEEPROM	32	static
../Core/Src/model_handle.c:360:6:ModelHandle_SaveModeState	8	static
../Core/Src/model_handle.c:372:13:backup_current_mode	4	static
../Core/Src/model_handle.c:380:13:restore_previous_mode	8	static
../Core/Src/model_handle.c:410:6:ModelHandle_StopRestart	8	static
../Core/Src/model_handle.c:420:6:ModelHandle_LoadModeState	16	static
../Core/Src/model_handle.c:455:6:ModelHandle_SaveTimerToEEPROM	56	static
../Core/Src/model_handle.c:465:6:ModelHandle_LoadTimerFromEEPROM	56	static
../Core/Src/model_handle.c:474:6:Timer_EEPROM_EnsureValid	48	static
../Core/Src/model_handle.c:486:16:read_raw_tank_level	16	static
../Core/Src/model_handle.c:496:16:get_tank_level_percent	16	static
../Core/Src/model_handle.c:518:13:isTankFull	8	static
../Core/Src/model_handle.c:523:6:ModelHandle_StartRestart	8	static
../Core/Src/model_handle.c:538:6:ModelHandle_TimerRecalculateNow	8	static
../Core/Src/model_handle.c:543:6:ModelHandle_ProcessDryRun	8	static
../Core/Src/model_handle.c:547:9:ModelHandle_GetPowerRestoreMode	4	static
../Core/Src/model_handle.c:551:6:ModelHandle_SetPowerRestoreMode	16	static
../Core/Src/model_handle.c:557:6:ModelHandle_SetDryRunTime	16	static
../Core/Src/model_handle.c:564:6:ModelHandle_ToggleManual	8	static
../Core/Src/model_handle.c:590:6:ModelHandle_ManualToggleMotor	8	static
../Core/Src/model_handle.c:600:6:ModelHandle_SetDryRunAndRetry	16	static
../Core/Src/model_handle.c:609:6:ModelHandle_Button3_SinglePress	8	static
../Core/Src/model_handle.c:630:6:ModelHandle_StopAllModesAndMotor	8	static
../Core/Src/model_handle.c:637:6:ModelHandle_FactoryReset	8	static
../Core/Src/model_handle.c:649:6:ModelHandle_StartTimerNearestSlot	8	static
../Core/Src/model_handle.c:658:20:Buzzer_SetPin	16	static
../Core/Src/model_handle.c:663:13:Buzzer_StartEvent	16	static
../Core/Src/model_handle.c:673:13:Buzzer_TankEmptyPattern	16	static
../Core/Src/model_handle.c:684:13:Buzzer_TankFullPattern	16	static
../Core/Src/model_handle.c:695:13:Buzzer_Update	16	static
../Core/Src/model_handle.c:812:24:now_ms	8	static
../Core/Src/model_handle.c:817:6:ModelHandle_SetProtectionSettings	16	static
../Core/Src/model_handle.c:833:20:clear_all_modes	4	static
../Core/Src/model_handle.c:845:6:ModelHandle_OnPowerUp	16	static
../Core/Src/model_handle.c:879:20:Motor_IsRelayOn	8	static
../Core/Src/model_handle.c:883:13:Motor_StartAllowed	4	static
../Core/Src/model_handle.c:893:6:ModelHandle_IsRestartActive	4	static
../Core/Src/model_handle.c:898:20:motor_apply	24	static
../Core/Src/model_handle.c:923:6:Motor_GetStatus	8	static
../Core/Src/model_handle.c:927:20:start_motor	8	static
../Core/Src/model_handle.c:941:20:stop_motor	8	static
../Core/Src/model_handle.c:945:13:check_max_run	16	static
../Core/Src/model_handle.c:963:6:ModelHandle_Button4_SinglePress	16	static
../Core/Src/model_handle.c:983:6:ModelHandle_CheckDryRun	16	static
../Core/Src/model_handle.c:996:6:ModelHandle_CheckGroundWater	32	static
../Core/Src/model_handle.c:1023:20:isAnyModeActive	4	static
../Core/Src/model_handle.c:1046:6:ModelHandle_SoftDryRunHandler	24	static
../Core/Src/model_handle.c:1183:24:get_load_lock_duration_ms	4	static
../Core/Src/model_handle.c:1190:6:ModelHandle_CheckLoadFault	32	static
../Core/Src/model_handle.c:1254:16:get_today_mask	16	static
../Core/Src/model_handle.c:1260:13:slot_is_active_now	32	static
../Core/Src/model_handle.c:1271:13:timer_any_active_slot	16	static
../Core/Src/model_handle.c:1278:17:get_active_timer_gap_minutes	32	static
../Core/Src/model_handle.c:1295:6:ModelHandle_SaveBuzzerSettings	8	static
../Core/Src/model_handle.c:1301:6:ModelHandle_LoadBuzzerSettings	8	static
../Core/Src/model_handle.c:1329:6:ModelHandle_ProcessTimerSlots	24	static
../Core/Src/model_handle.c:1437:6:ModelHandle_StartTimer	8	static
../Core/Src/model_handle.c:1438:6:ModelHandle_StopTimer	8	static
../Core/Src/model_handle.c:1446:6:ModelHandle_CheckAutoTimerActivation	8	static
../Core/Src/model_handle.c:1455:6:ModelHandle_StartSemiAuto	8	static
../Core/Src/model_handle.c:1469:6:ModelHandle_StopSemiAuto	8	static
../Core/Src/model_handle.c:1476:6:ModelHandle_StartAuto	16	static
../Core/Src/model_handle.c:1491:6:ModelHandle_StopAuto	8	static
../Core/Src/model_handle.c:1502:6:ModelHandle_LoadAutoSettings	8	static
../Core/Src/model_handle.c:1524:13:auto_mode_background_control	16	static
../Core/Src/model_handle.c:1558:6:ModelHandle_SetBuzzerSettings	16	static
../Core/Src/model_handle.c:1566:13:auto_tick	24	static
../Core/Src/model_handle.c:1703:6:ModelHandle_StartCountdown	24	static
../Core/Src/model_handle.c:1719:6:ModelHandle_StopCountdown	8	static
../Core/Src/model_handle.c:1730:17:CD_CRC	24	static
../Core/Src/model_handle.c:1736:13:SaveCountdown	24	static
../Core/Src/model_handle.c:1750:6:ModelHandle_LoadCountdown	24	static
../Core/Src/model_handle.c:1766:6:ModelHandle_StartTwist	32	static
../Core/Src/model_handle.c:1788:6:ModelHandle_StopTwist	8	static
../Core/Src/model_handle.c:1796:13:twist_tick	16	static
../Core/Src/model_handle.c:1822:13:leds_from_model	16	static
../Core/Src/model_handle.c:1845:6:ModelHandle_Process	16	static
../Core/Src/model_handle.c:2013:13:ModelHandle_GetDryState	4	static
../Core/Src/model_handle.c:2015:6:ModelHandle_ResetAll	8	static
../Core/Src/model_handle.c:2029:6:ModelHandle_SetUserSettings	152	static
../Core/Src/model_handle.c:2073:6:ModelHandle_SetAutoSettings	16	static
../Core/Src/model_handle.c:2083:6:ModelHandle_IsAutoActive	4	static
../Core/Src/model_handle.c:2085:6:ModelHandle_SaveCurrentStateToEEPROM	24	static
../Core/Src/model_handle.c:2098:6:ModelHandle_SetTimerSlot	16	static
../Core/Src/model_handle.c:2113:6:ModelHandle_SetDryRun	16	static
../Core/Src/model_handle.c:2121:6:ModelHandle_GetDryRunEnable	8	static
../Core/Src/model_handle.c:2126:6:ModelHandle_SetOverLoad	16	static
../Core/Src/model_handle.c:2131:6:ModelHandle_SetOverUnderVolt	16	static
../Core/Src/model_handle.c:2140:6:ModelHandle_ClearMaxRunFlag	4	static
../Core/Src/model_handle.c:2142:18:ModelHandle_GetTimerSlots	4	static
../Core/Src/model_handle.c:2144:6:ModelHandle_ProcessUartCommand	16	static
../Core/Src/model_handle.c:2146:6:ModelHandle_IsOverload	4	static
../Core/Src/model_handle.c:2147:6:ModelHandle_IsUnderload	4	static
../Core/Src/model_handle.c:2148:6:ModelHandle_IsDryRunActive	4	static
../Core/Src/model_handle.c:2149:6:ModelHandle_IsVoltageFault	4	static
../Core/Src/model_handle.c:2150:6:ModelHandle_IsMaxRunReached	4	static
../Core/Src/model_handle.c:2151:9:ModelHandle_GetTankLevelPercent	8	static
../Core/Src/model_handle.c:2152:6:ModelHandle_IsTankFull	8	static
../Core/Src/model_handle.c:2153:6:ModelHandle_IsManualActive	4	static
../Core/Src/model_handle.c:2154:10:ModelHandle_GetAutoGap	4	static
../Core/Src/model_handle.c:2155:10:ModelHandle_GetAutoMaxRun	4	static
../Core/Src/model_handle.c:2156:10:ModelHandle_GetAutoRetry	4	static
