../Core/Src/model_handle.c:52:17:Timer_CRC16	24	static
../Core/Src/model_handle.c:199:6:EEPROM_WriteBlockSafe	40	static
../Core/Src/model_handle.c:232:17:SYS_CRC16	24	static
../Core/Src/model_handle.c:239:6:ModelHandle_SaveSettingsToEEPROM	32	static
../Core/Src/model_handle.c:258:6:ModelHandle_LoadSettingsFromEEPROM	40	static
../Core/Src/model_handle.c:278:6:ModelHandle_SaveModeState	8	static
../Core/Src/model_handle.c:295:6:ModelHandle_LoadModeState	8	static
../Core/Src/model_handle.c:315:6:ModelHandle_SaveTimerToEEPROM	64	static
../Core/Src/model_handle.c:331:6:ModelHandle_LoadTimerFromEEPROM	64	static
../Core/Src/model_handle.c:345:6:Timer_EEPROM_EnsureValid	56	static
../Core/Src/model_handle.c:387:13:isTankFull	24	static
../Core/Src/model_handle.c:425:6:ModelHandle_TimerRecalculateNow	8	static
../Core/Src/model_handle.c:431:6:ModelHandle_ProcessDryRun	8	static
../Core/Src/model_handle.c:437:10:ModelHandle_GetGapTime	4	static
../Core/Src/model_handle.c:438:10:ModelHandle_GetRetryCount	4	static
../Core/Src/model_handle.c:439:10:ModelHandle_GetUnderVolt	4	static
../Core/Src/model_handle.c:440:10:ModelHandle_GetOverVolt	4	static
../Core/Src/model_handle.c:441:10:ModelHandle_GetOverloadLimit	8	static
../Core/Src/model_handle.c:442:10:ModelHandle_GetUnderloadLimit	8	static
../Core/Src/model_handle.c:443:10:ModelHandle_GetMaxRunTime	4	static
../Core/Src/model_handle.c:445:9:ModelHandle_GetPowerRestoreMode	4	static
../Core/Src/model_handle.c:450:6:ModelHandle_SetPowerRestoreMode	16	static
../Core/Src/model_handle.c:458:6:ModelHandle_ToggleManual	8	static
../Core/Src/model_handle.c:478:6:ModelHandle_StopAllModesAndMotor	8	static
../Core/Src/model_handle.c:486:6:ModelHandle_FactoryReset	8	static
../Core/Src/model_handle.c:500:6:ModelHandle_StartTimerNearestSlot	8	static
../Core/Src/model_handle.c:507:20:Buzzer_SetPin	16	static
../Core/Src/model_handle.c:515:13:Buzzer_TriggerAlert	8	static
../Core/Src/model_handle.c:520:13:Buzzer_Update	24	static
../Core/Src/model_handle.c:544:24:now_ms	8	static
../Core/Src/model_handle.c:549:20:clear_all_modes	4	static
../Core/Src/model_handle.c:567:6:ModelHandle_OnPowerUp	8	static
../Core/Src/model_handle.c:574:20:Motor_IsRelayOn	8	static
../Core/Src/model_handle.c:581:13:Motor_StartAllowed	8	static
../Core/Src/model_handle.c:587:20:motor_apply	24	static
../Core/Src/model_handle.c:617:13:motor_force_off	8	static
../Core/Src/model_handle.c:626:6:Motor_GetStatus	8	static
../Core/Src/model_handle.c:632:20:start_motor	8	static
../Core/Src/model_handle.c:648:20:stop_motor	8	static
../Core/Src/model_handle.c:656:13:check_max_run	16	static
../Core/Src/model_handle.c:678:6:ModelHandle_CheckDryRun	16	static
../Core/Src/model_handle.c:697:6:ModelHandle_CheckGroundWater	16	static
../Core/Src/model_handle.c:726:20:isAnyModeActive	4	static
../Core/Src/model_handle.c:731:6:ModelHandle_SoftDryRunHandler	24	static
../Core/Src/model_handle.c:867:24:get_load_lock_duration_ms	4	static
../Core/Src/model_handle.c:874:6:ModelHandle_CheckLoadFault	32	static
../Core/Src/model_handle.c:964:16:get_today_mask	16	static
../Core/Src/model_handle.c:971:13:slot_is_active_now	32	static
../Core/Src/model_handle.c:984:13:timer_any_active_slot	16	static
../Core/Src/model_handle.c:992:17:get_active_timer_gap_minutes	32	static
../Core/Src/model_handle.c:1016:17:timer_get_gap_ms	16	static
../Core/Src/model_handle.c:1038:6:ModelHandle_ProcessTimerSlots	16	static
../Core/Src/model_handle.c:1140:6:ModelHandle_StartTimer	8	static
../Core/Src/model_handle.c:1148:6:ModelHandle_StopTimer	8	static
../Core/Src/model_handle.c:1158:6:ModelHandle_CheckAutoTimerActivation	8	static
../Core/Src/model_handle.c:1172:6:ModelHandle_StartSemiAuto	8	static
../Core/Src/model_handle.c:1182:6:ModelHandle_StopSemiAuto	8	static
../Core/Src/model_handle.c:1218:6:ModelHandle_StartAuto	16	static
../Core/Src/model_handle.c:1234:6:ModelHandle_StopAuto	16	static
../Core/Src/model_handle.c:1245:6:ModelHandle_LoadAutoSettings	24	static
../Core/Src/model_handle.c:1267:13:auto_tick	16	static
../Core/Src/model_handle.c:1386:6:ModelHandle_StartCountdown	16	static
../Core/Src/model_handle.c:1400:6:ModelHandle_StopCountdown	8	static
../Core/Src/model_handle.c:1410:13:countdown_tick	16	static
../Core/Src/model_handle.c:1443:17:CD_CRC	24	static
../Core/Src/model_handle.c:1448:13:SaveCountdown	24	static
../Core/Src/model_handle.c:1459:6:ModelHandle_LoadCountdown	24	static
../Core/Src/model_handle.c:1484:6:ModelHandle_StartTwist	32	static
../Core/Src/model_handle.c:1507:6:ModelHandle_StopTwist	8	static
../Core/Src/model_handle.c:1515:13:twist_time_logic	8	static
../Core/Src/model_handle.c:1539:13:twist_tick	16	static
../Core/Src/model_handle.c:1574:13:protections_tick	8	static
../Core/Src/model_handle.c:1583:13:leds_from_model	16	static
../Core/Src/model_handle.c:1615:6:ModelHandle_Process	8	static
../Core/Src/model_handle.c:1754:6:ModelHandle_ResetAll	8	static
../Core/Src/model_handle.c:1776:6:ModelHandle_SetUserSettings	24	static
../Core/Src/model_handle.c:1797:16:AUTO_CRC	24	static
../Core/Src/model_handle.c:1803:13:SaveAutoRuntime	32	static
../Core/Src/model_handle.c:1822:6:ModelHandle_SetAutoSettings	16	static
../Core/Src/model_handle.c:1836:6:ModelHandle_IsAutoActive	4	static
../Core/Src/model_handle.c:1844:6:ModelHandle_SaveCurrentStateToEEPROM	24	static
../Core/Src/model_handle.c:1862:6:ModelHandle_SetTimerSlot	24	static
../Core/Src/model_handle.c:1881:6:ModelHandle_SetDryRun	16	static
../Core/Src/model_handle.c:1886:6:ModelHandle_SetOverLoad	16	static
../Core/Src/model_handle.c:1891:6:ModelHandle_SetOverUnderVolt	16	static
../Core/Src/model_handle.c:1905:6:ModelHandle_ClearMaxRunFlag	4	static
../Core/Src/model_handle.c:1912:18:ModelHandle_GetTimerSlots	4	static
../Core/Src/model_handle.c:1920:6:ModelHandle_ProcessUartCommand	16	static
../Core/Src/model_handle.c:1924:6:ModelHandle_IsOverload	4	static
../Core/Src/model_handle.c:1929:6:ModelHandle_IsUnderload	4	static
../Core/Src/model_handle.c:1934:6:ModelHandle_IsDryRunActive	4	static
../Core/Src/model_handle.c:1939:6:ModelHandle_IsVoltageFault	4	static
../Core/Src/model_handle.c:1944:6:ModelHandle_IsMaxRunReached	4	static
