../Core/Src/model_handle.c:31:17:Timer_CRC16	24	static
../Core/Src/model_handle.c:216:6:EEPROM_WriteBlockSafe	40	static
../Core/Src/model_handle.c:231:13:request_mode_switch	16	static
../Core/Src/model_handle.c:254:17:SYS_CRC16	24	static
../Core/Src/model_handle.c:260:6:ModelHandle_SaveSettingsToEEPROM	32	static
../Core/Src/model_handle.c:278:6:ModelHandle_LoadSettingsFromEEPROM	40	static
../Core/Src/model_handle.c:294:6:ModelHandle_SaveModeState	8	static
../Core/Src/model_handle.c:307:13:backup_current_mode	4	static
../Core/Src/model_handle.c:315:13:restore_previous_mode	8	static
../Core/Src/model_handle.c:347:6:ModelHandle_LoadModeState	8	static
../Core/Src/model_handle.c:367:6:ModelHandle_SaveTimerToEEPROM	64	static
../Core/Src/model_handle.c:383:6:ModelHandle_LoadTimerFromEEPROM	64	static
../Core/Src/model_handle.c:395:6:Timer_EEPROM_EnsureValid	56	static
../Core/Src/model_handle.c:408:13:isTankFull	24	static
../Core/Src/model_handle.c:439:6:ModelHandle_TimerRecalculateNow	8	static
../Core/Src/model_handle.c:444:6:ModelHandle_ProcessDryRun	8	static
../Core/Src/model_handle.c:448:10:ModelHandle_GetGapTime	4	static
../Core/Src/model_handle.c:449:10:ModelHandle_GetRetryCount	4	static
../Core/Src/model_handle.c:450:10:ModelHandle_GetUnderVolt	4	static
../Core/Src/model_handle.c:451:10:ModelHandle_GetOverVolt	4	static
../Core/Src/model_handle.c:452:10:ModelHandle_GetOverloadLimit	8	static
../Core/Src/model_handle.c:453:10:ModelHandle_GetUnderloadLimit	8	static
../Core/Src/model_handle.c:454:10:ModelHandle_GetMaxRunTime	4	static
../Core/Src/model_handle.c:455:9:ModelHandle_GetPowerRestoreMode	4	static
../Core/Src/model_handle.c:459:6:ModelHandle_SetPowerRestoreMode	16	static
../Core/Src/model_handle.c:465:6:ModelHandle_ToggleManual	8	static
../Core/Src/model_handle.c:480:6:ModelHandle_StopAllModesAndMotor	8	static
../Core/Src/model_handle.c:486:6:ModelHandle_FactoryReset	8	static
../Core/Src/model_handle.c:497:6:ModelHandle_StartTimerNearestSlot	8	static
../Core/Src/model_handle.c:502:20:Buzzer_SetPin	16	static
../Core/Src/model_handle.c:507:13:Buzzer_TriggerAlert	8	static
../Core/Src/model_handle.c:511:13:Buzzer_Update	24	static
../Core/Src/model_handle.c:534:24:now_ms	8	static
../Core/Src/model_handle.c:538:20:clear_all_modes	4	static
../Core/Src/model_handle.c:552:6:ModelHandle_OnPowerUp	8	static
../Core/Src/model_handle.c:556:20:Motor_IsRelayOn	8	static
../Core/Src/model_handle.c:560:13:Motor_StartAllowed	8	static
../Core/Src/model_handle.c:564:20:motor_apply	24	static
../Core/Src/model_handle.c:590:13:motor_force_off	8	static
../Core/Src/model_handle.c:597:6:Motor_GetStatus	8	static
../Core/Src/model_handle.c:601:20:start_motor	8	static
../Core/Src/model_handle.c:613:20:stop_motor	8	static
../Core/Src/model_handle.c:617:13:check_max_run	16	static
../Core/Src/model_handle.c:635:6:ModelHandle_CheckDryRun	16	static
../Core/Src/model_handle.c:648:6:ModelHandle_CheckGroundWater	16	static
../Core/Src/model_handle.c:656:20:isAnyModeActive	4	static
../Core/Src/model_handle.c:661:6:ModelHandle_SoftDryRunHandler	16	static
../Core/Src/model_handle.c:753:24:get_load_lock_duration_ms	4	static
../Core/Src/model_handle.c:760:6:ModelHandle_CheckLoadFault	32	static
../Core/Src/model_handle.c:853:16:get_today_mask	16	static
../Core/Src/model_handle.c:859:13:slot_is_active_now	32	static
../Core/Src/model_handle.c:884:13:timer_any_active_slot	16	static
../Core/Src/model_handle.c:891:17:get_active_timer_gap_minutes	32	static
../Core/Src/model_handle.c:911:17:timer_get_gap_ms	16	static
../Core/Src/model_handle.c:919:7:ModelHandle_ProcessTimerSlots	24	static
../Core/Src/model_handle.c:1042:6:ModelHandle_StartTimer	8	static
../Core/Src/model_handle.c:1047:6:ModelHandle_StopTimer	8	static
../Core/Src/model_handle.c:1055:6:ModelHandle_CheckAutoTimerActivation	8	static
../Core/Src/model_handle.c:1065:6:ModelHandle_StartSemiAuto	8	static
../Core/Src/model_handle.c:1074:6:ModelHandle_StopSemiAuto	8	static
../Core/Src/model_handle.c:1081:6:ModelHandle_StartAuto	16	static
../Core/Src/model_handle.c:1102:6:ModelHandle_StopAuto	16	static
../Core/Src/model_handle.c:1119:6:ModelHandle_LoadAutoSettings	24	static
../Core/Src/model_handle.c:1136:16:get_tank_level_percent	16	static
../Core/Src/model_handle.c:1148:13:auto_mode_background_control	16	static
../Core/Src/model_handle.c:1187:13:auto_tick	16	static
../Core/Src/model_handle.c:1322:6:ModelHandle_StartCountdown	16	static
../Core/Src/model_handle.c:1334:6:ModelHandle_StopCountdown	8	static
../Core/Src/model_handle.c:1343:13:countdown_tick	16	static
../Core/Src/model_handle.c:1366:17:CD_CRC	24	static
../Core/Src/model_handle.c:1371:13:SaveCountdown	24	static
../Core/Src/model_handle.c:1381:6:ModelHandle_LoadCountdown	24	static
../Core/Src/model_handle.c:1396:6:ModelHandle_StartTwist	32	static
../Core/Src/model_handle.c:1415:6:ModelHandle_StopTwist	8	static
../Core/Src/model_handle.c:1422:13:twist_time_logic	8	static
../Core/Src/model_handle.c:1443:13:twist_tick	16	static
../Core/Src/model_handle.c:1463:13:protections_tick	8	static
../Core/Src/model_handle.c:1468:13:leds_from_model	16	static
../Core/Src/model_handle.c:1489:6:ModelHandle_Process	8	static
../Core/Src/model_handle.c:1581:6:ModelHandle_ResetAll	8	static
../Core/Src/model_handle.c:1593:6:ModelHandle_SetUserSettings	24	static
../Core/Src/model_handle.c:1610:16:AUTO_CRC	24	static
../Core/Src/model_handle.c:1616:13:SaveAutoRuntime	32	static
../Core/Src/model_handle.c:1630:6:ModelHandle_SetAutoSettings	16	static
../Core/Src/model_handle.c:1641:6:ModelHandle_IsAutoActive	4	static
../Core/Src/model_handle.c:1645:6:ModelHandle_SaveCurrentStateToEEPROM	24	static
../Core/Src/model_handle.c:1659:6:ModelHandle_SetTimerSlot	16	static
../Core/Src/model_handle.c:1670:6:ModelHandle_SetDryRun	16	static
../Core/Src/model_handle.c:1674:6:ModelHandle_SetOverLoad	16	static
../Core/Src/model_handle.c:1678:6:ModelHandle_SetOverUnderVolt	16	static
../Core/Src/model_handle.c:1691:6:ModelHandle_ClearMaxRunFlag	4	static
../Core/Src/model_handle.c:1695:18:ModelHandle_GetTimerSlots	4	static
../Core/Src/model_handle.c:1699:6:ModelHandle_ProcessUartCommand	16	static
../Core/Src/model_handle.c:1703:6:ModelHandle_IsOverload	4	static
../Core/Src/model_handle.c:1707:6:ModelHandle_IsUnderload	4	static
../Core/Src/model_handle.c:1711:6:ModelHandle_IsDryRunActive	4	static
../Core/Src/model_handle.c:1715:6:ModelHandle_IsVoltageFault	4	static
../Core/Src/model_handle.c:1719:6:ModelHandle_IsMaxRunReached	4	static
