../Core/Src/model_handle.c:32:17:Timer_CRC16	24	static
../Core/Src/model_handle.c:208:6:EEPROM_WriteBlockSafe	40	static
../Core/Src/model_handle.c:238:17:SYS_CRC16	24	static
../Core/Src/model_handle.c:255:6:ModelHandle_SaveSettingsToEEPROM	32	static
../Core/Src/model_handle.c:276:6:ModelHandle_LoadSettingsFromEEPROM	32	static
../Core/Src/model_handle.c:301:6:ModelHandle_SaveModeState	8	static
../Core/Src/model_handle.c:314:13:backup_current_mode	4	static
../Core/Src/model_handle.c:322:13:restore_previous_mode	8	static
../Core/Src/model_handle.c:355:13:request_mode_switch	16	static
../Core/Src/model_handle.c:362:6:ModelHandle_StopRestart	8	static
../Core/Src/model_handle.c:373:6:ModelHandle_LoadModeState	8	static
../Core/Src/model_handle.c:393:6:ModelHandle_SaveTimerToEEPROM	64	static
../Core/Src/model_handle.c:409:6:ModelHandle_LoadTimerFromEEPROM	64	static
../Core/Src/model_handle.c:421:6:Timer_EEPROM_EnsureValid	56	static
../Core/Src/model_handle.c:436:13:is_schedule_allowing_run	8	static
../Core/Src/model_handle.c:444:16:read_raw_tank_level	16	static
../Core/Src/model_handle.c:456:16:get_tank_level_percent	16	static
../Core/Src/model_handle.c:482:13:isTankFull	8	static
../Core/Src/model_handle.c:487:6:ModelHandle_StartRestart	16	static
../Core/Src/model_handle.c:509:6:ModelHandle_TimerRecalculateNow	8	static
../Core/Src/model_handle.c:514:6:ModelHandle_ProcessDryRun	8	static
../Core/Src/model_handle.c:518:10:ModelHandle_GetGapTime	4	static
../Core/Src/model_handle.c:519:10:ModelHandle_GetRetryCount	4	static
../Core/Src/model_handle.c:520:10:ModelHandle_GetUnderVolt	4	static
../Core/Src/model_handle.c:521:10:ModelHandle_GetOverVolt	4	static
../Core/Src/model_handle.c:522:10:ModelHandle_GetOverloadLimit	8	static
../Core/Src/model_handle.c:523:10:ModelHandle_GetUnderloadLimit	8	static
../Core/Src/model_handle.c:524:10:ModelHandle_GetMaxRunTime	4	static
../Core/Src/model_handle.c:525:9:ModelHandle_GetPowerRestoreMode	4	static
../Core/Src/model_handle.c:529:6:ModelHandle_SetPowerRestoreMode	16	static
../Core/Src/model_handle.c:535:6:ModelHandle_ToggleManual	8	static
../Core/Src/model_handle.c:560:6:ModelHandle_ManualToggleMotor	8	static
../Core/Src/model_handle.c:572:6:ModelHandle_StopAllModesAndMotor	8	static
../Core/Src/model_handle.c:578:6:ModelHandle_FactoryReset	8	static
../Core/Src/model_handle.c:589:6:ModelHandle_StartTimerNearestSlot	8	static
../Core/Src/model_handle.c:594:20:Buzzer_SetPin	16	static
../Core/Src/model_handle.c:599:13:Buzzer_TriggerAlert	8	static
../Core/Src/model_handle.c:604:13:Buzzer_Update	24	static
../Core/Src/model_handle.c:641:24:now_ms	8	static
../Core/Src/model_handle.c:645:20:clear_all_modes	4	static
../Core/Src/model_handle.c:661:6:ModelHandle_OnPowerUp	16	static
../Core/Src/model_handle.c:689:20:Motor_IsRelayOn	8	static
../Core/Src/model_handle.c:693:13:Motor_StartAllowed	4	static
../Core/Src/model_handle.c:698:6:ModelHandle_IsRestartActive	4	static
../Core/Src/model_handle.c:703:20:motor_apply	24	static
../Core/Src/model_handle.c:732:6:Motor_GetStatus	8	static
../Core/Src/model_handle.c:736:20:start_motor	16	static
../Core/Src/model_handle.c:750:20:stop_motor	8	static
../Core/Src/model_handle.c:754:13:check_max_run	16	static
../Core/Src/model_handle.c:774:6:ModelHandle_CheckDryRun	16	static
../Core/Src/model_handle.c:787:6:ModelHandle_CheckGroundWater	16	static
../Core/Src/model_handle.c:795:20:isAnyModeActive	4	static
../Core/Src/model_handle.c:800:6:ModelHandle_SoftDryRunHandler	24	static
../Core/Src/model_handle.c:861:24:get_load_lock_duration_ms	4	static
../Core/Src/model_handle.c:868:6:ModelHandle_CheckLoadFault	32	static
../Core/Src/model_handle.c:954:16:get_today_mask	16	static
../Core/Src/model_handle.c:960:13:slot_is_active_now	32	static
../Core/Src/model_handle.c:985:13:timer_any_active_slot	16	static
../Core/Src/model_handle.c:992:17:get_active_timer_gap_minutes	32	static
../Core/Src/model_handle.c:1013:6:ModelHandle_SaveBuzzerSettings	8	static
../Core/Src/model_handle.c:1019:6:ModelHandle_LoadBuzzerSettings	8	static
../Core/Src/model_handle.c:1026:6:ModelHandle_ProcessTimerSlots	24	static
../Core/Src/model_handle.c:1142:6:ModelHandle_StartTimer	8	static
../Core/Src/model_handle.c:1147:6:ModelHandle_StopTimer	8	static
../Core/Src/model_handle.c:1155:6:ModelHandle_CheckAutoTimerActivation	8	static
../Core/Src/model_handle.c:1165:6:ModelHandle_StartSemiAuto	8	static
../Core/Src/model_handle.c:1177:6:ModelHandle_StopSemiAuto	8	static
../Core/Src/model_handle.c:1183:6:ModelHandle_StartAuto	24	static
../Core/Src/model_handle.c:1208:6:ModelHandle_StopAuto	8	static
../Core/Src/model_handle.c:1220:6:ModelHandle_LoadAutoSettings	8	static
../Core/Src/model_handle.c:1254:13:auto_mode_background_control	16	static
../Core/Src/model_handle.c:1285:13:auto_tick	32	static
../Core/Src/model_handle.c:1407:6:ModelHandle_StartCountdown	16	static
../Core/Src/model_handle.c:1422:6:ModelHandle_StopCountdown	8	static
../Core/Src/model_handle.c:1432:13:countdown_tick	32	static
../Core/Src/model_handle.c:1489:17:CD_CRC	24	static
../Core/Src/model_handle.c:1495:13:SaveCountdown	24	static
../Core/Src/model_handle.c:1519:6:ModelHandle_LoadCountdown	24	static
../Core/Src/model_handle.c:1539:6:ModelHandle_StartTwist	32	static
../Core/Src/model_handle.c:1559:6:ModelHandle_StopTwist	8	static
../Core/Src/model_handle.c:1567:13:twist_tick	16	static
../Core/Src/model_handle.c:1587:13:leds_from_model	16	static
../Core/Src/model_handle.c:1614:6:ModelHandle_Process	24	static
../Core/Src/model_handle.c:1793:13:ModelHandle_GetDryState	4	static
../Core/Src/model_handle.c:1798:6:ModelHandle_ResetAll	8	static
../Core/Src/model_handle.c:1810:6:ModelHandle_SetUserSettings	32	static
../Core/Src/model_handle.c:1840:6:ModelHandle_SetAutoSettings	16	static
../Core/Src/model_handle.c:1854:6:ModelHandle_IsAutoActive	4	static
../Core/Src/model_handle.c:1858:6:ModelHandle_SaveCurrentStateToEEPROM	24	static
../Core/Src/model_handle.c:1872:6:ModelHandle_SetTimerSlot	16	static
../Core/Src/model_handle.c:1883:6:ModelHandle_SetDryRun	16	static
../Core/Src/model_handle.c:1887:6:ModelHandle_SetOverLoad	16	static
../Core/Src/model_handle.c:1891:6:ModelHandle_SetOverUnderVolt	16	static
../Core/Src/model_handle.c:1904:6:ModelHandle_ClearMaxRunFlag	4	static
../Core/Src/model_handle.c:1908:18:ModelHandle_GetTimerSlots	4	static
../Core/Src/model_handle.c:1912:6:ModelHandle_ProcessUartCommand	16	static
../Core/Src/model_handle.c:1916:6:ModelHandle_IsOverload	4	static
../Core/Src/model_handle.c:1920:6:ModelHandle_IsUnderload	4	static
../Core/Src/model_handle.c:1924:6:ModelHandle_IsDryRunActive	4	static
../Core/Src/model_handle.c:1928:6:ModelHandle_IsVoltageFault	4	static
../Core/Src/model_handle.c:1932:6:ModelHandle_IsMaxRunReached	4	static
../Core/Src/model_handle.c:1937:9:ModelHandle_GetTankLevelPercent	8	static
../Core/Src/model_handle.c:1942:6:ModelHandle_IsTankFull	8	static
../Core/Src/model_handle.c:1946:6:ModelHandle_IsManualActive	4	static
../Core/Src/model_handle.c:1950:10:ModelHandle_GetAutoGap	4	static
../Core/Src/model_handle.c:1955:10:ModelHandle_GetAutoMaxRun	4	static
../Core/Src/model_handle.c:1960:9:ModelHandle_GetAutoRetry	4	static
