../Core/Src/model_handle.c:78:24:now_ms	8	static
../Core/Src/model_handle.c:83:20:clear_all_modes	4	static
../Core/Src/model_handle.c:97:20:motor_apply	16	static
../Core/Src/model_handle.c:121:20:start_motor	8	static
../Core/Src/model_handle.c:126:20:stop_motor	8	static
../Core/Src/model_handle.c:131:6:ModelHandle_SetMotor	16	static
../Core/Src/model_handle.c:145:20:isTankFull	16	static
../Core/Src/model_handle.c:161:6:ModelHandle_CheckDryRun	16	static
../Core/Src/model_handle.c:195:20:isAnyModeActive	4	static
../Core/Src/model_handle.c:201:6:ModelHandle_SoftDryRunHandler	16	static
../Core/Src/model_handle.c:313:6:Motor_GetStatus	4	static
../Core/Src/model_handle.c:321:6:ModelHandle_ToggleManual	8	static
../Core/Src/model_handle.c:340:6:ModelHandle_ProcessDryRun	8	static
../Core/Src/model_handle.c:348:6:ModelHandle_StopAllModesAndMotor	8	static
../Core/Src/model_handle.c:370:6:ModelHandle_StartNearestTimer	8	static
../Core/Src/model_handle.c:375:6:ModelHandle_StopCountdown	8	static
../Core/Src/model_handle.c:384:6:ModelHandle_StartCountdown	16	static
../Core/Src/model_handle.c:406:13:countdown_tick	16	static
../Core/Src/model_handle.c:437:6:ModelHandle_StartTwist	24	static
../Core/Src/model_handle.c:462:6:ModelHandle_StopTwist	8	static
../Core/Src/model_handle.c:469:13:twist_time_logic	8	static
../Core/Src/model_handle.c:498:13:twist_tick	16	static
../Core/Src/model_handle.c:546:17:toSec	16	static
../Core/Src/model_handle.c:554:13:timer_any_slot_should_run	24	static
../Core/Src/model_handle.c:584:6:ModelHandle_StartTimer	8	static
../Core/Src/model_handle.c:595:6:ModelHandle_StopTimer	8	static
../Core/Src/model_handle.c:601:13:timer_tick	16	static
../Core/Src/model_handle.c:610:6:ModelHandle_TimerRecalculateNow	8	static
../Core/Src/model_handle.c:624:6:ModelHandle_StartSemiAuto	8	static
../Core/Src/model_handle.c:633:6:ModelHandle_StopSemiAuto	8	static
../Core/Src/model_handle.c:643:6:ModelHandle_StartAuto	16	static
../Core/Src/model_handle.c:663:6:ModelHandle_StopAuto	8	static
../Core/Src/model_handle.c:671:13:auto_tick	16	static
../Core/Src/model_handle.c:730:13:protections_tick	8	static
../Core/Src/model_handle.c:769:13:leds_from_model	8	static
../Core/Src/model_handle.c:798:6:ModelHandle_Process	8	static
../Core/Src/model_handle.c:830:6:ModelHandle_ProcessUartCommand	32	static
../Core/Src/model_handle.c:873:6:ModelHandle_ResetAll	16	static
../Core/Src/model_handle.c:907:6:ModelHandle_SaveCurrentStateToEEPROM	56	static
