../Core/Src/model_handle.c:44:17:Timer_CRC16	24	static
../Core/Src/model_handle.c:310:20:dry_protection_enabled	4	static
../Core/Src/model_handle.c:315:10:ModelHandle_GetGapTime	4	static
../Core/Src/model_handle.c:316:10:ModelHandle_GetRetryCount	4	static
../Core/Src/model_handle.c:317:10:ModelHandle_GetUnderVolt	4	static
../Core/Src/model_handle.c:318:10:ModelHandle_GetOverVolt	4	static
../Core/Src/model_handle.c:319:10:ModelHandle_GetOverloadLimit	4	static
../Core/Src/model_handle.c:320:10:ModelHandle_GetUnderloadLimit	4	static
../Core/Src/model_handle.c:321:10:ModelHandle_GetMaxRunTime	4	static
../Core/Src/model_handle.c:322:10:ModelHandle_GetDryRunRetryGap	4	static
../Core/Src/model_handle.c:324:6:EEPROM_WriteBlockSafe	40	static
../Core/Src/model_handle.c:339:17:SYS_CRC16	24	static
../Core/Src/model_handle.c:352:6:ModelHandle_SaveSettingsToEEPROM	32	static
../Core/Src/model_handle.c:370:6:ModelHandle_LoadSettingsFromEEPROM	32	static
../Core/Src/model_handle.c:391:6:ModelHandle_SaveModeState	8	static
../Core/Src/model_handle.c:404:13:backup_current_mode	4	static
../Core/Src/model_handle.c:413:13:restore_previous_mode	8	static
../Core/Src/model_handle.c:441:6:ModelHandle_StopRestart	8	static
../Core/Src/model_handle.c:450:6:ModelHandle_LoadModeState	16	static
../Core/Src/model_handle.c:481:6:ModelHandle_SaveTimerToEEPROM	56	static
../Core/Src/model_handle.c:492:6:ModelHandle_LoadTimerFromEEPROM	56	static
../Core/Src/model_handle.c:502:6:Timer_EEPROM_EnsureValid	48	static
../Core/Src/model_handle.c:514:6:ModelHandle_SendTimerInfoUART	192	static
../Core/Src/model_handle.c:531:16:read_raw_tank_level	16	static
../Core/Src/model_handle.c:541:16:get_tank_level_percent	16	static
../Core/Src/model_handle.c:563:13:isTankFull	8	static
../Core/Src/model_handle.c:568:6:ModelHandle_StartRestart	8	static
../Core/Src/model_handle.c:582:6:ModelHandle_TimerRecalculateNow	8	static
../Core/Src/model_handle.c:588:6:ModelHandle_ProcessDryRun	8	static
../Core/Src/model_handle.c:593:9:ModelHandle_GetPowerRestoreMode	4	static
../Core/Src/model_handle.c:595:6:ModelHandle_SetPowerRestoreMode	16	static
../Core/Src/model_handle.c:602:6:ModelHandle_SetDryRunTime	16	static
../Core/Src/model_handle.c:610:6:ModelHandle_ToggleManual	8	static
../Core/Src/model_handle.c:632:6:ModelHandle_ManualToggleMotor	8	static
../Core/Src/model_handle.c:639:6:ModelHandle_SetDryRunAndRetry	16	static
../Core/Src/model_handle.c:648:6:ModelHandle_Button3_SinglePress	8	static
../Core/Src/model_handle.c:672:6:ModelHandle_StopAllModesAndMotor	8	static
../Core/Src/model_handle.c:680:6:ModelHandle_FactoryReset	8	static
../Core/Src/model_handle.c:700:6:ModelHandle_StartTimerNearestSlot	8	static
../Core/Src/model_handle.c:713:20:Buzzer_SetPin	16	static
../Core/Src/model_handle.c:719:13:Buzzer_StartEvent	16	static
../Core/Src/model_handle.c:729:13:Buzzer_TankEmptyPattern	16	static
../Core/Src/model_handle.c:736:13:Buzzer_TankFullPattern	16	static
../Core/Src/model_handle.c:743:13:Buzzer_Update	16	static
../Core/Src/model_handle.c:805:24:now_ms	8	static
../Core/Src/model_handle.c:807:6:ModelHandle_SetProtectionSettings	16	static
../Core/Src/model_handle.c:821:20:clear_all_modes	4	static
../Core/Src/model_handle.c:833:6:ModelHandle_OnPowerUp	16	static
../Core/Src/model_handle.c:868:20:Motor_IsRelayOn	8	static
../Core/Src/model_handle.c:873:13:Motor_StartAllowed	4	static
../Core/Src/model_handle.c:878:6:ModelHandle_IsRestartActive	4	static
../Core/Src/model_handle.c:880:20:motor_apply	24	static
../Core/Src/model_handle.c:902:6:Motor_GetStatus	8	static
../Core/Src/model_handle.c:904:20:start_motor	8	static
../Core/Src/model_handle.c:912:20:stop_motor	8	static
../Core/Src/model_handle.c:914:13:check_max_run	16	static
../Core/Src/model_handle.c:929:6:ModelHandle_Button4_SinglePress	16	static
../Core/Src/model_handle.c:951:6:ModelHandle_CheckDryRun	24	static
../Core/Src/model_handle.c:959:6:ModelHandle_CheckGroundWater	32	static
../Core/Src/model_handle.c:985:20:isAnyModeActive	4	static
../Core/Src/model_handle.c:991:6:ModelHandle_SoftDryRunHandler	24	static
../Core/Src/model_handle.c:1053:24:get_load_lock_duration_ms	4	static
../Core/Src/model_handle.c:1059:6:ModelHandle_CheckLoadFault	32	static
../Core/Src/model_handle.c:1113:16:get_today_mask	16	static
../Core/Src/model_handle.c:1120:13:slot_is_active_now	32	static
../Core/Src/model_handle.c:1132:13:timer_any_active_slot	16	static
../Core/Src/model_handle.c:1139:17:get_active_timer_gap_minutes	32	static
../Core/Src/model_handle.c:1156:6:ModelHandle_SaveBuzzerSettings	16	static
../Core/Src/model_handle.c:1168:6:ModelHandle_LoadBuzzerSettings	24	static
../Core/Src/model_handle.c:1188:6:ModelHandle_ProcessTimerSlots	24	static
../Core/Src/model_handle.c:1285:6:ModelHandle_StartTimer	8	static
../Core/Src/model_handle.c:1291:6:ModelHandle_StopTimer	8	static
../Core/Src/model_handle.c:1303:6:ModelHandle_CheckAutoTimerActivation	8	static
../Core/Src/model_handle.c:1317:6:ModelHandle_StartSemiAuto	8	static
../Core/Src/model_handle.c:1333:6:ModelHandle_StopSemiAuto	8	static
../Core/Src/model_handle.c:1342:6:ModelHandle_StartAuto	16	static
../Core/Src/model_handle.c:1369:6:ModelHandle_StopAuto	8	static
../Core/Src/model_handle.c:1383:6:ModelHandle_LoadAutoSettings	8	static
../Core/Src/model_handle.c:1397:13:auto_mode_background_control	16	static
../Core/Src/model_handle.c:1424:6:ModelHandle_SetBuzzerSettings	16	static
../Core/Src/model_handle.c:1432:13:auto_tick	24	static
../Core/Src/model_handle.c:1558:6:ModelHandle_StartCountdown	24	static
../Core/Src/model_handle.c:1576:6:ModelHandle_StopCountdown	8	static
../Core/Src/model_handle.c:1588:17:CD_CRC	24	static
../Core/Src/model_handle.c:1595:13:SaveCountdown	24	static
../Core/Src/model_handle.c:1610:6:ModelHandle_LoadCountdown	24	static
../Core/Src/model_handle.c:1626:6:ModelHandle_StartTwist	32	static
../Core/Src/model_handle.c:1649:6:ModelHandle_StopTwist	8	static
../Core/Src/model_handle.c:1658:13:twist_tick	16	static
../Core/Src/model_handle.c:1674:13:leds_from_model	16	static
../Core/Src/model_handle.c:1698:13:timer_auto_transition	16	static
../Core/Src/model_handle.c:1746:6:ModelHandle_Process	24	static
../Core/Src/model_handle.c:1899:13:ModelHandle_GetDryState	4	static
../Core/Src/model_handle.c:1901:6:ModelHandle_ResetAll	8	static
../Core/Src/model_handle.c:1915:6:ModelHandle_SetUserSettings	152	static
../Core/Src/model_handle.c:1949:6:ModelHandle_SetAutoSettings	16	static
../Core/Src/model_handle.c:1959:6:ModelHandle_IsAutoActive	4	static
../Core/Src/model_handle.c:1961:6:ModelHandle_SaveCurrentStateToEEPROM	24	static
../Core/Src/model_handle.c:1974:6:ModelHandle_SetTimerSlot	24	static
../Core/Src/model_handle.c:1986:6:ModelHandle_SetDryRun	16	static
../Core/Src/model_handle.c:1993:6:ModelHandle_GetDryRunEnable	8	static
../Core/Src/model_handle.c:1995:6:ModelHandle_SetOverLoad	16	static
../Core/Src/model_handle.c:2001:6:ModelHandle_SetOverUnderVolt	16	static
../Core/Src/model_handle.c:2011:6:ModelHandle_ClearMaxRunFlag	4	static
../Core/Src/model_handle.c:2013:18:ModelHandle_GetTimerSlots	4	static
../Core/Src/model_handle.c:2015:6:ModelHandle_ProcessUartCommand	16	static
../Core/Src/model_handle.c:2017:6:ModelHandle_IsOverload	4	static
../Core/Src/model_handle.c:2018:6:ModelHandle_IsUnderload	4	static
../Core/Src/model_handle.c:2019:6:ModelHandle_IsDryRunActive	4	static
../Core/Src/model_handle.c:2020:6:ModelHandle_IsVoltageFault	4	static
../Core/Src/model_handle.c:2021:6:ModelHandle_IsMaxRunReached	4	static
../Core/Src/model_handle.c:2022:9:ModelHandle_GetTankLevelPercent	8	static
../Core/Src/model_handle.c:2023:6:ModelHandle_IsTankFull	8	static
../Core/Src/model_handle.c:2024:6:ModelHandle_IsManualActive	4	static
../Core/Src/model_handle.c:2025:10:ModelHandle_GetAutoGap	4	static
../Core/Src/model_handle.c:2026:10:ModelHandle_GetAutoMaxRun	4	static
../Core/Src/model_handle.c:2027:10:ModelHandle_GetAutoRetry	4	static
