../Core/Src/model_handle.c:31:17:Timer_CRC16	24	static
../Core/Src/model_handle.c:211:6:EEPROM_WriteBlockSafe	40	static
../Core/Src/model_handle.c:241:17:SYS_CRC16	24	static
../Core/Src/model_handle.c:247:6:ModelHandle_SaveSettingsToEEPROM	32	static
../Core/Src/model_handle.c:265:6:ModelHandle_LoadSettingsFromEEPROM	40	static
../Core/Src/model_handle.c:281:6:ModelHandle_SaveModeState	8	static
../Core/Src/model_handle.c:294:13:backup_current_mode	4	static
../Core/Src/model_handle.c:302:13:restore_previous_mode	8	static
../Core/Src/model_handle.c:334:6:ModelHandle_LoadModeState	8	static
../Core/Src/model_handle.c:354:6:ModelHandle_SaveTimerToEEPROM	64	static
../Core/Src/model_handle.c:370:6:ModelHandle_LoadTimerFromEEPROM	64	static
../Core/Src/model_handle.c:382:6:Timer_EEPROM_EnsureValid	56	static
../Core/Src/model_handle.c:395:13:isTankFull	24	static
../Core/Src/model_handle.c:426:6:ModelHandle_TimerRecalculateNow	8	static
../Core/Src/model_handle.c:431:6:ModelHandle_ProcessDryRun	8	static
../Core/Src/model_handle.c:435:10:ModelHandle_GetGapTime	4	static
../Core/Src/model_handle.c:436:10:ModelHandle_GetRetryCount	4	static
../Core/Src/model_handle.c:437:10:ModelHandle_GetUnderVolt	4	static
../Core/Src/model_handle.c:438:10:ModelHandle_GetOverVolt	4	static
../Core/Src/model_handle.c:439:10:ModelHandle_GetOverloadLimit	8	static
../Core/Src/model_handle.c:440:10:ModelHandle_GetUnderloadLimit	8	static
../Core/Src/model_handle.c:441:10:ModelHandle_GetMaxRunTime	4	static
../Core/Src/model_handle.c:442:9:ModelHandle_GetPowerRestoreMode	4	static
../Core/Src/model_handle.c:446:6:ModelHandle_SetPowerRestoreMode	16	static
../Core/Src/model_handle.c:452:6:ModelHandle_ToggleManual	8	static
../Core/Src/model_handle.c:468:6:ModelHandle_StopAllModesAndMotor	8	static
../Core/Src/model_handle.c:474:6:ModelHandle_FactoryReset	8	static
../Core/Src/model_handle.c:485:6:ModelHandle_StartTimerNearestSlot	8	static
../Core/Src/model_handle.c:490:20:Buzzer_SetPin	16	static
../Core/Src/model_handle.c:495:13:Buzzer_TriggerAlert	8	static
../Core/Src/model_handle.c:499:13:Buzzer_Update	24	static
../Core/Src/model_handle.c:522:24:now_ms	8	static
../Core/Src/model_handle.c:526:20:clear_all_modes	4	static
../Core/Src/model_handle.c:540:6:ModelHandle_OnPowerUp	8	static
../Core/Src/model_handle.c:544:20:Motor_IsRelayOn	8	static
../Core/Src/model_handle.c:548:13:Motor_StartAllowed	8	static
../Core/Src/model_handle.c:552:20:motor_apply	24	static
../Core/Src/model_handle.c:577:13:motor_force_off	8	static
../Core/Src/model_handle.c:584:6:Motor_GetStatus	8	static
../Core/Src/model_handle.c:588:20:start_motor	8	static
../Core/Src/model_handle.c:601:20:stop_motor	8	static
../Core/Src/model_handle.c:605:13:check_max_run	16	static
../Core/Src/model_handle.c:623:6:ModelHandle_CheckDryRun	16	static
../Core/Src/model_handle.c:636:6:ModelHandle_CheckGroundWater	16	static
../Core/Src/model_handle.c:644:20:isAnyModeActive	4	static
../Core/Src/model_handle.c:649:6:ModelHandle_SoftDryRunHandler	16	static
../Core/Src/model_handle.c:739:24:get_load_lock_duration_ms	4	static
../Core/Src/model_handle.c:746:6:ModelHandle_CheckLoadFault	32	static
../Core/Src/model_handle.c:834:16:get_today_mask	16	static
../Core/Src/model_handle.c:840:13:slot_is_active_now	32	static
../Core/Src/model_handle.c:865:13:timer_any_active_slot	16	static
../Core/Src/model_handle.c:872:17:get_active_timer_gap_minutes	32	static
../Core/Src/model_handle.c:892:17:timer_get_gap_ms	16	static
../Core/Src/model_handle.c:901:6:ModelHandle_ProcessTimerSlots	24	static
../Core/Src/model_handle.c:1058:6:ModelHandle_StartTimer	8	static
../Core/Src/model_handle.c:1063:6:ModelHandle_StopTimer	8	static
../Core/Src/model_handle.c:1071:6:ModelHandle_CheckAutoTimerActivation	8	static
../Core/Src/model_handle.c:1081:6:ModelHandle_StartSemiAuto	8	static
../Core/Src/model_handle.c:1090:6:ModelHandle_StopSemiAuto	8	static
../Core/Src/model_handle.c:1096:6:ModelHandle_StartAuto	16	static
../Core/Src/model_handle.c:1109:6:ModelHandle_StopAuto	16	static
../Core/Src/model_handle.c:1118:6:ModelHandle_LoadAutoSettings	24	static
../Core/Src/model_handle.c:1135:16:get_tank_level_percent	16	static
../Core/Src/model_handle.c:1147:13:auto_mode_background_control	16	static
../Core/Src/model_handle.c:1183:13:auto_tick	16	static
../Core/Src/model_handle.c:1257:6:ModelHandle_StartCountdown	16	static
../Core/Src/model_handle.c:1269:6:ModelHandle_StopCountdown	8	static
../Core/Src/model_handle.c:1278:13:countdown_tick	16	static
../Core/Src/model_handle.c:1301:17:CD_CRC	24	static
../Core/Src/model_handle.c:1306:13:SaveCountdown	24	static
../Core/Src/model_handle.c:1316:6:ModelHandle_LoadCountdown	24	static
../Core/Src/model_handle.c:1331:6:ModelHandle_StartTwist	32	static
../Core/Src/model_handle.c:1350:6:ModelHandle_StopTwist	8	static
../Core/Src/model_handle.c:1357:13:twist_time_logic	8	static
../Core/Src/model_handle.c:1378:13:twist_tick	16	static
../Core/Src/model_handle.c:1398:13:protections_tick	8	static
../Core/Src/model_handle.c:1403:13:leds_from_model	16	static
../Core/Src/model_handle.c:1424:6:ModelHandle_Process	8	static
../Core/Src/model_handle.c:1504:6:ModelHandle_ResetAll	8	static
../Core/Src/model_handle.c:1516:6:ModelHandle_SetUserSettings	24	static
../Core/Src/model_handle.c:1533:16:AUTO_CRC	24	static
../Core/Src/model_handle.c:1539:13:SaveAutoRuntime	32	static
../Core/Src/model_handle.c:1553:6:ModelHandle_SetAutoSettings	16	static
../Core/Src/model_handle.c:1564:6:ModelHandle_IsAutoActive	4	static
../Core/Src/model_handle.c:1568:6:ModelHandle_SaveCurrentStateToEEPROM	24	static
../Core/Src/model_handle.c:1582:6:ModelHandle_SetTimerSlot	16	static
../Core/Src/model_handle.c:1593:6:ModelHandle_SetDryRun	16	static
../Core/Src/model_handle.c:1597:6:ModelHandle_SetOverLoad	16	static
../Core/Src/model_handle.c:1601:6:ModelHandle_SetOverUnderVolt	16	static
../Core/Src/model_handle.c:1614:6:ModelHandle_ClearMaxRunFlag	4	static
../Core/Src/model_handle.c:1618:18:ModelHandle_GetTimerSlots	4	static
../Core/Src/model_handle.c:1622:6:ModelHandle_ProcessUartCommand	16	static
../Core/Src/model_handle.c:1626:6:ModelHandle_IsOverload	4	static
../Core/Src/model_handle.c:1630:6:ModelHandle_IsUnderload	4	static
../Core/Src/model_handle.c:1634:6:ModelHandle_IsDryRunActive	4	static
../Core/Src/model_handle.c:1638:6:ModelHandle_IsVoltageFault	4	static
../Core/Src/model_handle.c:1642:6:ModelHandle_IsMaxRunReached	4	static
