../Core/Src/model_handle.c:44:17:Timer_CRC16	24	static
../Core/Src/model_handle.c:310:20:dry_protection_enabled	4	static
../Core/Src/model_handle.c:315:10:ModelHandle_GetGapTime	4	static
../Core/Src/model_handle.c:316:10:ModelHandle_GetRetryCount	4	static
../Core/Src/model_handle.c:317:10:ModelHandle_GetUnderVolt	4	static
../Core/Src/model_handle.c:318:10:ModelHandle_GetOverVolt	4	static
../Core/Src/model_handle.c:319:10:ModelHandle_GetOverloadLimit	4	static
../Core/Src/model_handle.c:320:10:ModelHandle_GetUnderloadLimit	4	static
../Core/Src/model_handle.c:321:10:ModelHandle_GetMaxRunTime	4	static
../Core/Src/model_handle.c:322:10:ModelHandle_GetDryRunRetryGap	4	static
../Core/Src/model_handle.c:324:6:EEPROM_WriteBlockSafe	40	static
../Core/Src/model_handle.c:339:17:SYS_CRC16	24	static
../Core/Src/model_handle.c:352:6:ModelHandle_SaveSettingsToEEPROM	32	static
../Core/Src/model_handle.c:370:6:ModelHandle_LoadSettingsFromEEPROM	32	static
../Core/Src/model_handle.c:391:6:ModelHandle_SaveModeState	8	static
../Core/Src/model_handle.c:404:13:backup_current_mode	4	static
../Core/Src/model_handle.c:413:13:restore_previous_mode	8	static
../Core/Src/model_handle.c:441:6:ModelHandle_StopRestart	8	static
../Core/Src/model_handle.c:450:6:ModelHandle_LoadModeState	16	static
../Core/Src/model_handle.c:481:6:ModelHandle_SaveTimerToEEPROM	56	static
../Core/Src/model_handle.c:492:6:ModelHandle_LoadTimerFromEEPROM	56	static
../Core/Src/model_handle.c:502:6:Timer_EEPROM_EnsureValid	48	static
../Core/Src/model_handle.c:514:6:ModelHandle_SendTimerInfoUART	192	static
../Core/Src/model_handle.c:531:16:read_raw_tank_level	16	static
../Core/Src/model_handle.c:541:16:get_tank_level_percent	16	static
../Core/Src/model_handle.c:563:13:isTankFull	8	static
../Core/Src/model_handle.c:568:6:ModelHandle_StartRestart	8	static
../Core/Src/model_handle.c:587:6:ModelHandle_TimerRecalculateNow	8	static
../Core/Src/model_handle.c:593:6:ModelHandle_ProcessDryRun	8	static
../Core/Src/model_handle.c:598:9:ModelHandle_GetPowerRestoreMode	4	static
../Core/Src/model_handle.c:600:6:ModelHandle_SetPowerRestoreMode	16	static
../Core/Src/model_handle.c:607:6:ModelHandle_SetDryRunTime	16	static
../Core/Src/model_handle.c:615:6:ModelHandle_ToggleManual	8	static
../Core/Src/model_handle.c:653:6:ModelHandle_ManualToggleMotor	8	static
../Core/Src/model_handle.c:660:6:ModelHandle_SetDryRunAndRetry	16	static
../Core/Src/model_handle.c:669:6:ModelHandle_Button3_SinglePress	8	static
../Core/Src/model_handle.c:693:6:ModelHandle_StopAllModesAndMotor	8	static
../Core/Src/model_handle.c:701:6:ModelHandle_FactoryReset	8	static
../Core/Src/model_handle.c:721:6:ModelHandle_StartTimerNearestSlot	8	static
../Core/Src/model_handle.c:734:20:Buzzer_SetPin	16	static
../Core/Src/model_handle.c:740:13:Buzzer_StartEvent	16	static
../Core/Src/model_handle.c:750:13:Buzzer_TankEmptyPattern	16	static
../Core/Src/model_handle.c:757:13:Buzzer_TankFullPattern	16	static
../Core/Src/model_handle.c:764:13:Buzzer_Update	16	static
../Core/Src/model_handle.c:826:24:now_ms	8	static
../Core/Src/model_handle.c:828:6:ModelHandle_SetProtectionSettings	16	static
../Core/Src/model_handle.c:842:20:clear_all_modes	4	static
../Core/Src/model_handle.c:854:6:ModelHandle_OnPowerUp	16	static
../Core/Src/model_handle.c:889:20:Motor_IsRelayOn	8	static
../Core/Src/model_handle.c:894:13:Motor_StartAllowed	4	static
../Core/Src/model_handle.c:899:6:ModelHandle_IsRestartActive	4	static
../Core/Src/model_handle.c:901:20:motor_apply	24	static
../Core/Src/model_handle.c:923:6:Motor_GetStatus	8	static
../Core/Src/model_handle.c:925:20:start_motor	8	static
../Core/Src/model_handle.c:933:20:stop_motor	8	static
../Core/Src/model_handle.c:935:13:check_max_run	16	static
../Core/Src/model_handle.c:950:6:ModelHandle_Button4_SinglePress	16	static
../Core/Src/model_handle.c:972:6:ModelHandle_CheckDryRun	24	static
../Core/Src/model_handle.c:980:6:ModelHandle_CheckGroundWater	32	static
../Core/Src/model_handle.c:1006:20:isAnyModeActive	4	static
../Core/Src/model_handle.c:1012:6:ModelHandle_SoftDryRunHandler	24	static
../Core/Src/model_handle.c:1074:24:get_load_lock_duration_ms	4	static
../Core/Src/model_handle.c:1080:6:ModelHandle_CheckLoadFault	32	static
../Core/Src/model_handle.c:1134:16:get_today_mask	16	static
../Core/Src/model_handle.c:1141:13:slot_is_active_now	32	static
../Core/Src/model_handle.c:1153:13:timer_any_active_slot	16	static
../Core/Src/model_handle.c:1160:17:get_active_timer_gap_minutes	32	static
../Core/Src/model_handle.c:1177:6:ModelHandle_SaveBuzzerSettings	16	static
../Core/Src/model_handle.c:1189:6:ModelHandle_LoadBuzzerSettings	24	static
../Core/Src/model_handle.c:1209:6:ModelHandle_ProcessTimerSlots	24	static
../Core/Src/model_handle.c:1306:6:ModelHandle_StartTimer	8	static
../Core/Src/model_handle.c:1312:6:ModelHandle_StopTimer	8	static
../Core/Src/model_handle.c:1324:6:ModelHandle_CheckAutoTimerActivation	8	static
../Core/Src/model_handle.c:1338:6:ModelHandle_StartSemiAuto	8	static
../Core/Src/model_handle.c:1354:6:ModelHandle_StopSemiAuto	8	static
../Core/Src/model_handle.c:1363:6:ModelHandle_StartAuto	16	static
../Core/Src/model_handle.c:1390:6:ModelHandle_StopAuto	8	static
../Core/Src/model_handle.c:1408:6:ModelHandle_LoadAutoSettings	8	static
../Core/Src/model_handle.c:1422:13:auto_mode_background_control	16	static
../Core/Src/model_handle.c:1449:6:ModelHandle_SetBuzzerSettings	16	static
../Core/Src/model_handle.c:1457:13:auto_tick	24	static
../Core/Src/model_handle.c:1583:6:ModelHandle_StartCountdown	24	static
../Core/Src/model_handle.c:1605:6:ModelHandle_StopCountdown	8	static
../Core/Src/model_handle.c:1620:17:CD_CRC	24	static
../Core/Src/model_handle.c:1627:13:SaveCountdown	24	static
../Core/Src/model_handle.c:1642:6:ModelHandle_LoadCountdown	24	static
../Core/Src/model_handle.c:1658:6:ModelHandle_StartTwist	32	static
../Core/Src/model_handle.c:1681:6:ModelHandle_StopTwist	8	static
../Core/Src/model_handle.c:1690:13:twist_tick	16	static
../Core/Src/model_handle.c:1706:13:leds_from_model	16	static
../Core/Src/model_handle.c:1730:13:timer_auto_transition	16	static
../Core/Src/model_handle.c:1778:6:ModelHandle_Process	24	static
../Core/Src/model_handle.c:1931:13:ModelHandle_GetDryState	4	static
../Core/Src/model_handle.c:1933:6:ModelHandle_ResetAll	8	static
../Core/Src/model_handle.c:1947:6:ModelHandle_SetUserSettings	152	static
../Core/Src/model_handle.c:1981:6:ModelHandle_SetAutoSettings	16	static
../Core/Src/model_handle.c:1991:6:ModelHandle_IsAutoActive	4	static
../Core/Src/model_handle.c:1993:6:ModelHandle_SaveCurrentStateToEEPROM	24	static
../Core/Src/model_handle.c:2006:6:ModelHandle_SetTimerSlot	24	static
../Core/Src/model_handle.c:2018:6:ModelHandle_SetDryRun	16	static
../Core/Src/model_handle.c:2025:6:ModelHandle_GetDryRunEnable	8	static
../Core/Src/model_handle.c:2027:6:ModelHandle_SetOverLoad	16	static
../Core/Src/model_handle.c:2033:6:ModelHandle_SetOverUnderVolt	16	static
../Core/Src/model_handle.c:2043:6:ModelHandle_ClearMaxRunFlag	4	static
../Core/Src/model_handle.c:2045:18:ModelHandle_GetTimerSlots	4	static
../Core/Src/model_handle.c:2047:6:ModelHandle_ProcessUartCommand	16	static
../Core/Src/model_handle.c:2049:6:ModelHandle_IsOverload	4	static
../Core/Src/model_handle.c:2050:6:ModelHandle_IsUnderload	4	static
../Core/Src/model_handle.c:2051:6:ModelHandle_IsDryRunActive	4	static
../Core/Src/model_handle.c:2052:6:ModelHandle_IsVoltageFault	4	static
../Core/Src/model_handle.c:2053:6:ModelHandle_IsMaxRunReached	4	static
../Core/Src/model_handle.c:2054:9:ModelHandle_GetTankLevelPercent	8	static
../Core/Src/model_handle.c:2055:6:ModelHandle_IsTankFull	8	static
../Core/Src/model_handle.c:2056:6:ModelHandle_IsManualActive	4	static
../Core/Src/model_handle.c:2057:10:ModelHandle_GetAutoGap	4	static
../Core/Src/model_handle.c:2058:10:ModelHandle_GetAutoMaxRun	4	static
../Core/Src/model_handle.c:2059:10:ModelHandle_GetAutoRetry	4	static
