../Core/Src/model_handle.c:31:17:Timer_CRC16	24	static
../Core/Src/model_handle.c:208:6:EEPROM_WriteBlockSafe	40	static
../Core/Src/model_handle.c:243:6:ModelHandle_SaveSettingsToEEPROM	32	static
../Core/Src/model_handle.c:261:6:ModelHandle_LoadSettingsFromEEPROM	40	static
../Core/Src/model_handle.c:277:6:ModelHandle_SaveModeState	8	static
../Core/Src/model_handle.c:290:13:backup_current_mode	4	static
../Core/Src/model_handle.c:298:13:restore_previous_mode	8	static
../Core/Src/model_handle.c:331:13:request_mode_switch	16	static
../Core/Src/model_handle.c:338:6:ModelHandle_StartRestart	8	static
../Core/Src/model_handle.c:354:6:ModelHandle_StopRestart	8	static
../Core/Src/model_handle.c:364:6:ModelHandle_LoadModeState	8	static
../Core/Src/model_handle.c:384:6:ModelHandle_SaveTimerToEEPROM	64	static
../Core/Src/model_handle.c:400:6:ModelHandle_LoadTimerFromEEPROM	64	static
../Core/Src/model_handle.c:412:6:Timer_EEPROM_EnsureValid	56	static
../Core/Src/model_handle.c:428:16:read_raw_tank_level	16	static
../Core/Src/model_handle.c:440:16:get_tank_level_percent	16	static
../Core/Src/model_handle.c:466:13:isTankFull	8	static
../Core/Src/model_handle.c:471:6:ModelHandle_TimerRecalculateNow	8	static
../Core/Src/model_handle.c:476:6:ModelHandle_ProcessDryRun	8	static
../Core/Src/model_handle.c:480:10:ModelHandle_GetGapTime	4	static
../Core/Src/model_handle.c:481:10:ModelHandle_GetRetryCount	4	static
../Core/Src/model_handle.c:482:10:ModelHandle_GetUnderVolt	4	static
../Core/Src/model_handle.c:483:10:ModelHandle_GetOverVolt	4	static
../Core/Src/model_handle.c:484:10:ModelHandle_GetOverloadLimit	8	static
../Core/Src/model_handle.c:485:10:ModelHandle_GetUnderloadLimit	8	static
../Core/Src/model_handle.c:486:10:ModelHandle_GetMaxRunTime	4	static
../Core/Src/model_handle.c:487:9:ModelHandle_GetPowerRestoreMode	4	static
../Core/Src/model_handle.c:491:6:ModelHandle_SetPowerRestoreMode	16	static
../Core/Src/model_handle.c:497:6:ModelHandle_ToggleManual	8	static
../Core/Src/model_handle.c:522:6:ModelHandle_ManualToggleMotor	8	static
../Core/Src/model_handle.c:534:6:ModelHandle_StopAllModesAndMotor	8	static
../Core/Src/model_handle.c:540:6:ModelHandle_FactoryReset	8	static
../Core/Src/model_handle.c:551:6:ModelHandle_StartTimerNearestSlot	8	static
../Core/Src/model_handle.c:556:20:Buzzer_SetPin	16	static
../Core/Src/model_handle.c:561:13:Buzzer_TriggerAlert	8	static
../Core/Src/model_handle.c:566:13:Buzzer_Update	24	static
../Core/Src/model_handle.c:603:24:now_ms	8	static
../Core/Src/model_handle.c:607:20:clear_all_modes	4	static
../Core/Src/model_handle.c:623:6:ModelHandle_OnPowerUp	8	static
../Core/Src/model_handle.c:635:20:Motor_IsRelayOn	8	static
../Core/Src/model_handle.c:639:13:Motor_StartAllowed	4	static
../Core/Src/model_handle.c:644:6:ModelHandle_IsRestartActive	4	static
../Core/Src/model_handle.c:649:20:motor_apply	24	static
../Core/Src/model_handle.c:675:6:Motor_GetStatus	8	static
../Core/Src/model_handle.c:679:20:start_motor	8	static
../Core/Src/model_handle.c:691:20:stop_motor	8	static
../Core/Src/model_handle.c:695:13:check_max_run	16	static
../Core/Src/model_handle.c:715:6:ModelHandle_CheckDryRun	16	static
../Core/Src/model_handle.c:728:6:ModelHandle_CheckGroundWater	16	static
../Core/Src/model_handle.c:736:20:isAnyModeActive	4	static
../Core/Src/model_handle.c:741:6:ModelHandle_SoftDryRunHandler	24	static
../Core/Src/model_handle.c:802:24:get_load_lock_duration_ms	4	static
../Core/Src/model_handle.c:809:6:ModelHandle_CheckLoadFault	32	static
../Core/Src/model_handle.c:895:16:get_today_mask	16	static
../Core/Src/model_handle.c:901:13:slot_is_active_now	32	static
../Core/Src/model_handle.c:926:13:timer_any_active_slot	16	static
../Core/Src/model_handle.c:933:17:get_active_timer_gap_minutes	32	static
../Core/Src/model_handle.c:954:6:ModelHandle_SaveBuzzerSettings	8	static
../Core/Src/model_handle.c:960:6:ModelHandle_LoadBuzzerSettings	8	static
../Core/Src/model_handle.c:967:6:ModelHandle_ProcessTimerSlots	24	static
../Core/Src/model_handle.c:1062:6:ModelHandle_StartTimer	8	static
../Core/Src/model_handle.c:1067:6:ModelHandle_StopTimer	8	static
../Core/Src/model_handle.c:1075:6:ModelHandle_CheckAutoTimerActivation	8	static
../Core/Src/model_handle.c:1085:6:ModelHandle_StartSemiAuto	8	static
../Core/Src/model_handle.c:1097:6:ModelHandle_StopSemiAuto	8	static
../Core/Src/model_handle.c:1104:6:ModelHandle_StartAuto	24	static
../Core/Src/model_handle.c:1133:6:ModelHandle_StopAuto	8	static
../Core/Src/model_handle.c:1145:6:ModelHandle_LoadAutoSettings	8	static
../Core/Src/model_handle.c:1163:13:auto_mode_background_control	16	static
../Core/Src/model_handle.c:1193:13:auto_tick	32	static
../Core/Src/model_handle.c:1313:6:ModelHandle_StartCountdown	16	static
../Core/Src/model_handle.c:1334:6:ModelHandle_StopCountdown	8	static
../Core/Src/model_handle.c:1343:13:countdown_tick	16	static
../Core/Src/model_handle.c:1372:17:CD_CRC	24	static
../Core/Src/model_handle.c:1377:13:SaveCountdown	24	static
../Core/Src/model_handle.c:1406:6:ModelHandle_LoadCountdown	24	static
../Core/Src/model_handle.c:1434:6:ModelHandle_StartTwist	32	static
../Core/Src/model_handle.c:1453:6:ModelHandle_StopTwist	8	static
../Core/Src/model_handle.c:1460:13:twist_time_logic	8	static
../Core/Src/model_handle.c:1481:13:twist_tick	16	static
../Core/Src/model_handle.c:1501:13:leds_from_model	16	static
../Core/Src/model_handle.c:1540:6:ModelHandle_Process	16	static
../Core/Src/model_handle.c:1696:13:ModelHandle_GetDryState	4	static
../Core/Src/model_handle.c:1702:6:ModelHandle_ResetAll	8	static
../Core/Src/model_handle.c:1714:6:ModelHandle_SetUserSettings	24	static
../Core/Src/model_handle.c:1731:16:AUTO_CRC	24	static
../Core/Src/model_handle.c:1738:6:ModelHandle_SetAutoSettings	16	static
../Core/Src/model_handle.c:1749:6:ModelHandle_IsAutoActive	4	static
../Core/Src/model_handle.c:1753:6:ModelHandle_SaveCurrentStateToEEPROM	24	static
../Core/Src/model_handle.c:1767:6:ModelHandle_SetTimerSlot	16	static
../Core/Src/model_handle.c:1778:6:ModelHandle_SetDryRun	16	static
../Core/Src/model_handle.c:1782:6:ModelHandle_SetOverLoad	16	static
../Core/Src/model_handle.c:1786:6:ModelHandle_SetOverUnderVolt	16	static
../Core/Src/model_handle.c:1799:6:ModelHandle_ClearMaxRunFlag	4	static
../Core/Src/model_handle.c:1803:18:ModelHandle_GetTimerSlots	4	static
../Core/Src/model_handle.c:1807:6:ModelHandle_ProcessUartCommand	16	static
../Core/Src/model_handle.c:1811:6:ModelHandle_IsOverload	4	static
../Core/Src/model_handle.c:1815:6:ModelHandle_IsUnderload	4	static
../Core/Src/model_handle.c:1819:6:ModelHandle_IsDryRunActive	4	static
../Core/Src/model_handle.c:1823:6:ModelHandle_IsVoltageFault	4	static
../Core/Src/model_handle.c:1827:6:ModelHandle_IsMaxRunReached	4	static
../Core/Src/model_handle.c:1832:9:ModelHandle_GetTankLevelPercent	8	static
../Core/Src/model_handle.c:1837:6:ModelHandle_IsTankFull	8	static
../Core/Src/model_handle.c:1841:6:ModelHandle_IsManualActive	4	static
../Core/Src/model_handle.c:1845:10:ModelHandle_GetAutoGap	4	static
../Core/Src/model_handle.c:1850:10:ModelHandle_GetAutoMaxRun	4	static
../Core/Src/model_handle.c:1855:9:ModelHandle_GetAutoRetry	4	static
