../Drivers/CMSIS/Include/core_cm3.h:1762:34:__NVIC_SystemReset	4	static,ignoring_inline_asm
../Core/Src/model_handle.c:62:24:now_ms	8	static
../Core/Src/model_handle.c:67:20:clear_all_modes	4	static
../Core/Src/model_handle.c:77:13:Safe_SendStatusPacket	16	static
../Core/Src/model_handle.c:92:20:motor_apply	16	static
../Core/Src/model_handle.c:116:20:start_motor	8	static
../Core/Src/model_handle.c:121:20:stop_motor_keep_modes	8	static
../Core/Src/model_handle.c:126:6:Motor_GetStatus	4	static
../Core/Src/model_handle.c:131:6:ModelHandle_SetMotor	16	static
../Core/Src/model_handle.c:145:6:ModelHandle_CheckDryRun	16	static
../Core/Src/model_handle.c:165:20:isTankFull	16	static
../Core/Src/model_handle.c:198:6:ModelHandle_ToggleManual	8	static
../Core/Src/model_handle.c:224:6:ModelHandle_StopAllModesAndMotor	8	static
../Core/Src/model_handle.c:231:6:ModelHandle_ClearManualOverride	4	static
../Core/Src/model_handle.c:235:6:ModelHandle_TriggerAuxBurst	16	static
../Core/Src/model_handle.c:245:6:ModelHandle_ManualLongPress	8	static
../Core/Src/model_handle.c:252:20:isAnyModeActive	4	static
../Core/Src/model_handle.c:261:6:ModelHandle_SoftDryRunHandler	16	static
../Core/Src/model_handle.c:399:6:ModelHandle_ProcessDryRun	8	static
../Core/Src/model_handle.c:430:6:ModelHandle_StopCountdown	8	static
../Core/Src/model_handle.c:441:13:countdown_start_one_run	8	static
../Core/Src/model_handle.c:450:6:ModelHandle_StartCountdown	16	static
../Core/Src/model_handle.c:474:13:countdown_tick	16	static
../Core/Src/model_handle.c:508:6:ModelHandle_StartTwist	24	static
../Core/Src/model_handle.c:537:6:ModelHandle_StopTwist	8	static
../Core/Src/model_handle.c:545:13:twist_tick	16	static
../Core/Src/model_handle.c:629:6:ModelHandle_StartSearch	24	static
../Core/Src/model_handle.c:654:6:ModelHandle_StopSearch	8	static
../Core/Src/model_handle.c:668:13:search_tick	16	static
../Core/Src/model_handle.c:799:6:ModelHandle_TimerRecalculateNow	40	static
../Core/Src/model_handle.c:855:17:toSec	16	static
../Core/Src/model_handle.c:861:6:ModelHandle_SetTimerSlot	24	static
../Core/Src/model_handle.c:881:13:timer_any_slot_should_run	24	static
../Core/Src/model_handle.c:918:6:ModelHandle_StopTimer	8	static
../Core/Src/model_handle.c:927:6:ModelHandle_StartTimer	16	static
../Core/Src/model_handle.c:943:13:timer_tick	16	static
../Core/Src/model_handle.c:983:6:ModelHandle_StartSemiAuto	8	static
../Core/Src/model_handle.c:993:6:ModelHandle_StopSemiAuto	8	static
../Core/Src/model_handle.c:999:13:semi_auto_tick	8	static
../Core/Src/model_handle.c:1018:13:protections_tick	8	static
../Core/Src/model_handle.c:1053:13:leds_from_model	8	static
../Core/Src/model_handle.c:1087:13:twist_time_logic	8	static
../Core/Src/model_handle.c:1118:6:ModelHandle_Process	8	static
../Core/Src/model_handle.c:1148:6:ModelHandle_ProcessUartCommand	32	static
../Core/Src/model_handle.c:1226:6:ModelHandle_ResetAll	16	static
../Core/Src/model_handle.c:1266:6:ModelHandle_SaveCurrentStateToEEPROM	16	static
