../Core/Src/model_handle.c:97:6:ModelHandle_SaveSettingsToEEPROM	16	static
../Core/Src/model_handle.c:110:6:ModelHandle_LoadModeState	8	static
../Core/Src/model_handle.c:125:6:ModelHandle_LoadSettingsFromEEPROM	16	static
../Core/Src/model_handle.c:145:6:ModelHandle_SaveModeState	8	static
../Core/Src/model_handle.c:166:24:now_ms	8	static
../Core/Src/model_handle.c:170:10:ModelHandle_GetGapTime	4	static
../Core/Src/model_handle.c:174:9:ModelHandle_GetRetryCount	4	static
../Core/Src/model_handle.c:178:10:ModelHandle_GetUnderVolt	4	static
../Core/Src/model_handle.c:182:10:ModelHandle_GetOverVolt	4	static
../Core/Src/model_handle.c:186:7:ModelHandle_GetOverloadLimit	4	static
../Core/Src/model_handle.c:190:7:ModelHandle_GetUnderloadLimit	4	static
../Core/Src/model_handle.c:194:10:ModelHandle_GetMaxRunTime	4	static
../Core/Src/model_handle.c:197:6:ModelHandle_SetUserSettings	24	static
../Core/Src/model_handle.c:217:6:ModelHandle_FactoryReset	4	static
../Core/Src/model_handle.c:230:20:clear_all_modes	4	static
../Core/Src/model_handle.c:244:20:motor_apply	16	static
../Core/Src/model_handle.c:255:20:start_motor	8	static
../Core/Src/model_handle.c:256:20:stop_motor	8	static
../Core/Src/model_handle.c:258:6:Motor_GetStatus	4	static
../Core/Src/model_handle.c:266:6:ModelHandle_SetMotor	16	static
../Core/Src/model_handle.c:279:6:reset	8	static
../Core/Src/model_handle.c:300:6:ModelHandle_StopAllModesAndMotor	8	static
../Core/Src/model_handle.c:312:20:isTankFull	24	static
../Core/Src/model_handle.c:354:6:ModelHandle_CheckDryRun	16	static
../Core/Src/model_handle.c:370:6:ModelHandle_ToggleManual	8	static
../Core/Src/model_handle.c:413:20:isAnyModeActive	4	static
../Core/Src/model_handle.c:423:6:ModelHandle_SoftDryRunHandler	16	static
../Core/Src/model_handle.c:516:6:ModelHandle_ProcessDryRun	8	static
../Core/Src/model_handle.c:527:23:get_today_mask	16	static
../Core/Src/model_handle.c:536:13:slot_is_active_now	24	static
../Core/Src/model_handle.c:563:13:timer_any_active_slot	16	static
../Core/Src/model_handle.c:576:6:ModelHandle_StartTimerNearestSlot	40	static
../Core/Src/model_handle.c:615:6:ModelHandle_ProcessTimerSlots	8	static
../Core/Src/model_handle.c:631:6:ModelHandle_TimerRecalculateNow	8	static
../Core/Src/model_handle.c:647:6:ModelHandle_StartTimer	8	static
../Core/Src/model_handle.c:656:6:ModelHandle_StopTimer	8	static
../Core/Src/model_handle.c:665:13:timer_tick	8	static
../Core/Src/model_handle.c:669:6:ModelHandle_CheckAutoTimerActivation	8	static
../Core/Src/model_handle.c:685:6:ModelHandle_StartSemiAuto	8	static
../Core/Src/model_handle.c:697:6:ModelHandle_StopSemiAuto	8	static
../Core/Src/model_handle.c:725:6:ModelHandle_StartAuto	16	static
../Core/Src/model_handle.c:744:6:ModelHandle_StopAuto	8	static
../Core/Src/model_handle.c:756:13:auto_tick	16	static
../Core/Src/model_handle.c:837:6:ModelHandle_StopCountdown	8	static
../Core/Src/model_handle.c:844:6:ModelHandle_StartCountdown	16	static
../Core/Src/model_handle.c:864:13:countdown_tick	16	static
../Core/Src/model_handle.c:898:6:ModelHandle_StartTwist	24	static
../Core/Src/model_handle.c:924:6:ModelHandle_StopTwist	8	static
../Core/Src/model_handle.c:932:13:twist_time_logic	8	static
../Core/Src/model_handle.c:961:13:twist_tick	16	static
../Core/Src/model_handle.c:1000:13:protections_tick	8	static
../Core/Src/model_handle.c:1012:13:leds_from_model	8	static
../Core/Src/model_handle.c:1046:6:ModelHandle_Process	8	static
../Core/Src/model_handle.c:1133:6:ModelHandle_ResetAll	8	static
../Core/Src/model_handle.c:1151:6:ModelHandle_SetAutoSettings	16	static
../Core/Src/model_handle.c:1161:6:ModelHandle_IsAutoActive	4	static
../Core/Src/model_handle.c:1169:6:ModelHandle_SaveCurrentStateToEEPROM	24	static
../Core/Src/model_handle.c:1189:6:ModelHandle_SetTimerSlot	16	static
