../Drivers/CMSIS/Include/core_cm3.h:1762:34:__NVIC_SystemReset	4	static,ignoring_inline_asm
../Core/Src/model_handle.c:80:13:Safe_SendStatusPacket	16	static
../Core/Src/model_handle.c:93:24:now_ms	8	static
../Core/Src/model_handle.c:95:20:clear_all_modes	4	static
../Core/Src/model_handle.c:106:6:ModelHandle_ResetAll	8	static
../Core/Src/model_handle.c:135:10:ModelHandle_TimeToSeconds	16	static
../Core/Src/model_handle.c:138:6:ModelHandle_SecondsToTime	24	static
../Core/Src/model_handle.c:163:20:motor_apply	16	static
../Core/Src/model_handle.c:183:20:start_motor	8	static
../Core/Src/model_handle.c:188:20:stop_motor_keep_modes	8	static
../Core/Src/model_handle.c:191:6:ModelHandle_StopAllModesAndMotor	8	static
../Core/Src/model_handle.c:202:13:isTankFull	16	static
../Core/Src/model_handle.c:212:6:ModelHandle_TriggerAuxBurst	16	static
../Core/Src/model_handle.c:220:6:ModelHandle_AuxBurstActive	4	static
../Core/Src/model_handle.c:226:6:ModelHandle_CheckDryRun	16	static
../Core/Src/model_handle.c:239:6:ModelHandle_ProcessDryRun	8	static
../Core/Src/model_handle.c:244:13:dry_run_protection	16	static
../Core/Src/model_handle.c:295:6:ModelHandle_SoftDryRunHandler	16	static
../Core/Src/model_handle.c:401:20:dry_raw_is_dry	4	static
../Core/Src/model_handle.c:411:6:ModelHandle_ToggleManual	16	static
../Core/Src/model_handle.c:429:6:ModelHandle_ManualLongPress	8	static
../Core/Src/model_handle.c:447:6:ModelHandle_StopCountdown	8	static
../Core/Src/model_handle.c:457:13:countdown_start_one_run	8	static
../Core/Src/model_handle.c:464:6:ModelHandle_StartCountdown	16	static
../Core/Src/model_handle.c:481:13:countdown_tick	16	static
../Core/Src/model_handle.c:546:20:twist_arm_priming	8	static
../Core/Src/model_handle.c:557:6:ModelHandle_StartTwist	16	static
../Core/Src/model_handle.c:576:6:ModelHandle_StopTwist	8	static
../Core/Src/model_handle.c:586:6:twist_tick	16	static
../Core/Src/model_handle.c:682:6:ModelHandle_StartSearch	16	static
../Core/Src/model_handle.c:701:6:ModelHandle_StopSearch	8	static
../Core/Src/model_handle.c:708:20:isDryDebounced_RUN	8	static
../Core/Src/model_handle.c:717:13:search_tick	16	static
../Core/Src/model_handle.c:772:6:ModelHandle_SetTimerSlot	16	static
../Core/Src/model_handle.c:787:6:ModelHandle_ProcessTimerSlots	16	static
../Core/Src/model_handle.c:817:17:seconds_since_midnight	8	static
../Core/Src/model_handle.c:827:6:timer_tick	32	static
../Core/Src/model_handle.c:854:6:ModelHandle_StartTimer	8	static
../Core/Src/model_handle.c:860:6:ModelHandle_StopTimer	8	static
../Core/Src/model_handle.c:869:6:ModelHandle_StartSemiAuto	8	static
../Core/Src/model_handle.c:883:6:ModelHandle_StopSemiAuto	8	static
../Core/Src/model_handle.c:889:13:semi_auto_tick	8	static
../Core/Src/model_handle.c:908:13:protections_tick	8	static
../Core/Src/model_handle.c:960:13:leds_from_model	8	static
../Core/Src/model_handle.c:989:6:ModelHandle_SetMotor	16	static
../Core/Src/model_handle.c:999:6:ModelHandle_ClearManualOverride	4	static
../Core/Src/model_handle.c:1000:6:Motor_GetStatus	4	static
../Core/Src/model_handle.c:1005:6:ModelHandle_Process	16	static
../Core/Src/model_handle.c:1033:6:ModelHandle_ProcessUartCommand	16	static
../Core/Src/model_handle.c:1051:6:ModelHandle_SaveCurrentStateToEEPROM	24	static
