../Core/Src/model_handle.c:31:17:Timer_CRC16	24	static
../Core/Src/model_handle.c:208:6:EEPROM_WriteBlockSafe	40	static
../Core/Src/model_handle.c:223:13:request_mode_switch	16	static
../Core/Src/model_handle.c:230:6:ModelHandle_StartRestart	8	static
../Core/Src/model_handle.c:242:6:ModelHandle_StopRestart	8	static
../Core/Src/model_handle.c:275:6:ModelHandle_SaveSettingsToEEPROM	32	static
../Core/Src/model_handle.c:293:6:ModelHandle_LoadSettingsFromEEPROM	40	static
../Core/Src/model_handle.c:309:6:ModelHandle_SaveModeState	8	static
../Core/Src/model_handle.c:322:13:backup_current_mode	4	static
../Core/Src/model_handle.c:330:13:restore_previous_mode	8	static
../Core/Src/model_handle.c:363:6:ModelHandle_LoadModeState	8	static
../Core/Src/model_handle.c:383:6:ModelHandle_SaveTimerToEEPROM	64	static
../Core/Src/model_handle.c:399:6:ModelHandle_LoadTimerFromEEPROM	64	static
../Core/Src/model_handle.c:411:6:Timer_EEPROM_EnsureValid	56	static
../Core/Src/model_handle.c:427:16:read_raw_tank_level	16	static
../Core/Src/model_handle.c:439:16:get_tank_level_percent	16	static
../Core/Src/model_handle.c:465:13:isTankFull	8	static
../Core/Src/model_handle.c:470:6:ModelHandle_TimerRecalculateNow	8	static
../Core/Src/model_handle.c:475:6:ModelHandle_ProcessDryRun	8	static
../Core/Src/model_handle.c:479:10:ModelHandle_GetGapTime	4	static
../Core/Src/model_handle.c:480:10:ModelHandle_GetRetryCount	4	static
../Core/Src/model_handle.c:481:10:ModelHandle_GetUnderVolt	4	static
../Core/Src/model_handle.c:482:10:ModelHandle_GetOverVolt	4	static
../Core/Src/model_handle.c:483:10:ModelHandle_GetOverloadLimit	8	static
../Core/Src/model_handle.c:484:10:ModelHandle_GetUnderloadLimit	8	static
../Core/Src/model_handle.c:485:10:ModelHandle_GetMaxRunTime	4	static
../Core/Src/model_handle.c:486:9:ModelHandle_GetPowerRestoreMode	4	static
../Core/Src/model_handle.c:490:6:ModelHandle_SetPowerRestoreMode	16	static
../Core/Src/model_handle.c:496:6:ModelHandle_ToggleManual	8	static
../Core/Src/model_handle.c:521:6:ModelHandle_ManualToggleMotor	8	static
../Core/Src/model_handle.c:533:6:ModelHandle_StopAllModesAndMotor	8	static
../Core/Src/model_handle.c:539:6:ModelHandle_FactoryReset	8	static
../Core/Src/model_handle.c:550:6:ModelHandle_StartTimerNearestSlot	8	static
../Core/Src/model_handle.c:555:20:Buzzer_SetPin	16	static
../Core/Src/model_handle.c:560:13:Buzzer_TriggerAlert	8	static
../Core/Src/model_handle.c:565:13:Buzzer_Update	24	static
../Core/Src/model_handle.c:602:24:now_ms	8	static
../Core/Src/model_handle.c:606:20:clear_all_modes	4	static
../Core/Src/model_handle.c:624:6:ModelHandle_OnPowerUp	8	static
../Core/Src/model_handle.c:632:20:Motor_IsRelayOn	8	static
../Core/Src/model_handle.c:636:13:Motor_StartAllowed	4	static
../Core/Src/model_handle.c:641:6:ModelHandle_IsRestartActive	4	static
../Core/Src/model_handle.c:646:20:motor_apply	24	static
../Core/Src/model_handle.c:672:6:Motor_GetStatus	8	static
../Core/Src/model_handle.c:676:20:start_motor	8	static
../Core/Src/model_handle.c:688:20:stop_motor	8	static
../Core/Src/model_handle.c:692:13:check_max_run	16	static
../Core/Src/model_handle.c:712:6:ModelHandle_CheckDryRun	16	static
../Core/Src/model_handle.c:725:6:ModelHandle_CheckGroundWater	16	static
../Core/Src/model_handle.c:733:20:isAnyModeActive	4	static
../Core/Src/model_handle.c:738:6:ModelHandle_SoftDryRunHandler	24	static
../Core/Src/model_handle.c:794:24:get_load_lock_duration_ms	4	static
../Core/Src/model_handle.c:801:6:ModelHandle_CheckLoadFault	32	static
../Core/Src/model_handle.c:894:16:get_today_mask	16	static
../Core/Src/model_handle.c:900:13:slot_is_active_now	32	static
../Core/Src/model_handle.c:925:13:timer_any_active_slot	16	static
../Core/Src/model_handle.c:932:17:get_active_timer_gap_minutes	32	static
../Core/Src/model_handle.c:953:6:ModelHandle_SaveBuzzerSettings	8	static
../Core/Src/model_handle.c:959:6:ModelHandle_LoadBuzzerSettings	8	static
../Core/Src/model_handle.c:966:6:ModelHandle_ProcessTimerSlots	32	static
../Core/Src/model_handle.c:1070:6:ModelHandle_StartTimer	8	static
../Core/Src/model_handle.c:1075:6:ModelHandle_StopTimer	8	static
../Core/Src/model_handle.c:1083:6:ModelHandle_CheckAutoTimerActivation	8	static
../Core/Src/model_handle.c:1093:6:ModelHandle_StartSemiAuto	8	static
../Core/Src/model_handle.c:1103:6:ModelHandle_StopSemiAuto	8	static
../Core/Src/model_handle.c:1110:6:ModelHandle_StartAuto	24	static
../Core/Src/model_handle.c:1139:6:ModelHandle_StopAuto	8	static
../Core/Src/model_handle.c:1151:6:ModelHandle_LoadAutoSettings	8	static
../Core/Src/model_handle.c:1169:13:auto_mode_background_control	16	static
../Core/Src/model_handle.c:1204:13:auto_tick	32	static
../Core/Src/model_handle.c:1331:6:ModelHandle_StartCountdown	16	static
../Core/Src/model_handle.c:1349:6:ModelHandle_StopCountdown	8	static
../Core/Src/model_handle.c:1358:13:countdown_tick	16	static
../Core/Src/model_handle.c:1399:17:CD_CRC	24	static
../Core/Src/model_handle.c:1404:13:SaveCountdown	24	static
../Core/Src/model_handle.c:1433:6:ModelHandle_LoadCountdown	24	static
../Core/Src/model_handle.c:1461:6:ModelHandle_StartTwist	32	static
../Core/Src/model_handle.c:1480:6:ModelHandle_StopTwist	8	static
../Core/Src/model_handle.c:1487:13:twist_time_logic	8	static
../Core/Src/model_handle.c:1508:13:twist_tick	16	static
../Core/Src/model_handle.c:1528:13:leds_from_model	16	static
../Core/Src/model_handle.c:1567:6:ModelHandle_Process	16	static
../Core/Src/model_handle.c:1694:13:ModelHandle_GetDryState	4	static
../Core/Src/model_handle.c:1700:6:ModelHandle_ResetAll	8	static
../Core/Src/model_handle.c:1712:6:ModelHandle_SetUserSettings	24	static
../Core/Src/model_handle.c:1729:16:AUTO_CRC	24	static
../Core/Src/model_handle.c:1736:6:ModelHandle_SetAutoSettings	16	static
../Core/Src/model_handle.c:1747:6:ModelHandle_IsAutoActive	4	static
../Core/Src/model_handle.c:1751:6:ModelHandle_SaveCurrentStateToEEPROM	24	static
../Core/Src/model_handle.c:1765:6:ModelHandle_SetTimerSlot	16	static
../Core/Src/model_handle.c:1776:6:ModelHandle_SetDryRun	16	static
../Core/Src/model_handle.c:1780:6:ModelHandle_SetOverLoad	16	static
../Core/Src/model_handle.c:1784:6:ModelHandle_SetOverUnderVolt	16	static
../Core/Src/model_handle.c:1797:6:ModelHandle_ClearMaxRunFlag	4	static
../Core/Src/model_handle.c:1801:18:ModelHandle_GetTimerSlots	4	static
../Core/Src/model_handle.c:1805:6:ModelHandle_ProcessUartCommand	16	static
../Core/Src/model_handle.c:1809:6:ModelHandle_IsOverload	4	static
../Core/Src/model_handle.c:1813:6:ModelHandle_IsUnderload	4	static
../Core/Src/model_handle.c:1817:6:ModelHandle_IsDryRunActive	4	static
../Core/Src/model_handle.c:1821:6:ModelHandle_IsVoltageFault	4	static
../Core/Src/model_handle.c:1825:6:ModelHandle_IsMaxRunReached	4	static
../Core/Src/model_handle.c:1830:9:ModelHandle_GetTankLevelPercent	8	static
../Core/Src/model_handle.c:1835:6:ModelHandle_IsTankFull	8	static
