../Core/Src/model_handle.c:31:17:Timer_CRC16	24	static
../Core/Src/model_handle.c:217:6:EEPROM_WriteBlockSafe	40	static
../Core/Src/model_handle.c:232:13:request_mode_switch	16	static
../Core/Src/model_handle.c:255:17:SYS_CRC16	24	static
../Core/Src/model_handle.c:261:6:ModelHandle_SaveSettingsToEEPROM	32	static
../Core/Src/model_handle.c:279:6:ModelHandle_LoadSettingsFromEEPROM	40	static
../Core/Src/model_handle.c:295:6:ModelHandle_SaveModeState	8	static
../Core/Src/model_handle.c:308:13:backup_current_mode	4	static
../Core/Src/model_handle.c:316:13:restore_previous_mode	8	static
../Core/Src/model_handle.c:348:6:ModelHandle_LoadModeState	8	static
../Core/Src/model_handle.c:368:6:ModelHandle_SaveTimerToEEPROM	64	static
../Core/Src/model_handle.c:384:6:ModelHandle_LoadTimerFromEEPROM	64	static
../Core/Src/model_handle.c:396:6:Timer_EEPROM_EnsureValid	56	static
../Core/Src/model_handle.c:409:13:isTankFull	24	static
../Core/Src/model_handle.c:440:6:ModelHandle_TimerRecalculateNow	8	static
../Core/Src/model_handle.c:445:6:ModelHandle_ProcessDryRun	8	static
../Core/Src/model_handle.c:449:10:ModelHandle_GetGapTime	4	static
../Core/Src/model_handle.c:450:10:ModelHandle_GetRetryCount	4	static
../Core/Src/model_handle.c:451:10:ModelHandle_GetUnderVolt	4	static
../Core/Src/model_handle.c:452:10:ModelHandle_GetOverVolt	4	static
../Core/Src/model_handle.c:453:10:ModelHandle_GetOverloadLimit	8	static
../Core/Src/model_handle.c:454:10:ModelHandle_GetUnderloadLimit	8	static
../Core/Src/model_handle.c:455:10:ModelHandle_GetMaxRunTime	4	static
../Core/Src/model_handle.c:456:9:ModelHandle_GetPowerRestoreMode	4	static
../Core/Src/model_handle.c:460:6:ModelHandle_SetPowerRestoreMode	16	static
../Core/Src/model_handle.c:466:6:ModelHandle_ToggleManual	8	static
../Core/Src/model_handle.c:481:6:ModelHandle_StopAllModesAndMotor	8	static
../Core/Src/model_handle.c:487:6:ModelHandle_FactoryReset	8	static
../Core/Src/model_handle.c:498:6:ModelHandle_StartTimerNearestSlot	8	static
../Core/Src/model_handle.c:503:20:Buzzer_SetPin	16	static
../Core/Src/model_handle.c:508:13:Buzzer_TriggerAlert	8	static
../Core/Src/model_handle.c:512:13:Buzzer_Update	16	static
../Core/Src/model_handle.c:543:24:now_ms	8	static
../Core/Src/model_handle.c:547:20:clear_all_modes	4	static
../Core/Src/model_handle.c:561:6:ModelHandle_OnPowerUp	8	static
../Core/Src/model_handle.c:565:20:Motor_IsRelayOn	8	static
../Core/Src/model_handle.c:569:13:Motor_StartAllowed	8	static
../Core/Src/model_handle.c:573:20:motor_apply	24	static
../Core/Src/model_handle.c:599:13:motor_force_off	8	static
../Core/Src/model_handle.c:606:6:Motor_GetStatus	8	static
../Core/Src/model_handle.c:610:20:start_motor	8	static
../Core/Src/model_handle.c:622:20:stop_motor	8	static
../Core/Src/model_handle.c:626:13:check_max_run	16	static
../Core/Src/model_handle.c:644:6:ModelHandle_CheckDryRun	16	static
../Core/Src/model_handle.c:657:6:ModelHandle_CheckGroundWater	16	static
../Core/Src/model_handle.c:665:20:isAnyModeActive	4	static
../Core/Src/model_handle.c:670:6:ModelHandle_SoftDryRunHandler	16	static
../Core/Src/model_handle.c:762:24:get_load_lock_duration_ms	4	static
../Core/Src/model_handle.c:769:6:ModelHandle_CheckLoadFault	32	static
../Core/Src/model_handle.c:862:16:get_today_mask	16	static
../Core/Src/model_handle.c:868:13:slot_is_active_now	32	static
../Core/Src/model_handle.c:893:13:timer_any_active_slot	16	static
../Core/Src/model_handle.c:900:17:get_active_timer_gap_minutes	32	static
../Core/Src/model_handle.c:920:17:timer_get_gap_ms	16	static
../Core/Src/model_handle.c:928:7:ModelHandle_ProcessTimerSlots	24	static
../Core/Src/model_handle.c:1051:6:ModelHandle_StartTimer	8	static
../Core/Src/model_handle.c:1056:6:ModelHandle_StopTimer	8	static
../Core/Src/model_handle.c:1064:6:ModelHandle_CheckAutoTimerActivation	8	static
../Core/Src/model_handle.c:1074:6:ModelHandle_StartSemiAuto	8	static
../Core/Src/model_handle.c:1083:6:ModelHandle_StopSemiAuto	8	static
../Core/Src/model_handle.c:1090:6:ModelHandle_StartAuto	16	static
../Core/Src/model_handle.c:1111:6:ModelHandle_StopAuto	16	static
../Core/Src/model_handle.c:1128:6:ModelHandle_LoadAutoSettings	24	static
../Core/Src/model_handle.c:1145:16:get_tank_level_percent	16	static
../Core/Src/model_handle.c:1157:13:auto_mode_background_control	16	static
../Core/Src/model_handle.c:1196:13:auto_tick	16	static
../Core/Src/model_handle.c:1332:6:ModelHandle_StartCountdown	16	static
../Core/Src/model_handle.c:1344:6:ModelHandle_StopCountdown	8	static
../Core/Src/model_handle.c:1353:13:countdown_tick	16	static
../Core/Src/model_handle.c:1376:17:CD_CRC	24	static
../Core/Src/model_handle.c:1381:13:SaveCountdown	24	static
../Core/Src/model_handle.c:1391:6:ModelHandle_LoadCountdown	24	static
../Core/Src/model_handle.c:1406:6:ModelHandle_StartTwist	32	static
../Core/Src/model_handle.c:1425:6:ModelHandle_StopTwist	8	static
../Core/Src/model_handle.c:1432:13:twist_time_logic	8	static
../Core/Src/model_handle.c:1453:13:twist_tick	16	static
../Core/Src/model_handle.c:1473:13:protections_tick	8	static
../Core/Src/model_handle.c:1478:13:leds_from_model	16	static
../Core/Src/model_handle.c:1499:6:ModelHandle_Process	8	static
../Core/Src/model_handle.c:1591:6:ModelHandle_ResetAll	8	static
../Core/Src/model_handle.c:1603:6:ModelHandle_SetUserSettings	24	static
../Core/Src/model_handle.c:1620:16:AUTO_CRC	24	static
../Core/Src/model_handle.c:1626:13:SaveAutoRuntime	32	static
../Core/Src/model_handle.c:1640:6:ModelHandle_SetAutoSettings	16	static
../Core/Src/model_handle.c:1651:6:ModelHandle_IsAutoActive	4	static
../Core/Src/model_handle.c:1655:6:ModelHandle_SaveCurrentStateToEEPROM	24	static
../Core/Src/model_handle.c:1669:6:ModelHandle_SetTimerSlot	16	static
../Core/Src/model_handle.c:1680:6:ModelHandle_SetDryRun	16	static
../Core/Src/model_handle.c:1684:6:ModelHandle_SetOverLoad	16	static
../Core/Src/model_handle.c:1688:6:ModelHandle_SetOverUnderVolt	16	static
../Core/Src/model_handle.c:1701:6:ModelHandle_ClearMaxRunFlag	4	static
../Core/Src/model_handle.c:1705:18:ModelHandle_GetTimerSlots	4	static
../Core/Src/model_handle.c:1709:6:ModelHandle_ProcessUartCommand	16	static
../Core/Src/model_handle.c:1713:6:ModelHandle_IsOverload	4	static
../Core/Src/model_handle.c:1717:6:ModelHandle_IsUnderload	4	static
../Core/Src/model_handle.c:1721:6:ModelHandle_IsDryRunActive	4	static
../Core/Src/model_handle.c:1725:6:ModelHandle_IsVoltageFault	4	static
../Core/Src/model_handle.c:1729:6:ModelHandle_IsMaxRunReached	4	static
