../Core/Src/model_handle.c:40:17:Timer_CRC16	24	static
../Core/Src/model_handle.c:287:20:dry_protection_enabled	4	static
../Core/Src/model_handle.c:292:10:ModelHandle_GetGapTime	4	static
../Core/Src/model_handle.c:293:10:ModelHandle_GetRetryCount	4	static
../Core/Src/model_handle.c:294:10:ModelHandle_GetUnderVolt	4	static
../Core/Src/model_handle.c:295:10:ModelHandle_GetOverVolt	4	static
../Core/Src/model_handle.c:296:10:ModelHandle_GetOverloadLimit	4	static
../Core/Src/model_handle.c:297:10:ModelHandle_GetUnderloadLimit	4	static
../Core/Src/model_handle.c:298:10:ModelHandle_GetMaxRunTime	4	static
../Core/Src/model_handle.c:299:6:EEPROM_WriteBlockSafe	40	static
../Core/Src/model_handle.c:313:17:SYS_CRC16	24	static
../Core/Src/model_handle.c:327:6:ModelHandle_SaveSettingsToEEPROM	32	static
../Core/Src/model_handle.c:345:6:ModelHandle_LoadSettingsFromEEPROM	32	static
../Core/Src/model_handle.c:366:6:ModelHandle_SaveModeState	8	static
../Core/Src/model_handle.c:378:13:backup_current_mode	4	static
../Core/Src/model_handle.c:386:13:restore_previous_mode	8	static
../Core/Src/model_handle.c:416:6:ModelHandle_StopRestart	8	static
../Core/Src/model_handle.c:426:6:ModelHandle_LoadModeState	16	static
../Core/Src/model_handle.c:461:6:ModelHandle_SaveTimerToEEPROM	56	static
../Core/Src/model_handle.c:471:6:ModelHandle_LoadTimerFromEEPROM	56	static
../Core/Src/model_handle.c:480:6:Timer_EEPROM_EnsureValid	48	static
../Core/Src/model_handle.c:492:16:read_raw_tank_level	16	static
../Core/Src/model_handle.c:502:16:get_tank_level_percent	16	static
../Core/Src/model_handle.c:524:13:isTankFull	8	static
../Core/Src/model_handle.c:529:6:ModelHandle_StartRestart	8	static
../Core/Src/model_handle.c:544:6:ModelHandle_TimerRecalculateNow	8	static
../Core/Src/model_handle.c:549:6:ModelHandle_ProcessDryRun	8	static
../Core/Src/model_handle.c:553:9:ModelHandle_GetPowerRestoreMode	4	static
../Core/Src/model_handle.c:557:6:ModelHandle_SetPowerRestoreMode	16	static
../Core/Src/model_handle.c:563:6:ModelHandle_SetDryRunTime	16	static
../Core/Src/model_handle.c:570:6:ModelHandle_ToggleManual	8	static
../Core/Src/model_handle.c:596:6:ModelHandle_ManualToggleMotor	8	static
../Core/Src/model_handle.c:606:6:ModelHandle_SetDryRunAndRetry	16	static
../Core/Src/model_handle.c:615:6:ModelHandle_Button3_SinglePress	8	static
../Core/Src/model_handle.c:636:6:ModelHandle_StopAllModesAndMotor	8	static
../Core/Src/model_handle.c:643:6:ModelHandle_FactoryReset	8	static
../Core/Src/model_handle.c:655:6:ModelHandle_StartTimerNearestSlot	8	static
../Core/Src/model_handle.c:666:20:Buzzer_SetPin	16	static
../Core/Src/model_handle.c:671:13:Buzzer_StartEvent	16	static
../Core/Src/model_handle.c:678:13:Buzzer_TankEmptyPattern	16	static
../Core/Src/model_handle.c:689:13:Buzzer_TankFullPattern	16	static
../Core/Src/model_handle.c:700:13:Buzzer_Update	16	static
../Core/Src/model_handle.c:739:24:now_ms	8	static
../Core/Src/model_handle.c:744:6:ModelHandle_SetProtectionSettings	16	static
../Core/Src/model_handle.c:760:20:clear_all_modes	4	static
../Core/Src/model_handle.c:776:6:ModelHandle_OnPowerUp	16	static
../Core/Src/model_handle.c:810:20:Motor_IsRelayOn	8	static
../Core/Src/model_handle.c:814:13:Motor_StartAllowed	4	static
../Core/Src/model_handle.c:824:6:ModelHandle_IsRestartActive	4	static
../Core/Src/model_handle.c:829:20:motor_apply	24	static
../Core/Src/model_handle.c:854:6:Motor_GetStatus	8	static
../Core/Src/model_handle.c:858:20:start_motor	8	static
../Core/Src/model_handle.c:867:20:stop_motor	8	static
../Core/Src/model_handle.c:871:13:check_max_run	16	static
../Core/Src/model_handle.c:889:6:ModelHandle_Button4_SinglePress	16	static
../Core/Src/model_handle.c:909:6:ModelHandle_CheckDryRun	16	static
../Core/Src/model_handle.c:922:6:ModelHandle_CheckGroundWater	32	static
../Core/Src/model_handle.c:949:20:isAnyModeActive	4	static
../Core/Src/model_handle.c:972:6:ModelHandle_SoftDryRunHandler	24	static
../Core/Src/model_handle.c:1109:24:get_load_lock_duration_ms	4	static
../Core/Src/model_handle.c:1116:6:ModelHandle_CheckLoadFault	32	static
../Core/Src/model_handle.c:1180:16:get_today_mask	16	static
../Core/Src/model_handle.c:1186:13:slot_is_active_now	32	static
../Core/Src/model_handle.c:1197:13:timer_any_active_slot	16	static
../Core/Src/model_handle.c:1204:17:get_active_timer_gap_minutes	32	static
../Core/Src/model_handle.c:1221:6:ModelHandle_SaveBuzzerSettings	8	static
../Core/Src/model_handle.c:1227:6:ModelHandle_LoadBuzzerSettings	8	static
../Core/Src/model_handle.c:1255:6:ModelHandle_ProcessTimerSlots	24	static
../Core/Src/model_handle.c:1363:6:ModelHandle_StartTimer	8	static
../Core/Src/model_handle.c:1364:6:ModelHandle_StopTimer	8	static
../Core/Src/model_handle.c:1372:6:ModelHandle_CheckAutoTimerActivation	8	static
../Core/Src/model_handle.c:1381:6:ModelHandle_StartSemiAuto	8	static
../Core/Src/model_handle.c:1395:6:ModelHandle_StopSemiAuto	8	static
../Core/Src/model_handle.c:1402:6:ModelHandle_StartAuto	16	static
../Core/Src/model_handle.c:1417:6:ModelHandle_StopAuto	8	static
../Core/Src/model_handle.c:1428:6:ModelHandle_LoadAutoSettings	8	static
../Core/Src/model_handle.c:1450:13:auto_mode_background_control	16	static
../Core/Src/model_handle.c:1475:6:ModelHandle_SetBuzzerSettings	16	static
../Core/Src/model_handle.c:1498:13:auto_tick	24	static
../Core/Src/model_handle.c:1613:6:ModelHandle_StartCountdown	24	static
../Core/Src/model_handle.c:1629:6:ModelHandle_StopCountdown	8	static
../Core/Src/model_handle.c:1640:17:CD_CRC	24	static
../Core/Src/model_handle.c:1646:13:SaveCountdown	24	static
../Core/Src/model_handle.c:1660:6:ModelHandle_LoadCountdown	24	static
../Core/Src/model_handle.c:1676:6:ModelHandle_StartTwist	32	static
../Core/Src/model_handle.c:1698:6:ModelHandle_StopTwist	8	static
../Core/Src/model_handle.c:1706:13:twist_tick	16	static
../Core/Src/model_handle.c:1732:13:leds_from_model	16	static
../Core/Src/model_handle.c:1763:6:ModelHandle_Process	16	static
../Core/Src/model_handle.c:1951:13:ModelHandle_GetDryState	4	static
../Core/Src/model_handle.c:1953:6:ModelHandle_ResetAll	8	static
../Core/Src/model_handle.c:1967:6:ModelHandle_SetUserSettings	152	static
../Core/Src/model_handle.c:2016:6:ModelHandle_SetAutoSettings	16	static
../Core/Src/model_handle.c:2026:6:ModelHandle_IsAutoActive	4	static
../Core/Src/model_handle.c:2028:6:ModelHandle_SaveCurrentStateToEEPROM	24	static
../Core/Src/model_handle.c:2041:6:ModelHandle_SetTimerSlot	16	static
../Core/Src/model_handle.c:2056:6:ModelHandle_SetDryRun	16	static
../Core/Src/model_handle.c:2064:6:ModelHandle_GetDryRunEnable	8	static
../Core/Src/model_handle.c:2069:6:ModelHandle_SetOverLoad	16	static
../Core/Src/model_handle.c:2074:6:ModelHandle_SetOverUnderVolt	16	static
../Core/Src/model_handle.c:2083:6:ModelHandle_ClearMaxRunFlag	4	static
../Core/Src/model_handle.c:2085:18:ModelHandle_GetTimerSlots	4	static
../Core/Src/model_handle.c:2087:6:ModelHandle_ProcessUartCommand	16	static
../Core/Src/model_handle.c:2089:6:ModelHandle_IsOverload	4	static
../Core/Src/model_handle.c:2090:6:ModelHandle_IsUnderload	4	static
../Core/Src/model_handle.c:2091:6:ModelHandle_IsDryRunActive	4	static
../Core/Src/model_handle.c:2092:6:ModelHandle_IsVoltageFault	4	static
../Core/Src/model_handle.c:2093:6:ModelHandle_IsMaxRunReached	4	static
../Core/Src/model_handle.c:2094:9:ModelHandle_GetTankLevelPercent	8	static
../Core/Src/model_handle.c:2095:6:ModelHandle_IsTankFull	8	static
../Core/Src/model_handle.c:2096:6:ModelHandle_IsManualActive	4	static
../Core/Src/model_handle.c:2097:10:ModelHandle_GetAutoGap	4	static
../Core/Src/model_handle.c:2098:10:ModelHandle_GetAutoMaxRun	4	static
../Core/Src/model_handle.c:2099:10:ModelHandle_GetAutoRetry	4	static
