../Core/Src/model_handle.c:143:6:ModelHandle_SaveSettingsToEEPROM	16	static
../Core/Src/model_handle.c:157:6:ModelHandle_LoadSettingsFromEEPROM	16	static
../Core/Src/model_handle.c:181:6:ModelHandle_SaveModeState	8	static
../Core/Src/model_handle.c:195:6:ModelHandle_LoadModeState	8	static
../Core/Src/model_handle.c:224:6:ModelHandle_SetPowerRestoreMode	16	static
../Core/Src/model_handle.c:232:9:ModelHandle_GetPowerRestoreMode	4	static
../Core/Src/model_handle.c:240:10:ModelHandle_GetGapTime	4	static
../Core/Src/model_handle.c:241:10:ModelHandle_GetRetryCount	4	static
../Core/Src/model_handle.c:242:10:ModelHandle_GetUnderVolt	4	static
../Core/Src/model_handle.c:243:10:ModelHandle_GetOverVolt	4	static
../Core/Src/model_handle.c:244:10:ModelHandle_GetOverloadLimit	8	static
../Core/Src/model_handle.c:245:10:ModelHandle_GetUnderloadLimit	8	static
../Core/Src/model_handle.c:246:10:ModelHandle_GetMaxRunTime	4	static
../Core/Src/model_handle.c:249:6:ModelHandle_SetUserSettings	24	static
../Core/Src/model_handle.c:273:6:ModelHandle_FactoryReset	8	static
../Core/Src/model_handle.c:289:24:now_ms	8	static
../Core/Src/model_handle.c:294:20:clear_all_modes	4	static
../Core/Src/model_handle.c:311:20:Motor_GetStatusInternal	4	static
../Core/Src/model_handle.c:316:6:Motor_GetStatus	8	static
../Core/Src/model_handle.c:322:6:ModelHandle_OnPowerUp	8	static
../Core/Src/model_handle.c:327:13:Motor_StartAllowed	8	static
../Core/Src/model_handle.c:332:20:motor_apply	24	static
../Core/Src/model_handle.c:351:20:start_motor	8	static
../Core/Src/model_handle.c:352:20:stop_motor	8	static
../Core/Src/model_handle.c:359:20:Buzzer_SetPin	16	static
../Core/Src/model_handle.c:368:13:Buzzer_TriggerAlert	16	static
../Core/Src/model_handle.c:378:13:Buzzer_Update	32	static
../Core/Src/model_handle.c:427:13:check_max_run	16	static
../Core/Src/model_handle.c:454:6:ModelHandle_SetMotor	16	static
../Core/Src/model_handle.c:466:6:ModelHandle_ToggleManual	8	static
../Core/Src/model_handle.c:491:6:ModelHandle_ClearManualOverride	4	static
../Core/Src/model_handle.c:497:6:ModelHandle_ManualLongPress	8	static
../Core/Src/model_handle.c:510:20:isTankFull	24	static
../Core/Src/model_handle.c:550:6:reset	16	static
../Core/Src/model_handle.c:632:20:isAnyModeActive	4	static
../Core/Src/model_handle.c:667:24:get_load_lock_duration_ms	4	static
../Core/Src/model_handle.c:676:6:ModelHandle_CheckLoadFault	56	static
../Core/Src/model_handle.c:804:6:ModelHandle_StopAllModesAndMotor	8	static
../Core/Src/model_handle.c:821:6:ModelHandle_CheckDryRun	16	static
../Core/Src/model_handle.c:851:6:ModelHandle_SoftDryRunHandler	24	static
../Core/Src/model_handle.c:974:6:ModelHandle_ProcessDryRun	8	static
../Core/Src/model_handle.c:982:10:ModelHandle_TimeToSeconds	16	static
../Core/Src/model_handle.c:987:6:ModelHandle_SecondsToTime	24	static
../Core/Src/model_handle.c:1000:16:get_today_mask	16	static
../Core/Src/model_handle.c:1009:13:slot_is_active_now	24	static
../Core/Src/model_handle.c:1036:13:timer_any_active_slot	16	static
../Core/Src/model_handle.c:1047:17:get_active_timer_gap_minutes	24	static
../Core/Src/model_handle.c:1079:6:ModelHandle_StartTimerNearestSlot	32	static
../Core/Src/model_handle.c:1114:6:ModelHandle_ProcessTimerSlots	8	static
../Core/Src/model_handle.c:1130:6:ModelHandle_TimerRecalculateNow	8	static
../Core/Src/model_handle.c:1144:6:ModelHandle_StartTimer	8	static
../Core/Src/model_handle.c:1152:6:ModelHandle_StopTimer	8	static
../Core/Src/model_handle.c:1162:6:ModelHandle_CheckAutoTimerActivation	8	static
../Core/Src/model_handle.c:1177:6:ModelHandle_StartSemiAuto	8	static
../Core/Src/model_handle.c:1190:6:ModelHandle_StopSemiAuto	8	static
../Core/Src/model_handle.c:1219:6:ModelHandle_StartAuto	16	static
../Core/Src/model_handle.c:1238:6:ModelHandle_StopAuto	8	static
../Core/Src/model_handle.c:1251:13:auto_tick	16	static
../Core/Src/model_handle.c:1320:6:ModelHandle_StopCountdown	8	static
../Core/Src/model_handle.c:1329:6:ModelHandle_StartCountdown	16	static
../Core/Src/model_handle.c:1351:13:countdown_tick	16	static
../Core/Src/model_handle.c:1387:6:ModelHandle_StartTwist	40	static
../Core/Src/model_handle.c:1419:6:ModelHandle_StopTwist	8	static
../Core/Src/model_handle.c:1428:13:twist_time_logic	8	static
../Core/Src/model_handle.c:1457:13:twist_tick	16	static
../Core/Src/model_handle.c:1497:13:protections_tick	8	static
../Core/Src/model_handle.c:1518:13:leds_from_model	16	static
../Core/Src/model_handle.c:1569:6:ModelHandle_Process	8	static
../Core/Src/model_handle.c:1689:6:ModelHandle_ResetAll	8	static
../Core/Src/model_handle.c:1708:6:ModelHandle_SetAutoSettings	16	static
../Core/Src/model_handle.c:1719:6:ModelHandle_LoadAutoSettings	8	static
../Core/Src/model_handle.c:1726:6:ModelHandle_IsAutoActive	4	static
../Core/Src/model_handle.c:1734:6:ModelHandle_SaveCurrentStateToEEPROM	24	static
../Core/Src/model_handle.c:1753:6:ModelHandle_SetTimerSlot	16	static
../Core/Src/model_handle.c:1768:6:ModelHandle_SetDryRun	16	static
../Core/Src/model_handle.c:1776:6:ModelHandle_SetOverLoad	16	static
../Core/Src/model_handle.c:1784:6:ModelHandle_SetOverUnderVolt	16	static
../Core/Src/model_handle.c:1798:6:ModelHandle_ClearMaxRunFlag	4	static
../Core/Src/model_handle.c:1806:6:ModelHandle_ProcessUartCommand	16	static
