../Core/Src/model_handle.c:60:17:Timer_CRC16	24	static
../Core/Src/model_handle.c:297:20:dry_protection_enabled	4	static
../Core/Src/model_handle.c:302:10:ModelHandle_GetGapTime	4	static
../Core/Src/model_handle.c:303:10:ModelHandle_GetRetryCount	4	static
../Core/Src/model_handle.c:304:10:ModelHandle_GetUnderVolt	4	static
../Core/Src/model_handle.c:305:10:ModelHandle_GetOverVolt	4	static
../Core/Src/model_handle.c:306:10:ModelHandle_GetOverloadLimit	4	static
../Core/Src/model_handle.c:307:10:ModelHandle_GetUnderloadLimit	4	static
../Core/Src/model_handle.c:308:10:ModelHandle_GetMaxRunTime	4	static
../Core/Src/model_handle.c:309:10:ModelHandle_GetDryRunRetryGap	4	static
../Core/Src/model_handle.c:311:6:EEPROM_WriteBlockSafe	40	static
../Core/Src/model_handle.c:326:17:SYS_CRC16	24	static
../Core/Src/model_handle.c:338:6:ModelHandle_SaveSettingsToEEPROM	32	static
../Core/Src/model_handle.c:356:6:ModelHandle_LoadSettingsFromEEPROM	32	static
../Core/Src/model_handle.c:377:6:ModelHandle_SaveModeState	8	static
../Core/Src/model_handle.c:390:13:backup_current_mode	4	static
../Core/Src/model_handle.c:399:13:restore_previous_mode	8	static
../Core/Src/model_handle.c:427:6:ModelHandle_StopRestart	8	static
../Core/Src/model_handle.c:436:6:ModelHandle_LoadModeState	16	static
../Core/Src/model_handle.c:466:6:ModelHandle_SaveTimerToEEPROM	56	static
../Core/Src/model_handle.c:477:6:ModelHandle_LoadTimerFromEEPROM	56	static
../Core/Src/model_handle.c:487:6:Timer_EEPROM_EnsureValid	48	static
../Core/Src/model_handle.c:498:6:ModelHandle_SendTimerInfoUART	192	static
../Core/Src/model_handle.c:515:16:read_raw_tank_level	16	static
../Core/Src/model_handle.c:525:16:get_tank_level_percent	16	static
../Core/Src/model_handle.c:547:13:isTankFull	8	static
../Core/Src/model_handle.c:552:6:ModelHandle_StartRestart	8	static
../Core/Src/model_handle.c:566:6:ModelHandle_TimerRecalculateNow	8	static
../Core/Src/model_handle.c:572:6:ModelHandle_ProcessDryRun	8	static
../Core/Src/model_handle.c:577:9:ModelHandle_GetPowerRestoreMode	4	static
../Core/Src/model_handle.c:579:6:ModelHandle_SetPowerRestoreMode	16	static
../Core/Src/model_handle.c:586:6:ModelHandle_SetDryRunTime	16	static
../Core/Src/model_handle.c:594:6:ModelHandle_ToggleManual	8	static
../Core/Src/model_handle.c:616:6:ModelHandle_ManualToggleMotor	8	static
../Core/Src/model_handle.c:623:6:ModelHandle_SetDryRunAndRetry	16	static
../Core/Src/model_handle.c:632:6:ModelHandle_Button3_SinglePress	8	static
../Core/Src/model_handle.c:655:6:ModelHandle_StopAllModesAndMotor	8	static
../Core/Src/model_handle.c:663:6:ModelHandle_FactoryReset	8	static
../Core/Src/model_handle.c:680:6:ModelHandle_StartTimerNearestSlot	8	static
../Core/Src/model_handle.c:687:20:Buzzer_SetPin	16	static
../Core/Src/model_handle.c:693:13:Buzzer_StartEvent	16	static
../Core/Src/model_handle.c:701:13:Buzzer_TankEmptyPattern	16	static
../Core/Src/model_handle.c:708:13:Buzzer_TankFullPattern	16	static
../Core/Src/model_handle.c:715:13:Buzzer_Update	16	static
../Core/Src/model_handle.c:776:24:now_ms	8	static
../Core/Src/model_handle.c:778:6:ModelHandle_SetProtectionSettings	16	static
../Core/Src/model_handle.c:792:20:clear_all_modes	4	static
../Core/Src/model_handle.c:804:6:ModelHandle_OnPowerUp	16	static
../Core/Src/model_handle.c:836:20:Motor_IsRelayOn	8	static
../Core/Src/model_handle.c:841:13:Motor_StartAllowed	4	static
../Core/Src/model_handle.c:846:6:ModelHandle_IsRestartActive	4	static
../Core/Src/model_handle.c:848:20:motor_apply	24	static
../Core/Src/model_handle.c:870:6:Motor_GetStatus	8	static
../Core/Src/model_handle.c:872:20:start_motor	8	static
../Core/Src/model_handle.c:880:20:stop_motor	8	static
../Core/Src/model_handle.c:882:13:check_max_run	16	static
../Core/Src/model_handle.c:897:6:ModelHandle_Button4_SinglePress	16	static
../Core/Src/model_handle.c:918:6:ModelHandle_CheckDryRun	24	static
../Core/Src/model_handle.c:926:6:ModelHandle_CheckGroundWater	32	static
../Core/Src/model_handle.c:952:20:isAnyModeActive	4	static
../Core/Src/model_handle.c:958:6:ModelHandle_SoftDryRunHandler	24	static
../Core/Src/model_handle.c:1020:24:get_load_lock_duration_ms	4	static
../Core/Src/model_handle.c:1026:6:ModelHandle_CheckLoadFault	32	static
../Core/Src/model_handle.c:1080:16:get_today_mask	16	static
../Core/Src/model_handle.c:1087:13:slot_is_active_now	32	static
../Core/Src/model_handle.c:1099:13:timer_any_active_slot	16	static
../Core/Src/model_handle.c:1106:17:get_active_timer_gap_minutes	32	static
../Core/Src/model_handle.c:1123:6:ModelHandle_SaveBuzzerSettings	8	static
../Core/Src/model_handle.c:1128:6:ModelHandle_LoadBuzzerSettings	8	static
../Core/Src/model_handle.c:1136:6:ModelHandle_ProcessTimerSlots	24	static
../Core/Src/model_handle.c:1225:6:ModelHandle_StartTimer	8	static
../Core/Src/model_handle.c:1231:6:ModelHandle_StopTimer	8	static
../Core/Src/model_handle.c:1240:6:ModelHandle_CheckAutoTimerActivation	8	static
../Core/Src/model_handle.c:1250:6:ModelHandle_StartSemiAuto	8	static
../Core/Src/model_handle.c:1265:6:ModelHandle_StopSemiAuto	8	static
../Core/Src/model_handle.c:1273:6:ModelHandle_StartAuto	16	static
../Core/Src/model_handle.c:1289:6:ModelHandle_StopAuto	8	static
../Core/Src/model_handle.c:1301:6:ModelHandle_LoadAutoSettings	8	static
../Core/Src/model_handle.c:1314:13:auto_mode_background_control	16	static
../Core/Src/model_handle.c:1343:6:ModelHandle_SetBuzzerSettings	16	static
../Core/Src/model_handle.c:1351:13:auto_tick	24	static
../Core/Src/model_handle.c:1426:6:ModelHandle_StartCountdown	24	static
../Core/Src/model_handle.c:1443:6:ModelHandle_StopCountdown	8	static
../Core/Src/model_handle.c:1454:17:CD_CRC	24	static
../Core/Src/model_handle.c:1461:13:SaveCountdown	24	static
../Core/Src/model_handle.c:1476:6:ModelHandle_LoadCountdown	24	static
../Core/Src/model_handle.c:1492:6:ModelHandle_StartTwist	32	static
../Core/Src/model_handle.c:1515:6:ModelHandle_StopTwist	8	static
../Core/Src/model_handle.c:1524:13:twist_tick	16	static
../Core/Src/model_handle.c:1540:13:leds_from_model	16	static
../Core/Src/model_handle.c:1557:6:ModelHandle_Process	24	static
../Core/Src/model_handle.c:1691:13:ModelHandle_GetDryState	4	static
../Core/Src/model_handle.c:1693:6:ModelHandle_ResetAll	8	static
../Core/Src/model_handle.c:1707:6:ModelHandle_SetUserSettings	152	static
../Core/Src/model_handle.c:1741:6:ModelHandle_SetAutoSettings	16	static
../Core/Src/model_handle.c:1751:6:ModelHandle_IsAutoActive	4	static
../Core/Src/model_handle.c:1753:6:ModelHandle_SaveCurrentStateToEEPROM	24	static
../Core/Src/model_handle.c:1766:6:ModelHandle_SetTimerSlot	24	static
../Core/Src/model_handle.c:1778:6:ModelHandle_SetDryRun	16	static
../Core/Src/model_handle.c:1785:6:ModelHandle_GetDryRunEnable	8	static
../Core/Src/model_handle.c:1787:6:ModelHandle_SetOverLoad	16	static
../Core/Src/model_handle.c:1793:6:ModelHandle_SetOverUnderVolt	16	static
../Core/Src/model_handle.c:1803:6:ModelHandle_ClearMaxRunFlag	4	static
../Core/Src/model_handle.c:1805:18:ModelHandle_GetTimerSlots	4	static
../Core/Src/model_handle.c:1807:6:ModelHandle_ProcessUartCommand	16	static
../Core/Src/model_handle.c:1809:6:ModelHandle_IsOverload	4	static
../Core/Src/model_handle.c:1810:6:ModelHandle_IsUnderload	4	static
../Core/Src/model_handle.c:1811:6:ModelHandle_IsDryRunActive	4	static
../Core/Src/model_handle.c:1812:6:ModelHandle_IsVoltageFault	4	static
../Core/Src/model_handle.c:1813:6:ModelHandle_IsMaxRunReached	4	static
../Core/Src/model_handle.c:1814:9:ModelHandle_GetTankLevelPercent	8	static
../Core/Src/model_handle.c:1815:6:ModelHandle_IsTankFull	8	static
../Core/Src/model_handle.c:1816:6:ModelHandle_IsManualActive	4	static
../Core/Src/model_handle.c:1817:10:ModelHandle_GetAutoGap	4	static
../Core/Src/model_handle.c:1818:10:ModelHandle_GetAutoMaxRun	4	static
../Core/Src/model_handle.c:1819:10:ModelHandle_GetAutoRetry	4	static
