../Core/Src/model_handle.c:31:17:Timer_CRC16	24	static
../Core/Src/model_handle.c:220:6:EEPROM_WriteBlockSafe	40	static
../Core/Src/model_handle.c:235:13:request_mode_switch	16	static
../Core/Src/model_handle.c:242:6:ModelHandle_StartRestart	8	static
../Core/Src/model_handle.c:254:6:ModelHandle_StopRestart	8	static
../Core/Src/model_handle.c:283:17:SYS_CRC16	24	static
../Core/Src/model_handle.c:289:6:ModelHandle_SaveSettingsToEEPROM	32	static
../Core/Src/model_handle.c:307:6:ModelHandle_LoadSettingsFromEEPROM	40	static
../Core/Src/model_handle.c:323:6:ModelHandle_SaveModeState	8	static
../Core/Src/model_handle.c:336:13:backup_current_mode	4	static
../Core/Src/model_handle.c:344:13:restore_previous_mode	8	static
../Core/Src/model_handle.c:376:6:ModelHandle_LoadModeState	8	static
../Core/Src/model_handle.c:396:6:ModelHandle_SaveTimerToEEPROM	64	static
../Core/Src/model_handle.c:412:6:ModelHandle_LoadTimerFromEEPROM	64	static
../Core/Src/model_handle.c:424:6:Timer_EEPROM_EnsureValid	56	static
../Core/Src/model_handle.c:437:13:isTankFull	24	static
../Core/Src/model_handle.c:468:6:ModelHandle_TimerRecalculateNow	8	static
../Core/Src/model_handle.c:473:6:ModelHandle_ProcessDryRun	8	static
../Core/Src/model_handle.c:477:10:ModelHandle_GetGapTime	4	static
../Core/Src/model_handle.c:478:10:ModelHandle_GetRetryCount	4	static
../Core/Src/model_handle.c:479:10:ModelHandle_GetUnderVolt	4	static
../Core/Src/model_handle.c:480:10:ModelHandle_GetOverVolt	4	static
../Core/Src/model_handle.c:481:10:ModelHandle_GetOverloadLimit	8	static
../Core/Src/model_handle.c:482:10:ModelHandle_GetUnderloadLimit	8	static
../Core/Src/model_handle.c:483:10:ModelHandle_GetMaxRunTime	4	static
../Core/Src/model_handle.c:484:9:ModelHandle_GetPowerRestoreMode	4	static
../Core/Src/model_handle.c:488:6:ModelHandle_SetPowerRestoreMode	16	static
../Core/Src/model_handle.c:494:6:ModelHandle_ToggleManual	8	static
../Core/Src/model_handle.c:519:6:ModelHandle_ManualToggleMotor	8	static
../Core/Src/model_handle.c:531:6:ModelHandle_StopAllModesAndMotor	8	static
../Core/Src/model_handle.c:537:6:ModelHandle_FactoryReset	8	static
../Core/Src/model_handle.c:548:6:ModelHandle_StartTimerNearestSlot	8	static
../Core/Src/model_handle.c:553:20:Buzzer_SetPin	16	static
../Core/Src/model_handle.c:558:13:Buzzer_TriggerAlert	8	static
../Core/Src/model_handle.c:562:13:Buzzer_Update	16	static
../Core/Src/model_handle.c:593:24:now_ms	8	static
../Core/Src/model_handle.c:597:20:clear_all_modes	4	static
../Core/Src/model_handle.c:611:6:ModelHandle_OnPowerUp	8	static
../Core/Src/model_handle.c:615:20:Motor_IsRelayOn	8	static
../Core/Src/model_handle.c:619:13:Motor_StartAllowed	8	static
../Core/Src/model_handle.c:623:6:ModelHandle_IsRestartActive	4	static
../Core/Src/model_handle.c:628:20:motor_apply	24	static
../Core/Src/model_handle.c:654:13:motor_force_off	8	static
../Core/Src/model_handle.c:661:6:Motor_GetStatus	8	static
../Core/Src/model_handle.c:665:20:start_motor	8	static
../Core/Src/model_handle.c:677:20:stop_motor	8	static
../Core/Src/model_handle.c:681:13:check_max_run	16	static
../Core/Src/model_handle.c:701:6:ModelHandle_CheckDryRun	16	static
../Core/Src/model_handle.c:714:6:ModelHandle_CheckGroundWater	16	static
../Core/Src/model_handle.c:722:20:isAnyModeActive	4	static
../Core/Src/model_handle.c:727:6:ModelHandle_SoftDryRunHandler	16	static
../Core/Src/model_handle.c:811:24:get_load_lock_duration_ms	4	static
../Core/Src/model_handle.c:818:6:ModelHandle_CheckLoadFault	32	static
../Core/Src/model_handle.c:911:16:get_today_mask	16	static
../Core/Src/model_handle.c:917:13:slot_is_active_now	32	static
../Core/Src/model_handle.c:942:13:timer_any_active_slot	16	static
../Core/Src/model_handle.c:949:17:get_active_timer_gap_minutes	32	static
../Core/Src/model_handle.c:969:17:timer_get_gap_ms	16	static
../Core/Src/model_handle.c:978:6:ModelHandle_ProcessTimerSlots	32	static
../Core/Src/model_handle.c:1082:16:get_tank_level_percent	16	static
../Core/Src/model_handle.c:1095:13:Auto_HardStopCondition	16	static
../Core/Src/model_handle.c:1115:6:ModelHandle_StartTimer	8	static
../Core/Src/model_handle.c:1120:6:ModelHandle_StopTimer	8	static
../Core/Src/model_handle.c:1128:6:ModelHandle_CheckAutoTimerActivation	8	static
../Core/Src/model_handle.c:1138:6:ModelHandle_StartSemiAuto	8	static
../Core/Src/model_handle.c:1148:6:ModelHandle_StopSemiAuto	8	static
../Core/Src/model_handle.c:1155:6:ModelHandle_StartAuto	16	static
../Core/Src/model_handle.c:1177:13:Auto_StartConditionsMet	16	static
../Core/Src/model_handle.c:1201:6:ModelHandle_StopAuto	16	static
../Core/Src/model_handle.c:1218:6:ModelHandle_LoadAutoSettings	24	static
../Core/Src/model_handle.c:1236:13:auto_mode_background_control	16	static
../Core/Src/model_handle.c:1274:13:Auto_StopConditionsMet	16	static
../Core/Src/model_handle.c:1299:13:auto_tick	16	static
../Core/Src/model_handle.c:1417:6:ModelHandle_StartCountdown	16	static
../Core/Src/model_handle.c:1435:6:ModelHandle_StopCountdown	8	static
../Core/Src/model_handle.c:1444:13:countdown_tick	16	static
../Core/Src/model_handle.c:1470:17:CD_CRC	24	static
../Core/Src/model_handle.c:1475:13:SaveCountdown	24	static
../Core/Src/model_handle.c:1485:6:ModelHandle_LoadCountdown	24	static
../Core/Src/model_handle.c:1500:6:ModelHandle_StartTwist	32	static
../Core/Src/model_handle.c:1519:6:ModelHandle_StopTwist	8	static
../Core/Src/model_handle.c:1526:13:twist_time_logic	8	static
../Core/Src/model_handle.c:1547:13:twist_tick	16	static
../Core/Src/model_handle.c:1567:13:protections_tick	8	static
../Core/Src/model_handle.c:1572:13:leds_from_model	16	static
../Core/Src/model_handle.c:1593:6:ModelHandle_Process	16	static
../Core/Src/model_handle.c:1717:6:ModelHandle_ResetAll	8	static
../Core/Src/model_handle.c:1729:6:ModelHandle_SetUserSettings	24	static
../Core/Src/model_handle.c:1746:16:AUTO_CRC	24	static
../Core/Src/model_handle.c:1752:13:SaveAutoRuntime	32	static
../Core/Src/model_handle.c:1766:6:ModelHandle_SetAutoSettings	16	static
../Core/Src/model_handle.c:1777:6:ModelHandle_IsAutoActive	4	static
../Core/Src/model_handle.c:1781:6:ModelHandle_SaveCurrentStateToEEPROM	24	static
../Core/Src/model_handle.c:1795:6:ModelHandle_SetTimerSlot	16	static
../Core/Src/model_handle.c:1806:6:ModelHandle_SetDryRun	16	static
../Core/Src/model_handle.c:1810:6:ModelHandle_SetOverLoad	16	static
../Core/Src/model_handle.c:1814:6:ModelHandle_SetOverUnderVolt	16	static
../Core/Src/model_handle.c:1827:6:ModelHandle_ClearMaxRunFlag	4	static
../Core/Src/model_handle.c:1831:18:ModelHandle_GetTimerSlots	4	static
../Core/Src/model_handle.c:1835:6:ModelHandle_ProcessUartCommand	16	static
../Core/Src/model_handle.c:1839:6:ModelHandle_IsOverload	4	static
../Core/Src/model_handle.c:1843:6:ModelHandle_IsUnderload	4	static
../Core/Src/model_handle.c:1847:6:ModelHandle_IsDryRunActive	4	static
../Core/Src/model_handle.c:1851:6:ModelHandle_IsVoltageFault	4	static
../Core/Src/model_handle.c:1855:6:ModelHandle_IsMaxRunReached	4	static
