../Core/Src/model_handle.c:52:17:Timer_CRC16	24	static
../Core/Src/model_handle.c:198:6:EEPROM_WriteBlockSafe	40	static
../Core/Src/model_handle.c:231:17:SYS_CRC16	24	static
../Core/Src/model_handle.c:238:6:ModelHandle_SaveSettingsToEEPROM	32	static
../Core/Src/model_handle.c:257:6:ModelHandle_LoadSettingsFromEEPROM	40	static
../Core/Src/model_handle.c:277:6:ModelHandle_SaveModeState	8	static
../Core/Src/model_handle.c:294:6:ModelHandle_LoadModeState	8	static
../Core/Src/model_handle.c:314:6:ModelHandle_SaveTimerToEEPROM	64	static
../Core/Src/model_handle.c:330:6:ModelHandle_LoadTimerFromEEPROM	64	static
../Core/Src/model_handle.c:344:6:Timer_EEPROM_EnsureValid	56	static
../Core/Src/model_handle.c:386:13:isTankFull	24	static
../Core/Src/model_handle.c:424:6:ModelHandle_TimerRecalculateNow	8	static
../Core/Src/model_handle.c:430:6:ModelHandle_ProcessDryRun	8	static
../Core/Src/model_handle.c:436:10:ModelHandle_GetGapTime	4	static
../Core/Src/model_handle.c:437:10:ModelHandle_GetRetryCount	4	static
../Core/Src/model_handle.c:438:10:ModelHandle_GetUnderVolt	4	static
../Core/Src/model_handle.c:439:10:ModelHandle_GetOverVolt	4	static
../Core/Src/model_handle.c:440:10:ModelHandle_GetOverloadLimit	8	static
../Core/Src/model_handle.c:441:10:ModelHandle_GetUnderloadLimit	8	static
../Core/Src/model_handle.c:442:10:ModelHandle_GetMaxRunTime	4	static
../Core/Src/model_handle.c:444:9:ModelHandle_GetPowerRestoreMode	4	static
../Core/Src/model_handle.c:449:6:ModelHandle_SetPowerRestoreMode	16	static
../Core/Src/model_handle.c:457:6:ModelHandle_ToggleManual	8	static
../Core/Src/model_handle.c:477:6:ModelHandle_StopAllModesAndMotor	8	static
../Core/Src/model_handle.c:485:6:ModelHandle_FactoryReset	8	static
../Core/Src/model_handle.c:499:6:ModelHandle_StartTimerNearestSlot	8	static
../Core/Src/model_handle.c:506:20:Buzzer_SetPin	16	static
../Core/Src/model_handle.c:514:13:Buzzer_TriggerAlert	8	static
../Core/Src/model_handle.c:519:13:Buzzer_Update	24	static
../Core/Src/model_handle.c:544:6:reset	16	static
../Core/Src/model_handle.c:616:24:now_ms	8	static
../Core/Src/model_handle.c:621:20:clear_all_modes	4	static
../Core/Src/model_handle.c:639:6:ModelHandle_OnPowerUp	8	static
../Core/Src/model_handle.c:646:20:Motor_IsRelayOn	8	static
../Core/Src/model_handle.c:653:13:Motor_StartAllowed	8	static
../Core/Src/model_handle.c:659:20:motor_apply	24	static
../Core/Src/model_handle.c:689:13:motor_force_off	8	static
../Core/Src/model_handle.c:698:6:Motor_GetStatus	8	static
../Core/Src/model_handle.c:704:20:start_motor	8	static
../Core/Src/model_handle.c:720:20:stop_motor	8	static
../Core/Src/model_handle.c:728:13:check_max_run	16	static
../Core/Src/model_handle.c:750:6:ModelHandle_CheckDryRun	16	static
../Core/Src/model_handle.c:787:20:isAnyModeActive	4	static
../Core/Src/model_handle.c:793:6:ModelHandle_SoftDryRunHandler	24	static
../Core/Src/model_handle.c:907:24:get_load_lock_duration_ms	4	static
../Core/Src/model_handle.c:914:6:ModelHandle_CheckLoadFault	32	static
../Core/Src/model_handle.c:1004:16:get_today_mask	16	static
../Core/Src/model_handle.c:1011:13:slot_is_active_now	32	static
../Core/Src/model_handle.c:1024:13:timer_any_active_slot	16	static
../Core/Src/model_handle.c:1032:17:get_active_timer_gap_minutes	32	static
../Core/Src/model_handle.c:1056:17:timer_get_gap_ms	16	static
../Core/Src/model_handle.c:1078:6:ModelHandle_ProcessTimerSlots	16	static
../Core/Src/model_handle.c:1162:6:ModelHandle_StartTimer	8	static
../Core/Src/model_handle.c:1170:6:ModelHandle_StopTimer	8	static
../Core/Src/model_handle.c:1180:6:ModelHandle_CheckAutoTimerActivation	8	static
../Core/Src/model_handle.c:1194:6:ModelHandle_StartSemiAuto	8	static
../Core/Src/model_handle.c:1204:6:ModelHandle_StopSemiAuto	8	static
../Core/Src/model_handle.c:1240:6:ModelHandle_StartAuto	16	static
../Core/Src/model_handle.c:1256:6:ModelHandle_StopAuto	16	static
../Core/Src/model_handle.c:1267:6:ModelHandle_LoadAutoSettings	24	static
../Core/Src/model_handle.c:1289:13:auto_tick	16	static
../Core/Src/model_handle.c:1381:6:ModelHandle_StartCountdown	16	static
../Core/Src/model_handle.c:1395:6:ModelHandle_StopCountdown	8	static
../Core/Src/model_handle.c:1405:13:countdown_tick	16	static
../Core/Src/model_handle.c:1438:17:CD_CRC	24	static
../Core/Src/model_handle.c:1443:13:SaveCountdown	24	static
../Core/Src/model_handle.c:1454:6:ModelHandle_LoadCountdown	24	static
../Core/Src/model_handle.c:1479:6:ModelHandle_StartTwist	32	static
../Core/Src/model_handle.c:1502:6:ModelHandle_StopTwist	8	static
../Core/Src/model_handle.c:1510:13:twist_time_logic	8	static
../Core/Src/model_handle.c:1534:13:twist_tick	16	static
../Core/Src/model_handle.c:1560:13:protections_tick	8	static
../Core/Src/model_handle.c:1569:13:leds_from_model	16	static
../Core/Src/model_handle.c:1601:6:ModelHandle_Process	8	static
../Core/Src/model_handle.c:1720:6:ModelHandle_ResetAll	8	static
../Core/Src/model_handle.c:1742:6:ModelHandle_SetUserSettings	24	static
../Core/Src/model_handle.c:1763:16:AUTO_CRC	24	static
../Core/Src/model_handle.c:1769:13:SaveAutoRuntime	32	static
../Core/Src/model_handle.c:1788:6:ModelHandle_SetAutoSettings	16	static
../Core/Src/model_handle.c:1802:6:ModelHandle_IsAutoActive	4	static
../Core/Src/model_handle.c:1810:6:ModelHandle_SaveCurrentStateToEEPROM	24	static
../Core/Src/model_handle.c:1828:6:ModelHandle_SetTimerSlot	24	static
../Core/Src/model_handle.c:1847:6:ModelHandle_SetDryRun	16	static
../Core/Src/model_handle.c:1852:6:ModelHandle_SetOverLoad	16	static
../Core/Src/model_handle.c:1857:6:ModelHandle_SetOverUnderVolt	16	static
../Core/Src/model_handle.c:1871:6:ModelHandle_ClearMaxRunFlag	4	static
../Core/Src/model_handle.c:1878:18:ModelHandle_GetTimerSlots	4	static
../Core/Src/model_handle.c:1886:6:ModelHandle_ProcessUartCommand	16	static
../Core/Src/model_handle.c:1890:6:ModelHandle_IsOverload	4	static
../Core/Src/model_handle.c:1895:6:ModelHandle_IsUnderload	4	static
../Core/Src/model_handle.c:1900:6:ModelHandle_IsDryRunActive	4	static
../Core/Src/model_handle.c:1905:6:ModelHandle_IsVoltageFault	4	static
../Core/Src/model_handle.c:1910:6:ModelHandle_IsMaxRunReached	4	static
