../Core/Src/model_handle.c:101:6:ModelHandle_SaveSettingsToEEPROM	16	static
../Core/Src/model_handle.c:114:6:ModelHandle_LoadModeState	8	static
../Core/Src/model_handle.c:129:6:ModelHandle_LoadSettingsFromEEPROM	16	static
../Core/Src/model_handle.c:149:6:ModelHandle_SaveModeState	8	static
../Core/Src/model_handle.c:170:24:now_ms	8	static
../Core/Src/model_handle.c:174:10:ModelHandle_GetGapTime	4	static
../Core/Src/model_handle.c:178:9:ModelHandle_GetRetryCount	4	static
../Core/Src/model_handle.c:182:10:ModelHandle_GetUnderVolt	4	static
../Core/Src/model_handle.c:186:10:ModelHandle_GetOverVolt	4	static
../Core/Src/model_handle.c:190:7:ModelHandle_GetOverloadLimit	4	static
../Core/Src/model_handle.c:194:7:ModelHandle_GetUnderloadLimit	4	static
../Core/Src/model_handle.c:198:10:ModelHandle_GetMaxRunTime	4	static
../Core/Src/model_handle.c:201:6:ModelHandle_SetUserSettings	24	static
../Core/Src/model_handle.c:221:6:ModelHandle_FactoryReset	4	static
../Core/Src/model_handle.c:234:20:clear_all_modes	4	static
../Core/Src/model_handle.c:249:20:motor_apply	16	static
../Core/Src/model_handle.c:260:20:start_motor	8	static
../Core/Src/model_handle.c:261:20:stop_motor	8	static
../Core/Src/model_handle.c:263:6:Motor_GetStatus	4	static
../Core/Src/model_handle.c:271:6:ModelHandle_SetMotor	16	static
../Core/Src/model_handle.c:284:6:reset	8	static
../Core/Src/model_handle.c:306:20:isAnyModeActive	4	static
../Core/Src/model_handle.c:337:6:ModelHandle_CheckLoadFault	48	static
../Core/Src/model_handle.c:436:6:ModelHandle_StopAllModesAndMotor	8	static
../Core/Src/model_handle.c:448:20:isTankFull	24	static
../Core/Src/model_handle.c:490:6:ModelHandle_CheckDryRun	16	static
../Core/Src/model_handle.c:506:6:ModelHandle_ToggleManual	8	static
../Core/Src/model_handle.c:543:6:ModelHandle_SoftDryRunHandler	16	static
../Core/Src/model_handle.c:636:6:ModelHandle_ProcessDryRun	8	static
../Core/Src/model_handle.c:647:23:get_today_mask	16	static
../Core/Src/model_handle.c:656:13:slot_is_active_now	24	static
../Core/Src/model_handle.c:683:13:timer_any_active_slot	16	static
../Core/Src/model_handle.c:696:6:ModelHandle_StartTimerNearestSlot	40	static
../Core/Src/model_handle.c:735:6:ModelHandle_ProcessTimerSlots	8	static
../Core/Src/model_handle.c:751:6:ModelHandle_TimerRecalculateNow	8	static
../Core/Src/model_handle.c:767:6:ModelHandle_StartTimer	8	static
../Core/Src/model_handle.c:776:6:ModelHandle_StopTimer	8	static
../Core/Src/model_handle.c:785:13:timer_tick	8	static
../Core/Src/model_handle.c:789:6:ModelHandle_CheckAutoTimerActivation	8	static
../Core/Src/model_handle.c:805:6:ModelHandle_StartSemiAuto	8	static
../Core/Src/model_handle.c:817:6:ModelHandle_StopSemiAuto	8	static
../Core/Src/model_handle.c:845:6:ModelHandle_StartAuto	16	static
../Core/Src/model_handle.c:864:6:ModelHandle_StopAuto	8	static
../Core/Src/model_handle.c:877:13:auto_tick	16	static
../Core/Src/model_handle.c:971:6:ModelHandle_StopCountdown	8	static
../Core/Src/model_handle.c:978:6:ModelHandle_StartCountdown	16	static
../Core/Src/model_handle.c:998:13:countdown_tick	16	static
../Core/Src/model_handle.c:1032:6:ModelHandle_StartTwist	24	static
../Core/Src/model_handle.c:1058:6:ModelHandle_StopTwist	8	static
../Core/Src/model_handle.c:1066:13:twist_time_logic	8	static
../Core/Src/model_handle.c:1095:13:twist_tick	16	static
../Core/Src/model_handle.c:1134:13:protections_tick	8	static
../Core/Src/model_handle.c:1147:13:leds_from_model	8	static
../Core/Src/model_handle.c:1181:6:ModelHandle_Process	8	static
../Core/Src/model_handle.c:1298:6:ModelHandle_ResetAll	8	static
../Core/Src/model_handle.c:1316:6:ModelHandle_SetAutoSettings	16	static
../Core/Src/model_handle.c:1327:6:ModelHandle_LoadAutoSettings	8	static
../Core/Src/model_handle.c:1335:6:ModelHandle_IsAutoActive	4	static
../Core/Src/model_handle.c:1343:6:ModelHandle_SaveCurrentStateToEEPROM	24	static
../Core/Src/model_handle.c:1363:6:ModelHandle_SetTimerSlot	16	static
