../Core/Src/model_handle.c:44:17:Timer_CRC16	24	static
../Core/Src/model_handle.c:310:20:dry_protection_enabled	4	static
../Core/Src/model_handle.c:315:10:ModelHandle_GetGapTime	4	static
../Core/Src/model_handle.c:316:10:ModelHandle_GetRetryCount	4	static
../Core/Src/model_handle.c:317:10:ModelHandle_GetUnderVolt	4	static
../Core/Src/model_handle.c:318:10:ModelHandle_GetOverVolt	4	static
../Core/Src/model_handle.c:319:10:ModelHandle_GetOverloadLimit	4	static
../Core/Src/model_handle.c:320:10:ModelHandle_GetUnderloadLimit	4	static
../Core/Src/model_handle.c:321:10:ModelHandle_GetMaxRunTime	4	static
../Core/Src/model_handle.c:322:10:ModelHandle_GetDryRunRetryGap	4	static
../Core/Src/model_handle.c:324:6:EEPROM_WriteBlockSafe	40	static
../Core/Src/model_handle.c:339:17:SYS_CRC16	24	static
../Core/Src/model_handle.c:352:6:ModelHandle_SaveSettingsToEEPROM	32	static
../Core/Src/model_handle.c:370:6:ModelHandle_LoadSettingsFromEEPROM	32	static
../Core/Src/model_handle.c:391:6:ModelHandle_SaveModeState	8	static
../Core/Src/model_handle.c:404:13:backup_current_mode	4	static
../Core/Src/model_handle.c:413:13:restore_previous_mode	8	static
../Core/Src/model_handle.c:441:6:ModelHandle_StopRestart	8	static
../Core/Src/model_handle.c:450:6:ModelHandle_LoadModeState	16	static
../Core/Src/model_handle.c:481:6:ModelHandle_SaveTimerToEEPROM	56	static
../Core/Src/model_handle.c:492:6:ModelHandle_LoadTimerFromEEPROM	56	static
../Core/Src/model_handle.c:502:6:Timer_EEPROM_EnsureValid	48	static
../Core/Src/model_handle.c:514:6:ModelHandle_SendTimerInfoUART	192	static
../Core/Src/model_handle.c:531:16:read_raw_tank_level	16	static
../Core/Src/model_handle.c:541:16:get_tank_level_percent	16	static
../Core/Src/model_handle.c:563:13:isTankFull	8	static
../Core/Src/model_handle.c:568:6:ModelHandle_StartRestart	8	static
../Core/Src/model_handle.c:587:6:ModelHandle_TimerRecalculateNow	8	static
../Core/Src/model_handle.c:593:6:ModelHandle_ProcessDryRun	8	static
../Core/Src/model_handle.c:598:9:ModelHandle_GetPowerRestoreMode	4	static
../Core/Src/model_handle.c:600:6:ModelHandle_SetPowerRestoreMode	16	static
../Core/Src/model_handle.c:607:6:ModelHandle_SetDryRunTime	16	static
../Core/Src/model_handle.c:615:6:ModelHandle_ToggleManual	8	static
../Core/Src/model_handle.c:637:6:ModelHandle_ManualToggleMotor	8	static
../Core/Src/model_handle.c:644:6:ModelHandle_SetDryRunAndRetry	16	static
../Core/Src/model_handle.c:653:6:ModelHandle_Button3_SinglePress	8	static
../Core/Src/model_handle.c:677:6:ModelHandle_StopAllModesAndMotor	8	static
../Core/Src/model_handle.c:685:6:ModelHandle_FactoryReset	8	static
../Core/Src/model_handle.c:705:6:ModelHandle_StartTimerNearestSlot	8	static
../Core/Src/model_handle.c:718:20:Buzzer_SetPin	16	static
../Core/Src/model_handle.c:724:13:Buzzer_StartEvent	16	static
../Core/Src/model_handle.c:734:13:Buzzer_TankEmptyPattern	16	static
../Core/Src/model_handle.c:741:13:Buzzer_TankFullPattern	16	static
../Core/Src/model_handle.c:748:13:Buzzer_Update	16	static
../Core/Src/model_handle.c:810:24:now_ms	8	static
../Core/Src/model_handle.c:812:6:ModelHandle_SetProtectionSettings	16	static
../Core/Src/model_handle.c:826:20:clear_all_modes	4	static
../Core/Src/model_handle.c:838:6:ModelHandle_OnPowerUp	16	static
../Core/Src/model_handle.c:873:20:Motor_IsRelayOn	8	static
../Core/Src/model_handle.c:878:13:Motor_StartAllowed	4	static
../Core/Src/model_handle.c:883:6:ModelHandle_IsRestartActive	4	static
../Core/Src/model_handle.c:885:20:motor_apply	24	static
../Core/Src/model_handle.c:907:6:Motor_GetStatus	8	static
../Core/Src/model_handle.c:909:20:start_motor	8	static
../Core/Src/model_handle.c:917:20:stop_motor	8	static
../Core/Src/model_handle.c:919:13:check_max_run	16	static
../Core/Src/model_handle.c:934:6:ModelHandle_Button4_SinglePress	16	static
../Core/Src/model_handle.c:956:6:ModelHandle_CheckDryRun	24	static
../Core/Src/model_handle.c:964:6:ModelHandle_CheckGroundWater	32	static
../Core/Src/model_handle.c:990:20:isAnyModeActive	4	static
../Core/Src/model_handle.c:996:6:ModelHandle_SoftDryRunHandler	24	static
../Core/Src/model_handle.c:1058:24:get_load_lock_duration_ms	4	static
../Core/Src/model_handle.c:1064:6:ModelHandle_CheckLoadFault	32	static
../Core/Src/model_handle.c:1118:16:get_today_mask	16	static
../Core/Src/model_handle.c:1125:13:slot_is_active_now	32	static
../Core/Src/model_handle.c:1137:13:timer_any_active_slot	16	static
../Core/Src/model_handle.c:1144:17:get_active_timer_gap_minutes	32	static
../Core/Src/model_handle.c:1161:6:ModelHandle_SaveBuzzerSettings	16	static
../Core/Src/model_handle.c:1173:6:ModelHandle_LoadBuzzerSettings	24	static
../Core/Src/model_handle.c:1193:6:ModelHandle_ProcessTimerSlots	24	static
../Core/Src/model_handle.c:1290:6:ModelHandle_StartTimer	8	static
../Core/Src/model_handle.c:1296:6:ModelHandle_StopTimer	8	static
../Core/Src/model_handle.c:1308:6:ModelHandle_CheckAutoTimerActivation	8	static
../Core/Src/model_handle.c:1322:6:ModelHandle_StartSemiAuto	8	static
../Core/Src/model_handle.c:1338:6:ModelHandle_StopSemiAuto	8	static
../Core/Src/model_handle.c:1347:6:ModelHandle_StartAuto	16	static
../Core/Src/model_handle.c:1374:6:ModelHandle_StopAuto	8	static
../Core/Src/model_handle.c:1388:6:ModelHandle_LoadAutoSettings	8	static
../Core/Src/model_handle.c:1402:13:auto_mode_background_control	16	static
../Core/Src/model_handle.c:1429:6:ModelHandle_SetBuzzerSettings	16	static
../Core/Src/model_handle.c:1437:13:auto_tick	24	static
../Core/Src/model_handle.c:1563:6:ModelHandle_StartCountdown	24	static
../Core/Src/model_handle.c:1581:6:ModelHandle_StopCountdown	8	static
../Core/Src/model_handle.c:1593:17:CD_CRC	24	static
../Core/Src/model_handle.c:1600:13:SaveCountdown	24	static
../Core/Src/model_handle.c:1615:6:ModelHandle_LoadCountdown	24	static
../Core/Src/model_handle.c:1631:6:ModelHandle_StartTwist	32	static
../Core/Src/model_handle.c:1654:6:ModelHandle_StopTwist	8	static
../Core/Src/model_handle.c:1663:13:twist_tick	16	static
../Core/Src/model_handle.c:1679:13:leds_from_model	16	static
../Core/Src/model_handle.c:1703:13:timer_auto_transition	16	static
../Core/Src/model_handle.c:1751:6:ModelHandle_Process	24	static
../Core/Src/model_handle.c:1904:13:ModelHandle_GetDryState	4	static
../Core/Src/model_handle.c:1906:6:ModelHandle_ResetAll	8	static
../Core/Src/model_handle.c:1920:6:ModelHandle_SetUserSettings	152	static
../Core/Src/model_handle.c:1954:6:ModelHandle_SetAutoSettings	16	static
../Core/Src/model_handle.c:1964:6:ModelHandle_IsAutoActive	4	static
../Core/Src/model_handle.c:1966:6:ModelHandle_SaveCurrentStateToEEPROM	24	static
../Core/Src/model_handle.c:1979:6:ModelHandle_SetTimerSlot	24	static
../Core/Src/model_handle.c:1991:6:ModelHandle_SetDryRun	16	static
../Core/Src/model_handle.c:1998:6:ModelHandle_GetDryRunEnable	8	static
../Core/Src/model_handle.c:2000:6:ModelHandle_SetOverLoad	16	static
../Core/Src/model_handle.c:2006:6:ModelHandle_SetOverUnderVolt	16	static
../Core/Src/model_handle.c:2016:6:ModelHandle_ClearMaxRunFlag	4	static
../Core/Src/model_handle.c:2018:18:ModelHandle_GetTimerSlots	4	static
../Core/Src/model_handle.c:2020:6:ModelHandle_ProcessUartCommand	16	static
../Core/Src/model_handle.c:2022:6:ModelHandle_IsOverload	4	static
../Core/Src/model_handle.c:2023:6:ModelHandle_IsUnderload	4	static
../Core/Src/model_handle.c:2024:6:ModelHandle_IsDryRunActive	4	static
../Core/Src/model_handle.c:2025:6:ModelHandle_IsVoltageFault	4	static
../Core/Src/model_handle.c:2026:6:ModelHandle_IsMaxRunReached	4	static
../Core/Src/model_handle.c:2027:9:ModelHandle_GetTankLevelPercent	8	static
../Core/Src/model_handle.c:2028:6:ModelHandle_IsTankFull	8	static
../Core/Src/model_handle.c:2029:6:ModelHandle_IsManualActive	4	static
../Core/Src/model_handle.c:2030:10:ModelHandle_GetAutoGap	4	static
../Core/Src/model_handle.c:2031:10:ModelHandle_GetAutoMaxRun	4	static
../Core/Src/model_handle.c:2032:10:ModelHandle_GetAutoRetry	4	static
