../Core/Src/model_handle.c:31:17:Timer_CRC16	24	static
../Core/Src/model_handle.c:206:6:EEPROM_WriteBlockSafe	40	static
../Core/Src/model_handle.c:236:17:SYS_CRC16	24	static
../Core/Src/model_handle.c:242:6:ModelHandle_SaveSettingsToEEPROM	32	static
../Core/Src/model_handle.c:260:6:ModelHandle_LoadSettingsFromEEPROM	40	static
../Core/Src/model_handle.c:276:6:ModelHandle_SaveModeState	8	static
../Core/Src/model_handle.c:289:6:ModelHandle_LoadModeState	8	static
../Core/Src/model_handle.c:309:6:ModelHandle_SaveTimerToEEPROM	64	static
../Core/Src/model_handle.c:325:6:ModelHandle_LoadTimerFromEEPROM	64	static
../Core/Src/model_handle.c:337:6:Timer_EEPROM_EnsureValid	56	static
../Core/Src/model_handle.c:350:13:isTankFull	24	static
../Core/Src/model_handle.c:381:6:ModelHandle_TimerRecalculateNow	8	static
../Core/Src/model_handle.c:386:6:ModelHandle_ProcessDryRun	8	static
../Core/Src/model_handle.c:390:10:ModelHandle_GetGapTime	4	static
../Core/Src/model_handle.c:391:10:ModelHandle_GetRetryCount	4	static
../Core/Src/model_handle.c:392:10:ModelHandle_GetUnderVolt	4	static
../Core/Src/model_handle.c:393:10:ModelHandle_GetOverVolt	4	static
../Core/Src/model_handle.c:394:10:ModelHandle_GetOverloadLimit	8	static
../Core/Src/model_handle.c:395:10:ModelHandle_GetUnderloadLimit	8	static
../Core/Src/model_handle.c:396:10:ModelHandle_GetMaxRunTime	4	static
../Core/Src/model_handle.c:397:9:ModelHandle_GetPowerRestoreMode	4	static
../Core/Src/model_handle.c:401:6:ModelHandle_SetPowerRestoreMode	16	static
../Core/Src/model_handle.c:407:6:ModelHandle_ToggleManual	8	static
../Core/Src/model_handle.c:423:6:ModelHandle_StopAllModesAndMotor	8	static
../Core/Src/model_handle.c:429:6:ModelHandle_FactoryReset	8	static
../Core/Src/model_handle.c:440:6:ModelHandle_StartTimerNearestSlot	8	static
../Core/Src/model_handle.c:447:20:Buzzer_SetPin	16	static
../Core/Src/model_handle.c:452:13:Buzzer_TriggerAlert	8	static
../Core/Src/model_handle.c:456:13:Buzzer_Update	24	static
../Core/Src/model_handle.c:479:24:now_ms	8	static
../Core/Src/model_handle.c:483:20:clear_all_modes	4	static
../Core/Src/model_handle.c:497:6:ModelHandle_OnPowerUp	8	static
../Core/Src/model_handle.c:501:20:Motor_IsRelayOn	8	static
../Core/Src/model_handle.c:505:13:Motor_StartAllowed	8	static
../Core/Src/model_handle.c:509:20:motor_apply	24	static
../Core/Src/model_handle.c:534:13:motor_force_off	8	static
../Core/Src/model_handle.c:541:6:Motor_GetStatus	8	static
../Core/Src/model_handle.c:545:20:start_motor	8	static
../Core/Src/model_handle.c:558:20:stop_motor	8	static
../Core/Src/model_handle.c:562:13:check_max_run	16	static
../Core/Src/model_handle.c:580:6:ModelHandle_CheckDryRun	16	static
../Core/Src/model_handle.c:593:6:ModelHandle_CheckGroundWater	16	static
../Core/Src/model_handle.c:601:20:isAnyModeActive	4	static
../Core/Src/model_handle.c:606:6:ModelHandle_SoftDryRunHandler	24	static
../Core/Src/model_handle.c:691:24:get_load_lock_duration_ms	4	static
../Core/Src/model_handle.c:698:6:ModelHandle_CheckLoadFault	32	static
../Core/Src/model_handle.c:776:16:get_today_mask	16	static
../Core/Src/model_handle.c:782:13:slot_is_active_now	32	static
../Core/Src/model_handle.c:794:13:timer_any_active_slot	16	static
../Core/Src/model_handle.c:801:17:get_active_timer_gap_minutes	32	static
../Core/Src/model_handle.c:821:17:timer_get_gap_ms	16	static
../Core/Src/model_handle.c:830:6:ModelHandle_ProcessTimerSlots	16	static
../Core/Src/model_handle.c:887:6:ModelHandle_StartTimer	8	static
../Core/Src/model_handle.c:894:6:ModelHandle_StopTimer	8	static
../Core/Src/model_handle.c:900:6:ModelHandle_CheckAutoTimerActivation	8	static
../Core/Src/model_handle.c:910:6:ModelHandle_StartSemiAuto	8	static
../Core/Src/model_handle.c:919:6:ModelHandle_StopSemiAuto	8	static
../Core/Src/model_handle.c:925:6:ModelHandle_StartAuto	16	static
../Core/Src/model_handle.c:938:6:ModelHandle_StopAuto	16	static
../Core/Src/model_handle.c:947:6:ModelHandle_LoadAutoSettings	24	static
../Core/Src/model_handle.c:964:16:get_tank_level_percent	16	static
../Core/Src/model_handle.c:976:13:auto_mode_background_control	16	static
../Core/Src/model_handle.c:1009:13:auto_tick	16	static
../Core/Src/model_handle.c:1083:6:ModelHandle_StartCountdown	16	static
../Core/Src/model_handle.c:1095:6:ModelHandle_StopCountdown	8	static
../Core/Src/model_handle.c:1104:13:countdown_tick	16	static
../Core/Src/model_handle.c:1127:17:CD_CRC	24	static
../Core/Src/model_handle.c:1132:13:SaveCountdown	24	static
../Core/Src/model_handle.c:1142:6:ModelHandle_LoadCountdown	24	static
../Core/Src/model_handle.c:1157:6:ModelHandle_StartTwist	32	static
../Core/Src/model_handle.c:1176:6:ModelHandle_StopTwist	8	static
../Core/Src/model_handle.c:1183:13:twist_time_logic	8	static
../Core/Src/model_handle.c:1204:13:twist_tick	16	static
../Core/Src/model_handle.c:1224:13:protections_tick	8	static
../Core/Src/model_handle.c:1229:13:leds_from_model	16	static
../Core/Src/model_handle.c:1250:6:ModelHandle_Process	8	static
../Core/Src/model_handle.c:1328:6:ModelHandle_ResetAll	8	static
../Core/Src/model_handle.c:1340:6:ModelHandle_SetUserSettings	24	static
../Core/Src/model_handle.c:1357:16:AUTO_CRC	24	static
../Core/Src/model_handle.c:1363:13:SaveAutoRuntime	32	static
../Core/Src/model_handle.c:1377:6:ModelHandle_SetAutoSettings	16	static
../Core/Src/model_handle.c:1388:6:ModelHandle_IsAutoActive	4	static
../Core/Src/model_handle.c:1392:6:ModelHandle_SaveCurrentStateToEEPROM	24	static
../Core/Src/model_handle.c:1406:6:ModelHandle_SetTimerSlot	24	static
../Core/Src/model_handle.c:1418:6:ModelHandle_SetDryRun	16	static
../Core/Src/model_handle.c:1422:6:ModelHandle_SetOverLoad	16	static
../Core/Src/model_handle.c:1426:6:ModelHandle_SetOverUnderVolt	16	static
../Core/Src/model_handle.c:1439:6:ModelHandle_ClearMaxRunFlag	4	static
../Core/Src/model_handle.c:1443:18:ModelHandle_GetTimerSlots	4	static
../Core/Src/model_handle.c:1447:6:ModelHandle_ProcessUartCommand	16	static
../Core/Src/model_handle.c:1451:6:ModelHandle_IsOverload	4	static
../Core/Src/model_handle.c:1455:6:ModelHandle_IsUnderload	4	static
../Core/Src/model_handle.c:1459:6:ModelHandle_IsDryRunActive	4	static
../Core/Src/model_handle.c:1463:6:ModelHandle_IsVoltageFault	4	static
../Core/Src/model_handle.c:1467:6:ModelHandle_IsMaxRunReached	4	static
