../Core/Src/model_handle.c:31:17:Timer_CRC16	24	static
../Core/Src/model_handle.c:204:6:EEPROM_WriteBlockSafe	40	static
../Core/Src/model_handle.c:234:17:SYS_CRC16	24	static
../Core/Src/model_handle.c:240:6:ModelHandle_SaveSettingsToEEPROM	32	static
../Core/Src/model_handle.c:258:6:ModelHandle_LoadSettingsFromEEPROM	40	static
../Core/Src/model_handle.c:274:6:ModelHandle_SaveModeState	8	static
../Core/Src/model_handle.c:287:6:ModelHandle_LoadModeState	8	static
../Core/Src/model_handle.c:307:6:ModelHandle_SaveTimerToEEPROM	64	static
../Core/Src/model_handle.c:323:6:ModelHandle_LoadTimerFromEEPROM	64	static
../Core/Src/model_handle.c:335:6:Timer_EEPROM_EnsureValid	56	static
../Core/Src/model_handle.c:348:13:isTankFull	24	static
../Core/Src/model_handle.c:379:6:ModelHandle_TimerRecalculateNow	8	static
../Core/Src/model_handle.c:384:6:ModelHandle_ProcessDryRun	8	static
../Core/Src/model_handle.c:388:10:ModelHandle_GetGapTime	4	static
../Core/Src/model_handle.c:389:10:ModelHandle_GetRetryCount	4	static
../Core/Src/model_handle.c:390:10:ModelHandle_GetUnderVolt	4	static
../Core/Src/model_handle.c:391:10:ModelHandle_GetOverVolt	4	static
../Core/Src/model_handle.c:392:10:ModelHandle_GetOverloadLimit	8	static
../Core/Src/model_handle.c:393:10:ModelHandle_GetUnderloadLimit	8	static
../Core/Src/model_handle.c:394:10:ModelHandle_GetMaxRunTime	4	static
../Core/Src/model_handle.c:395:9:ModelHandle_GetPowerRestoreMode	4	static
../Core/Src/model_handle.c:399:6:ModelHandle_SetPowerRestoreMode	16	static
../Core/Src/model_handle.c:405:6:ModelHandle_ToggleManual	8	static
../Core/Src/model_handle.c:421:6:ModelHandle_StopAllModesAndMotor	8	static
../Core/Src/model_handle.c:427:6:ModelHandle_FactoryReset	8	static
../Core/Src/model_handle.c:438:6:ModelHandle_StartTimerNearestSlot	8	static
../Core/Src/model_handle.c:445:20:Buzzer_SetPin	16	static
../Core/Src/model_handle.c:450:13:Buzzer_TriggerAlert	8	static
../Core/Src/model_handle.c:454:13:Buzzer_Update	24	static
../Core/Src/model_handle.c:477:24:now_ms	8	static
../Core/Src/model_handle.c:481:20:clear_all_modes	4	static
../Core/Src/model_handle.c:495:6:ModelHandle_OnPowerUp	8	static
../Core/Src/model_handle.c:499:20:Motor_IsRelayOn	8	static
../Core/Src/model_handle.c:503:13:Motor_StartAllowed	8	static
../Core/Src/model_handle.c:507:20:motor_apply	24	static
../Core/Src/model_handle.c:532:13:motor_force_off	8	static
../Core/Src/model_handle.c:539:6:Motor_GetStatus	8	static
../Core/Src/model_handle.c:543:20:start_motor	8	static
../Core/Src/model_handle.c:556:20:stop_motor	8	static
../Core/Src/model_handle.c:560:13:check_max_run	16	static
../Core/Src/model_handle.c:578:6:ModelHandle_CheckDryRun	16	static
../Core/Src/model_handle.c:591:6:ModelHandle_CheckGroundWater	16	static
../Core/Src/model_handle.c:599:20:isAnyModeActive	4	static
../Core/Src/model_handle.c:604:6:ModelHandle_SoftDryRunHandler	24	static
../Core/Src/model_handle.c:698:24:get_load_lock_duration_ms	4	static
../Core/Src/model_handle.c:705:6:ModelHandle_CheckLoadFault	32	static
../Core/Src/model_handle.c:783:16:get_today_mask	16	static
../Core/Src/model_handle.c:789:13:slot_is_active_now	32	static
../Core/Src/model_handle.c:801:13:timer_any_active_slot	16	static
../Core/Src/model_handle.c:808:17:get_active_timer_gap_minutes	32	static
../Core/Src/model_handle.c:828:17:timer_get_gap_ms	16	static
../Core/Src/model_handle.c:837:6:ModelHandle_ProcessTimerSlots	16	static
../Core/Src/model_handle.c:901:6:ModelHandle_StartTimer	8	static
../Core/Src/model_handle.c:908:6:ModelHandle_StopTimer	8	static
../Core/Src/model_handle.c:914:6:ModelHandle_CheckAutoTimerActivation	8	static
../Core/Src/model_handle.c:924:6:ModelHandle_StartSemiAuto	8	static
../Core/Src/model_handle.c:933:6:ModelHandle_StopSemiAuto	8	static
../Core/Src/model_handle.c:939:6:ModelHandle_StartAuto	16	static
../Core/Src/model_handle.c:952:6:ModelHandle_StopAuto	16	static
../Core/Src/model_handle.c:961:6:ModelHandle_LoadAutoSettings	24	static
../Core/Src/model_handle.c:978:13:auto_tick	16	static
../Core/Src/model_handle.c:1059:6:ModelHandle_StartCountdown	16	static
../Core/Src/model_handle.c:1071:6:ModelHandle_StopCountdown	8	static
../Core/Src/model_handle.c:1080:13:countdown_tick	16	static
../Core/Src/model_handle.c:1103:17:CD_CRC	24	static
../Core/Src/model_handle.c:1108:13:SaveCountdown	24	static
../Core/Src/model_handle.c:1118:6:ModelHandle_LoadCountdown	24	static
../Core/Src/model_handle.c:1133:6:ModelHandle_StartTwist	32	static
../Core/Src/model_handle.c:1152:6:ModelHandle_StopTwist	8	static
../Core/Src/model_handle.c:1159:13:twist_time_logic	8	static
../Core/Src/model_handle.c:1180:13:twist_tick	16	static
../Core/Src/model_handle.c:1207:13:protections_tick	8	static
../Core/Src/model_handle.c:1212:13:leds_from_model	16	static
../Core/Src/model_handle.c:1233:6:ModelHandle_Process	8	static
../Core/Src/model_handle.c:1322:6:ModelHandle_ResetAll	8	static
../Core/Src/model_handle.c:1334:6:ModelHandle_SetUserSettings	24	static
../Core/Src/model_handle.c:1351:16:AUTO_CRC	24	static
../Core/Src/model_handle.c:1357:13:SaveAutoRuntime	32	static
../Core/Src/model_handle.c:1371:6:ModelHandle_SetAutoSettings	16	static
../Core/Src/model_handle.c:1382:6:ModelHandle_IsAutoActive	4	static
../Core/Src/model_handle.c:1386:6:ModelHandle_SaveCurrentStateToEEPROM	24	static
../Core/Src/model_handle.c:1400:6:ModelHandle_SetTimerSlot	24	static
../Core/Src/model_handle.c:1412:6:ModelHandle_SetDryRun	16	static
../Core/Src/model_handle.c:1416:6:ModelHandle_SetOverLoad	16	static
../Core/Src/model_handle.c:1420:6:ModelHandle_SetOverUnderVolt	16	static
../Core/Src/model_handle.c:1433:6:ModelHandle_ClearMaxRunFlag	4	static
../Core/Src/model_handle.c:1437:18:ModelHandle_GetTimerSlots	4	static
../Core/Src/model_handle.c:1441:6:ModelHandle_ProcessUartCommand	16	static
../Core/Src/model_handle.c:1445:6:ModelHandle_IsOverload	4	static
../Core/Src/model_handle.c:1449:6:ModelHandle_IsUnderload	4	static
../Core/Src/model_handle.c:1453:6:ModelHandle_IsDryRunActive	4	static
../Core/Src/model_handle.c:1457:6:ModelHandle_IsVoltageFault	4	static
../Core/Src/model_handle.c:1461:6:ModelHandle_IsMaxRunReached	4	static
