../Core/Src/model_handle.c:59:24:now_ms	8	static
../Core/Src/model_handle.c:64:20:clear_all_modes	4	static
../Core/Src/model_handle.c:78:20:motor_apply	16	static
../Core/Src/model_handle.c:89:20:start_motor	8	static
../Core/Src/model_handle.c:90:20:stop_motor	8	static
../Core/Src/model_handle.c:92:6:Motor_GetStatus	4	static
../Core/Src/model_handle.c:100:6:ModelHandle_SetMotor	16	static
../Core/Src/model_handle.c:113:6:reset	8	static
../Core/Src/model_handle.c:132:20:isTankFull	24	static
../Core/Src/model_handle.c:173:6:ModelHandle_CheckDryRun	16	static
../Core/Src/model_handle.c:223:20:isAnyModeActive	4	static
../Core/Src/model_handle.c:233:6:ModelHandle_SoftDryRunHandler	16	static
../Core/Src/model_handle.c:331:6:ModelHandle_ProcessDryRun	8	static
../Core/Src/model_handle.c:335:6:ModelHandle_StartTimerNearestSlot	32	static
../Core/Src/model_handle.c:379:6:ModelHandle_ToggleManual	8	static
../Core/Src/model_handle.c:398:6:ModelHandle_StopAllModesAndMotor	8	static
../Core/Src/model_handle.c:410:6:ModelHandle_StopCountdown	8	static
../Core/Src/model_handle.c:417:6:ModelHandle_StartCountdown	16	static
../Core/Src/model_handle.c:435:13:countdown_tick	16	static
../Core/Src/model_handle.c:471:6:ModelHandle_StartTwist	24	static
../Core/Src/model_handle.c:497:6:ModelHandle_StopTwist	8	static
../Core/Src/model_handle.c:505:13:twist_time_logic	8	static
../Core/Src/model_handle.c:534:13:twist_tick	16	static
../Core/Src/model_handle.c:574:23:get_today_mask	16	static
../Core/Src/model_handle.c:589:13:timer_slot_should_run	32	static
../Core/Src/model_handle.c:613:13:timer_any_active_slot	16	static
../Core/Src/model_handle.c:628:6:ModelHandle_TimerRecalculateNow	16	static
../Core/Src/model_handle.c:650:6:ModelHandle_StartTimer	16	static
../Core/Src/model_handle.c:675:6:ModelHandle_StopTimer	8	static
../Core/Src/model_handle.c:682:13:timer_tick	16	static
../Core/Src/model_handle.c:715:6:ModelHandle_StartSemiAuto	8	static
../Core/Src/model_handle.c:727:6:ModelHandle_StopSemiAuto	8	static
../Core/Src/model_handle.c:755:6:ModelHandle_StartAuto	16	static
../Core/Src/model_handle.c:773:6:ModelHandle_StopAuto	8	static
../Core/Src/model_handle.c:782:13:auto_tick	16	static
../Core/Src/model_handle.c:856:13:protections_tick	8	static
../Core/Src/model_handle.c:869:13:leds_from_model	8	static
../Core/Src/model_handle.c:903:6:ModelHandle_Process	8	static
../Core/Src/model_handle.c:1014:6:ModelHandle_ResetAll	8	static
../Core/Src/model_handle.c:1032:6:ModelHandle_SetAutoSettings	16	static
../Core/Src/model_handle.c:1042:6:ModelHandle_IsAutoActive	4	static
../Core/Src/model_handle.c:1050:6:ModelHandle_SaveCurrentStateToEEPROM	24	static
