../Core/Src/model_handle.c:40:17:Timer_CRC16	24	static
../Core/Src/model_handle.c:273:10:ModelHandle_GetGapTime	4	static
../Core/Src/model_handle.c:274:10:ModelHandle_GetRetryCount	4	static
../Core/Src/model_handle.c:275:10:ModelHandle_GetUnderVolt	4	static
../Core/Src/model_handle.c:276:10:ModelHandle_GetOverVolt	4	static
../Core/Src/model_handle.c:277:10:ModelHandle_GetOverloadLimit	4	static
../Core/Src/model_handle.c:278:10:ModelHandle_GetUnderloadLimit	4	static
../Core/Src/model_handle.c:279:10:ModelHandle_GetMaxRunTime	4	static
../Core/Src/model_handle.c:280:6:EEPROM_WriteBlockSafe	40	static
../Core/Src/model_handle.c:294:17:SYS_CRC16	24	static
../Core/Src/model_handle.c:308:6:ModelHandle_SaveSettingsToEEPROM	32	static
../Core/Src/model_handle.c:327:6:ModelHandle_LoadSettingsFromEEPROM	32	static
../Core/Src/model_handle.c:349:6:ModelHandle_SaveModeState	8	static
../Core/Src/model_handle.c:361:13:backup_current_mode	4	static
../Core/Src/model_handle.c:369:13:restore_previous_mode	8	static
../Core/Src/model_handle.c:399:6:ModelHandle_StopRestart	8	static
../Core/Src/model_handle.c:409:6:ModelHandle_LoadModeState	16	static
../Core/Src/model_handle.c:449:6:ModelHandle_SaveTimerToEEPROM	56	static
../Core/Src/model_handle.c:462:6:ModelHandle_LoadTimerFromEEPROM	56	static
../Core/Src/model_handle.c:471:6:Timer_EEPROM_EnsureValid	48	static
../Core/Src/model_handle.c:482:13:is_schedule_allowing_run	8	static
../Core/Src/model_handle.c:489:16:read_raw_tank_level	16	static
../Core/Src/model_handle.c:501:16:get_tank_level_percent	16	static
../Core/Src/model_handle.c:527:13:isTankFull	8	static
../Core/Src/model_handle.c:532:6:ModelHandle_StartRestart	8	static
../Core/Src/model_handle.c:546:6:ModelHandle_TimerRecalculateNow	8	static
../Core/Src/model_handle.c:551:6:ModelHandle_ProcessDryRun	8	static
../Core/Src/model_handle.c:555:9:ModelHandle_GetPowerRestoreMode	4	static
../Core/Src/model_handle.c:559:6:ModelHandle_SetPowerRestoreMode	16	static
../Core/Src/model_handle.c:565:6:ModelHandle_SetDryRunTime	16	static
../Core/Src/model_handle.c:574:6:ModelHandle_ToggleManual	8	static
../Core/Src/model_handle.c:599:6:ModelHandle_ManualToggleMotor	8	static
../Core/Src/model_handle.c:609:6:ModelHandle_SetDryRunAndRetry	16	static
../Core/Src/model_handle.c:620:6:ModelHandle_Button3_SinglePress	8	static
../Core/Src/model_handle.c:649:6:ModelHandle_StopAllModesAndMotor	8	static
../Core/Src/model_handle.c:655:6:ModelHandle_FactoryReset	8	static
../Core/Src/model_handle.c:666:6:ModelHandle_StartTimerNearestSlot	8	static
../Core/Src/model_handle.c:678:20:Buzzer_SetPin	16	static
../Core/Src/model_handle.c:683:13:Buzzer_StartEvent	16	static
../Core/Src/model_handle.c:689:13:Buzzer_TankEmptyPattern	16	static
../Core/Src/model_handle.c:705:13:Buzzer_TankFullPattern	16	static
../Core/Src/model_handle.c:720:13:Buzzer_Update	16	static
../Core/Src/model_handle.c:763:24:now_ms	8	static
../Core/Src/model_handle.c:767:6:ModelHandle_SetProtectionSettings	16	static
../Core/Src/model_handle.c:789:20:clear_all_modes	4	static
../Core/Src/model_handle.c:801:6:ModelHandle_OnPowerUp	16	static
../Core/Src/model_handle.c:832:20:Motor_IsRelayOn	8	static
../Core/Src/model_handle.c:836:13:Motor_StartAllowed	4	static
../Core/Src/model_handle.c:847:6:ModelHandle_IsRestartActive	4	static
../Core/Src/model_handle.c:852:20:motor_apply	24	static
../Core/Src/model_handle.c:877:6:Motor_GetStatus	8	static
../Core/Src/model_handle.c:881:20:start_motor	16	static
../Core/Src/model_handle.c:901:20:stop_motor	8	static
../Core/Src/model_handle.c:905:13:check_max_run	16	static
../Core/Src/model_handle.c:923:6:ModelHandle_Button4_SinglePress	16	static
../Core/Src/model_handle.c:949:6:ModelHandle_CheckDryRun	16	static
../Core/Src/model_handle.c:967:6:ModelHandle_CheckGroundWater	32	static
../Core/Src/model_handle.c:998:20:isAnyModeActive	4	static
../Core/Src/model_handle.c:1003:6:ModelHandle_SoftDryRunHandler	24	static
../Core/Src/model_handle.c:1068:24:get_load_lock_duration_ms	4	static
../Core/Src/model_handle.c:1075:6:ModelHandle_CheckLoadFault	32	static
../Core/Src/model_handle.c:1154:16:get_today_mask	16	static
../Core/Src/model_handle.c:1160:13:slot_is_active_now	32	static
../Core/Src/model_handle.c:1176:13:timer_any_active_slot	16	static
../Core/Src/model_handle.c:1183:17:get_active_timer_gap_minutes	32	static
../Core/Src/model_handle.c:1214:6:ModelHandle_SaveBuzzerSettings	8	static
../Core/Src/model_handle.c:1220:6:ModelHandle_LoadBuzzerSettings	8	static
../Core/Src/model_handle.c:1227:6:ModelHandle_ProcessTimerSlots	24	static
../Core/Src/model_handle.c:1316:6:ModelHandle_StartTimer	8	static
../Core/Src/model_handle.c:1321:6:ModelHandle_StopTimer	8	static
../Core/Src/model_handle.c:1329:6:ModelHandle_CheckAutoTimerActivation	8	static
../Core/Src/model_handle.c:1339:6:ModelHandle_StartSemiAuto	8	static
../Core/Src/model_handle.c:1353:6:ModelHandle_StopSemiAuto	8	static
../Core/Src/model_handle.c:1359:6:ModelHandle_StartAuto	16	static
../Core/Src/model_handle.c:1374:6:ModelHandle_StopAuto	8	static
../Core/Src/model_handle.c:1384:6:ModelHandle_LoadAutoSettings	8	static
../Core/Src/model_handle.c:1412:13:auto_mode_background_control	16	static
../Core/Src/model_handle.c:1450:6:ModelHandle_SetBuzzerSettings	16	static
../Core/Src/model_handle.c:1459:13:auto_tick	24	static
../Core/Src/model_handle.c:1573:6:ModelHandle_StartCountdown	24	static
../Core/Src/model_handle.c:1600:6:ModelHandle_StopCountdown	8	static
../Core/Src/model_handle.c:1611:17:CD_CRC	24	static
../Core/Src/model_handle.c:1617:13:SaveCountdown	24	static
../Core/Src/model_handle.c:1640:6:ModelHandle_LoadCountdown	24	static
../Core/Src/model_handle.c:1660:6:ModelHandle_StartTwist	32	static
../Core/Src/model_handle.c:1680:6:ModelHandle_StopTwist	8	static
../Core/Src/model_handle.c:1688:13:twist_tick	16	static
../Core/Src/model_handle.c:1720:13:leds_from_model	16	static
../Core/Src/model_handle.c:1754:6:ModelHandle_Process	16	static
../Core/Src/model_handle.c:1955:13:ModelHandle_GetDryState	4	static
../Core/Src/model_handle.c:1959:6:ModelHandle_ResetAll	8	static
../Core/Src/model_handle.c:1971:6:ModelHandle_SetUserSettings	136	static
../Core/Src/model_handle.c:2040:6:ModelHandle_SetAutoSettings	16	static
../Core/Src/model_handle.c:2052:6:ModelHandle_IsAutoActive	4	static
../Core/Src/model_handle.c:2056:6:ModelHandle_SaveCurrentStateToEEPROM	24	static
../Core/Src/model_handle.c:2068:6:ModelHandle_SetTimerSlot	16	static
../Core/Src/model_handle.c:2078:6:ModelHandle_SetDryRun	16	static
../Core/Src/model_handle.c:2082:6:ModelHandle_SetOverLoad	16	static
../Core/Src/model_handle.c:2089:6:ModelHandle_SetOverUnderVolt	16	static
../Core/Src/model_handle.c:2105:6:ModelHandle_ClearMaxRunFlag	4	static
../Core/Src/model_handle.c:2109:18:ModelHandle_GetTimerSlots	4	static
../Core/Src/model_handle.c:2113:6:ModelHandle_ProcessUartCommand	16	static
../Core/Src/model_handle.c:2117:6:ModelHandle_IsOverload	4	static
../Core/Src/model_handle.c:2121:6:ModelHandle_IsUnderload	4	static
../Core/Src/model_handle.c:2125:6:ModelHandle_IsDryRunActive	4	static
../Core/Src/model_handle.c:2129:6:ModelHandle_IsVoltageFault	4	static
../Core/Src/model_handle.c:2133:6:ModelHandle_IsMaxRunReached	4	static
../Core/Src/model_handle.c:2138:9:ModelHandle_GetTankLevelPercent	8	static
../Core/Src/model_handle.c:2143:6:ModelHandle_IsTankFull	8	static
../Core/Src/model_handle.c:2147:6:ModelHandle_IsManualActive	4	static
../Core/Src/model_handle.c:2151:10:ModelHandle_GetAutoGap	4	static
../Core/Src/model_handle.c:2156:10:ModelHandle_GetAutoMaxRun	4	static
../Core/Src/model_handle.c:2161:9:ModelHandle_GetAutoRetry	4	static
