../Drivers/CMSIS/Include/core_cm3.h:1762:34:__NVIC_SystemReset	4	static,ignoring_inline_asm
../Core/Src/model_handle.c:62:24:now_ms	8	static
../Core/Src/model_handle.c:67:20:clear_all_modes	4	static
../Core/Src/model_handle.c:77:13:Safe_SendStatusPacket	16	static
../Core/Src/model_handle.c:92:20:motor_apply	16	static
../Core/Src/model_handle.c:116:20:start_motor	8	static
../Core/Src/model_handle.c:121:20:stop_motor_keep_modes	8	static
../Core/Src/model_handle.c:126:6:Motor_GetStatus	4	static
../Core/Src/model_handle.c:131:6:ModelHandle_SetMotor	16	static
../Core/Src/model_handle.c:151:6:ModelHandle_CheckDryRun	16	static
../Core/Src/model_handle.c:171:20:isTankFull	16	static
../Core/Src/model_handle.c:204:6:ModelHandle_ToggleManual	8	static
../Core/Src/model_handle.c:222:6:ModelHandle_StopAllModesAndMotor	8	static
../Core/Src/model_handle.c:227:6:ModelHandle_ClearManualOverride	4	static
../Core/Src/model_handle.c:231:6:ModelHandle_TriggerAuxBurst	16	static
../Core/Src/model_handle.c:241:6:ModelHandle_ManualLongPress	8	static
../Core/Src/model_handle.c:248:20:isAnyModeActive	4	static
../Core/Src/model_handle.c:257:6:ModelHandle_SoftDryRunHandler	16	static
../Core/Src/model_handle.c:395:6:ModelHandle_ProcessDryRun	8	static
../Core/Src/model_handle.c:426:6:ModelHandle_StopCountdown	8	static
../Core/Src/model_handle.c:437:13:countdown_start_one_run	8	static
../Core/Src/model_handle.c:446:6:ModelHandle_StartCountdown	16	static
../Core/Src/model_handle.c:470:13:countdown_tick	16	static
../Core/Src/model_handle.c:504:6:ModelHandle_StartTwist	24	static
../Core/Src/model_handle.c:527:6:ModelHandle_StopTwist	8	static
../Core/Src/model_handle.c:534:13:twist_tick	16	static
../Core/Src/model_handle.c:618:6:ModelHandle_StartSearch	24	static
../Core/Src/model_handle.c:639:6:ModelHandle_StopSearch	8	static
../Core/Src/model_handle.c:651:13:search_tick	16	static
../Core/Src/model_handle.c:782:6:ModelHandle_TimerRecalculateNow	40	static
../Core/Src/model_handle.c:838:17:toSec	16	static
../Core/Src/model_handle.c:844:6:ModelHandle_SetTimerSlot	24	static
../Core/Src/model_handle.c:864:13:timer_any_slot_should_run	24	static
../Core/Src/model_handle.c:901:6:ModelHandle_StopTimer	8	static
../Core/Src/model_handle.c:910:6:ModelHandle_StartTimer	16	static
../Core/Src/model_handle.c:926:13:timer_tick	16	static
../Core/Src/model_handle.c:966:6:ModelHandle_StartSemiAuto	8	static
../Core/Src/model_handle.c:976:6:ModelHandle_StopSemiAuto	8	static
../Core/Src/model_handle.c:982:13:semi_auto_tick	8	static
../Core/Src/model_handle.c:1001:13:protections_tick	8	static
../Core/Src/model_handle.c:1036:13:leds_from_model	8	static
../Core/Src/model_handle.c:1070:13:twist_time_logic	8	static
../Core/Src/model_handle.c:1101:6:ModelHandle_Process	8	static
../Core/Src/model_handle.c:1131:6:ModelHandle_ProcessUartCommand	32	static
../Core/Src/model_handle.c:1209:6:ModelHandle_ResetAll	16	static
../Core/Src/model_handle.c:1249:6:ModelHandle_SaveCurrentStateToEEPROM	16	static
