../Core/Src/model_handle.c:32:17:Timer_CRC16	24	static
../Core/Src/model_handle.c:211:6:EEPROM_WriteBlockSafe	40	static
../Core/Src/model_handle.c:241:17:SYS_CRC16	24	static
../Core/Src/model_handle.c:258:6:ModelHandle_SaveSettingsToEEPROM	32	static
../Core/Src/model_handle.c:279:6:ModelHandle_LoadSettingsFromEEPROM	32	static
../Core/Src/model_handle.c:304:6:ModelHandle_SaveModeState	8	static
../Core/Src/model_handle.c:317:13:backup_current_mode	4	static
../Core/Src/model_handle.c:325:13:restore_previous_mode	8	static
../Core/Src/model_handle.c:358:13:request_mode_switch	16	static
../Core/Src/model_handle.c:365:6:ModelHandle_StopRestart	8	static
../Core/Src/model_handle.c:376:6:ModelHandle_LoadModeState	8	static
../Core/Src/model_handle.c:396:6:ModelHandle_SaveTimerToEEPROM	64	static
../Core/Src/model_handle.c:412:6:ModelHandle_LoadTimerFromEEPROM	64	static
../Core/Src/model_handle.c:424:6:Timer_EEPROM_EnsureValid	56	static
../Core/Src/model_handle.c:439:13:is_schedule_allowing_run	8	static
../Core/Src/model_handle.c:447:16:read_raw_tank_level	16	static
../Core/Src/model_handle.c:459:16:get_tank_level_percent	16	static
../Core/Src/model_handle.c:485:13:isTankFull	8	static
../Core/Src/model_handle.c:499:6:ModelHandle_StartRestart	8	static
../Core/Src/model_handle.c:517:6:ModelHandle_TimerRecalculateNow	8	static
../Core/Src/model_handle.c:522:6:ModelHandle_ProcessDryRun	8	static
../Core/Src/model_handle.c:526:10:ModelHandle_GetGapTime	4	static
../Core/Src/model_handle.c:527:10:ModelHandle_GetRetryCount	4	static
../Core/Src/model_handle.c:528:10:ModelHandle_GetUnderVolt	4	static
../Core/Src/model_handle.c:529:10:ModelHandle_GetOverVolt	4	static
../Core/Src/model_handle.c:530:10:ModelHandle_GetOverloadLimit	8	static
../Core/Src/model_handle.c:531:10:ModelHandle_GetUnderloadLimit	8	static
../Core/Src/model_handle.c:532:10:ModelHandle_GetMaxRunTime	4	static
../Core/Src/model_handle.c:533:9:ModelHandle_GetPowerRestoreMode	4	static
../Core/Src/model_handle.c:537:6:ModelHandle_SetPowerRestoreMode	16	static
../Core/Src/model_handle.c:543:6:ModelHandle_ToggleManual	8	static
../Core/Src/model_handle.c:568:6:ModelHandle_ManualToggleMotor	8	static
../Core/Src/model_handle.c:580:6:ModelHandle_StopAllModesAndMotor	8	static
../Core/Src/model_handle.c:586:6:ModelHandle_FactoryReset	8	static
../Core/Src/model_handle.c:597:6:ModelHandle_StartTimerNearestSlot	8	static
../Core/Src/model_handle.c:602:20:Buzzer_SetPin	16	static
../Core/Src/model_handle.c:607:13:Buzzer_TriggerAlert	8	static
../Core/Src/model_handle.c:612:13:Buzzer_Update	24	static
../Core/Src/model_handle.c:649:24:now_ms	8	static
../Core/Src/model_handle.c:653:20:clear_all_modes	4	static
../Core/Src/model_handle.c:669:6:ModelHandle_OnPowerUp	16	static
../Core/Src/model_handle.c:697:20:Motor_IsRelayOn	8	static
../Core/Src/model_handle.c:701:13:Motor_StartAllowed	4	static
../Core/Src/model_handle.c:706:6:ModelHandle_IsRestartActive	4	static
../Core/Src/model_handle.c:711:20:motor_apply	24	static
../Core/Src/model_handle.c:740:6:Motor_GetStatus	8	static
../Core/Src/model_handle.c:744:20:start_motor	16	static
../Core/Src/model_handle.c:758:20:stop_motor	8	static
../Core/Src/model_handle.c:762:13:check_max_run	16	static
../Core/Src/model_handle.c:782:6:ModelHandle_CheckDryRun	16	static
../Core/Src/model_handle.c:795:6:ModelHandle_CheckGroundWater	16	static
../Core/Src/model_handle.c:803:20:isAnyModeActive	4	static
../Core/Src/model_handle.c:808:6:ModelHandle_SoftDryRunHandler	24	static
../Core/Src/model_handle.c:869:24:get_load_lock_duration_ms	4	static
../Core/Src/model_handle.c:876:6:ModelHandle_CheckLoadFault	32	static
../Core/Src/model_handle.c:962:16:get_today_mask	16	static
../Core/Src/model_handle.c:968:13:slot_is_active_now	32	static
../Core/Src/model_handle.c:993:13:timer_any_active_slot	16	static
../Core/Src/model_handle.c:1000:17:get_active_timer_gap_minutes	32	static
../Core/Src/model_handle.c:1021:6:ModelHandle_SaveBuzzerSettings	8	static
../Core/Src/model_handle.c:1027:6:ModelHandle_LoadBuzzerSettings	8	static
../Core/Src/model_handle.c:1034:6:ModelHandle_ProcessTimerSlots	24	static
../Core/Src/model_handle.c:1150:6:ModelHandle_StartTimer	8	static
../Core/Src/model_handle.c:1155:6:ModelHandle_StopTimer	8	static
../Core/Src/model_handle.c:1163:6:ModelHandle_CheckAutoTimerActivation	8	static
../Core/Src/model_handle.c:1173:6:ModelHandle_StartSemiAuto	8	static
../Core/Src/model_handle.c:1185:6:ModelHandle_StopSemiAuto	8	static
../Core/Src/model_handle.c:1191:6:ModelHandle_StartAuto	24	static
../Core/Src/model_handle.c:1216:6:ModelHandle_StopAuto	8	static
../Core/Src/model_handle.c:1228:6:ModelHandle_LoadAutoSettings	8	static
../Core/Src/model_handle.c:1262:13:auto_mode_background_control	16	static
../Core/Src/model_handle.c:1293:13:auto_tick	32	static
../Core/Src/model_handle.c:1415:6:ModelHandle_StartCountdown	16	static
../Core/Src/model_handle.c:1430:6:ModelHandle_StopCountdown	8	static
../Core/Src/model_handle.c:1440:13:countdown_tick	32	static
../Core/Src/model_handle.c:1497:17:CD_CRC	24	static
../Core/Src/model_handle.c:1503:13:SaveCountdown	24	static
../Core/Src/model_handle.c:1527:6:ModelHandle_LoadCountdown	24	static
../Core/Src/model_handle.c:1547:6:ModelHandle_StartTwist	32	static
../Core/Src/model_handle.c:1567:6:ModelHandle_StopTwist	8	static
../Core/Src/model_handle.c:1575:13:twist_tick	16	static
../Core/Src/model_handle.c:1595:13:leds_from_model	16	static
../Core/Src/model_handle.c:1626:6:ModelHandle_Process	32	static
../Core/Src/model_handle.c:1857:13:ModelHandle_GetDryState	4	static
../Core/Src/model_handle.c:1862:6:ModelHandle_ResetAll	8	static
../Core/Src/model_handle.c:1874:6:ModelHandle_SetUserSettings	32	static
../Core/Src/model_handle.c:1904:6:ModelHandle_SetAutoSettings	16	static
../Core/Src/model_handle.c:1918:6:ModelHandle_IsAutoActive	4	static
../Core/Src/model_handle.c:1922:6:ModelHandle_SaveCurrentStateToEEPROM	24	static
../Core/Src/model_handle.c:1936:6:ModelHandle_SetTimerSlot	16	static
../Core/Src/model_handle.c:1947:6:ModelHandle_SetDryRun	16	static
../Core/Src/model_handle.c:1951:6:ModelHandle_SetOverLoad	16	static
../Core/Src/model_handle.c:1955:6:ModelHandle_SetOverUnderVolt	16	static
../Core/Src/model_handle.c:1968:6:ModelHandle_ClearMaxRunFlag	4	static
../Core/Src/model_handle.c:1972:18:ModelHandle_GetTimerSlots	4	static
../Core/Src/model_handle.c:1976:6:ModelHandle_ProcessUartCommand	16	static
../Core/Src/model_handle.c:1980:6:ModelHandle_IsOverload	4	static
../Core/Src/model_handle.c:1984:6:ModelHandle_IsUnderload	4	static
../Core/Src/model_handle.c:1988:6:ModelHandle_IsDryRunActive	4	static
../Core/Src/model_handle.c:1992:6:ModelHandle_IsVoltageFault	4	static
../Core/Src/model_handle.c:1996:6:ModelHandle_IsMaxRunReached	4	static
../Core/Src/model_handle.c:2001:9:ModelHandle_GetTankLevelPercent	8	static
../Core/Src/model_handle.c:2006:6:ModelHandle_IsTankFull	8	static
../Core/Src/model_handle.c:2010:6:ModelHandle_IsManualActive	4	static
../Core/Src/model_handle.c:2014:10:ModelHandle_GetAutoGap	4	static
../Core/Src/model_handle.c:2019:10:ModelHandle_GetAutoMaxRun	4	static
../Core/Src/model_handle.c:2024:9:ModelHandle_GetAutoRetry	4	static
