../Core/Src/model_handle.c:52:17:Timer_CRC16	24	static
../Core/Src/model_handle.c:183:6:ModelHandle_SaveSettingsToEEPROM	16	static
../Core/Src/model_handle.c:200:6:ModelHandle_LoadSettingsFromEEPROM	16	static
../Core/Src/model_handle.c:223:6:ModelHandle_SaveModeState	8	static
../Core/Src/model_handle.c:240:6:ModelHandle_LoadModeState	8	static
../Core/Src/model_handle.c:265:6:ModelHandle_SaveTimerToEEPROM	64	static
../Core/Src/model_handle.c:285:6:ModelHandle_LoadTimerFromEEPROM	72	static
../Core/Src/model_handle.c:316:6:Timer_EEPROM_EnsureValid	56	static
../Core/Src/model_handle.c:360:13:isTankFull	24	static
../Core/Src/model_handle.c:402:6:ModelHandle_TimerRecalculateNow	8	static
../Core/Src/model_handle.c:408:6:ModelHandle_ProcessDryRun	8	static
../Core/Src/model_handle.c:414:10:ModelHandle_GetGapTime	4	static
../Core/Src/model_handle.c:415:10:ModelHandle_GetRetryCount	4	static
../Core/Src/model_handle.c:416:10:ModelHandle_GetUnderVolt	4	static
../Core/Src/model_handle.c:417:10:ModelHandle_GetOverVolt	4	static
../Core/Src/model_handle.c:418:10:ModelHandle_GetOverloadLimit	8	static
../Core/Src/model_handle.c:419:10:ModelHandle_GetUnderloadLimit	8	static
../Core/Src/model_handle.c:420:10:ModelHandle_GetMaxRunTime	4	static
../Core/Src/model_handle.c:422:9:ModelHandle_GetPowerRestoreMode	4	static
../Core/Src/model_handle.c:427:6:ModelHandle_SetPowerRestoreMode	16	static
../Core/Src/model_handle.c:435:6:ModelHandle_ToggleManual	8	static
../Core/Src/model_handle.c:443:6:ModelHandle_StopAllModesAndMotor	8	static
../Core/Src/model_handle.c:451:6:ModelHandle_FactoryReset	8	static
../Core/Src/model_handle.c:465:6:ModelHandle_StartTimerNearestSlot	8	static
../Core/Src/model_handle.c:471:20:Buzzer_SetPin	16	static
../Core/Src/model_handle.c:479:13:Buzzer_TriggerAlert	8	static
../Core/Src/model_handle.c:484:13:Buzzer_Update	24	static
../Core/Src/model_handle.c:509:6:reset	16	static
../Core/Src/model_handle.c:580:24:now_ms	8	static
../Core/Src/model_handle.c:585:20:clear_all_modes	4	static
../Core/Src/model_handle.c:603:6:ModelHandle_OnPowerUp	8	static
../Core/Src/model_handle.c:608:13:Motor_StartAllowed	8	static
../Core/Src/model_handle.c:613:20:Motor_GetStatusInternal	4	static
../Core/Src/model_handle.c:618:6:Motor_GetStatus	8	static
../Core/Src/model_handle.c:623:20:motor_apply	24	static
../Core/Src/model_handle.c:642:20:start_motor	8	static
../Core/Src/model_handle.c:643:20:stop_motor	8	static
../Core/Src/model_handle.c:653:13:check_max_run	16	static
../Core/Src/model_handle.c:675:6:ModelHandle_CheckDryRun	16	static
../Core/Src/model_handle.c:712:20:isAnyModeActive	4	static
../Core/Src/model_handle.c:718:6:ModelHandle_SoftDryRunHandler	24	static
../Core/Src/model_handle.c:825:24:get_load_lock_duration_ms	4	static
../Core/Src/model_handle.c:832:6:ModelHandle_CheckLoadFault	32	static
../Core/Src/model_handle.c:917:16:get_today_mask	16	static
../Core/Src/model_handle.c:924:13:slot_is_active_now	32	static
../Core/Src/model_handle.c:937:13:timer_any_active_slot	16	static
../Core/Src/model_handle.c:945:17:get_active_timer_gap_minutes	32	static
../Core/Src/model_handle.c:969:17:timer_get_gap_ms	16	static
../Core/Src/model_handle.c:991:6:ModelHandle_ProcessTimerSlots	16	static
../Core/Src/model_handle.c:1063:6:ModelHandle_StartTimer	8	static
../Core/Src/model_handle.c:1071:6:ModelHandle_StopTimer	8	static
../Core/Src/model_handle.c:1081:6:ModelHandle_CheckAutoTimerActivation	8	static
../Core/Src/model_handle.c:1095:6:ModelHandle_StartSemiAuto	8	static
../Core/Src/model_handle.c:1106:6:ModelHandle_StopSemiAuto	8	static
../Core/Src/model_handle.c:1131:6:ModelHandle_StartAuto	16	static
../Core/Src/model_handle.c:1147:6:ModelHandle_StopAuto	8	static
../Core/Src/model_handle.c:1157:13:auto_tick	16	static
../Core/Src/model_handle.c:1222:6:ModelHandle_StartCountdown	16	static
../Core/Src/model_handle.c:1236:6:ModelHandle_StopCountdown	8	static
../Core/Src/model_handle.c:1246:13:countdown_tick	16	static
../Core/Src/model_handle.c:1279:17:CD_CRC	24	static
../Core/Src/model_handle.c:1284:13:SaveCountdown	24	static
../Core/Src/model_handle.c:1295:6:ModelHandle_LoadCountdown	24	static
../Core/Src/model_handle.c:1320:6:ModelHandle_StartTwist	32	static
../Core/Src/model_handle.c:1343:6:ModelHandle_StopTwist	8	static
../Core/Src/model_handle.c:1351:13:twist_time_logic	8	static
../Core/Src/model_handle.c:1375:13:twist_tick	16	static
../Core/Src/model_handle.c:1401:13:protections_tick	8	static
../Core/Src/model_handle.c:1410:13:leds_from_model	16	static
../Core/Src/model_handle.c:1442:6:ModelHandle_Process	8	static
../Core/Src/model_handle.c:1543:6:ModelHandle_ResetAll	8	static
../Core/Src/model_handle.c:1565:6:ModelHandle_SetUserSettings	24	static
../Core/Src/model_handle.c:1587:6:ModelHandle_SetAutoSettings	16	static
../Core/Src/model_handle.c:1600:6:ModelHandle_LoadAutoSettings	8	static
../Core/Src/model_handle.c:1607:6:ModelHandle_IsAutoActive	4	static
../Core/Src/model_handle.c:1615:6:ModelHandle_SaveCurrentStateToEEPROM	24	static
../Core/Src/model_handle.c:1633:6:ModelHandle_SetTimerSlot	24	static
../Core/Src/model_handle.c:1652:6:ModelHandle_SetDryRun	16	static
../Core/Src/model_handle.c:1657:6:ModelHandle_SetOverLoad	16	static
../Core/Src/model_handle.c:1662:6:ModelHandle_SetOverUnderVolt	16	static
../Core/Src/model_handle.c:1676:6:ModelHandle_ClearMaxRunFlag	4	static
../Core/Src/model_handle.c:1683:18:ModelHandle_GetTimerSlots	4	static
../Core/Src/model_handle.c:1691:6:ModelHandle_ProcessUartCommand	16	static
