../Drivers/CMSIS/Include/core_cm3.h:1762:34:__NVIC_SystemReset	4	static,ignoring_inline_asm
../Core/Src/model_handle.c:74:24:now_ms	8	static
../Core/Src/model_handle.c:76:20:clear_all_modes	4	static
../Core/Src/model_handle.c:87:6:ModelHandle_ResetAll	8	static
../Core/Src/model_handle.c:109:10:ModelHandle_TimeToSeconds	16	static
../Core/Src/model_handle.c:112:6:ModelHandle_SecondsToTime	24	static
../Core/Src/model_handle.c:148:20:motor_apply	16	static
../Core/Src/model_handle.c:166:20:start_motor	8	static
../Core/Src/model_handle.c:171:20:stop_motor_keep_modes	8	static
../Core/Src/model_handle.c:174:6:ModelHandle_StopAllModesAndMotor	8	static
../Core/Src/model_handle.c:184:13:isTankFull	16	static
../Core/Src/model_handle.c:194:6:ModelHandle_TriggerAuxBurst	16	static
../Core/Src/model_handle.c:202:6:ModelHandle_AuxBurstActive	4	static
../Core/Src/model_handle.c:207:20:dry_raw_is_dry	24	static
../Core/Src/model_handle.c:217:6:ModelHandle_ToggleManual	16	static
../Core/Src/model_handle.c:234:6:ModelHandle_ManualLongPress	8	static
../Core/Src/model_handle.c:252:6:ModelHandle_StopCountdown	8	static
../Core/Src/model_handle.c:262:13:countdown_start_one_run	8	static
../Core/Src/model_handle.c:269:6:ModelHandle_StartCountdown	16	static
../Core/Src/model_handle.c:285:13:countdown_tick	16	static
../Core/Src/model_handle.c:334:20:isDryLowSupply_debounced	16	static
../Core/Src/model_handle.c:350:20:twist_arm_priming	8	static
../Core/Src/model_handle.c:361:6:ModelHandle_StartTwist	16	static
../Core/Src/model_handle.c:379:6:ModelHandle_StopTwist	8	static
../Core/Src/model_handle.c:388:6:twist_tick	16	static
../Core/Src/model_handle.c:464:6:ModelHandle_StartSearch	16	static
../Core/Src/model_handle.c:482:6:ModelHandle_StopSearch	8	static
../Core/Src/model_handle.c:489:20:isDryDebounced_RUN	8	static
../Core/Src/model_handle.c:498:13:search_tick	16	static
../Core/Src/model_handle.c:551:17:seconds_since_midnight	8	static
../Core/Src/model_handle.c:558:13:timer_tick	32	static
../Core/Src/model_handle.c:617:6:ModelHandle_StartSemiAuto	8	static
../Core/Src/model_handle.c:630:6:ModelHandle_StopSemiAuto	8	static
../Core/Src/model_handle.c:636:13:semi_auto_tick	8	static
../Core/Src/model_handle.c:655:13:protections_tick	16	static
../Core/Src/model_handle.c:707:13:leds_from_model	8	static
../Core/Src/model_handle.c:736:6:ModelHandle_SetMotor	16	static
../Core/Src/model_handle.c:746:6:ModelHandle_ClearManualOverride	4	static
../Core/Src/model_handle.c:747:6:Motor_GetStatus	4	static
../Core/Src/model_handle.c:752:6:ModelHandle_Process	16	static
../Core/Src/model_handle.c:778:6:ModelHandle_ProcessUartCommand	16	static
