../Core/Src/model_handle.c:143:6:ModelHandle_SaveSettingsToEEPROM	16	static
../Core/Src/model_handle.c:157:6:ModelHandle_LoadSettingsFromEEPROM	16	static
../Core/Src/model_handle.c:181:6:ModelHandle_SaveModeState	8	static
../Core/Src/model_handle.c:195:6:ModelHandle_LoadModeState	8	static
../Core/Src/model_handle.c:224:6:ModelHandle_SetPowerRestoreMode	16	static
../Core/Src/model_handle.c:232:9:ModelHandle_GetPowerRestoreMode	4	static
../Core/Src/model_handle.c:240:10:ModelHandle_GetGapTime	4	static
../Core/Src/model_handle.c:241:10:ModelHandle_GetRetryCount	4	static
../Core/Src/model_handle.c:242:10:ModelHandle_GetUnderVolt	4	static
../Core/Src/model_handle.c:243:10:ModelHandle_GetOverVolt	4	static
../Core/Src/model_handle.c:244:10:ModelHandle_GetOverloadLimit	4	static
../Core/Src/model_handle.c:245:10:ModelHandle_GetUnderloadLimit	4	static
../Core/Src/model_handle.c:246:10:ModelHandle_GetMaxRunTime	4	static
../Core/Src/model_handle.c:249:6:ModelHandle_SetUserSettings	24	static
../Core/Src/model_handle.c:270:6:ModelHandle_FactoryReset	8	static
../Core/Src/model_handle.c:286:24:now_ms	8	static
../Core/Src/model_handle.c:291:20:clear_all_modes	4	static
../Core/Src/model_handle.c:308:20:Motor_GetStatusInternal	4	static
../Core/Src/model_handle.c:313:6:Motor_GetStatus	8	static
../Core/Src/model_handle.c:319:6:ModelHandle_OnPowerUp	8	static
../Core/Src/model_handle.c:324:13:Motor_StartAllowed	8	static
../Core/Src/model_handle.c:329:20:motor_apply	24	static
../Core/Src/model_handle.c:348:20:start_motor	8	static
../Core/Src/model_handle.c:349:20:stop_motor	8	static
../Core/Src/model_handle.c:356:20:Buzzer_SetPin	16	static
../Core/Src/model_handle.c:365:13:Buzzer_TriggerAlert	16	static
../Core/Src/model_handle.c:375:13:Buzzer_Update	32	static
../Core/Src/model_handle.c:424:13:check_max_run	16	static
../Core/Src/model_handle.c:451:6:ModelHandle_SetMotor	16	static
../Core/Src/model_handle.c:463:6:ModelHandle_ToggleManual	8	static
../Core/Src/model_handle.c:488:6:ModelHandle_ClearManualOverride	4	static
../Core/Src/model_handle.c:494:6:ModelHandle_ManualLongPress	8	static
../Core/Src/model_handle.c:507:20:isTankFull	24	static
../Core/Src/model_handle.c:547:6:reset	16	static
../Core/Src/model_handle.c:629:20:isAnyModeActive	4	static
../Core/Src/model_handle.c:664:24:get_load_lock_duration_ms	4	static
../Core/Src/model_handle.c:673:6:ModelHandle_CheckLoadFault	56	static
../Core/Src/model_handle.c:801:6:ModelHandle_StopAllModesAndMotor	8	static
../Core/Src/model_handle.c:818:6:ModelHandle_CheckDryRun	16	static
../Core/Src/model_handle.c:848:6:ModelHandle_SoftDryRunHandler	24	static
../Core/Src/model_handle.c:971:6:ModelHandle_ProcessDryRun	8	static
../Core/Src/model_handle.c:979:10:ModelHandle_TimeToSeconds	16	static
../Core/Src/model_handle.c:984:6:ModelHandle_SecondsToTime	24	static
../Core/Src/model_handle.c:997:16:get_today_mask	16	static
../Core/Src/model_handle.c:1006:13:slot_is_active_now	24	static
../Core/Src/model_handle.c:1033:13:timer_any_active_slot	16	static
../Core/Src/model_handle.c:1044:17:get_active_timer_gap_minutes	24	static
../Core/Src/model_handle.c:1076:6:ModelHandle_StartTimerNearestSlot	32	static
../Core/Src/model_handle.c:1111:6:ModelHandle_ProcessTimerSlots	8	static
../Core/Src/model_handle.c:1127:6:ModelHandle_TimerRecalculateNow	8	static
../Core/Src/model_handle.c:1141:6:ModelHandle_StartTimer	8	static
../Core/Src/model_handle.c:1149:6:ModelHandle_StopTimer	8	static
../Core/Src/model_handle.c:1159:6:ModelHandle_CheckAutoTimerActivation	8	static
../Core/Src/model_handle.c:1174:6:ModelHandle_StartSemiAuto	8	static
../Core/Src/model_handle.c:1187:6:ModelHandle_StopSemiAuto	8	static
../Core/Src/model_handle.c:1216:6:ModelHandle_StartAuto	16	static
../Core/Src/model_handle.c:1235:6:ModelHandle_StopAuto	8	static
../Core/Src/model_handle.c:1248:13:auto_tick	16	static
../Core/Src/model_handle.c:1317:6:ModelHandle_StopCountdown	8	static
../Core/Src/model_handle.c:1326:6:ModelHandle_StartCountdown	16	static
../Core/Src/model_handle.c:1348:13:countdown_tick	16	static
../Core/Src/model_handle.c:1384:6:ModelHandle_StartTwist	40	static
../Core/Src/model_handle.c:1416:6:ModelHandle_StopTwist	8	static
../Core/Src/model_handle.c:1425:13:twist_time_logic	8	static
../Core/Src/model_handle.c:1454:13:twist_tick	16	static
../Core/Src/model_handle.c:1494:13:protections_tick	8	static
../Core/Src/model_handle.c:1515:13:leds_from_model	16	static
../Core/Src/model_handle.c:1566:6:ModelHandle_Process	8	static
../Core/Src/model_handle.c:1686:6:ModelHandle_ResetAll	8	static
../Core/Src/model_handle.c:1705:6:ModelHandle_SetAutoSettings	16	static
../Core/Src/model_handle.c:1716:6:ModelHandle_LoadAutoSettings	8	static
../Core/Src/model_handle.c:1723:6:ModelHandle_IsAutoActive	4	static
../Core/Src/model_handle.c:1731:6:ModelHandle_SaveCurrentStateToEEPROM	24	static
../Core/Src/model_handle.c:1750:6:ModelHandle_SetTimerSlot	16	static
../Core/Src/model_handle.c:1765:6:ModelHandle_SetDryRun	16	static
../Core/Src/model_handle.c:1773:6:ModelHandle_SetOverLoad	16	static
../Core/Src/model_handle.c:1781:6:ModelHandle_SetOverUnderVolt	16	static
../Core/Src/model_handle.c:1795:6:ModelHandle_ClearMaxRunFlag	4	static
../Core/Src/model_handle.c:1803:6:ModelHandle_ProcessUartCommand	16	static
