../Core/Src/model_handle.c:40:17:Timer_CRC16	24	static
../Core/Src/model_handle.c:275:6:EEPROM_WriteBlockSafe	40	static
../Core/Src/model_handle.c:289:17:SYS_CRC16	24	static
../Core/Src/model_handle.c:305:6:ModelHandle_SaveSettingsToEEPROM	32	static
../Core/Src/model_handle.c:326:6:ModelHandle_LoadSettingsFromEEPROM	32	static
../Core/Src/model_handle.c:350:6:ModelHandle_SaveModeState	8	static
../Core/Src/model_handle.c:363:13:backup_current_mode	4	static
../Core/Src/model_handle.c:371:13:restore_previous_mode	8	static
../Core/Src/model_handle.c:402:6:ModelHandle_StopRestart	8	static
../Core/Src/model_handle.c:412:6:ModelHandle_LoadModeState	16	static
../Core/Src/model_handle.c:468:6:ModelHandle_SaveTimerToEEPROM	64	static
../Core/Src/model_handle.c:481:6:ModelHandle_LoadTimerFromEEPROM	64	static
../Core/Src/model_handle.c:490:6:Timer_EEPROM_EnsureValid	56	static
../Core/Src/model_handle.c:501:13:is_schedule_allowing_run	8	static
../Core/Src/model_handle.c:509:16:read_raw_tank_level	16	static
../Core/Src/model_handle.c:521:16:get_tank_level_percent	16	static
../Core/Src/model_handle.c:547:13:isTankFull	8	static
../Core/Src/model_handle.c:561:6:ModelHandle_StartRestart	8	static
../Core/Src/model_handle.c:579:6:ModelHandle_TimerRecalculateNow	8	static
../Core/Src/model_handle.c:584:6:ModelHandle_ProcessDryRun	8	static
../Core/Src/model_handle.c:588:10:ModelHandle_GetGapTime	4	static
../Core/Src/model_handle.c:589:10:ModelHandle_GetRetryCount	4	static
../Core/Src/model_handle.c:590:10:ModelHandle_GetUnderVolt	4	static
../Core/Src/model_handle.c:591:10:ModelHandle_GetOverVolt	4	static
../Core/Src/model_handle.c:592:10:ModelHandle_GetOverloadLimit	8	static
../Core/Src/model_handle.c:593:10:ModelHandle_GetUnderloadLimit	8	static
../Core/Src/model_handle.c:594:10:ModelHandle_GetMaxRunTime	4	static
../Core/Src/model_handle.c:595:9:ModelHandle_GetPowerRestoreMode	4	static
../Core/Src/model_handle.c:599:6:ModelHandle_SetPowerRestoreMode	16	static
../Core/Src/model_handle.c:605:6:ModelHandle_ToggleManual	8	static
../Core/Src/model_handle.c:630:6:ModelHandle_ManualToggleMotor	8	static
../Core/Src/model_handle.c:642:6:ModelHandle_StopAllModesAndMotor	8	static
../Core/Src/model_handle.c:648:6:ModelHandle_FactoryReset	8	static
../Core/Src/model_handle.c:659:6:ModelHandle_StartTimerNearestSlot	8	static
../Core/Src/model_handle.c:664:20:Buzzer_SetPin	16	static
../Core/Src/model_handle.c:669:13:Buzzer_StartEvent	16	static
../Core/Src/model_handle.c:676:13:Buzzer_Update	24	static
../Core/Src/model_handle.c:710:24:now_ms	8	static
../Core/Src/model_handle.c:714:20:clear_all_modes	4	static
../Core/Src/model_handle.c:726:6:ModelHandle_OnPowerUp	16	static
../Core/Src/model_handle.c:748:20:Motor_IsRelayOn	8	static
../Core/Src/model_handle.c:752:13:Motor_StartAllowed	4	static
../Core/Src/model_handle.c:757:6:ModelHandle_IsRestartActive	4	static
../Core/Src/model_handle.c:762:20:motor_apply	24	static
../Core/Src/model_handle.c:787:6:Motor_GetStatus	8	static
../Core/Src/model_handle.c:791:20:start_motor	16	static
../Core/Src/model_handle.c:812:20:stop_motor	8	static
../Core/Src/model_handle.c:816:13:check_max_run	16	static
../Core/Src/model_handle.c:835:6:ModelHandle_CheckDryRun	16	static
../Core/Src/model_handle.c:848:6:ModelHandle_CheckGroundWater	16	static
../Core/Src/model_handle.c:856:20:isAnyModeActive	4	static
../Core/Src/model_handle.c:861:6:ModelHandle_SoftDryRunHandler	24	static
../Core/Src/model_handle.c:910:24:get_load_lock_duration_ms	4	static
../Core/Src/model_handle.c:917:6:ModelHandle_CheckLoadFault	32	static
../Core/Src/model_handle.c:997:16:get_today_mask	16	static
../Core/Src/model_handle.c:1003:13:slot_is_active_now	32	static
../Core/Src/model_handle.c:1019:13:timer_any_active_slot	16	static
../Core/Src/model_handle.c:1026:17:get_active_timer_gap_minutes	32	static
../Core/Src/model_handle.c:1046:6:ModelHandle_SaveBuzzerSettings	8	static
../Core/Src/model_handle.c:1052:6:ModelHandle_LoadBuzzerSettings	8	static
../Core/Src/model_handle.c:1059:6:ModelHandle_ProcessTimerSlots	24	static
../Core/Src/model_handle.c:1149:6:ModelHandle_StartTimer	8	static
../Core/Src/model_handle.c:1154:6:ModelHandle_StopTimer	8	static
../Core/Src/model_handle.c:1162:6:ModelHandle_CheckAutoTimerActivation	8	static
../Core/Src/model_handle.c:1172:6:ModelHandle_StartSemiAuto	8	static
../Core/Src/model_handle.c:1186:6:ModelHandle_StopSemiAuto	8	static
../Core/Src/model_handle.c:1192:6:ModelHandle_StartAuto	24	static
../Core/Src/model_handle.c:1211:6:ModelHandle_StopAuto	8	static
../Core/Src/model_handle.c:1221:6:ModelHandle_LoadAutoSettings	8	static
../Core/Src/model_handle.c:1249:13:auto_mode_background_control	16	static
../Core/Src/model_handle.c:1279:13:auto_tick	24	static
../Core/Src/model_handle.c:1370:6:ModelHandle_StartCountdown	16	static
../Core/Src/model_handle.c:1385:6:ModelHandle_StopCountdown	8	static
../Core/Src/model_handle.c:1395:13:countdown_tick	16	static
../Core/Src/model_handle.c:1409:17:CD_CRC	24	static
../Core/Src/model_handle.c:1415:13:SaveCountdown	24	static
../Core/Src/model_handle.c:1438:6:ModelHandle_LoadCountdown	24	static
../Core/Src/model_handle.c:1458:6:ModelHandle_StartTwist	32	static
../Core/Src/model_handle.c:1478:6:ModelHandle_StopTwist	8	static
../Core/Src/model_handle.c:1486:13:twist_tick	16	static
../Core/Src/model_handle.c:1506:13:leds_from_model	16	static
../Core/Src/model_handle.c:1533:6:ModelHandle_Process	32	static
../Core/Src/model_handle.c:1921:13:ModelHandle_GetDryState	4	static
../Core/Src/model_handle.c:1925:6:ModelHandle_ResetAll	8	static
../Core/Src/model_handle.c:1937:6:ModelHandle_SetUserSettings	32	static
../Core/Src/model_handle.c:1963:6:ModelHandle_SetAutoSettings	16	static
../Core/Src/model_handle.c:1975:6:ModelHandle_IsAutoActive	4	static
../Core/Src/model_handle.c:1979:6:ModelHandle_SaveCurrentStateToEEPROM	24	static
../Core/Src/model_handle.c:1991:6:ModelHandle_SetTimerSlot	16	static
../Core/Src/model_handle.c:2001:6:ModelHandle_SetDryRun	16	static
../Core/Src/model_handle.c:2005:6:ModelHandle_SetOverLoad	16	static
../Core/Src/model_handle.c:2009:6:ModelHandle_SetOverUnderVolt	16	static
../Core/Src/model_handle.c:2022:6:ModelHandle_ClearMaxRunFlag	4	static
../Core/Src/model_handle.c:2026:18:ModelHandle_GetTimerSlots	4	static
../Core/Src/model_handle.c:2030:6:ModelHandle_ProcessUartCommand	16	static
../Core/Src/model_handle.c:2034:6:ModelHandle_IsOverload	4	static
../Core/Src/model_handle.c:2038:6:ModelHandle_IsUnderload	4	static
../Core/Src/model_handle.c:2042:6:ModelHandle_IsDryRunActive	4	static
../Core/Src/model_handle.c:2046:6:ModelHandle_IsVoltageFault	4	static
../Core/Src/model_handle.c:2050:6:ModelHandle_IsMaxRunReached	4	static
../Core/Src/model_handle.c:2055:9:ModelHandle_GetTankLevelPercent	8	static
../Core/Src/model_handle.c:2060:6:ModelHandle_IsTankFull	8	static
../Core/Src/model_handle.c:2064:6:ModelHandle_IsManualActive	4	static
../Core/Src/model_handle.c:2068:10:ModelHandle_GetAutoGap	4	static
../Core/Src/model_handle.c:2073:10:ModelHandle_GetAutoMaxRun	4	static
../Core/Src/model_handle.c:2078:9:ModelHandle_GetAutoRetry	4	static
