../Drivers/CMSIS/Include/core_cm3.h:1762:34:__NVIC_SystemReset	4	static,ignoring_inline_asm
../Core/Src/model_handle.c:62:24:now_ms	8	static
../Core/Src/model_handle.c:67:20:clear_all_modes	4	static
../Core/Src/model_handle.c:82:20:motor_apply	16	static
../Core/Src/model_handle.c:106:20:start_motor	8	static
../Core/Src/model_handle.c:111:20:stop_motor_keep_modes	8	static
../Core/Src/model_handle.c:116:6:Motor_GetStatus	4	static
../Core/Src/model_handle.c:121:6:ModelHandle_SetMotor	16	static
../Core/Src/model_handle.c:141:6:ModelHandle_CheckDryRun	16	static
../Core/Src/model_handle.c:161:20:isTankFull	16	static
../Core/Src/model_handle.c:175:13:Safe_SendStatusPacket	16	static
../Core/Src/model_handle.c:203:6:ModelHandle_ToggleManual	8	static
../Core/Src/model_handle.c:219:6:ModelHandle_StopAllModesAndMotor	8	static
../Core/Src/model_handle.c:224:6:ModelHandle_ClearManualOverride	4	static
../Core/Src/model_handle.c:228:6:ModelHandle_TriggerAuxBurst	16	static
../Core/Src/model_handle.c:238:6:ModelHandle_ManualLongPress	8	static
../Core/Src/model_handle.c:245:20:isAnyModeActive	4	static
../Core/Src/model_handle.c:254:6:ModelHandle_SoftDryRunHandler	16	static
../Core/Src/model_handle.c:392:6:ModelHandle_ProcessDryRun	8	static
../Core/Src/model_handle.c:423:6:ModelHandle_StopCountdown	8	static
../Core/Src/model_handle.c:434:13:countdown_start_one_run	8	static
../Core/Src/model_handle.c:443:6:ModelHandle_StartCountdown	16	static
../Core/Src/model_handle.c:467:13:countdown_tick	16	static
../Core/Src/model_handle.c:501:6:ModelHandle_StartTwist	24	static
../Core/Src/model_handle.c:524:6:ModelHandle_StopTwist	8	static
../Core/Src/model_handle.c:531:13:twist_tick	16	static
../Core/Src/model_handle.c:615:6:ModelHandle_StartSearch	24	static
../Core/Src/model_handle.c:636:6:ModelHandle_StopSearch	8	static
../Core/Src/model_handle.c:648:13:search_tick	16	static
../Core/Src/model_handle.c:761:6:ModelHandle_TimerRecalculateNow	40	static
../Core/Src/model_handle.c:817:17:toSec	16	static
../Core/Src/model_handle.c:823:6:ModelHandle_SetTimerSlot	24	static
../Core/Src/model_handle.c:843:13:timer_any_slot_should_run	24	static
../Core/Src/model_handle.c:880:6:ModelHandle_StopTimer	8	static
../Core/Src/model_handle.c:889:6:ModelHandle_StartTimer	16	static
../Core/Src/model_handle.c:905:13:timer_tick	16	static
../Core/Src/model_handle.c:928:6:ModelHandle_StartSemiAuto	8	static
../Core/Src/model_handle.c:938:6:ModelHandle_StopSemiAuto	8	static
../Core/Src/model_handle.c:944:13:semi_auto_tick	8	static
../Core/Src/model_handle.c:963:13:protections_tick	8	static
../Core/Src/model_handle.c:998:13:leds_from_model	8	static
../Core/Src/model_handle.c:1032:13:twist_time_logic	8	static
../Core/Src/model_handle.c:1063:6:ModelHandle_Process	8	static
../Core/Src/model_handle.c:1093:6:ModelHandle_ProcessUartCommand	32	static
../Core/Src/model_handle.c:1171:6:ModelHandle_ResetAll	16	static
../Core/Src/model_handle.c:1211:6:ModelHandle_SaveCurrentStateToEEPROM	16	static
