../Core/Src/model_handle.c:49:24:now_ms	8	static
../Core/Src/model_handle.c:51:10:ModelHandle_TimeToSeconds	16	static
../Core/Src/model_handle.c:55:6:ModelHandle_SecondsToTime	24	static
../Core/Src/model_handle.c:62:13:motor_apply	16	static
../Core/Src/model_handle.c:78:6:ModelHandle_SetMotor	16	static
../Core/Src/model_handle.c:85:6:ModelHandle_ClearManualOverride	4	static
../Core/Src/model_handle.c:92:13:countdown_start	16	static
../Core/Src/model_handle.c:104:13:countdown_tick	16	static
../Core/Src/model_handle.c:125:13:twist_tick	16	static
../Core/Src/model_handle.c:146:13:search_tick	16	static
../Core/Src/model_handle.c:165:17:seconds_since_midnight	16	static
../Core/Src/model_handle.c:171:13:timer_tick	24	static
../Core/Src/model_handle.c:193:13:protections_tick	8	static
../Core/Src/model_handle.c:224:13:leds_from_model	8	static
../Core/Src/model_handle.c:251:6:ModelHandle_ProcessUartCommand	16	static
../Core/Src/model_handle.c:265:6:ModelHandle_SetDryRun	16	static
../Core/Src/model_handle.c:266:6:ModelHandle_SetOverLoad	16	static
../Core/Src/model_handle.c:267:6:ModelHandle_SetOverUnderVolt	16	static
../Core/Src/model_handle.c:268:6:ModelHandle_ClearMaxRunFlag	4	static
../Core/Src/model_handle.c:271:6:ModelHandle_Process	8	static
../Core/Src/model_handle.c:282:6:Motor_GetStatus	4	static
