../Core/Src/model_handle.c:31:17:Timer_CRC16	24	static
../Core/Src/model_handle.c:220:6:EEPROM_WriteBlockSafe	40	static
../Core/Src/model_handle.c:235:13:request_mode_switch	16	static
../Core/Src/model_handle.c:242:6:ModelHandle_StartRestart	8	static
../Core/Src/model_handle.c:262:6:ModelHandle_StopRestart	8	static
../Core/Src/model_handle.c:291:17:SYS_CRC16	24	static
../Core/Src/model_handle.c:297:6:ModelHandle_SaveSettingsToEEPROM	32	static
../Core/Src/model_handle.c:315:6:ModelHandle_LoadSettingsFromEEPROM	40	static
../Core/Src/model_handle.c:331:6:ModelHandle_SaveModeState	8	static
../Core/Src/model_handle.c:344:13:backup_current_mode	4	static
../Core/Src/model_handle.c:352:13:restore_previous_mode	8	static
../Core/Src/model_handle.c:384:6:ModelHandle_LoadModeState	8	static
../Core/Src/model_handle.c:404:6:ModelHandle_SaveTimerToEEPROM	64	static
../Core/Src/model_handle.c:420:6:ModelHandle_LoadTimerFromEEPROM	64	static
../Core/Src/model_handle.c:432:6:Timer_EEPROM_EnsureValid	56	static
../Core/Src/model_handle.c:445:13:isTankFull	24	static
../Core/Src/model_handle.c:476:6:ModelHandle_TimerRecalculateNow	8	static
../Core/Src/model_handle.c:481:6:ModelHandle_ProcessDryRun	8	static
../Core/Src/model_handle.c:485:10:ModelHandle_GetGapTime	4	static
../Core/Src/model_handle.c:486:10:ModelHandle_GetRetryCount	4	static
../Core/Src/model_handle.c:487:10:ModelHandle_GetUnderVolt	4	static
../Core/Src/model_handle.c:488:10:ModelHandle_GetOverVolt	4	static
../Core/Src/model_handle.c:489:10:ModelHandle_GetOverloadLimit	8	static
../Core/Src/model_handle.c:490:10:ModelHandle_GetUnderloadLimit	8	static
../Core/Src/model_handle.c:491:10:ModelHandle_GetMaxRunTime	4	static
../Core/Src/model_handle.c:492:9:ModelHandle_GetPowerRestoreMode	4	static
../Core/Src/model_handle.c:496:6:ModelHandle_SetPowerRestoreMode	16	static
../Core/Src/model_handle.c:502:6:ModelHandle_ToggleManual	8	static
../Core/Src/model_handle.c:527:6:ModelHandle_ManualToggleMotor	8	static
../Core/Src/model_handle.c:539:6:ModelHandle_StopAllModesAndMotor	8	static
../Core/Src/model_handle.c:545:6:ModelHandle_FactoryReset	8	static
../Core/Src/model_handle.c:556:6:ModelHandle_StartTimerNearestSlot	8	static
../Core/Src/model_handle.c:561:20:Buzzer_SetPin	16	static
../Core/Src/model_handle.c:566:13:Buzzer_TriggerAlert	8	static
../Core/Src/model_handle.c:570:13:Buzzer_Update	16	static
../Core/Src/model_handle.c:601:24:now_ms	8	static
../Core/Src/model_handle.c:605:20:clear_all_modes	4	static
../Core/Src/model_handle.c:619:6:ModelHandle_OnPowerUp	8	static
../Core/Src/model_handle.c:623:20:Motor_IsRelayOn	8	static
../Core/Src/model_handle.c:627:13:Motor_StartAllowed	8	static
../Core/Src/model_handle.c:631:6:ModelHandle_IsRestartActive	4	static
../Core/Src/model_handle.c:636:20:motor_apply	24	static
../Core/Src/model_handle.c:662:13:motor_force_off	8	static
../Core/Src/model_handle.c:669:6:Motor_GetStatus	8	static
../Core/Src/model_handle.c:673:20:start_motor	8	static
../Core/Src/model_handle.c:685:20:stop_motor	8	static
../Core/Src/model_handle.c:689:13:check_max_run	16	static
../Core/Src/model_handle.c:709:6:ModelHandle_CheckDryRun	16	static
../Core/Src/model_handle.c:722:6:ModelHandle_CheckGroundWater	16	static
../Core/Src/model_handle.c:730:20:isAnyModeActive	4	static
../Core/Src/model_handle.c:735:6:ModelHandle_SoftDryRunHandler	16	static
../Core/Src/model_handle.c:819:24:get_load_lock_duration_ms	4	static
../Core/Src/model_handle.c:826:6:ModelHandle_CheckLoadFault	32	static
../Core/Src/model_handle.c:919:16:get_today_mask	16	static
../Core/Src/model_handle.c:925:13:slot_is_active_now	32	static
../Core/Src/model_handle.c:950:13:timer_any_active_slot	16	static
../Core/Src/model_handle.c:957:17:get_active_timer_gap_minutes	32	static
../Core/Src/model_handle.c:977:17:timer_get_gap_ms	16	static
../Core/Src/model_handle.c:985:7:ModelHandle_ProcessTimerSlots	24	static
../Core/Src/model_handle.c:1108:16:get_tank_level_percent	16	static
../Core/Src/model_handle.c:1121:13:Auto_HardStopCondition	16	static
../Core/Src/model_handle.c:1141:6:ModelHandle_StartTimer	8	static
../Core/Src/model_handle.c:1146:6:ModelHandle_StopTimer	8	static
../Core/Src/model_handle.c:1154:6:ModelHandle_CheckAutoTimerActivation	8	static
../Core/Src/model_handle.c:1164:6:ModelHandle_StartSemiAuto	8	static
../Core/Src/model_handle.c:1173:6:ModelHandle_StopSemiAuto	8	static
../Core/Src/model_handle.c:1180:6:ModelHandle_StartAuto	16	static
../Core/Src/model_handle.c:1202:13:Auto_StartConditionsMet	16	static
../Core/Src/model_handle.c:1226:6:ModelHandle_StopAuto	16	static
../Core/Src/model_handle.c:1243:6:ModelHandle_LoadAutoSettings	24	static
../Core/Src/model_handle.c:1261:13:auto_mode_background_control	16	static
../Core/Src/model_handle.c:1299:13:Auto_StopConditionsMet	16	static
../Core/Src/model_handle.c:1324:13:auto_tick	16	static
../Core/Src/model_handle.c:1410:6:ModelHandle_StartCountdown	16	static
../Core/Src/model_handle.c:1422:6:ModelHandle_StopCountdown	8	static
../Core/Src/model_handle.c:1431:13:countdown_tick	16	static
../Core/Src/model_handle.c:1454:17:CD_CRC	24	static
../Core/Src/model_handle.c:1459:13:SaveCountdown	24	static
../Core/Src/model_handle.c:1469:6:ModelHandle_LoadCountdown	24	static
../Core/Src/model_handle.c:1484:6:ModelHandle_StartTwist	32	static
../Core/Src/model_handle.c:1503:6:ModelHandle_StopTwist	8	static
../Core/Src/model_handle.c:1510:13:twist_time_logic	8	static
../Core/Src/model_handle.c:1531:13:twist_tick	16	static
../Core/Src/model_handle.c:1551:13:protections_tick	8	static
../Core/Src/model_handle.c:1556:13:leds_from_model	16	static
../Core/Src/model_handle.c:1577:6:ModelHandle_Process	8	static
../Core/Src/model_handle.c:1685:6:ModelHandle_ResetAll	8	static
../Core/Src/model_handle.c:1697:6:ModelHandle_SetUserSettings	24	static
../Core/Src/model_handle.c:1714:16:AUTO_CRC	24	static
../Core/Src/model_handle.c:1720:13:SaveAutoRuntime	32	static
../Core/Src/model_handle.c:1734:6:ModelHandle_SetAutoSettings	16	static
../Core/Src/model_handle.c:1745:6:ModelHandle_IsAutoActive	4	static
../Core/Src/model_handle.c:1749:6:ModelHandle_SaveCurrentStateToEEPROM	24	static
../Core/Src/model_handle.c:1763:6:ModelHandle_SetTimerSlot	16	static
../Core/Src/model_handle.c:1774:6:ModelHandle_SetDryRun	16	static
../Core/Src/model_handle.c:1778:6:ModelHandle_SetOverLoad	16	static
../Core/Src/model_handle.c:1782:6:ModelHandle_SetOverUnderVolt	16	static
../Core/Src/model_handle.c:1795:6:ModelHandle_ClearMaxRunFlag	4	static
../Core/Src/model_handle.c:1799:18:ModelHandle_GetTimerSlots	4	static
../Core/Src/model_handle.c:1803:6:ModelHandle_ProcessUartCommand	16	static
../Core/Src/model_handle.c:1807:6:ModelHandle_IsOverload	4	static
../Core/Src/model_handle.c:1811:6:ModelHandle_IsUnderload	4	static
../Core/Src/model_handle.c:1815:6:ModelHandle_IsDryRunActive	4	static
../Core/Src/model_handle.c:1819:6:ModelHandle_IsVoltageFault	4	static
../Core/Src/model_handle.c:1823:6:ModelHandle_IsMaxRunReached	4	static
