../Core/Src/model_handle.c:44:17:Timer_CRC16	24	static
../Core/Src/model_handle.c:308:20:dry_protection_enabled	4	static
../Core/Src/model_handle.c:313:10:ModelHandle_GetGapTime	4	static
../Core/Src/model_handle.c:314:10:ModelHandle_GetRetryCount	4	static
../Core/Src/model_handle.c:315:10:ModelHandle_GetUnderVolt	4	static
../Core/Src/model_handle.c:316:10:ModelHandle_GetOverVolt	4	static
../Core/Src/model_handle.c:317:10:ModelHandle_GetOverloadLimit	4	static
../Core/Src/model_handle.c:318:10:ModelHandle_GetUnderloadLimit	4	static
../Core/Src/model_handle.c:319:10:ModelHandle_GetMaxRunTime	4	static
../Core/Src/model_handle.c:320:10:ModelHandle_GetDryRunRetryGap	4	static
../Core/Src/model_handle.c:322:6:EEPROM_WriteBlockSafe	40	static
../Core/Src/model_handle.c:337:17:SYS_CRC16	24	static
../Core/Src/model_handle.c:349:6:ModelHandle_SaveSettingsToEEPROM	32	static
../Core/Src/model_handle.c:367:6:ModelHandle_LoadSettingsFromEEPROM	32	static
../Core/Src/model_handle.c:388:6:ModelHandle_SaveModeState	8	static
../Core/Src/model_handle.c:401:13:backup_current_mode	4	static
../Core/Src/model_handle.c:410:13:restore_previous_mode	8	static
../Core/Src/model_handle.c:438:6:ModelHandle_StopRestart	8	static
../Core/Src/model_handle.c:447:6:ModelHandle_LoadModeState	16	static
../Core/Src/model_handle.c:481:6:ModelHandle_SaveTimerToEEPROM	56	static
../Core/Src/model_handle.c:492:6:ModelHandle_LoadTimerFromEEPROM	56	static
../Core/Src/model_handle.c:502:6:Timer_EEPROM_EnsureValid	48	static
../Core/Src/model_handle.c:514:6:ModelHandle_SendTimerInfoUART	192	static
../Core/Src/model_handle.c:531:16:read_raw_tank_level	16	static
../Core/Src/model_handle.c:541:16:get_tank_level_percent	16	static
../Core/Src/model_handle.c:563:13:isTankFull	8	static
../Core/Src/model_handle.c:568:6:ModelHandle_StartRestart	8	static
../Core/Src/model_handle.c:582:6:ModelHandle_TimerRecalculateNow	8	static
../Core/Src/model_handle.c:588:6:ModelHandle_ProcessDryRun	8	static
../Core/Src/model_handle.c:593:9:ModelHandle_GetPowerRestoreMode	4	static
../Core/Src/model_handle.c:595:6:ModelHandle_SetPowerRestoreMode	16	static
../Core/Src/model_handle.c:602:6:ModelHandle_SetDryRunTime	16	static
../Core/Src/model_handle.c:610:6:ModelHandle_ToggleManual	8	static
../Core/Src/model_handle.c:632:6:ModelHandle_ManualToggleMotor	8	static
../Core/Src/model_handle.c:639:6:ModelHandle_SetDryRunAndRetry	16	static
../Core/Src/model_handle.c:652:6:ModelHandle_Button3_SinglePress	8	static
../Core/Src/model_handle.c:679:6:ModelHandle_StopAllModesAndMotor	8	static
../Core/Src/model_handle.c:687:6:ModelHandle_FactoryReset	8	static
../Core/Src/model_handle.c:704:6:ModelHandle_StartTimerNearestSlot	8	static
../Core/Src/model_handle.c:718:20:Buzzer_SetPin	16	static
../Core/Src/model_handle.c:724:13:Buzzer_StartEvent	16	static
../Core/Src/model_handle.c:734:13:Buzzer_TankEmptyPattern	16	static
../Core/Src/model_handle.c:741:13:Buzzer_TankFullPattern	16	static
../Core/Src/model_handle.c:748:13:Buzzer_Update	16	static
../Core/Src/model_handle.c:810:24:now_ms	8	static
../Core/Src/model_handle.c:812:6:ModelHandle_SetProtectionSettings	16	static
../Core/Src/model_handle.c:826:20:clear_all_modes	4	static
../Core/Src/model_handle.c:838:6:ModelHandle_OnPowerUp	16	static
../Core/Src/model_handle.c:872:20:Motor_IsRelayOn	8	static
../Core/Src/model_handle.c:877:13:Motor_StartAllowed	4	static
../Core/Src/model_handle.c:882:6:ModelHandle_IsRestartActive	4	static
../Core/Src/model_handle.c:884:20:motor_apply	24	static
../Core/Src/model_handle.c:906:6:Motor_GetStatus	8	static
../Core/Src/model_handle.c:908:20:start_motor	8	static
../Core/Src/model_handle.c:916:20:stop_motor	8	static
../Core/Src/model_handle.c:918:13:check_max_run	16	static
../Core/Src/model_handle.c:933:6:ModelHandle_Button4_SinglePress	16	static
../Core/Src/model_handle.c:955:6:ModelHandle_CheckDryRun	24	static
../Core/Src/model_handle.c:963:6:ModelHandle_CheckGroundWater	32	static
../Core/Src/model_handle.c:990:20:isAnyModeActive	4	static
../Core/Src/model_handle.c:996:6:ModelHandle_SoftDryRunHandler	24	static
../Core/Src/model_handle.c:1058:24:get_load_lock_duration_ms	4	static
../Core/Src/model_handle.c:1064:6:ModelHandle_CheckLoadFault	32	static
../Core/Src/model_handle.c:1118:16:get_today_mask	16	static
../Core/Src/model_handle.c:1125:13:slot_is_active_now	32	static
../Core/Src/model_handle.c:1137:13:timer_any_active_slot	16	static
../Core/Src/model_handle.c:1144:17:get_active_timer_gap_minutes	32	static
../Core/Src/model_handle.c:1161:6:ModelHandle_SaveBuzzerSettings	8	static
../Core/Src/model_handle.c:1166:6:ModelHandle_LoadBuzzerSettings	8	static
../Core/Src/model_handle.c:1174:6:ModelHandle_ProcessTimerSlots	24	static
../Core/Src/model_handle.c:1274:6:ModelHandle_StartTimer	8	static
../Core/Src/model_handle.c:1280:6:ModelHandle_StopTimer	8	static
../Core/Src/model_handle.c:1293:6:ModelHandle_CheckAutoTimerActivation	8	static
../Core/Src/model_handle.c:1308:6:ModelHandle_StartSemiAuto	8	static
../Core/Src/model_handle.c:1324:6:ModelHandle_StopSemiAuto	8	static
../Core/Src/model_handle.c:1333:6:ModelHandle_StartAuto	16	static
../Core/Src/model_handle.c:1357:6:ModelHandle_StopAuto	8	static
../Core/Src/model_handle.c:1372:6:ModelHandle_LoadAutoSettings	8	static
../Core/Src/model_handle.c:1393:13:auto_mode_background_control	16	static
../Core/Src/model_handle.c:1423:6:ModelHandle_SetBuzzerSettings	16	static
../Core/Src/model_handle.c:1439:13:auto_tick	24	static
../Core/Src/model_handle.c:1537:6:ModelHandle_StartCountdown	24	static
../Core/Src/model_handle.c:1555:6:ModelHandle_StopCountdown	8	static
../Core/Src/model_handle.c:1569:17:CD_CRC	24	static
../Core/Src/model_handle.c:1576:13:SaveCountdown	24	static
../Core/Src/model_handle.c:1591:6:ModelHandle_LoadCountdown	24	static
../Core/Src/model_handle.c:1607:6:ModelHandle_StartTwist	32	static
../Core/Src/model_handle.c:1630:6:ModelHandle_StopTwist	8	static
../Core/Src/model_handle.c:1639:13:twist_tick	16	static
../Core/Src/model_handle.c:1655:13:leds_from_model	16	static
../Core/Src/model_handle.c:1672:6:ModelHandle_Process	24	static
../Core/Src/model_handle.c:1831:13:ModelHandle_GetDryState	4	static
../Core/Src/model_handle.c:1833:6:ModelHandle_ResetAll	8	static
../Core/Src/model_handle.c:1847:6:ModelHandle_SetUserSettings	152	static
../Core/Src/model_handle.c:1881:6:ModelHandle_SetAutoSettings	16	static
../Core/Src/model_handle.c:1891:6:ModelHandle_IsAutoActive	4	static
../Core/Src/model_handle.c:1893:6:ModelHandle_SaveCurrentStateToEEPROM	24	static
../Core/Src/model_handle.c:1906:6:ModelHandle_SetTimerSlot	24	static
../Core/Src/model_handle.c:1918:6:ModelHandle_SetDryRun	16	static
../Core/Src/model_handle.c:1925:6:ModelHandle_GetDryRunEnable	8	static
../Core/Src/model_handle.c:1927:6:ModelHandle_SetOverLoad	16	static
../Core/Src/model_handle.c:1933:6:ModelHandle_SetOverUnderVolt	16	static
../Core/Src/model_handle.c:1943:6:ModelHandle_ClearMaxRunFlag	4	static
../Core/Src/model_handle.c:1945:18:ModelHandle_GetTimerSlots	4	static
../Core/Src/model_handle.c:1947:6:ModelHandle_ProcessUartCommand	16	static
../Core/Src/model_handle.c:1949:6:ModelHandle_IsOverload	4	static
../Core/Src/model_handle.c:1950:6:ModelHandle_IsUnderload	4	static
../Core/Src/model_handle.c:1951:6:ModelHandle_IsDryRunActive	4	static
../Core/Src/model_handle.c:1952:6:ModelHandle_IsVoltageFault	4	static
../Core/Src/model_handle.c:1953:6:ModelHandle_IsMaxRunReached	4	static
../Core/Src/model_handle.c:1954:9:ModelHandle_GetTankLevelPercent	8	static
../Core/Src/model_handle.c:1955:6:ModelHandle_IsTankFull	8	static
../Core/Src/model_handle.c:1956:6:ModelHandle_IsManualActive	4	static
../Core/Src/model_handle.c:1957:10:ModelHandle_GetAutoGap	4	static
../Core/Src/model_handle.c:1958:10:ModelHandle_GetAutoMaxRun	4	static
../Core/Src/model_handle.c:1959:10:ModelHandle_GetAutoRetry	4	static
