../Core/Src/model_handle.c:31:17:Timer_CRC16	24	static
../Core/Src/model_handle.c:206:6:EEPROM_WriteBlockSafe	40	static
../Core/Src/model_handle.c:221:13:request_mode_switch	16	static
../Core/Src/model_handle.c:228:6:ModelHandle_StartRestart	8	static
../Core/Src/model_handle.c:240:6:ModelHandle_StopRestart	8	static
../Core/Src/model_handle.c:275:6:ModelHandle_SaveSettingsToEEPROM	32	static
../Core/Src/model_handle.c:293:6:ModelHandle_LoadSettingsFromEEPROM	40	static
../Core/Src/model_handle.c:309:6:ModelHandle_SaveModeState	8	static
../Core/Src/model_handle.c:322:13:backup_current_mode	4	static
../Core/Src/model_handle.c:330:13:restore_previous_mode	8	static
../Core/Src/model_handle.c:363:6:ModelHandle_LoadModeState	8	static
../Core/Src/model_handle.c:383:6:ModelHandle_SaveTimerToEEPROM	64	static
../Core/Src/model_handle.c:399:6:ModelHandle_LoadTimerFromEEPROM	64	static
../Core/Src/model_handle.c:411:6:Timer_EEPROM_EnsureValid	56	static
../Core/Src/model_handle.c:424:13:isTankFull	24	static
../Core/Src/model_handle.c:448:6:ModelHandle_TimerRecalculateNow	8	static
../Core/Src/model_handle.c:453:6:ModelHandle_ProcessDryRun	8	static
../Core/Src/model_handle.c:457:10:ModelHandle_GetGapTime	4	static
../Core/Src/model_handle.c:458:10:ModelHandle_GetRetryCount	4	static
../Core/Src/model_handle.c:459:10:ModelHandle_GetUnderVolt	4	static
../Core/Src/model_handle.c:460:10:ModelHandle_GetOverVolt	4	static
../Core/Src/model_handle.c:461:10:ModelHandle_GetOverloadLimit	8	static
../Core/Src/model_handle.c:462:10:ModelHandle_GetUnderloadLimit	8	static
../Core/Src/model_handle.c:463:10:ModelHandle_GetMaxRunTime	4	static
../Core/Src/model_handle.c:464:9:ModelHandle_GetPowerRestoreMode	4	static
../Core/Src/model_handle.c:468:6:ModelHandle_SetPowerRestoreMode	16	static
../Core/Src/model_handle.c:474:6:ModelHandle_ToggleManual	8	static
../Core/Src/model_handle.c:499:6:ModelHandle_ManualToggleMotor	8	static
../Core/Src/model_handle.c:511:6:ModelHandle_StopAllModesAndMotor	8	static
../Core/Src/model_handle.c:517:6:ModelHandle_FactoryReset	8	static
../Core/Src/model_handle.c:528:6:ModelHandle_StartTimerNearestSlot	8	static
../Core/Src/model_handle.c:533:20:Buzzer_SetPin	16	static
../Core/Src/model_handle.c:538:13:Buzzer_TriggerAlert	8	static
../Core/Src/model_handle.c:542:13:Buzzer_Update	16	static
../Core/Src/model_handle.c:573:24:now_ms	8	static
../Core/Src/model_handle.c:577:20:clear_all_modes	4	static
../Core/Src/model_handle.c:591:6:ModelHandle_OnPowerUp	8	static
../Core/Src/model_handle.c:597:20:Motor_IsRelayOn	8	static
../Core/Src/model_handle.c:601:13:Motor_StartAllowed	4	static
../Core/Src/model_handle.c:606:6:ModelHandle_IsRestartActive	4	static
../Core/Src/model_handle.c:611:20:motor_apply	24	static
../Core/Src/model_handle.c:637:6:Motor_GetStatus	8	static
../Core/Src/model_handle.c:641:20:start_motor	8	static
../Core/Src/model_handle.c:653:20:stop_motor	8	static
../Core/Src/model_handle.c:657:13:check_max_run	16	static
../Core/Src/model_handle.c:677:6:ModelHandle_CheckDryRun	16	static
../Core/Src/model_handle.c:690:6:ModelHandle_CheckGroundWater	16	static
../Core/Src/model_handle.c:698:20:isAnyModeActive	4	static
../Core/Src/model_handle.c:703:6:ModelHandle_SoftDryRunHandler	16	static
../Core/Src/model_handle.c:787:24:get_load_lock_duration_ms	4	static
../Core/Src/model_handle.c:794:6:ModelHandle_CheckLoadFault	32	static
../Core/Src/model_handle.c:887:16:get_today_mask	16	static
../Core/Src/model_handle.c:893:13:slot_is_active_now	32	static
../Core/Src/model_handle.c:918:13:timer_any_active_slot	16	static
../Core/Src/model_handle.c:925:17:get_active_timer_gap_minutes	32	static
../Core/Src/model_handle.c:945:6:ModelHandle_ProcessTimerSlots	32	static
../Core/Src/model_handle.c:1048:16:get_tank_level_percent	8	static
../Core/Src/model_handle.c:1065:6:ModelHandle_StartTimer	8	static
../Core/Src/model_handle.c:1070:6:ModelHandle_StopTimer	8	static
../Core/Src/model_handle.c:1078:6:ModelHandle_CheckAutoTimerActivation	8	static
../Core/Src/model_handle.c:1088:6:ModelHandle_StartSemiAuto	8	static
../Core/Src/model_handle.c:1098:6:ModelHandle_StopSemiAuto	8	static
../Core/Src/model_handle.c:1105:6:ModelHandle_StartAuto	16	static
../Core/Src/model_handle.c:1127:6:ModelHandle_StopAuto	16	static
../Core/Src/model_handle.c:1144:6:ModelHandle_LoadAutoSettings	24	static
../Core/Src/model_handle.c:1162:13:auto_mode_background_control	16	static
../Core/Src/model_handle.c:1208:13:auto_tick	24	static
../Core/Src/model_handle.c:1345:6:ModelHandle_StartCountdown	16	static
../Core/Src/model_handle.c:1363:6:ModelHandle_StopCountdown	8	static
../Core/Src/model_handle.c:1372:13:countdown_tick	16	static
../Core/Src/model_handle.c:1413:17:CD_CRC	24	static
../Core/Src/model_handle.c:1418:13:SaveCountdown	24	static
../Core/Src/model_handle.c:1447:6:ModelHandle_LoadCountdown	24	static
../Core/Src/model_handle.c:1475:6:ModelHandle_StartTwist	32	static
../Core/Src/model_handle.c:1494:6:ModelHandle_StopTwist	8	static
../Core/Src/model_handle.c:1501:13:twist_time_logic	8	static
../Core/Src/model_handle.c:1522:13:twist_tick	16	static
../Core/Src/model_handle.c:1542:13:leds_from_model	16	static
../Core/Src/model_handle.c:1563:6:ModelHandle_Process	16	static
../Core/Src/model_handle.c:1702:6:ModelHandle_ResetAll	8	static
../Core/Src/model_handle.c:1714:6:ModelHandle_SetUserSettings	24	static
../Core/Src/model_handle.c:1731:16:AUTO_CRC	24	static
../Core/Src/model_handle.c:1738:6:ModelHandle_SetAutoSettings	16	static
../Core/Src/model_handle.c:1749:6:ModelHandle_IsAutoActive	4	static
../Core/Src/model_handle.c:1753:6:ModelHandle_SaveCurrentStateToEEPROM	24	static
../Core/Src/model_handle.c:1767:6:ModelHandle_SetTimerSlot	16	static
../Core/Src/model_handle.c:1778:6:ModelHandle_SetDryRun	16	static
../Core/Src/model_handle.c:1782:6:ModelHandle_SetOverLoad	16	static
../Core/Src/model_handle.c:1786:6:ModelHandle_SetOverUnderVolt	16	static
../Core/Src/model_handle.c:1799:6:ModelHandle_ClearMaxRunFlag	4	static
../Core/Src/model_handle.c:1803:18:ModelHandle_GetTimerSlots	4	static
../Core/Src/model_handle.c:1807:6:ModelHandle_ProcessUartCommand	16	static
../Core/Src/model_handle.c:1811:6:ModelHandle_IsOverload	4	static
../Core/Src/model_handle.c:1815:6:ModelHandle_IsUnderload	4	static
../Core/Src/model_handle.c:1819:6:ModelHandle_IsDryRunActive	4	static
../Core/Src/model_handle.c:1823:6:ModelHandle_IsVoltageFault	4	static
../Core/Src/model_handle.c:1827:6:ModelHandle_IsMaxRunReached	4	static
