../Core/Src/model_handle.c:52:17:Timer_CRC16	24	static
../Core/Src/model_handle.c:183:6:ModelHandle_SaveSettingsToEEPROM	16	static
../Core/Src/model_handle.c:200:6:ModelHandle_LoadSettingsFromEEPROM	16	static
../Core/Src/model_handle.c:223:6:ModelHandle_SaveModeState	8	static
../Core/Src/model_handle.c:240:6:ModelHandle_LoadModeState	8	static
../Core/Src/model_handle.c:265:6:ModelHandle_SaveTimerToEEPROM	64	static
../Core/Src/model_handle.c:285:6:ModelHandle_LoadTimerFromEEPROM	64	static
../Core/Src/model_handle.c:299:6:Timer_EEPROM_EnsureValid	56	static
../Core/Src/model_handle.c:341:13:isTankFull	24	static
../Core/Src/model_handle.c:383:6:ModelHandle_TimerRecalculateNow	8	static
../Core/Src/model_handle.c:389:6:ModelHandle_ProcessDryRun	8	static
../Core/Src/model_handle.c:395:10:ModelHandle_GetGapTime	4	static
../Core/Src/model_handle.c:396:10:ModelHandle_GetRetryCount	4	static
../Core/Src/model_handle.c:397:10:ModelHandle_GetUnderVolt	4	static
../Core/Src/model_handle.c:398:10:ModelHandle_GetOverVolt	4	static
../Core/Src/model_handle.c:399:10:ModelHandle_GetOverloadLimit	8	static
../Core/Src/model_handle.c:400:10:ModelHandle_GetUnderloadLimit	8	static
../Core/Src/model_handle.c:401:10:ModelHandle_GetMaxRunTime	4	static
../Core/Src/model_handle.c:403:9:ModelHandle_GetPowerRestoreMode	4	static
../Core/Src/model_handle.c:408:6:ModelHandle_SetPowerRestoreMode	16	static
../Core/Src/model_handle.c:416:6:ModelHandle_ToggleManual	8	static
../Core/Src/model_handle.c:424:6:ModelHandle_StopAllModesAndMotor	8	static
../Core/Src/model_handle.c:432:6:ModelHandle_FactoryReset	8	static
../Core/Src/model_handle.c:446:6:ModelHandle_StartTimerNearestSlot	8	static
../Core/Src/model_handle.c:452:20:Buzzer_SetPin	16	static
../Core/Src/model_handle.c:460:13:Buzzer_TriggerAlert	8	static
../Core/Src/model_handle.c:465:13:Buzzer_Update	24	static
../Core/Src/model_handle.c:490:6:reset	16	static
../Core/Src/model_handle.c:561:24:now_ms	8	static
../Core/Src/model_handle.c:566:20:clear_all_modes	4	static
../Core/Src/model_handle.c:584:6:ModelHandle_OnPowerUp	8	static
../Core/Src/model_handle.c:589:13:Motor_StartAllowed	8	static
../Core/Src/model_handle.c:594:20:Motor_GetStatusInternal	4	static
../Core/Src/model_handle.c:599:6:Motor_GetStatus	8	static
../Core/Src/model_handle.c:604:20:motor_apply	24	static
../Core/Src/model_handle.c:623:20:start_motor	8	static
../Core/Src/model_handle.c:624:20:stop_motor	8	static
../Core/Src/model_handle.c:634:13:check_max_run	16	static
../Core/Src/model_handle.c:656:6:ModelHandle_CheckDryRun	16	static
../Core/Src/model_handle.c:693:20:isAnyModeActive	4	static
../Core/Src/model_handle.c:699:6:ModelHandle_SoftDryRunHandler	24	static
../Core/Src/model_handle.c:806:24:get_load_lock_duration_ms	4	static
../Core/Src/model_handle.c:813:6:ModelHandle_CheckLoadFault	32	static
../Core/Src/model_handle.c:898:16:get_today_mask	16	static
../Core/Src/model_handle.c:905:13:slot_is_active_now	32	static
../Core/Src/model_handle.c:918:13:timer_any_active_slot	16	static
../Core/Src/model_handle.c:926:17:get_active_timer_gap_minutes	32	static
../Core/Src/model_handle.c:950:17:timer_get_gap_ms	16	static
../Core/Src/model_handle.c:972:6:ModelHandle_ProcessTimerSlots	16	static
../Core/Src/model_handle.c:1044:6:ModelHandle_StartTimer	8	static
../Core/Src/model_handle.c:1052:6:ModelHandle_StopTimer	8	static
../Core/Src/model_handle.c:1062:6:ModelHandle_CheckAutoTimerActivation	8	static
../Core/Src/model_handle.c:1076:6:ModelHandle_StartSemiAuto	8	static
../Core/Src/model_handle.c:1087:6:ModelHandle_StopSemiAuto	8	static
../Core/Src/model_handle.c:1112:6:ModelHandle_StartAuto	16	static
../Core/Src/model_handle.c:1128:6:ModelHandle_StopAuto	8	static
../Core/Src/model_handle.c:1138:13:auto_tick	16	static
../Core/Src/model_handle.c:1203:6:ModelHandle_StartCountdown	16	static
../Core/Src/model_handle.c:1217:6:ModelHandle_StopCountdown	8	static
../Core/Src/model_handle.c:1227:13:countdown_tick	16	static
../Core/Src/model_handle.c:1260:17:CD_CRC	24	static
../Core/Src/model_handle.c:1265:13:SaveCountdown	24	static
../Core/Src/model_handle.c:1276:6:ModelHandle_LoadCountdown	24	static
../Core/Src/model_handle.c:1301:6:ModelHandle_StartTwist	32	static
../Core/Src/model_handle.c:1324:6:ModelHandle_StopTwist	8	static
../Core/Src/model_handle.c:1332:13:twist_time_logic	8	static
../Core/Src/model_handle.c:1356:13:twist_tick	16	static
../Core/Src/model_handle.c:1382:13:protections_tick	8	static
../Core/Src/model_handle.c:1391:13:leds_from_model	16	static
../Core/Src/model_handle.c:1423:6:ModelHandle_Process	8	static
../Core/Src/model_handle.c:1524:6:ModelHandle_ResetAll	8	static
../Core/Src/model_handle.c:1546:6:ModelHandle_SetUserSettings	24	static
../Core/Src/model_handle.c:1568:6:ModelHandle_SetAutoSettings	16	static
../Core/Src/model_handle.c:1581:6:ModelHandle_LoadAutoSettings	8	static
../Core/Src/model_handle.c:1588:6:ModelHandle_IsAutoActive	4	static
../Core/Src/model_handle.c:1596:6:ModelHandle_SaveCurrentStateToEEPROM	24	static
../Core/Src/model_handle.c:1614:6:ModelHandle_SetTimerSlot	24	static
../Core/Src/model_handle.c:1633:6:ModelHandle_SetDryRun	16	static
../Core/Src/model_handle.c:1638:6:ModelHandle_SetOverLoad	16	static
../Core/Src/model_handle.c:1643:6:ModelHandle_SetOverUnderVolt	16	static
../Core/Src/model_handle.c:1657:6:ModelHandle_ClearMaxRunFlag	4	static
../Core/Src/model_handle.c:1664:18:ModelHandle_GetTimerSlots	4	static
../Core/Src/model_handle.c:1672:6:ModelHandle_ProcessUartCommand	16	static
