../Core/Src/model_handle.c:51:17:Timer_CRC16	24	static
../Core/Src/model_handle.c:165:6:ModelHandle_SaveSettingsToEEPROM	16	static
../Core/Src/model_handle.c:182:6:ModelHandle_LoadSettingsFromEEPROM	16	static
../Core/Src/model_handle.c:205:6:ModelHandle_SaveModeState	8	static
../Core/Src/model_handle.c:222:6:ModelHandle_LoadModeState	8	static
../Core/Src/model_handle.c:247:6:ModelHandle_SaveTimerToEEPROM	64	static
../Core/Src/model_handle.c:267:6:ModelHandle_LoadTimerFromEEPROM	72	static
../Core/Src/model_handle.c:327:13:isTankFull	24	static
../Core/Src/model_handle.c:369:6:ModelHandle_TimerRecalculateNow	8	static
../Core/Src/model_handle.c:375:6:ModelHandle_ProcessDryRun	8	static
../Core/Src/model_handle.c:381:10:ModelHandle_GetGapTime	4	static
../Core/Src/model_handle.c:382:10:ModelHandle_GetRetryCount	4	static
../Core/Src/model_handle.c:383:10:ModelHandle_GetUnderVolt	4	static
../Core/Src/model_handle.c:384:10:ModelHandle_GetOverVolt	4	static
../Core/Src/model_handle.c:385:10:ModelHandle_GetOverloadLimit	8	static
../Core/Src/model_handle.c:386:10:ModelHandle_GetUnderloadLimit	8	static
../Core/Src/model_handle.c:387:10:ModelHandle_GetMaxRunTime	4	static
../Core/Src/model_handle.c:389:9:ModelHandle_GetPowerRestoreMode	4	static
../Core/Src/model_handle.c:394:6:ModelHandle_SetPowerRestoreMode	16	static
../Core/Src/model_handle.c:402:6:ModelHandle_ToggleManual	8	static
../Core/Src/model_handle.c:410:6:ModelHandle_StopAllModesAndMotor	8	static
../Core/Src/model_handle.c:418:6:ModelHandle_FactoryReset	8	static
../Core/Src/model_handle.c:432:6:ModelHandle_StartTimerNearestSlot	8	static
../Core/Src/model_handle.c:438:20:Buzzer_SetPin	16	static
../Core/Src/model_handle.c:446:13:Buzzer_TriggerAlert	8	static
../Core/Src/model_handle.c:451:13:Buzzer_Update	24	static
../Core/Src/model_handle.c:476:6:reset	16	static
../Core/Src/model_handle.c:547:24:now_ms	8	static
../Core/Src/model_handle.c:552:20:clear_all_modes	4	static
../Core/Src/model_handle.c:570:6:ModelHandle_OnPowerUp	8	static
../Core/Src/model_handle.c:575:13:Motor_StartAllowed	8	static
../Core/Src/model_handle.c:580:20:Motor_GetStatusInternal	4	static
../Core/Src/model_handle.c:585:6:Motor_GetStatus	8	static
../Core/Src/model_handle.c:590:20:motor_apply	24	static
../Core/Src/model_handle.c:609:20:start_motor	8	static
../Core/Src/model_handle.c:610:20:stop_motor	8	static
../Core/Src/model_handle.c:620:13:check_max_run	16	static
../Core/Src/model_handle.c:642:6:ModelHandle_CheckDryRun	16	static
../Core/Src/model_handle.c:679:20:isAnyModeActive	4	static
../Core/Src/model_handle.c:685:6:ModelHandle_SoftDryRunHandler	24	static
../Core/Src/model_handle.c:789:24:get_load_lock_duration_ms	4	static
../Core/Src/model_handle.c:796:6:ModelHandle_CheckLoadFault	32	static
../Core/Src/model_handle.c:881:16:get_today_mask	16	static
../Core/Src/model_handle.c:888:13:slot_is_active_now	32	static
../Core/Src/model_handle.c:901:13:timer_any_active_slot	16	static
../Core/Src/model_handle.c:909:17:get_active_timer_gap_minutes	32	static
../Core/Src/model_handle.c:937:6:ModelHandle_ProcessTimerSlots	8	static
../Core/Src/model_handle.c:952:6:ModelHandle_StartTimer	8	static
../Core/Src/model_handle.c:960:6:ModelHandle_StopTimer	8	static
../Core/Src/model_handle.c:970:6:ModelHandle_CheckAutoTimerActivation	8	static
../Core/Src/model_handle.c:984:6:ModelHandle_StartSemiAuto	8	static
../Core/Src/model_handle.c:995:6:ModelHandle_StopSemiAuto	8	static
../Core/Src/model_handle.c:1020:6:ModelHandle_StartAuto	16	static
../Core/Src/model_handle.c:1036:6:ModelHandle_StopAuto	8	static
../Core/Src/model_handle.c:1046:13:auto_tick	16	static
../Core/Src/model_handle.c:1111:6:ModelHandle_StartCountdown	16	static
../Core/Src/model_handle.c:1125:6:ModelHandle_StopCountdown	8	static
../Core/Src/model_handle.c:1134:13:countdown_tick	16	static
../Core/Src/model_handle.c:1159:6:ModelHandle_StartTwist	32	static
../Core/Src/model_handle.c:1182:6:ModelHandle_StopTwist	8	static
../Core/Src/model_handle.c:1190:13:twist_time_logic	8	static
../Core/Src/model_handle.c:1214:13:twist_tick	16	static
../Core/Src/model_handle.c:1240:13:protections_tick	8	static
../Core/Src/model_handle.c:1249:13:leds_from_model	16	static
../Core/Src/model_handle.c:1281:6:ModelHandle_Process	8	static
../Core/Src/model_handle.c:1382:6:ModelHandle_ResetAll	8	static
../Core/Src/model_handle.c:1404:6:ModelHandle_SetUserSettings	24	static
../Core/Src/model_handle.c:1426:6:ModelHandle_SetAutoSettings	16	static
../Core/Src/model_handle.c:1439:6:ModelHandle_LoadAutoSettings	8	static
../Core/Src/model_handle.c:1446:6:ModelHandle_IsAutoActive	4	static
../Core/Src/model_handle.c:1454:6:ModelHandle_SaveCurrentStateToEEPROM	24	static
../Core/Src/model_handle.c:1472:6:ModelHandle_SetTimerSlot	16	static
../Core/Src/model_handle.c:1487:6:ModelHandle_SetDryRun	16	static
../Core/Src/model_handle.c:1492:6:ModelHandle_SetOverLoad	16	static
../Core/Src/model_handle.c:1497:6:ModelHandle_SetOverUnderVolt	16	static
../Core/Src/model_handle.c:1511:6:ModelHandle_ClearMaxRunFlag	4	static
../Core/Src/model_handle.c:1518:18:ModelHandle_GetTimerSlots	4	static
../Core/Src/model_handle.c:1526:6:ModelHandle_ProcessUartCommand	16	static
