../Core/Src/model_handle.c:44:17:Timer_CRC16	24	static
../Core/Src/model_handle.c:336:20:dry_protection_enabled	4	static
../Core/Src/model_handle.c:341:10:ModelHandle_GetGapTime	4	static
../Core/Src/model_handle.c:342:10:ModelHandle_GetRetryCount	4	static
../Core/Src/model_handle.c:343:10:ModelHandle_GetUnderVolt	4	static
../Core/Src/model_handle.c:344:10:ModelHandle_GetOverVolt	4	static
../Core/Src/model_handle.c:345:10:ModelHandle_GetOverloadLimit	4	static
../Core/Src/model_handle.c:346:10:ModelHandle_GetUnderloadLimit	4	static
../Core/Src/model_handle.c:347:10:ModelHandle_GetMaxRunTime	4	static
../Core/Src/model_handle.c:348:10:ModelHandle_GetDryRunRetryGap	4	static
../Core/Src/model_handle.c:350:6:EEPROM_WriteBlockSafe	40	static
../Core/Src/model_handle.c:365:17:SYS_CRC16	24	static
../Core/Src/model_handle.c:380:6:ModelHandle_SaveSettingsToEEPROM	32	static
../Core/Src/model_handle.c:398:6:ModelHandle_LoadSettingsFromEEPROM	32	static
../Core/Src/model_handle.c:419:6:ModelHandle_SaveModeState	8	static
../Core/Src/model_handle.c:432:13:backup_current_mode	4	static
../Core/Src/model_handle.c:441:13:restore_previous_mode	8	static
../Core/Src/model_handle.c:469:6:ModelHandle_StopRestart	8	static
../Core/Src/model_handle.c:478:6:ModelHandle_LoadModeState	16	static
../Core/Src/model_handle.c:512:6:ModelHandle_SaveTimerToEEPROM	56	static
../Core/Src/model_handle.c:523:6:ModelHandle_LoadTimerFromEEPROM	56	static
../Core/Src/model_handle.c:533:6:Timer_EEPROM_EnsureValid	48	static
../Core/Src/model_handle.c:545:6:ModelHandle_SendTimerInfoUART	192	static
../Core/Src/model_handle.c:562:16:read_raw_tank_level	16	static
../Core/Src/model_handle.c:572:16:get_tank_level_percent	16	static
../Core/Src/model_handle.c:594:13:isTankFull	8	static
../Core/Src/model_handle.c:599:6:ModelHandle_StartRestart	8	static
../Core/Src/model_handle.c:613:6:ModelHandle_TimerRecalculateNow	8	static
../Core/Src/model_handle.c:619:6:ModelHandle_ProcessDryRun	8	static
../Core/Src/model_handle.c:624:9:ModelHandle_GetPowerRestoreMode	4	static
../Core/Src/model_handle.c:626:6:ModelHandle_SetPowerRestoreMode	16	static
../Core/Src/model_handle.c:633:6:ModelHandle_SetDryRunTime	16	static
../Core/Src/model_handle.c:641:6:ModelHandle_ToggleManual	8	static
../Core/Src/model_handle.c:663:6:ModelHandle_ManualToggleMotor	8	static
../Core/Src/model_handle.c:670:6:ModelHandle_SetDryRunAndRetry	16	static
../Core/Src/model_handle.c:679:6:ModelHandle_Button3_SinglePress	8	static
../Core/Src/model_handle.c:703:6:ModelHandle_StopAllModesAndMotor	8	static
../Core/Src/model_handle.c:711:6:ModelHandle_FactoryReset	8	static
../Core/Src/model_handle.c:734:6:ModelHandle_StartTimerNearestSlot	8	static
../Core/Src/model_handle.c:747:20:Buzzer_SetPin	16	static
../Core/Src/model_handle.c:753:13:Buzzer_StartEvent	16	static
../Core/Src/model_handle.c:763:13:Buzzer_TankEmptyPattern	16	static
../Core/Src/model_handle.c:770:13:Buzzer_TankFullPattern	16	static
../Core/Src/model_handle.c:777:13:Buzzer_Update	16	static
../Core/Src/model_handle.c:839:24:now_ms	8	static
../Core/Src/model_handle.c:841:6:ModelHandle_SetProtectionSettings	16	static
../Core/Src/model_handle.c:855:20:clear_all_modes	4	static
../Core/Src/model_handle.c:867:6:ModelHandle_OnPowerUp	16	static
../Core/Src/model_handle.c:900:20:Motor_IsRelayOn	8	static
../Core/Src/model_handle.c:905:13:Motor_StartAllowed	4	static
../Core/Src/model_handle.c:910:6:ModelHandle_IsRestartActive	4	static
../Core/Src/model_handle.c:912:20:motor_apply	24	static
../Core/Src/model_handle.c:934:6:Motor_GetStatus	8	static
../Core/Src/model_handle.c:936:20:start_motor	8	static
../Core/Src/model_handle.c:944:20:stop_motor	8	static
../Core/Src/model_handle.c:946:13:check_max_run	16	static
../Core/Src/model_handle.c:961:6:ModelHandle_Button4_SinglePress	16	static
../Core/Src/model_handle.c:983:6:ModelHandle_CheckDryRun	24	static
../Core/Src/model_handle.c:991:6:ModelHandle_CheckGroundWater	32	static
../Core/Src/model_handle.c:1017:20:isAnyModeActive	4	static
../Core/Src/model_handle.c:1023:6:ModelHandle_SoftDryRunHandler	24	static
../Core/Src/model_handle.c:1085:24:get_load_lock_duration_ms	4	static
../Core/Src/model_handle.c:1091:6:ModelHandle_CheckLoadFault	32	static
../Core/Src/model_handle.c:1145:16:get_today_mask	16	static
../Core/Src/model_handle.c:1152:13:slot_is_active_now	32	static
../Core/Src/model_handle.c:1164:13:timer_any_active_slot	16	static
../Core/Src/model_handle.c:1171:17:get_active_timer_gap_minutes	32	static
../Core/Src/model_handle.c:1192:6:ModelHandle_SaveBuzzerSettings	16	static
../Core/Src/model_handle.c:1221:6:ModelHandle_LoadBuzzerSettings	24	static
../Core/Src/model_handle.c:1244:6:ModelHandle_ProcessTimerSlots	24	static
../Core/Src/model_handle.c:1343:6:ModelHandle_StartTimer	8	static
../Core/Src/model_handle.c:1349:6:ModelHandle_StopTimer	8	static
../Core/Src/model_handle.c:1361:6:ModelHandle_CheckAutoTimerActivation	8	static
../Core/Src/model_handle.c:1375:6:ModelHandle_StartSemiAuto	8	static
../Core/Src/model_handle.c:1391:6:ModelHandle_StopSemiAuto	8	static
../Core/Src/model_handle.c:1400:6:ModelHandle_StartAuto	16	static
../Core/Src/model_handle.c:1423:6:ModelHandle_StopAuto	8	static
../Core/Src/model_handle.c:1437:6:ModelHandle_LoadAutoSettings	8	static
../Core/Src/model_handle.c:1451:13:auto_mode_background_control	16	static
../Core/Src/model_handle.c:1480:6:ModelHandle_SetBuzzerSettings	16	static
../Core/Src/model_handle.c:1488:13:auto_tick	24	static
../Core/Src/model_handle.c:1594:6:ModelHandle_StartCountdown	24	static
../Core/Src/model_handle.c:1612:6:ModelHandle_StopCountdown	8	static
../Core/Src/model_handle.c:1624:17:CD_CRC	24	static
../Core/Src/model_handle.c:1631:13:SaveCountdown	24	static
../Core/Src/model_handle.c:1646:6:ModelHandle_LoadCountdown	24	static
../Core/Src/model_handle.c:1662:6:ModelHandle_StartTwist	32	static
../Core/Src/model_handle.c:1685:6:ModelHandle_StopTwist	8	static
../Core/Src/model_handle.c:1694:13:twist_tick	16	static
../Core/Src/model_handle.c:1710:13:leds_from_model	16	static
../Core/Src/model_handle.c:1727:6:ModelHandle_Process	24	static
../Core/Src/model_handle.c:1880:13:ModelHandle_GetDryState	4	static
../Core/Src/model_handle.c:1882:6:ModelHandle_ResetAll	8	static
../Core/Src/model_handle.c:1896:6:ModelHandle_SetUserSettings	152	static
../Core/Src/model_handle.c:1930:6:ModelHandle_SetAutoSettings	16	static
../Core/Src/model_handle.c:1940:6:ModelHandle_IsAutoActive	4	static
../Core/Src/model_handle.c:1942:6:ModelHandle_SaveCurrentStateToEEPROM	24	static
../Core/Src/model_handle.c:1955:6:ModelHandle_SetTimerSlot	24	static
../Core/Src/model_handle.c:1967:6:ModelHandle_SetDryRun	16	static
../Core/Src/model_handle.c:1974:6:ModelHandle_GetDryRunEnable	8	static
../Core/Src/model_handle.c:1976:6:ModelHandle_SetOverLoad	16	static
../Core/Src/model_handle.c:1982:6:ModelHandle_SetOverUnderVolt	16	static
../Core/Src/model_handle.c:1992:6:ModelHandle_ClearMaxRunFlag	4	static
../Core/Src/model_handle.c:1994:18:ModelHandle_GetTimerSlots	4	static
../Core/Src/model_handle.c:1996:6:ModelHandle_ProcessUartCommand	16	static
../Core/Src/model_handle.c:1998:6:ModelHandle_IsOverload	4	static
../Core/Src/model_handle.c:1999:6:ModelHandle_IsUnderload	4	static
../Core/Src/model_handle.c:2000:6:ModelHandle_IsDryRunActive	4	static
../Core/Src/model_handle.c:2001:6:ModelHandle_IsVoltageFault	4	static
../Core/Src/model_handle.c:2002:6:ModelHandle_IsMaxRunReached	4	static
../Core/Src/model_handle.c:2003:9:ModelHandle_GetTankLevelPercent	8	static
../Core/Src/model_handle.c:2004:6:ModelHandle_IsTankFull	8	static
../Core/Src/model_handle.c:2005:6:ModelHandle_IsManualActive	4	static
../Core/Src/model_handle.c:2006:10:ModelHandle_GetAutoGap	4	static
../Core/Src/model_handle.c:2007:10:ModelHandle_GetAutoMaxRun	4	static
../Core/Src/model_handle.c:2008:10:ModelHandle_GetAutoRetry	4	static
