../Core/Src/model_handle.c:40:17:Timer_CRC16	24	static
../Core/Src/model_handle.c:284:10:ModelHandle_GetGapTime	4	static
../Core/Src/model_handle.c:285:10:ModelHandle_GetRetryCount	4	static
../Core/Src/model_handle.c:286:10:ModelHandle_GetUnderVolt	4	static
../Core/Src/model_handle.c:287:10:ModelHandle_GetOverVolt	4	static
../Core/Src/model_handle.c:288:10:ModelHandle_GetOverloadLimit	4	static
../Core/Src/model_handle.c:289:10:ModelHandle_GetUnderloadLimit	4	static
../Core/Src/model_handle.c:290:10:ModelHandle_GetMaxRunTime	4	static
../Core/Src/model_handle.c:291:6:EEPROM_WriteBlockSafe	40	static
../Core/Src/model_handle.c:305:17:SYS_CRC16	24	static
../Core/Src/model_handle.c:319:6:ModelHandle_SaveSettingsToEEPROM	32	static
../Core/Src/model_handle.c:338:6:ModelHandle_LoadSettingsFromEEPROM	32	static
../Core/Src/model_handle.c:360:6:ModelHandle_SaveModeState	8	static
../Core/Src/model_handle.c:372:13:backup_current_mode	4	static
../Core/Src/model_handle.c:380:13:restore_previous_mode	8	static
../Core/Src/model_handle.c:410:6:ModelHandle_StopRestart	8	static
../Core/Src/model_handle.c:420:6:ModelHandle_LoadModeState	16	static
../Core/Src/model_handle.c:460:6:ModelHandle_SaveTimerToEEPROM	56	static
../Core/Src/model_handle.c:473:6:ModelHandle_LoadTimerFromEEPROM	56	static
../Core/Src/model_handle.c:482:6:Timer_EEPROM_EnsureValid	48	static
../Core/Src/model_handle.c:493:13:is_schedule_allowing_run	8	static
../Core/Src/model_handle.c:500:16:read_raw_tank_level	16	static
../Core/Src/model_handle.c:510:16:get_tank_level_percent	16	static
../Core/Src/model_handle.c:536:13:isTankFull	8	static
../Core/Src/model_handle.c:541:6:ModelHandle_StartRestart	8	static
../Core/Src/model_handle.c:555:6:ModelHandle_TimerRecalculateNow	8	static
../Core/Src/model_handle.c:560:6:ModelHandle_ProcessDryRun	8	static
../Core/Src/model_handle.c:564:9:ModelHandle_GetPowerRestoreMode	4	static
../Core/Src/model_handle.c:568:6:ModelHandle_SetPowerRestoreMode	16	static
../Core/Src/model_handle.c:574:6:ModelHandle_SetDryRunTime	16	static
../Core/Src/model_handle.c:583:6:ModelHandle_ToggleManual	8	static
../Core/Src/model_handle.c:608:6:ModelHandle_ManualToggleMotor	8	static
../Core/Src/model_handle.c:618:6:ModelHandle_SetDryRunAndRetry	16	static
../Core/Src/model_handle.c:629:6:ModelHandle_Button3_SinglePress	8	static
../Core/Src/model_handle.c:649:6:ModelHandle_StopAllModesAndMotor	8	static
../Core/Src/model_handle.c:655:6:ModelHandle_FactoryReset	8	static
../Core/Src/model_handle.c:666:6:ModelHandle_StartTimerNearestSlot	8	static
../Core/Src/model_handle.c:678:20:Buzzer_SetPin	16	static
../Core/Src/model_handle.c:683:13:Buzzer_StartEvent	16	static
../Core/Src/model_handle.c:695:13:Buzzer_TankEmptyPattern	16	static
../Core/Src/model_handle.c:709:13:Buzzer_TankFullPattern	16	static
../Core/Src/model_handle.c:722:13:Buzzer_Update	16	static
../Core/Src/model_handle.c:765:24:now_ms	8	static
../Core/Src/model_handle.c:769:6:ModelHandle_SetProtectionSettings	16	static
../Core/Src/model_handle.c:791:20:clear_all_modes	4	static
../Core/Src/model_handle.c:803:6:ModelHandle_OnPowerUp	16	static
../Core/Src/model_handle.c:834:20:Motor_IsRelayOn	8	static
../Core/Src/model_handle.c:838:13:Motor_StartAllowed	4	static
../Core/Src/model_handle.c:849:6:ModelHandle_IsRestartActive	4	static
../Core/Src/model_handle.c:854:20:motor_apply	24	static
../Core/Src/model_handle.c:879:6:Motor_GetStatus	8	static
../Core/Src/model_handle.c:883:20:start_motor	16	static
../Core/Src/model_handle.c:903:20:stop_motor	8	static
../Core/Src/model_handle.c:907:13:check_max_run	16	static
../Core/Src/model_handle.c:925:6:ModelHandle_Button4_SinglePress	16	static
../Core/Src/model_handle.c:951:6:ModelHandle_CheckDryRun	16	static
../Core/Src/model_handle.c:968:6:ModelHandle_CheckGroundWater	32	static
../Core/Src/model_handle.c:999:20:isAnyModeActive	4	static
../Core/Src/model_handle.c:1004:6:ModelHandle_SoftDryRunHandler	24	static
../Core/Src/model_handle.c:1069:24:get_load_lock_duration_ms	4	static
../Core/Src/model_handle.c:1076:6:ModelHandle_CheckLoadFault	32	static
../Core/Src/model_handle.c:1155:16:get_today_mask	16	static
../Core/Src/model_handle.c:1161:13:slot_is_active_now	32	static
../Core/Src/model_handle.c:1177:13:timer_any_active_slot	16	static
../Core/Src/model_handle.c:1184:17:get_active_timer_gap_minutes	32	static
../Core/Src/model_handle.c:1214:6:ModelHandle_SaveBuzzerSettings	8	static
../Core/Src/model_handle.c:1220:6:ModelHandle_LoadBuzzerSettings	8	static
../Core/Src/model_handle.c:1227:6:ModelHandle_ProcessTimerSlots	24	static
../Core/Src/model_handle.c:1316:6:ModelHandle_StartTimer	8	static
../Core/Src/model_handle.c:1321:6:ModelHandle_StopTimer	8	static
../Core/Src/model_handle.c:1329:6:ModelHandle_CheckAutoTimerActivation	8	static
../Core/Src/model_handle.c:1339:6:ModelHandle_StartSemiAuto	8	static
../Core/Src/model_handle.c:1353:6:ModelHandle_StopSemiAuto	8	static
../Core/Src/model_handle.c:1359:6:ModelHandle_StartAuto	16	static
../Core/Src/model_handle.c:1374:6:ModelHandle_StopAuto	8	static
../Core/Src/model_handle.c:1384:6:ModelHandle_LoadAutoSettings	8	static
../Core/Src/model_handle.c:1412:13:auto_mode_background_control	16	static
../Core/Src/model_handle.c:1450:6:ModelHandle_SetBuzzerSettings	16	static
../Core/Src/model_handle.c:1459:13:auto_tick	24	static
../Core/Src/model_handle.c:1563:6:ModelHandle_StartCountdown	24	static
../Core/Src/model_handle.c:1590:6:ModelHandle_StopCountdown	8	static
../Core/Src/model_handle.c:1601:17:CD_CRC	24	static
../Core/Src/model_handle.c:1607:13:SaveCountdown	24	static
../Core/Src/model_handle.c:1630:6:ModelHandle_LoadCountdown	24	static
../Core/Src/model_handle.c:1650:6:ModelHandle_StartTwist	32	static
../Core/Src/model_handle.c:1670:6:ModelHandle_StopTwist	8	static
../Core/Src/model_handle.c:1678:13:twist_tick	16	static
../Core/Src/model_handle.c:1710:13:leds_from_model	16	static
../Core/Src/model_handle.c:1744:6:ModelHandle_Process	16	static
../Core/Src/model_handle.c:1976:13:ModelHandle_GetDryState	4	static
../Core/Src/model_handle.c:1980:6:ModelHandle_ResetAll	8	static
../Core/Src/model_handle.c:1992:6:ModelHandle_SetUserSettings	136	static
../Core/Src/model_handle.c:2049:6:ModelHandle_SetAutoSettings	16	static
../Core/Src/model_handle.c:2061:6:ModelHandle_IsAutoActive	4	static
../Core/Src/model_handle.c:2065:6:ModelHandle_SaveCurrentStateToEEPROM	24	static
../Core/Src/model_handle.c:2077:6:ModelHandle_SetTimerSlot	16	static
../Core/Src/model_handle.c:2087:6:ModelHandle_SetDryRun	16	static
../Core/Src/model_handle.c:2091:6:ModelHandle_SetOverLoad	16	static
../Core/Src/model_handle.c:2098:6:ModelHandle_SetOverUnderVolt	16	static
../Core/Src/model_handle.c:2114:6:ModelHandle_ClearMaxRunFlag	4	static
../Core/Src/model_handle.c:2118:18:ModelHandle_GetTimerSlots	4	static
../Core/Src/model_handle.c:2122:6:ModelHandle_ProcessUartCommand	16	static
../Core/Src/model_handle.c:2126:6:ModelHandle_IsOverload	4	static
../Core/Src/model_handle.c:2130:6:ModelHandle_IsUnderload	4	static
../Core/Src/model_handle.c:2134:6:ModelHandle_IsDryRunActive	4	static
../Core/Src/model_handle.c:2138:6:ModelHandle_IsVoltageFault	4	static
../Core/Src/model_handle.c:2142:6:ModelHandle_IsMaxRunReached	4	static
../Core/Src/model_handle.c:2147:9:ModelHandle_GetTankLevelPercent	8	static
../Core/Src/model_handle.c:2152:6:ModelHandle_IsTankFull	8	static
../Core/Src/model_handle.c:2156:6:ModelHandle_IsManualActive	4	static
../Core/Src/model_handle.c:2160:10:ModelHandle_GetAutoGap	4	static
../Core/Src/model_handle.c:2165:10:ModelHandle_GetAutoMaxRun	4	static
../Core/Src/model_handle.c:2170:9:ModelHandle_GetAutoRetry	4	static
