../Core/Src/model_handle.c:32:17:Timer_CRC16	24	static
../Core/Src/model_handle.c:212:6:EEPROM_WriteBlockSafe	40	static
../Core/Src/model_handle.c:242:17:SYS_CRC16	24	static
../Core/Src/model_handle.c:259:6:ModelHandle_SaveSettingsToEEPROM	32	static
../Core/Src/model_handle.c:280:6:ModelHandle_LoadSettingsFromEEPROM	32	static
../Core/Src/model_handle.c:305:6:ModelHandle_SaveModeState	8	static
../Core/Src/model_handle.c:318:13:backup_current_mode	4	static
../Core/Src/model_handle.c:326:13:restore_previous_mode	8	static
../Core/Src/model_handle.c:359:13:request_mode_switch	16	static
../Core/Src/model_handle.c:366:6:ModelHandle_StopRestart	8	static
../Core/Src/model_handle.c:377:6:ModelHandle_LoadModeState	8	static
../Core/Src/model_handle.c:397:6:ModelHandle_SaveTimerToEEPROM	64	static
../Core/Src/model_handle.c:413:6:ModelHandle_LoadTimerFromEEPROM	64	static
../Core/Src/model_handle.c:425:6:Timer_EEPROM_EnsureValid	56	static
../Core/Src/model_handle.c:440:13:is_schedule_allowing_run	8	static
../Core/Src/model_handle.c:448:16:read_raw_tank_level	16	static
../Core/Src/model_handle.c:460:16:get_tank_level_percent	16	static
../Core/Src/model_handle.c:486:13:isTankFull	8	static
../Core/Src/model_handle.c:500:6:ModelHandle_StartRestart	8	static
../Core/Src/model_handle.c:518:6:ModelHandle_TimerRecalculateNow	8	static
../Core/Src/model_handle.c:523:6:ModelHandle_ProcessDryRun	8	static
../Core/Src/model_handle.c:527:10:ModelHandle_GetGapTime	4	static
../Core/Src/model_handle.c:528:10:ModelHandle_GetRetryCount	4	static
../Core/Src/model_handle.c:529:10:ModelHandle_GetUnderVolt	4	static
../Core/Src/model_handle.c:530:10:ModelHandle_GetOverVolt	4	static
../Core/Src/model_handle.c:531:10:ModelHandle_GetOverloadLimit	8	static
../Core/Src/model_handle.c:532:10:ModelHandle_GetUnderloadLimit	8	static
../Core/Src/model_handle.c:533:10:ModelHandle_GetMaxRunTime	4	static
../Core/Src/model_handle.c:534:9:ModelHandle_GetPowerRestoreMode	4	static
../Core/Src/model_handle.c:538:6:ModelHandle_SetPowerRestoreMode	16	static
../Core/Src/model_handle.c:544:6:ModelHandle_ToggleManual	8	static
../Core/Src/model_handle.c:569:6:ModelHandle_ManualToggleMotor	8	static
../Core/Src/model_handle.c:581:6:ModelHandle_StopAllModesAndMotor	8	static
../Core/Src/model_handle.c:587:6:ModelHandle_FactoryReset	8	static
../Core/Src/model_handle.c:598:6:ModelHandle_StartTimerNearestSlot	8	static
../Core/Src/model_handle.c:603:20:Buzzer_SetPin	16	static
../Core/Src/model_handle.c:608:13:Buzzer_TriggerAlert	8	static
../Core/Src/model_handle.c:613:13:Buzzer_Update	24	static
../Core/Src/model_handle.c:650:24:now_ms	8	static
../Core/Src/model_handle.c:654:20:clear_all_modes	4	static
../Core/Src/model_handle.c:670:6:ModelHandle_OnPowerUp	16	static
../Core/Src/model_handle.c:698:20:Motor_IsRelayOn	8	static
../Core/Src/model_handle.c:702:13:Motor_StartAllowed	4	static
../Core/Src/model_handle.c:707:6:ModelHandle_IsRestartActive	4	static
../Core/Src/model_handle.c:712:20:motor_apply	24	static
../Core/Src/model_handle.c:741:6:Motor_GetStatus	8	static
../Core/Src/model_handle.c:745:20:start_motor	16	static
../Core/Src/model_handle.c:768:20:stop_motor	8	static
../Core/Src/model_handle.c:772:13:check_max_run	16	static
../Core/Src/model_handle.c:792:6:ModelHandle_CheckDryRun	16	static
../Core/Src/model_handle.c:805:6:ModelHandle_CheckGroundWater	16	static
../Core/Src/model_handle.c:813:20:isAnyModeActive	4	static
../Core/Src/model_handle.c:818:6:ModelHandle_SoftDryRunHandler	24	static
../Core/Src/model_handle.c:879:24:get_load_lock_duration_ms	4	static
../Core/Src/model_handle.c:886:6:ModelHandle_CheckLoadFault	32	static
../Core/Src/model_handle.c:972:16:get_today_mask	16	static
../Core/Src/model_handle.c:978:13:slot_is_active_now	32	static
../Core/Src/model_handle.c:1003:13:timer_any_active_slot	16	static
../Core/Src/model_handle.c:1010:17:get_active_timer_gap_minutes	32	static
../Core/Src/model_handle.c:1031:6:ModelHandle_SaveBuzzerSettings	8	static
../Core/Src/model_handle.c:1037:6:ModelHandle_LoadBuzzerSettings	8	static
../Core/Src/model_handle.c:1044:6:ModelHandle_ProcessTimerSlots	24	static
../Core/Src/model_handle.c:1160:6:ModelHandle_StartTimer	8	static
../Core/Src/model_handle.c:1165:6:ModelHandle_StopTimer	8	static
../Core/Src/model_handle.c:1173:6:ModelHandle_CheckAutoTimerActivation	8	static
../Core/Src/model_handle.c:1195:6:ModelHandle_StartSemiAuto	8	static
../Core/Src/model_handle.c:1215:6:ModelHandle_StopSemiAuto	8	static
../Core/Src/model_handle.c:1221:6:ModelHandle_StartAuto	24	static
../Core/Src/model_handle.c:1246:6:ModelHandle_StopAuto	8	static
../Core/Src/model_handle.c:1258:6:ModelHandle_LoadAutoSettings	8	static
../Core/Src/model_handle.c:1292:13:auto_mode_background_control	16	static
../Core/Src/model_handle.c:1323:13:auto_tick	32	static
../Core/Src/model_handle.c:1445:6:ModelHandle_StartCountdown	16	static
../Core/Src/model_handle.c:1460:6:ModelHandle_StopCountdown	8	static
../Core/Src/model_handle.c:1470:13:countdown_tick	32	static
../Core/Src/model_handle.c:1527:17:CD_CRC	24	static
../Core/Src/model_handle.c:1533:13:SaveCountdown	24	static
../Core/Src/model_handle.c:1557:6:ModelHandle_LoadCountdown	24	static
../Core/Src/model_handle.c:1577:6:ModelHandle_StartTwist	32	static
../Core/Src/model_handle.c:1597:6:ModelHandle_StopTwist	8	static
../Core/Src/model_handle.c:1605:13:twist_tick	16	static
../Core/Src/model_handle.c:1625:13:leds_from_model	16	static
../Core/Src/model_handle.c:1656:6:ModelHandle_Process	40	static
../Core/Src/model_handle.c:1992:13:ModelHandle_GetDryState	4	static
../Core/Src/model_handle.c:1997:6:ModelHandle_ResetAll	8	static
../Core/Src/model_handle.c:2009:6:ModelHandle_SetUserSettings	32	static
../Core/Src/model_handle.c:2039:6:ModelHandle_SetAutoSettings	16	static
../Core/Src/model_handle.c:2053:6:ModelHandle_IsAutoActive	4	static
../Core/Src/model_handle.c:2057:6:ModelHandle_SaveCurrentStateToEEPROM	24	static
../Core/Src/model_handle.c:2071:6:ModelHandle_SetTimerSlot	16	static
../Core/Src/model_handle.c:2082:6:ModelHandle_SetDryRun	16	static
../Core/Src/model_handle.c:2086:6:ModelHandle_SetOverLoad	16	static
../Core/Src/model_handle.c:2090:6:ModelHandle_SetOverUnderVolt	16	static
../Core/Src/model_handle.c:2103:6:ModelHandle_ClearMaxRunFlag	4	static
../Core/Src/model_handle.c:2107:18:ModelHandle_GetTimerSlots	4	static
../Core/Src/model_handle.c:2111:6:ModelHandle_ProcessUartCommand	16	static
../Core/Src/model_handle.c:2115:6:ModelHandle_IsOverload	4	static
../Core/Src/model_handle.c:2119:6:ModelHandle_IsUnderload	4	static
../Core/Src/model_handle.c:2123:6:ModelHandle_IsDryRunActive	4	static
../Core/Src/model_handle.c:2127:6:ModelHandle_IsVoltageFault	4	static
../Core/Src/model_handle.c:2131:6:ModelHandle_IsMaxRunReached	4	static
../Core/Src/model_handle.c:2136:9:ModelHandle_GetTankLevelPercent	8	static
../Core/Src/model_handle.c:2141:6:ModelHandle_IsTankFull	8	static
../Core/Src/model_handle.c:2145:6:ModelHandle_IsManualActive	4	static
../Core/Src/model_handle.c:2149:10:ModelHandle_GetAutoGap	4	static
../Core/Src/model_handle.c:2154:10:ModelHandle_GetAutoMaxRun	4	static
../Core/Src/model_handle.c:2159:9:ModelHandle_GetAutoRetry	4	static
