../Core/Src/model_handle.c:32:17:Timer_CRC16	24	static
../Core/Src/model_handle.c:208:6:EEPROM_WriteBlockSafe	40	static
../Core/Src/model_handle.c:238:17:SYS_CRC16	24	static
../Core/Src/model_handle.c:255:6:ModelHandle_SaveSettingsToEEPROM	32	static
../Core/Src/model_handle.c:276:6:ModelHandle_LoadSettingsFromEEPROM	32	static
../Core/Src/model_handle.c:301:6:ModelHandle_SaveModeState	8	static
../Core/Src/model_handle.c:314:13:backup_current_mode	4	static
../Core/Src/model_handle.c:322:13:restore_previous_mode	8	static
../Core/Src/model_handle.c:355:13:request_mode_switch	16	static
../Core/Src/model_handle.c:362:6:ModelHandle_StartRestart	8	static
../Core/Src/model_handle.c:378:6:ModelHandle_StopRestart	8	static
../Core/Src/model_handle.c:388:6:ModelHandle_LoadModeState	8	static
../Core/Src/model_handle.c:408:6:ModelHandle_SaveTimerToEEPROM	64	static
../Core/Src/model_handle.c:424:6:ModelHandle_LoadTimerFromEEPROM	64	static
../Core/Src/model_handle.c:436:6:Timer_EEPROM_EnsureValid	56	static
../Core/Src/model_handle.c:452:16:read_raw_tank_level	16	static
../Core/Src/model_handle.c:464:16:get_tank_level_percent	16	static
../Core/Src/model_handle.c:490:13:isTankFull	8	static
../Core/Src/model_handle.c:495:6:ModelHandle_TimerRecalculateNow	8	static
../Core/Src/model_handle.c:500:6:ModelHandle_ProcessDryRun	8	static
../Core/Src/model_handle.c:504:10:ModelHandle_GetGapTime	4	static
../Core/Src/model_handle.c:505:10:ModelHandle_GetRetryCount	4	static
../Core/Src/model_handle.c:506:10:ModelHandle_GetUnderVolt	4	static
../Core/Src/model_handle.c:507:10:ModelHandle_GetOverVolt	4	static
../Core/Src/model_handle.c:508:10:ModelHandle_GetOverloadLimit	8	static
../Core/Src/model_handle.c:509:10:ModelHandle_GetUnderloadLimit	8	static
../Core/Src/model_handle.c:510:10:ModelHandle_GetMaxRunTime	4	static
../Core/Src/model_handle.c:511:9:ModelHandle_GetPowerRestoreMode	4	static
../Core/Src/model_handle.c:515:6:ModelHandle_SetPowerRestoreMode	16	static
../Core/Src/model_handle.c:521:6:ModelHandle_ToggleManual	8	static
../Core/Src/model_handle.c:546:6:ModelHandle_ManualToggleMotor	8	static
../Core/Src/model_handle.c:558:6:ModelHandle_StopAllModesAndMotor	8	static
../Core/Src/model_handle.c:564:6:ModelHandle_FactoryReset	8	static
../Core/Src/model_handle.c:575:6:ModelHandle_StartTimerNearestSlot	8	static
../Core/Src/model_handle.c:580:20:Buzzer_SetPin	16	static
../Core/Src/model_handle.c:585:13:Buzzer_TriggerAlert	8	static
../Core/Src/model_handle.c:590:13:Buzzer_Update	24	static
../Core/Src/model_handle.c:627:24:now_ms	8	static
../Core/Src/model_handle.c:631:20:clear_all_modes	4	static
../Core/Src/model_handle.c:647:6:ModelHandle_OnPowerUp	16	static
../Core/Src/model_handle.c:668:20:Motor_IsRelayOn	8	static
../Core/Src/model_handle.c:672:13:Motor_StartAllowed	4	static
../Core/Src/model_handle.c:677:6:ModelHandle_IsRestartActive	4	static
../Core/Src/model_handle.c:682:20:motor_apply	24	static
../Core/Src/model_handle.c:708:6:Motor_GetStatus	8	static
../Core/Src/model_handle.c:712:20:start_motor	16	static
../Core/Src/model_handle.c:731:20:stop_motor	8	static
../Core/Src/model_handle.c:735:13:check_max_run	16	static
../Core/Src/model_handle.c:755:6:ModelHandle_CheckDryRun	16	static
../Core/Src/model_handle.c:768:6:ModelHandle_CheckGroundWater	16	static
../Core/Src/model_handle.c:776:20:isAnyModeActive	4	static
../Core/Src/model_handle.c:781:6:ModelHandle_SoftDryRunHandler	24	static
../Core/Src/model_handle.c:842:24:get_load_lock_duration_ms	4	static
../Core/Src/model_handle.c:849:6:ModelHandle_CheckLoadFault	32	static
../Core/Src/model_handle.c:935:16:get_today_mask	16	static
../Core/Src/model_handle.c:941:13:slot_is_active_now	32	static
../Core/Src/model_handle.c:966:13:timer_any_active_slot	16	static
../Core/Src/model_handle.c:973:17:get_active_timer_gap_minutes	32	static
../Core/Src/model_handle.c:994:6:ModelHandle_SaveBuzzerSettings	8	static
../Core/Src/model_handle.c:1000:6:ModelHandle_LoadBuzzerSettings	8	static
../Core/Src/model_handle.c:1007:6:ModelHandle_ProcessTimerSlots	24	static
../Core/Src/model_handle.c:1102:6:ModelHandle_StartTimer	8	static
../Core/Src/model_handle.c:1107:6:ModelHandle_StopTimer	8	static
../Core/Src/model_handle.c:1115:6:ModelHandle_CheckAutoTimerActivation	8	static
../Core/Src/model_handle.c:1125:6:ModelHandle_StartSemiAuto	8	static
../Core/Src/model_handle.c:1137:6:ModelHandle_StopSemiAuto	8	static
../Core/Src/model_handle.c:1143:6:ModelHandle_StartAuto	32	static
../Core/Src/model_handle.c:1171:6:ModelHandle_StopAuto	8	static
../Core/Src/model_handle.c:1183:6:ModelHandle_LoadAutoSettings	8	static
../Core/Src/model_handle.c:1217:13:auto_mode_background_control	16	static
../Core/Src/model_handle.c:1248:13:auto_tick	24	static
../Core/Src/model_handle.c:1325:6:ModelHandle_StartCountdown	16	static
../Core/Src/model_handle.c:1346:6:ModelHandle_StopCountdown	8	static
../Core/Src/model_handle.c:1355:13:countdown_tick	16	static
../Core/Src/model_handle.c:1384:17:CD_CRC	24	static
../Core/Src/model_handle.c:1389:13:SaveCountdown	24	static
../Core/Src/model_handle.c:1418:6:ModelHandle_LoadCountdown	24	static
../Core/Src/model_handle.c:1446:6:ModelHandle_StartTwist	32	static
../Core/Src/model_handle.c:1465:6:ModelHandle_StopTwist	8	static
../Core/Src/model_handle.c:1472:13:twist_tick	16	static
../Core/Src/model_handle.c:1492:13:leds_from_model	16	static
../Core/Src/model_handle.c:1531:6:ModelHandle_Process	16	static
../Core/Src/model_handle.c:1655:13:ModelHandle_GetDryState	4	static
../Core/Src/model_handle.c:1660:6:ModelHandle_ResetAll	8	static
../Core/Src/model_handle.c:1672:6:ModelHandle_SetUserSettings	32	static
../Core/Src/model_handle.c:1703:6:ModelHandle_SetAutoSettings	16	static
../Core/Src/model_handle.c:1717:6:ModelHandle_IsAutoActive	4	static
../Core/Src/model_handle.c:1721:6:ModelHandle_SaveCurrentStateToEEPROM	24	static
../Core/Src/model_handle.c:1735:6:ModelHandle_SetTimerSlot	16	static
../Core/Src/model_handle.c:1746:6:ModelHandle_SetDryRun	16	static
../Core/Src/model_handle.c:1750:6:ModelHandle_SetOverLoad	16	static
../Core/Src/model_handle.c:1754:6:ModelHandle_SetOverUnderVolt	16	static
../Core/Src/model_handle.c:1767:6:ModelHandle_ClearMaxRunFlag	4	static
../Core/Src/model_handle.c:1771:18:ModelHandle_GetTimerSlots	4	static
../Core/Src/model_handle.c:1775:6:ModelHandle_ProcessUartCommand	16	static
../Core/Src/model_handle.c:1779:6:ModelHandle_IsOverload	4	static
../Core/Src/model_handle.c:1783:6:ModelHandle_IsUnderload	4	static
../Core/Src/model_handle.c:1787:6:ModelHandle_IsDryRunActive	4	static
../Core/Src/model_handle.c:1791:6:ModelHandle_IsVoltageFault	4	static
../Core/Src/model_handle.c:1795:6:ModelHandle_IsMaxRunReached	4	static
../Core/Src/model_handle.c:1800:9:ModelHandle_GetTankLevelPercent	8	static
../Core/Src/model_handle.c:1805:6:ModelHandle_IsTankFull	8	static
../Core/Src/model_handle.c:1809:6:ModelHandle_IsManualActive	4	static
../Core/Src/model_handle.c:1813:10:ModelHandle_GetAutoGap	4	static
../Core/Src/model_handle.c:1818:10:ModelHandle_GetAutoMaxRun	4	static
../Core/Src/model_handle.c:1823:9:ModelHandle_GetAutoRetry	4	static
