../Core/Src/model_handle.c:31:17:Timer_CRC16	24	static
../Core/Src/model_handle.c:207:6:EEPROM_WriteBlockSafe	40	static
../Core/Src/model_handle.c:237:17:SYS_CRC16	24	static
../Core/Src/model_handle.c:254:6:ModelHandle_SaveSettingsToEEPROM	32	static
../Core/Src/model_handle.c:275:6:ModelHandle_LoadSettingsFromEEPROM	32	static
../Core/Src/model_handle.c:299:6:ModelHandle_SaveModeState	8	static
../Core/Src/model_handle.c:312:13:backup_current_mode	4	static
../Core/Src/model_handle.c:320:13:restore_previous_mode	8	static
../Core/Src/model_handle.c:353:13:request_mode_switch	16	static
../Core/Src/model_handle.c:360:6:ModelHandle_StartRestart	8	static
../Core/Src/model_handle.c:376:6:ModelHandle_StopRestart	8	static
../Core/Src/model_handle.c:386:6:ModelHandle_LoadModeState	8	static
../Core/Src/model_handle.c:406:6:ModelHandle_SaveTimerToEEPROM	64	static
../Core/Src/model_handle.c:422:6:ModelHandle_LoadTimerFromEEPROM	64	static
../Core/Src/model_handle.c:434:6:Timer_EEPROM_EnsureValid	56	static
../Core/Src/model_handle.c:450:16:read_raw_tank_level	16	static
../Core/Src/model_handle.c:462:16:get_tank_level_percent	16	static
../Core/Src/model_handle.c:488:13:isTankFull	8	static
../Core/Src/model_handle.c:493:6:ModelHandle_TimerRecalculateNow	8	static
../Core/Src/model_handle.c:498:6:ModelHandle_ProcessDryRun	8	static
../Core/Src/model_handle.c:502:10:ModelHandle_GetGapTime	4	static
../Core/Src/model_handle.c:503:10:ModelHandle_GetRetryCount	4	static
../Core/Src/model_handle.c:504:10:ModelHandle_GetUnderVolt	4	static
../Core/Src/model_handle.c:505:10:ModelHandle_GetOverVolt	4	static
../Core/Src/model_handle.c:506:10:ModelHandle_GetOverloadLimit	8	static
../Core/Src/model_handle.c:507:10:ModelHandle_GetUnderloadLimit	8	static
../Core/Src/model_handle.c:508:10:ModelHandle_GetMaxRunTime	4	static
../Core/Src/model_handle.c:509:9:ModelHandle_GetPowerRestoreMode	4	static
../Core/Src/model_handle.c:513:6:ModelHandle_SetPowerRestoreMode	16	static
../Core/Src/model_handle.c:519:6:ModelHandle_ToggleManual	8	static
../Core/Src/model_handle.c:544:6:ModelHandle_ManualToggleMotor	8	static
../Core/Src/model_handle.c:556:6:ModelHandle_StopAllModesAndMotor	8	static
../Core/Src/model_handle.c:562:6:ModelHandle_FactoryReset	8	static
../Core/Src/model_handle.c:573:6:ModelHandle_StartTimerNearestSlot	8	static
../Core/Src/model_handle.c:578:20:Buzzer_SetPin	16	static
../Core/Src/model_handle.c:583:13:Buzzer_TriggerAlert	8	static
../Core/Src/model_handle.c:588:13:Buzzer_Update	24	static
../Core/Src/model_handle.c:625:24:now_ms	8	static
../Core/Src/model_handle.c:629:20:clear_all_modes	4	static
../Core/Src/model_handle.c:645:6:ModelHandle_OnPowerUp	16	static
../Core/Src/model_handle.c:666:20:Motor_IsRelayOn	8	static
../Core/Src/model_handle.c:670:13:Motor_StartAllowed	4	static
../Core/Src/model_handle.c:675:6:ModelHandle_IsRestartActive	4	static
../Core/Src/model_handle.c:680:20:motor_apply	24	static
../Core/Src/model_handle.c:706:6:Motor_GetStatus	8	static
../Core/Src/model_handle.c:710:20:start_motor	16	static
../Core/Src/model_handle.c:729:20:stop_motor	8	static
../Core/Src/model_handle.c:733:13:check_max_run	16	static
../Core/Src/model_handle.c:753:6:ModelHandle_CheckDryRun	16	static
../Core/Src/model_handle.c:766:6:ModelHandle_CheckGroundWater	16	static
../Core/Src/model_handle.c:774:20:isAnyModeActive	4	static
../Core/Src/model_handle.c:779:6:ModelHandle_SoftDryRunHandler	24	static
../Core/Src/model_handle.c:840:24:get_load_lock_duration_ms	4	static
../Core/Src/model_handle.c:847:6:ModelHandle_CheckLoadFault	32	static
../Core/Src/model_handle.c:933:16:get_today_mask	16	static
../Core/Src/model_handle.c:939:13:slot_is_active_now	32	static
../Core/Src/model_handle.c:964:13:timer_any_active_slot	16	static
../Core/Src/model_handle.c:971:17:get_active_timer_gap_minutes	32	static
../Core/Src/model_handle.c:992:6:ModelHandle_SaveBuzzerSettings	8	static
../Core/Src/model_handle.c:998:6:ModelHandle_LoadBuzzerSettings	8	static
../Core/Src/model_handle.c:1005:6:ModelHandle_ProcessTimerSlots	24	static
../Core/Src/model_handle.c:1100:6:ModelHandle_StartTimer	8	static
../Core/Src/model_handle.c:1105:6:ModelHandle_StopTimer	8	static
../Core/Src/model_handle.c:1113:6:ModelHandle_CheckAutoTimerActivation	8	static
../Core/Src/model_handle.c:1123:6:ModelHandle_StartSemiAuto	8	static
../Core/Src/model_handle.c:1135:6:ModelHandle_StopSemiAuto	8	static
../Core/Src/model_handle.c:1141:6:ModelHandle_StartAuto	32	static
../Core/Src/model_handle.c:1169:6:ModelHandle_StopAuto	8	static
../Core/Src/model_handle.c:1181:6:ModelHandle_LoadAutoSettings	8	static
../Core/Src/model_handle.c:1215:13:auto_mode_background_control	16	static
../Core/Src/model_handle.c:1246:13:auto_tick	24	static
../Core/Src/model_handle.c:1323:6:ModelHandle_StartCountdown	16	static
../Core/Src/model_handle.c:1344:6:ModelHandle_StopCountdown	8	static
../Core/Src/model_handle.c:1353:13:countdown_tick	16	static
../Core/Src/model_handle.c:1382:17:CD_CRC	24	static
../Core/Src/model_handle.c:1387:13:SaveCountdown	24	static
../Core/Src/model_handle.c:1416:6:ModelHandle_LoadCountdown	24	static
../Core/Src/model_handle.c:1444:6:ModelHandle_StartTwist	32	static
../Core/Src/model_handle.c:1463:6:ModelHandle_StopTwist	8	static
../Core/Src/model_handle.c:1470:13:twist_tick	16	static
../Core/Src/model_handle.c:1490:13:leds_from_model	16	static
../Core/Src/model_handle.c:1529:6:ModelHandle_Process	16	static
../Core/Src/model_handle.c:1653:13:ModelHandle_GetDryState	4	static
../Core/Src/model_handle.c:1658:6:ModelHandle_ResetAll	8	static
../Core/Src/model_handle.c:1670:6:ModelHandle_SetUserSettings	32	static
../Core/Src/model_handle.c:1699:6:ModelHandle_SetAutoSettings	16	static
../Core/Src/model_handle.c:1713:6:ModelHandle_IsAutoActive	4	static
../Core/Src/model_handle.c:1717:6:ModelHandle_SaveCurrentStateToEEPROM	24	static
../Core/Src/model_handle.c:1731:6:ModelHandle_SetTimerSlot	16	static
../Core/Src/model_handle.c:1742:6:ModelHandle_SetDryRun	16	static
../Core/Src/model_handle.c:1746:6:ModelHandle_SetOverLoad	16	static
../Core/Src/model_handle.c:1750:6:ModelHandle_SetOverUnderVolt	16	static
../Core/Src/model_handle.c:1763:6:ModelHandle_ClearMaxRunFlag	4	static
../Core/Src/model_handle.c:1767:18:ModelHandle_GetTimerSlots	4	static
../Core/Src/model_handle.c:1771:6:ModelHandle_ProcessUartCommand	16	static
../Core/Src/model_handle.c:1775:6:ModelHandle_IsOverload	4	static
../Core/Src/model_handle.c:1779:6:ModelHandle_IsUnderload	4	static
../Core/Src/model_handle.c:1783:6:ModelHandle_IsDryRunActive	4	static
../Core/Src/model_handle.c:1787:6:ModelHandle_IsVoltageFault	4	static
../Core/Src/model_handle.c:1791:6:ModelHandle_IsMaxRunReached	4	static
../Core/Src/model_handle.c:1796:9:ModelHandle_GetTankLevelPercent	8	static
../Core/Src/model_handle.c:1801:6:ModelHandle_IsTankFull	8	static
../Core/Src/model_handle.c:1805:6:ModelHandle_IsManualActive	4	static
../Core/Src/model_handle.c:1809:10:ModelHandle_GetAutoGap	4	static
../Core/Src/model_handle.c:1814:10:ModelHandle_GetAutoMaxRun	4	static
../Core/Src/model_handle.c:1819:9:ModelHandle_GetAutoRetry	4	static
