../Core/Src/model_handle.c:31:17:Timer_CRC16	24	static
../Core/Src/model_handle.c:208:6:EEPROM_WriteBlockSafe	40	static
../Core/Src/model_handle.c:223:13:request_mode_switch	16	static
../Core/Src/model_handle.c:230:6:ModelHandle_StartRestart	8	static
../Core/Src/model_handle.c:242:6:ModelHandle_StopRestart	8	static
../Core/Src/model_handle.c:277:6:ModelHandle_SaveSettingsToEEPROM	32	static
../Core/Src/model_handle.c:295:6:ModelHandle_LoadSettingsFromEEPROM	40	static
../Core/Src/model_handle.c:311:6:ModelHandle_SaveModeState	8	static
../Core/Src/model_handle.c:324:13:backup_current_mode	4	static
../Core/Src/model_handle.c:332:13:restore_previous_mode	8	static
../Core/Src/model_handle.c:365:6:ModelHandle_LoadModeState	8	static
../Core/Src/model_handle.c:385:6:ModelHandle_SaveTimerToEEPROM	64	static
../Core/Src/model_handle.c:401:6:ModelHandle_LoadTimerFromEEPROM	64	static
../Core/Src/model_handle.c:413:6:Timer_EEPROM_EnsureValid	56	static
../Core/Src/model_handle.c:428:16:get_tank_level_percent	16	static
../Core/Src/model_handle.c:463:13:isTankFull	24	static
../Core/Src/model_handle.c:494:6:ModelHandle_TimerRecalculateNow	8	static
../Core/Src/model_handle.c:499:6:ModelHandle_ProcessDryRun	8	static
../Core/Src/model_handle.c:503:10:ModelHandle_GetGapTime	4	static
../Core/Src/model_handle.c:504:10:ModelHandle_GetRetryCount	4	static
../Core/Src/model_handle.c:505:10:ModelHandle_GetUnderVolt	4	static
../Core/Src/model_handle.c:506:10:ModelHandle_GetOverVolt	4	static
../Core/Src/model_handle.c:507:10:ModelHandle_GetOverloadLimit	8	static
../Core/Src/model_handle.c:508:10:ModelHandle_GetUnderloadLimit	8	static
../Core/Src/model_handle.c:509:10:ModelHandle_GetMaxRunTime	4	static
../Core/Src/model_handle.c:510:9:ModelHandle_GetPowerRestoreMode	4	static
../Core/Src/model_handle.c:514:6:ModelHandle_SetPowerRestoreMode	16	static
../Core/Src/model_handle.c:520:6:ModelHandle_ToggleManual	8	static
../Core/Src/model_handle.c:545:6:ModelHandle_ManualToggleMotor	8	static
../Core/Src/model_handle.c:557:6:ModelHandle_StopAllModesAndMotor	8	static
../Core/Src/model_handle.c:563:6:ModelHandle_FactoryReset	8	static
../Core/Src/model_handle.c:574:6:ModelHandle_StartTimerNearestSlot	8	static
../Core/Src/model_handle.c:579:20:Buzzer_SetPin	16	static
../Core/Src/model_handle.c:584:13:Buzzer_TriggerAlert	8	static
../Core/Src/model_handle.c:589:13:Buzzer_Update	24	static
../Core/Src/model_handle.c:626:24:now_ms	8	static
../Core/Src/model_handle.c:630:20:clear_all_modes	4	static
../Core/Src/model_handle.c:644:6:ModelHandle_OnPowerUp	8	static
../Core/Src/model_handle.c:650:20:Motor_IsRelayOn	8	static
../Core/Src/model_handle.c:654:13:Motor_StartAllowed	4	static
../Core/Src/model_handle.c:659:6:ModelHandle_IsRestartActive	4	static
../Core/Src/model_handle.c:664:20:motor_apply	24	static
../Core/Src/model_handle.c:690:6:Motor_GetStatus	8	static
../Core/Src/model_handle.c:694:20:start_motor	8	static
../Core/Src/model_handle.c:706:20:stop_motor	8	static
../Core/Src/model_handle.c:710:13:check_max_run	16	static
../Core/Src/model_handle.c:730:6:ModelHandle_CheckDryRun	16	static
../Core/Src/model_handle.c:743:6:ModelHandle_CheckGroundWater	16	static
../Core/Src/model_handle.c:751:20:isAnyModeActive	4	static
../Core/Src/model_handle.c:756:6:ModelHandle_SoftDryRunHandler	24	static
../Core/Src/model_handle.c:815:24:get_load_lock_duration_ms	4	static
../Core/Src/model_handle.c:822:6:ModelHandle_CheckLoadFault	32	static
../Core/Src/model_handle.c:915:16:get_today_mask	16	static
../Core/Src/model_handle.c:921:13:slot_is_active_now	32	static
../Core/Src/model_handle.c:946:13:timer_any_active_slot	16	static
../Core/Src/model_handle.c:953:17:get_active_timer_gap_minutes	32	static
../Core/Src/model_handle.c:974:6:ModelHandle_SaveBuzzerSettings	8	static
../Core/Src/model_handle.c:980:6:ModelHandle_LoadBuzzerSettings	8	static
../Core/Src/model_handle.c:987:6:ModelHandle_ProcessTimerSlots	32	static
../Core/Src/model_handle.c:1091:6:ModelHandle_StartTimer	8	static
../Core/Src/model_handle.c:1096:6:ModelHandle_StopTimer	8	static
../Core/Src/model_handle.c:1104:6:ModelHandle_CheckAutoTimerActivation	8	static
../Core/Src/model_handle.c:1114:6:ModelHandle_StartSemiAuto	8	static
../Core/Src/model_handle.c:1124:6:ModelHandle_StopSemiAuto	8	static
../Core/Src/model_handle.c:1131:6:ModelHandle_StartAuto	16	static
../Core/Src/model_handle.c:1153:6:ModelHandle_StopAuto	16	static
../Core/Src/model_handle.c:1170:6:ModelHandle_LoadAutoSettings	24	static
../Core/Src/model_handle.c:1188:13:auto_mode_background_control	16	static
../Core/Src/model_handle.c:1234:13:auto_tick	24	static
../Core/Src/model_handle.c:1371:6:ModelHandle_StartCountdown	16	static
../Core/Src/model_handle.c:1389:6:ModelHandle_StopCountdown	8	static
../Core/Src/model_handle.c:1398:13:countdown_tick	16	static
../Core/Src/model_handle.c:1439:17:CD_CRC	24	static
../Core/Src/model_handle.c:1444:13:SaveCountdown	24	static
../Core/Src/model_handle.c:1473:6:ModelHandle_LoadCountdown	24	static
../Core/Src/model_handle.c:1501:6:ModelHandle_StartTwist	32	static
../Core/Src/model_handle.c:1520:6:ModelHandle_StopTwist	8	static
../Core/Src/model_handle.c:1527:13:twist_time_logic	8	static
../Core/Src/model_handle.c:1548:13:twist_tick	16	static
../Core/Src/model_handle.c:1568:13:leds_from_model	16	static
../Core/Src/model_handle.c:1607:6:ModelHandle_Process	16	static
../Core/Src/model_handle.c:1746:13:ModelHandle_GetDryState	4	static
../Core/Src/model_handle.c:1752:6:ModelHandle_ResetAll	8	static
../Core/Src/model_handle.c:1764:6:ModelHandle_SetUserSettings	24	static
../Core/Src/model_handle.c:1781:16:AUTO_CRC	24	static
../Core/Src/model_handle.c:1788:6:ModelHandle_SetAutoSettings	16	static
../Core/Src/model_handle.c:1799:6:ModelHandle_IsAutoActive	4	static
../Core/Src/model_handle.c:1803:6:ModelHandle_SaveCurrentStateToEEPROM	24	static
../Core/Src/model_handle.c:1817:6:ModelHandle_SetTimerSlot	16	static
../Core/Src/model_handle.c:1828:6:ModelHandle_SetDryRun	16	static
../Core/Src/model_handle.c:1832:6:ModelHandle_SetOverLoad	16	static
../Core/Src/model_handle.c:1836:6:ModelHandle_SetOverUnderVolt	16	static
../Core/Src/model_handle.c:1849:6:ModelHandle_ClearMaxRunFlag	4	static
../Core/Src/model_handle.c:1853:18:ModelHandle_GetTimerSlots	4	static
../Core/Src/model_handle.c:1857:6:ModelHandle_ProcessUartCommand	16	static
../Core/Src/model_handle.c:1861:6:ModelHandle_IsOverload	4	static
../Core/Src/model_handle.c:1865:6:ModelHandle_IsUnderload	4	static
../Core/Src/model_handle.c:1869:6:ModelHandle_IsDryRunActive	4	static
../Core/Src/model_handle.c:1873:6:ModelHandle_IsVoltageFault	4	static
../Core/Src/model_handle.c:1877:6:ModelHandle_IsMaxRunReached	4	static
../Core/Src/model_handle.c:1882:9:ModelHandle_GetTankLevelPercent	8	static
../Core/Src/model_handle.c:1887:6:ModelHandle_IsTankFull	8	static
