../Drivers/CMSIS/Include/core_cm3.h:1762:34:__NVIC_SystemReset	4	static,ignoring_inline_asm
../Core/Src/model_handle.c:64:24:now_ms	8	static
../Core/Src/model_handle.c:66:10:ModelHandle_TimeToSeconds	16	static
../Core/Src/model_handle.c:69:6:ModelHandle_SecondsToTime	24	static
../Core/Src/model_handle.c:101:20:motor_apply	16	static
../Core/Src/model_handle.c:115:20:start_motor	8	static
../Core/Src/model_handle.c:122:20:stop_motor	8	static
../Core/Src/model_handle.c:127:13:isTankFull	16	static
../Core/Src/model_handle.c:139:20:dry_raw_is_dry	24	static
../Core/Src/model_handle.c:149:6:ModelHandle_ToggleManual	8	static
../Core/Src/model_handle.c:169:6:ModelHandle_ManualLongPress	8	static
../Core/Src/model_handle.c:189:6:ModelHandle_StopCountdown	8	static
../Core/Src/model_handle.c:199:13:countdown_start_one_run	8	static
../Core/Src/model_handle.c:206:6:ModelHandle_StartCountdown	16	static
../Core/Src/model_handle.c:227:13:countdown_tick	16	static
../Core/Src/model_handle.c:275:20:isDryLowSupply_debounced	16	static
../Core/Src/model_handle.c:285:20:twist_arm_priming	8	static
../Core/Src/model_handle.c:296:6:ModelHandle_StartTwist	16	static
../Core/Src/model_handle.c:318:6:ModelHandle_StopTwist	8	static
../Core/Src/model_handle.c:326:13:twist_tick	16	static
../Core/Src/model_handle.c:387:6:ModelHandle_StartSearch	16	static
../Core/Src/model_handle.c:410:6:ModelHandle_StopSearch	8	static
../Core/Src/model_handle.c:417:20:isDryDebounced_RUN	8	static
../Core/Src/model_handle.c:426:13:search_tick	16	static
../Core/Src/model_handle.c:484:17:seconds_since_midnight	8	static
../Core/Src/model_handle.c:492:13:timer_tick	32	static
../Core/Src/model_handle.c:551:6:ModelHandle_StartSemiAuto	8	static
../Core/Src/model_handle.c:571:13:semi_auto_tick	8	static
../Core/Src/model_handle.c:588:13:protections_tick	8	static
../Core/Src/model_handle.c:628:13:leds_from_model	8	static
../Core/Src/model_handle.c:657:6:ModelHandle_SetMotor	16	static
../Core/Src/model_handle.c:663:6:ModelHandle_ClearManualOverride	4	static
../Core/Src/model_handle.c:664:6:Motor_GetStatus	4	static
../Core/Src/model_handle.c:669:6:ModelHandle_Process	8	static
../Core/Src/model_handle.c:684:6:ModelHandle_ProcessUartCommand	16	static
