../Drivers/CMSIS/Include/core_cm3.h:1762:34:__NVIC_SystemReset	4	static,ignoring_inline_asm
../Core/Src/model_handle.c:73:24:now_ms	8	static
../Core/Src/model_handle.c:75:20:clear_all_modes	4	static
../Core/Src/model_handle.c:86:6:ModelHandle_ResetAll	8	static
../Core/Src/model_handle.c:108:10:ModelHandle_TimeToSeconds	16	static
../Core/Src/model_handle.c:111:6:ModelHandle_SecondsToTime	24	static
../Core/Src/model_handle.c:147:20:motor_apply	16	static
../Core/Src/model_handle.c:165:20:start_motor	8	static
../Core/Src/model_handle.c:170:20:stop_motor_keep_modes	8	static
../Core/Src/model_handle.c:173:6:ModelHandle_StopAllModesAndMotor	8	static
../Core/Src/model_handle.c:183:13:isTankFull	16	static
../Core/Src/model_handle.c:193:6:ModelHandle_TriggerAuxBurst	16	static
../Core/Src/model_handle.c:201:6:ModelHandle_AuxBurstActive	4	static
../Core/Src/model_handle.c:206:20:dry_raw_is_dry	24	static
../Core/Src/model_handle.c:216:6:ModelHandle_ToggleManual	16	static
../Core/Src/model_handle.c:233:6:ModelHandle_ManualLongPress	8	static
../Core/Src/model_handle.c:251:6:ModelHandle_StopCountdown	8	static
../Core/Src/model_handle.c:261:13:countdown_start_one_run	8	static
../Core/Src/model_handle.c:268:6:ModelHandle_StartCountdown	16	static
../Core/Src/model_handle.c:284:13:countdown_tick	16	static
../Core/Src/model_handle.c:331:20:isDryLowSupply_debounced	16	static
../Core/Src/model_handle.c:341:20:twist_arm_priming	8	static
../Core/Src/model_handle.c:352:6:ModelHandle_StartTwist	16	static
../Core/Src/model_handle.c:369:6:ModelHandle_StopTwist	8	static
../Core/Src/model_handle.c:377:13:twist_tick	16	static
../Core/Src/model_handle.c:437:6:ModelHandle_StartSearch	16	static
../Core/Src/model_handle.c:455:6:ModelHandle_StopSearch	8	static
../Core/Src/model_handle.c:462:20:isDryDebounced_RUN	8	static
../Core/Src/model_handle.c:471:13:search_tick	16	static
../Core/Src/model_handle.c:524:17:seconds_since_midnight	8	static
../Core/Src/model_handle.c:531:13:timer_tick	32	static
../Core/Src/model_handle.c:588:6:ModelHandle_StartSemiAuto	8	static
../Core/Src/model_handle.c:601:6:ModelHandle_StopSemiAuto	8	static
../Core/Src/model_handle.c:607:13:semi_auto_tick	8	static
../Core/Src/model_handle.c:626:13:protections_tick	16	static
../Core/Src/model_handle.c:678:13:leds_from_model	8	static
../Core/Src/model_handle.c:707:6:ModelHandle_SetMotor	16	static
../Core/Src/model_handle.c:717:6:ModelHandle_ClearManualOverride	4	static
../Core/Src/model_handle.c:718:6:Motor_GetStatus	4	static
../Core/Src/model_handle.c:723:6:ModelHandle_Process	16	static
../Core/Src/model_handle.c:749:6:ModelHandle_ProcessUartCommand	16	static
