../Core/Src/model_handle.c:59:24:now_ms	8	static
../Core/Src/model_handle.c:64:20:clear_all_modes	4	static
../Core/Src/model_handle.c:78:20:motor_apply	16	static
../Core/Src/model_handle.c:89:20:start_motor	8	static
../Core/Src/model_handle.c:90:20:stop_motor	8	static
../Core/Src/model_handle.c:92:6:Motor_GetStatus	4	static
../Core/Src/model_handle.c:100:6:ModelHandle_SetMotor	16	static
../Core/Src/model_handle.c:109:6:reset	8	static
../Core/Src/model_handle.c:127:20:isTankFull	24	static
../Core/Src/model_handle.c:166:6:ModelHandle_CheckDryRun	24	static
../Core/Src/model_handle.c:181:6:ModelHandle_ToggleManual	8	static
../Core/Src/model_handle.c:200:6:ModelHandle_StopAllModesAndMotor	8	static
../Core/Src/model_handle.c:226:20:isAnyModeActive	4	static
../Core/Src/model_handle.c:236:6:ModelHandle_SoftDryRunHandler	16	static
../Core/Src/model_handle.c:306:6:ModelHandle_ProcessDryRun	8	static
../Core/Src/model_handle.c:319:6:ModelHandle_StopCountdown	8	static
../Core/Src/model_handle.c:327:6:ModelHandle_StartCountdown	16	static
../Core/Src/model_handle.c:344:6:ModelHandle_IncrementCountdown_LongPress	8	static
../Core/Src/model_handle.c:356:13:countdown_tick	16	static
../Core/Src/model_handle.c:396:6:ModelHandle_StartTwist	24	static
../Core/Src/model_handle.c:422:6:ModelHandle_StopTwist	8	static
../Core/Src/model_handle.c:430:13:twist_time_logic	8	static
../Core/Src/model_handle.c:459:13:twist_tick	16	static
../Core/Src/model_handle.c:498:13:timer_any_slot_should_run	32	static
../Core/Src/model_handle.c:538:6:ModelHandle_TimerRecalculateNow	8	static
../Core/Src/model_handle.c:550:6:ModelHandle_StartTimer	8	static
../Core/Src/model_handle.c:562:6:ModelHandle_StopTimer	8	static
../Core/Src/model_handle.c:569:13:timer_tick	8	static
../Core/Src/model_handle.c:597:6:ModelHandle_StartSemiAuto	8	static
../Core/Src/model_handle.c:606:6:ModelHandle_StopSemiAuto	8	static
../Core/Src/model_handle.c:636:6:ModelHandle_StartAuto	16	static
../Core/Src/model_handle.c:654:6:ModelHandle_StopAuto	8	static
../Core/Src/model_handle.c:662:13:auto_tick	16	static
../Core/Src/model_handle.c:786:13:protections_tick	8	static
../Core/Src/model_handle.c:799:13:leds_from_model	8	static
../Core/Src/model_handle.c:840:6:ModelHandle_Process	8	static
../Core/Src/model_handle.c:915:6:ModelHandle_ResetAll	8	static
../Core/Src/model_handle.c:933:6:ModelHandle_SetAutoSettings	16	static
../Core/Src/model_handle.c:943:6:ModelHandle_IsAutoActive	4	static
../Core/Src/model_handle.c:951:6:ModelHandle_SaveCurrentStateToEEPROM	24	static
