../Core/Src/model_handle.c:40:17:Timer_CRC16	24	static
../Core/Src/model_handle.c:282:20:dry_protection_enabled	4	static
../Core/Src/model_handle.c:287:10:ModelHandle_GetGapTime	4	static
../Core/Src/model_handle.c:288:10:ModelHandle_GetRetryCount	4	static
../Core/Src/model_handle.c:289:10:ModelHandle_GetUnderVolt	4	static
../Core/Src/model_handle.c:290:10:ModelHandle_GetOverVolt	4	static
../Core/Src/model_handle.c:291:10:ModelHandle_GetOverloadLimit	4	static
../Core/Src/model_handle.c:292:10:ModelHandle_GetUnderloadLimit	4	static
../Core/Src/model_handle.c:293:10:ModelHandle_GetMaxRunTime	4	static
../Core/Src/model_handle.c:294:6:EEPROM_WriteBlockSafe	40	static
../Core/Src/model_handle.c:308:17:SYS_CRC16	24	static
../Core/Src/model_handle.c:322:6:ModelHandle_SaveSettingsToEEPROM	32	static
../Core/Src/model_handle.c:340:6:ModelHandle_LoadSettingsFromEEPROM	32	static
../Core/Src/model_handle.c:361:6:ModelHandle_SaveModeState	8	static
../Core/Src/model_handle.c:373:13:backup_current_mode	4	static
../Core/Src/model_handle.c:381:13:restore_previous_mode	8	static
../Core/Src/model_handle.c:411:6:ModelHandle_StopRestart	8	static
../Core/Src/model_handle.c:421:6:ModelHandle_LoadModeState	16	static
../Core/Src/model_handle.c:456:6:ModelHandle_SaveTimerToEEPROM	56	static
../Core/Src/model_handle.c:466:6:ModelHandle_LoadTimerFromEEPROM	56	static
../Core/Src/model_handle.c:475:6:Timer_EEPROM_EnsureValid	48	static
../Core/Src/model_handle.c:487:16:read_raw_tank_level	16	static
../Core/Src/model_handle.c:497:16:get_tank_level_percent	16	static
../Core/Src/model_handle.c:519:13:isTankFull	8	static
../Core/Src/model_handle.c:524:6:ModelHandle_StartRestart	8	static
../Core/Src/model_handle.c:539:6:ModelHandle_TimerRecalculateNow	8	static
../Core/Src/model_handle.c:544:6:ModelHandle_ProcessDryRun	8	static
../Core/Src/model_handle.c:548:9:ModelHandle_GetPowerRestoreMode	4	static
../Core/Src/model_handle.c:552:6:ModelHandle_SetPowerRestoreMode	16	static
../Core/Src/model_handle.c:558:6:ModelHandle_SetDryRunTime	16	static
../Core/Src/model_handle.c:565:6:ModelHandle_ToggleManual	8	static
../Core/Src/model_handle.c:591:6:ModelHandle_ManualToggleMotor	8	static
../Core/Src/model_handle.c:601:6:ModelHandle_SetDryRunAndRetry	16	static
../Core/Src/model_handle.c:610:6:ModelHandle_Button3_SinglePress	8	static
../Core/Src/model_handle.c:631:6:ModelHandle_StopAllModesAndMotor	8	static
../Core/Src/model_handle.c:638:6:ModelHandle_FactoryReset	8	static
../Core/Src/model_handle.c:650:6:ModelHandle_StartTimerNearestSlot	8	static
../Core/Src/model_handle.c:661:20:Buzzer_SetPin	16	static
../Core/Src/model_handle.c:666:13:Buzzer_StartEvent	16	static
../Core/Src/model_handle.c:673:13:Buzzer_TankEmptyPattern	16	static
../Core/Src/model_handle.c:684:13:Buzzer_TankFullPattern	16	static
../Core/Src/model_handle.c:695:13:Buzzer_Update	16	static
../Core/Src/model_handle.c:734:24:now_ms	8	static
../Core/Src/model_handle.c:739:6:ModelHandle_SetProtectionSettings	16	static
../Core/Src/model_handle.c:755:20:clear_all_modes	4	static
../Core/Src/model_handle.c:771:6:ModelHandle_OnPowerUp	16	static
../Core/Src/model_handle.c:805:20:Motor_IsRelayOn	8	static
../Core/Src/model_handle.c:809:13:Motor_StartAllowed	4	static
../Core/Src/model_handle.c:819:6:ModelHandle_IsRestartActive	4	static
../Core/Src/model_handle.c:824:20:motor_apply	24	static
../Core/Src/model_handle.c:849:6:Motor_GetStatus	8	static
../Core/Src/model_handle.c:853:20:start_motor	8	static
../Core/Src/model_handle.c:862:20:stop_motor	8	static
../Core/Src/model_handle.c:866:13:check_max_run	16	static
../Core/Src/model_handle.c:884:6:ModelHandle_Button4_SinglePress	16	static
../Core/Src/model_handle.c:904:6:ModelHandle_CheckDryRun	16	static
../Core/Src/model_handle.c:917:6:ModelHandle_CheckGroundWater	32	static
../Core/Src/model_handle.c:945:20:isAnyModeActive	4	static
../Core/Src/model_handle.c:951:6:ModelHandle_SoftDryRunHandler	24	static
../Core/Src/model_handle.c:1037:24:get_load_lock_duration_ms	4	static
../Core/Src/model_handle.c:1044:6:ModelHandle_CheckLoadFault	32	static
../Core/Src/model_handle.c:1108:16:get_today_mask	16	static
../Core/Src/model_handle.c:1114:13:slot_is_active_now	32	static
../Core/Src/model_handle.c:1125:13:timer_any_active_slot	16	static
../Core/Src/model_handle.c:1132:17:get_active_timer_gap_minutes	32	static
../Core/Src/model_handle.c:1149:6:ModelHandle_SaveBuzzerSettings	8	static
../Core/Src/model_handle.c:1155:6:ModelHandle_LoadBuzzerSettings	8	static
../Core/Src/model_handle.c:1183:6:ModelHandle_ProcessTimerSlots	24	static
../Core/Src/model_handle.c:1291:6:ModelHandle_StartTimer	8	static
../Core/Src/model_handle.c:1292:6:ModelHandle_StopTimer	8	static
../Core/Src/model_handle.c:1300:6:ModelHandle_CheckAutoTimerActivation	8	static
../Core/Src/model_handle.c:1309:6:ModelHandle_StartSemiAuto	8	static
../Core/Src/model_handle.c:1323:6:ModelHandle_StopSemiAuto	8	static
../Core/Src/model_handle.c:1330:6:ModelHandle_StartAuto	16	static
../Core/Src/model_handle.c:1345:6:ModelHandle_StopAuto	8	static
../Core/Src/model_handle.c:1356:6:ModelHandle_LoadAutoSettings	8	static
../Core/Src/model_handle.c:1378:13:auto_mode_background_control	16	static
../Core/Src/model_handle.c:1403:6:ModelHandle_SetBuzzerSettings	16	static
../Core/Src/model_handle.c:1426:13:auto_tick	24	static
../Core/Src/model_handle.c:1541:6:ModelHandle_StartCountdown	24	static
../Core/Src/model_handle.c:1557:6:ModelHandle_StopCountdown	8	static
../Core/Src/model_handle.c:1568:17:CD_CRC	24	static
../Core/Src/model_handle.c:1574:13:SaveCountdown	24	static
../Core/Src/model_handle.c:1588:6:ModelHandle_LoadCountdown	24	static
../Core/Src/model_handle.c:1604:6:ModelHandle_StartTwist	32	static
../Core/Src/model_handle.c:1626:6:ModelHandle_StopTwist	8	static
../Core/Src/model_handle.c:1634:13:twist_tick	16	static
../Core/Src/model_handle.c:1660:13:leds_from_model	16	static
../Core/Src/model_handle.c:1691:6:ModelHandle_Process	16	static
../Core/Src/model_handle.c:1879:13:ModelHandle_GetDryState	4	static
../Core/Src/model_handle.c:1881:6:ModelHandle_ResetAll	8	static
../Core/Src/model_handle.c:1895:6:ModelHandle_SetUserSettings	152	static
../Core/Src/model_handle.c:1944:6:ModelHandle_SetAutoSettings	16	static
../Core/Src/model_handle.c:1954:6:ModelHandle_IsAutoActive	4	static
../Core/Src/model_handle.c:1956:6:ModelHandle_SaveCurrentStateToEEPROM	24	static
../Core/Src/model_handle.c:1969:6:ModelHandle_SetTimerSlot	16	static
../Core/Src/model_handle.c:1984:6:ModelHandle_SetDryRun	16	static
../Core/Src/model_handle.c:1992:6:ModelHandle_GetDryRunEnable	8	static
../Core/Src/model_handle.c:1997:6:ModelHandle_SetOverLoad	16	static
../Core/Src/model_handle.c:2002:6:ModelHandle_SetOverUnderVolt	16	static
../Core/Src/model_handle.c:2011:6:ModelHandle_ClearMaxRunFlag	4	static
../Core/Src/model_handle.c:2013:18:ModelHandle_GetTimerSlots	4	static
../Core/Src/model_handle.c:2015:6:ModelHandle_ProcessUartCommand	16	static
../Core/Src/model_handle.c:2017:6:ModelHandle_IsOverload	4	static
../Core/Src/model_handle.c:2018:6:ModelHandle_IsUnderload	4	static
../Core/Src/model_handle.c:2019:6:ModelHandle_IsDryRunActive	4	static
../Core/Src/model_handle.c:2020:6:ModelHandle_IsVoltageFault	4	static
../Core/Src/model_handle.c:2021:6:ModelHandle_IsMaxRunReached	4	static
../Core/Src/model_handle.c:2022:9:ModelHandle_GetTankLevelPercent	8	static
../Core/Src/model_handle.c:2023:6:ModelHandle_IsTankFull	8	static
../Core/Src/model_handle.c:2024:6:ModelHandle_IsManualActive	4	static
../Core/Src/model_handle.c:2025:10:ModelHandle_GetAutoGap	4	static
../Core/Src/model_handle.c:2026:10:ModelHandle_GetAutoMaxRun	4	static
../Core/Src/model_handle.c:2027:10:ModelHandle_GetAutoRetry	4	static
