../Drivers/CMSIS/Include/core_cm3.h:1762:34:__NVIC_SystemReset	4	static,ignoring_inline_asm
../Core/Src/model_handle.c:60:24:now_ms	8	static
../Core/Src/model_handle.c:62:10:ModelHandle_TimeToSeconds	16	static
../Core/Src/model_handle.c:66:6:ModelHandle_SecondsToTime	24	static
../Core/Src/model_handle.c:73:20:motor_apply	16	static
../Core/Src/model_handle.c:88:20:start_motor	8	static
../Core/Src/model_handle.c:89:20:stop_motor	8	static
../Core/Src/model_handle.c:93:6:ModelHandle_ToggleManual	8	static
../Core/Src/model_handle.c:108:6:ModelHandle_ManualLongPress	8	static
../Core/Src/model_handle.c:119:13:countdown_start	16	static
../Core/Src/model_handle.c:137:13:countdown_tick	16	static
../Core/Src/model_handle.c:162:13:twist_tick	16	static
../Core/Src/model_handle.c:190:13:search_tick	16	static
../Core/Src/model_handle.c:221:17:seconds_since_midnight	16	static
../Core/Src/model_handle.c:227:13:timer_tick	24	static
../Core/Src/model_handle.c:259:13:protections_tick	8	static
../Core/Src/model_handle.c:286:13:leds_from_model	8	static
../Core/Src/model_handle.c:313:6:ModelHandle_ProcessUartCommand	16	static
../Core/Src/model_handle.c:336:6:ModelHandle_SetMotor	16	static
../Core/Src/model_handle.c:343:6:ModelHandle_ClearManualOverride	4	static
../Core/Src/model_handle.c:350:13:isTankFull	16	static
../Core/Src/model_handle.c:359:6:ModelHandle_StartSemiAuto	8	static
../Core/Src/model_handle.c:377:13:semi_auto_tick	8	static
../Core/Src/model_handle.c:395:6:ModelHandle_Process	8	static
../Core/Src/model_handle.c:408:6:Motor_GetStatus	4	static
