../Core/Src/model_handle.c:51:17:Timer_CRC16	24	static
../Core/Src/model_handle.c:172:6:ModelHandle_SaveSettingsToEEPROM	16	static
../Core/Src/model_handle.c:189:6:ModelHandle_LoadSettingsFromEEPROM	16	static
../Core/Src/model_handle.c:212:6:ModelHandle_SaveModeState	8	static
../Core/Src/model_handle.c:229:6:ModelHandle_LoadModeState	8	static
../Core/Src/model_handle.c:254:6:ModelHandle_SaveTimerToEEPROM	64	static
../Core/Src/model_handle.c:274:6:ModelHandle_LoadTimerFromEEPROM	72	static
../Core/Src/model_handle.c:334:13:isTankFull	24	static
../Core/Src/model_handle.c:376:6:ModelHandle_TimerRecalculateNow	8	static
../Core/Src/model_handle.c:382:6:ModelHandle_ProcessDryRun	8	static
../Core/Src/model_handle.c:388:10:ModelHandle_GetGapTime	4	static
../Core/Src/model_handle.c:389:10:ModelHandle_GetRetryCount	4	static
../Core/Src/model_handle.c:390:10:ModelHandle_GetUnderVolt	4	static
../Core/Src/model_handle.c:391:10:ModelHandle_GetOverVolt	4	static
../Core/Src/model_handle.c:392:10:ModelHandle_GetOverloadLimit	8	static
../Core/Src/model_handle.c:393:10:ModelHandle_GetUnderloadLimit	8	static
../Core/Src/model_handle.c:394:10:ModelHandle_GetMaxRunTime	4	static
../Core/Src/model_handle.c:396:9:ModelHandle_GetPowerRestoreMode	4	static
../Core/Src/model_handle.c:401:6:ModelHandle_SetPowerRestoreMode	16	static
../Core/Src/model_handle.c:409:6:ModelHandle_ToggleManual	8	static
../Core/Src/model_handle.c:417:6:ModelHandle_StopAllModesAndMotor	8	static
../Core/Src/model_handle.c:425:6:ModelHandle_FactoryReset	8	static
../Core/Src/model_handle.c:439:6:ModelHandle_StartTimerNearestSlot	8	static
../Core/Src/model_handle.c:445:20:Buzzer_SetPin	16	static
../Core/Src/model_handle.c:453:13:Buzzer_TriggerAlert	8	static
../Core/Src/model_handle.c:458:13:Buzzer_Update	24	static
../Core/Src/model_handle.c:483:6:reset	16	static
../Core/Src/model_handle.c:554:24:now_ms	8	static
../Core/Src/model_handle.c:559:20:clear_all_modes	4	static
../Core/Src/model_handle.c:577:6:ModelHandle_OnPowerUp	8	static
../Core/Src/model_handle.c:582:13:Motor_StartAllowed	8	static
../Core/Src/model_handle.c:587:20:Motor_GetStatusInternal	4	static
../Core/Src/model_handle.c:592:6:Motor_GetStatus	8	static
../Core/Src/model_handle.c:597:20:motor_apply	24	static
../Core/Src/model_handle.c:616:20:start_motor	8	static
../Core/Src/model_handle.c:617:20:stop_motor	8	static
../Core/Src/model_handle.c:627:13:check_max_run	16	static
../Core/Src/model_handle.c:649:6:ModelHandle_CheckDryRun	16	static
../Core/Src/model_handle.c:686:20:isAnyModeActive	4	static
../Core/Src/model_handle.c:692:6:ModelHandle_SoftDryRunHandler	24	static
../Core/Src/model_handle.c:799:24:get_load_lock_duration_ms	4	static
../Core/Src/model_handle.c:806:6:ModelHandle_CheckLoadFault	32	static
../Core/Src/model_handle.c:891:16:get_today_mask	16	static
../Core/Src/model_handle.c:898:13:slot_is_active_now	32	static
../Core/Src/model_handle.c:911:13:timer_any_active_slot	16	static
../Core/Src/model_handle.c:919:17:get_active_timer_gap_minutes	32	static
../Core/Src/model_handle.c:943:17:timer_get_gap_ms	16	static
../Core/Src/model_handle.c:965:6:ModelHandle_ProcessTimerSlots	16	static
../Core/Src/model_handle.c:1037:6:ModelHandle_StartTimer	8	static
../Core/Src/model_handle.c:1045:6:ModelHandle_StopTimer	8	static
../Core/Src/model_handle.c:1055:6:ModelHandle_CheckAutoTimerActivation	8	static
../Core/Src/model_handle.c:1069:6:ModelHandle_StartSemiAuto	8	static
../Core/Src/model_handle.c:1080:6:ModelHandle_StopSemiAuto	8	static
../Core/Src/model_handle.c:1105:6:ModelHandle_StartAuto	16	static
../Core/Src/model_handle.c:1121:6:ModelHandle_StopAuto	8	static
../Core/Src/model_handle.c:1131:13:auto_tick	16	static
../Core/Src/model_handle.c:1196:6:ModelHandle_StartCountdown	16	static
../Core/Src/model_handle.c:1210:6:ModelHandle_StopCountdown	8	static
../Core/Src/model_handle.c:1219:13:countdown_tick	16	static
../Core/Src/model_handle.c:1244:6:ModelHandle_StartTwist	32	static
../Core/Src/model_handle.c:1267:6:ModelHandle_StopTwist	8	static
../Core/Src/model_handle.c:1275:13:twist_time_logic	8	static
../Core/Src/model_handle.c:1299:13:twist_tick	16	static
../Core/Src/model_handle.c:1325:13:protections_tick	8	static
../Core/Src/model_handle.c:1334:13:leds_from_model	16	static
../Core/Src/model_handle.c:1366:6:ModelHandle_Process	8	static
../Core/Src/model_handle.c:1467:6:ModelHandle_ResetAll	8	static
../Core/Src/model_handle.c:1489:6:ModelHandle_SetUserSettings	24	static
../Core/Src/model_handle.c:1511:6:ModelHandle_SetAutoSettings	16	static
../Core/Src/model_handle.c:1524:6:ModelHandle_LoadAutoSettings	8	static
../Core/Src/model_handle.c:1531:6:ModelHandle_IsAutoActive	4	static
../Core/Src/model_handle.c:1539:6:ModelHandle_SaveCurrentStateToEEPROM	24	static
../Core/Src/model_handle.c:1557:6:ModelHandle_SetTimerSlot	16	static
../Core/Src/model_handle.c:1572:6:ModelHandle_SetDryRun	16	static
../Core/Src/model_handle.c:1577:6:ModelHandle_SetOverLoad	16	static
../Core/Src/model_handle.c:1582:6:ModelHandle_SetOverUnderVolt	16	static
../Core/Src/model_handle.c:1596:6:ModelHandle_ClearMaxRunFlag	4	static
../Core/Src/model_handle.c:1603:18:ModelHandle_GetTimerSlots	4	static
../Core/Src/model_handle.c:1611:6:ModelHandle_ProcessUartCommand	16	static
