../Core/Src/model_handle.c:31:17:Timer_CRC16	24	static
../Core/Src/model_handle.c:214:6:EEPROM_WriteBlockSafe	40	static
../Core/Src/model_handle.c:229:13:request_mode_switch	16	static
../Core/Src/model_handle.c:236:6:ModelHandle_StartRestart	8	static
../Core/Src/model_handle.c:248:6:ModelHandle_StopRestart	8	static
../Core/Src/model_handle.c:283:6:ModelHandle_SaveSettingsToEEPROM	32	static
../Core/Src/model_handle.c:301:6:ModelHandle_LoadSettingsFromEEPROM	40	static
../Core/Src/model_handle.c:317:6:ModelHandle_SaveModeState	8	static
../Core/Src/model_handle.c:330:13:backup_current_mode	4	static
../Core/Src/model_handle.c:338:13:restore_previous_mode	8	static
../Core/Src/model_handle.c:371:6:ModelHandle_LoadModeState	8	static
../Core/Src/model_handle.c:391:6:ModelHandle_SaveTimerToEEPROM	64	static
../Core/Src/model_handle.c:407:6:ModelHandle_LoadTimerFromEEPROM	64	static
../Core/Src/model_handle.c:419:6:Timer_EEPROM_EnsureValid	56	static
../Core/Src/model_handle.c:434:16:get_tank_level_percent	16	static
../Core/Src/model_handle.c:469:13:isTankFull	24	static
../Core/Src/model_handle.c:500:6:ModelHandle_TimerRecalculateNow	8	static
../Core/Src/model_handle.c:505:6:ModelHandle_ProcessDryRun	8	static
../Core/Src/model_handle.c:509:10:ModelHandle_GetGapTime	4	static
../Core/Src/model_handle.c:510:10:ModelHandle_GetRetryCount	4	static
../Core/Src/model_handle.c:511:10:ModelHandle_GetUnderVolt	4	static
../Core/Src/model_handle.c:512:10:ModelHandle_GetOverVolt	4	static
../Core/Src/model_handle.c:513:10:ModelHandle_GetOverloadLimit	8	static
../Core/Src/model_handle.c:514:10:ModelHandle_GetUnderloadLimit	8	static
../Core/Src/model_handle.c:515:10:ModelHandle_GetMaxRunTime	4	static
../Core/Src/model_handle.c:516:9:ModelHandle_GetPowerRestoreMode	4	static
../Core/Src/model_handle.c:520:6:ModelHandle_SetPowerRestoreMode	16	static
../Core/Src/model_handle.c:526:6:ModelHandle_ToggleManual	8	static
../Core/Src/model_handle.c:551:6:ModelHandle_ManualToggleMotor	8	static
../Core/Src/model_handle.c:563:6:ModelHandle_StopAllModesAndMotor	8	static
../Core/Src/model_handle.c:569:6:ModelHandle_FactoryReset	8	static
../Core/Src/model_handle.c:580:6:ModelHandle_StartTimerNearestSlot	8	static
../Core/Src/model_handle.c:585:20:Buzzer_SetPin	16	static
../Core/Src/model_handle.c:590:13:Buzzer_TriggerAlert	8	static
../Core/Src/model_handle.c:595:13:Buzzer_Update	24	static
../Core/Src/model_handle.c:632:24:now_ms	8	static
../Core/Src/model_handle.c:636:20:clear_all_modes	4	static
../Core/Src/model_handle.c:650:6:ModelHandle_OnPowerUp	8	static
../Core/Src/model_handle.c:656:20:Motor_IsRelayOn	8	static
../Core/Src/model_handle.c:660:13:Motor_StartAllowed	4	static
../Core/Src/model_handle.c:665:6:ModelHandle_IsRestartActive	4	static
../Core/Src/model_handle.c:670:20:motor_apply	24	static
../Core/Src/model_handle.c:696:6:Motor_GetStatus	8	static
../Core/Src/model_handle.c:700:20:start_motor	8	static
../Core/Src/model_handle.c:712:20:stop_motor	8	static
../Core/Src/model_handle.c:716:13:check_max_run	16	static
../Core/Src/model_handle.c:736:6:ModelHandle_CheckDryRun	16	static
../Core/Src/model_handle.c:749:6:ModelHandle_CheckGroundWater	16	static
../Core/Src/model_handle.c:757:20:isAnyModeActive	4	static
../Core/Src/model_handle.c:762:6:ModelHandle_SoftDryRunHandler	16	static
../Core/Src/model_handle.c:846:24:get_load_lock_duration_ms	4	static
../Core/Src/model_handle.c:853:6:ModelHandle_CheckLoadFault	32	static
../Core/Src/model_handle.c:946:16:get_today_mask	16	static
../Core/Src/model_handle.c:952:13:slot_is_active_now	32	static
../Core/Src/model_handle.c:977:13:timer_any_active_slot	16	static
../Core/Src/model_handle.c:984:17:get_active_timer_gap_minutes	32	static
../Core/Src/model_handle.c:1005:6:ModelHandle_SaveBuzzerSettings	8	static
../Core/Src/model_handle.c:1011:6:ModelHandle_LoadBuzzerSettings	8	static
../Core/Src/model_handle.c:1018:6:ModelHandle_ProcessTimerSlots	32	static
../Core/Src/model_handle.c:1122:6:ModelHandle_StartTimer	8	static
../Core/Src/model_handle.c:1127:6:ModelHandle_StopTimer	8	static
../Core/Src/model_handle.c:1135:6:ModelHandle_CheckAutoTimerActivation	8	static
../Core/Src/model_handle.c:1145:6:ModelHandle_StartSemiAuto	8	static
../Core/Src/model_handle.c:1155:6:ModelHandle_StopSemiAuto	8	static
../Core/Src/model_handle.c:1162:6:ModelHandle_StartAuto	16	static
../Core/Src/model_handle.c:1184:6:ModelHandle_StopAuto	16	static
../Core/Src/model_handle.c:1201:6:ModelHandle_LoadAutoSettings	24	static
../Core/Src/model_handle.c:1219:13:auto_mode_background_control	16	static
../Core/Src/model_handle.c:1265:13:auto_tick	24	static
../Core/Src/model_handle.c:1402:6:ModelHandle_StartCountdown	16	static
../Core/Src/model_handle.c:1420:6:ModelHandle_StopCountdown	8	static
../Core/Src/model_handle.c:1429:13:countdown_tick	16	static
../Core/Src/model_handle.c:1470:17:CD_CRC	24	static
../Core/Src/model_handle.c:1475:13:SaveCountdown	24	static
../Core/Src/model_handle.c:1504:6:ModelHandle_LoadCountdown	24	static
../Core/Src/model_handle.c:1532:6:ModelHandle_StartTwist	32	static
../Core/Src/model_handle.c:1551:6:ModelHandle_StopTwist	8	static
../Core/Src/model_handle.c:1558:13:twist_time_logic	8	static
../Core/Src/model_handle.c:1579:13:twist_tick	16	static
../Core/Src/model_handle.c:1599:13:leds_from_model	16	static
../Core/Src/model_handle.c:1620:6:ModelHandle_Process	16	static
../Core/Src/model_handle.c:1759:6:ModelHandle_ResetAll	8	static
../Core/Src/model_handle.c:1771:6:ModelHandle_SetUserSettings	24	static
../Core/Src/model_handle.c:1788:16:AUTO_CRC	24	static
../Core/Src/model_handle.c:1795:6:ModelHandle_SetAutoSettings	16	static
../Core/Src/model_handle.c:1806:6:ModelHandle_IsAutoActive	4	static
../Core/Src/model_handle.c:1810:6:ModelHandle_SaveCurrentStateToEEPROM	24	static
../Core/Src/model_handle.c:1824:6:ModelHandle_SetTimerSlot	16	static
../Core/Src/model_handle.c:1835:6:ModelHandle_SetDryRun	16	static
../Core/Src/model_handle.c:1839:6:ModelHandle_SetOverLoad	16	static
../Core/Src/model_handle.c:1843:6:ModelHandle_SetOverUnderVolt	16	static
../Core/Src/model_handle.c:1856:6:ModelHandle_ClearMaxRunFlag	4	static
../Core/Src/model_handle.c:1860:18:ModelHandle_GetTimerSlots	4	static
../Core/Src/model_handle.c:1864:6:ModelHandle_ProcessUartCommand	16	static
../Core/Src/model_handle.c:1868:6:ModelHandle_IsOverload	4	static
../Core/Src/model_handle.c:1872:6:ModelHandle_IsUnderload	4	static
../Core/Src/model_handle.c:1876:6:ModelHandle_IsDryRunActive	4	static
../Core/Src/model_handle.c:1880:6:ModelHandle_IsVoltageFault	4	static
../Core/Src/model_handle.c:1884:6:ModelHandle_IsMaxRunReached	4	static
