../Core/Src/rf.c:52:13:uart_ln	16	static
../Core/Src/rf.c:91:9:RF_CRC8	24	static
../Core/Src/rf.c:109:23:rf_pin	8	static
../Core/Src/rf.c:117:20:tim_rst	4	static
../Core/Src/rf.c:122:24:tim_us	4	static
../Core/Src/rf.c:127:13:wait_low	24	static
../Core/Src/rf.c:137:13:wait_high	24	static
../Core/Src/rf.c:154:15:read_bit	16	static
../Core/Src/rf.c:174:13:read_byte	24	static
../Core/Src/rf.c:196:13:try_receive_frame	320	static
../Core/Src/rf.c:347:6:RF_IsWirelessDataValid	8	static
../Core/Src/rf.c:361:10:RF_GetWirelessTankLevel	4	static
../Core/Src/rf.c:362:10:RF_GetWirelessWellDry	4	static
../Core/Src/rf.c:364:15:RF_HasReceivedPacket	4	static
../Core/Src/rf.c:365:15:RF_GetLastRawPacket	4	static
../Core/Src/rf.c:366:15:RF_GetLastPacketDID	4	static
../Core/Src/rf.c:367:15:RF_GetLastPacketSeq	4	static
../Core/Src/rf.c:368:15:RF_GetLastPacketType	4	static
../Core/Src/rf.c:369:15:RF_GetLastPacketCrcRx	4	static
../Core/Src/rf.c:370:15:RF_GetLastPacketCrcCalc	4	static
../Core/Src/rf.c:371:15:RF_GetRxPacketCount	4	static
../Core/Src/rf.c:372:15:RF_GetRxErrorCount	4	static
../Core/Src/rf.c:374:10:RF_GetLastPacketAgeMs	8	static
../Core/Src/rf.c:380:6:RF_ClearWirelessData	4	static
../Core/Src/rf.c:403:6:RF_Init	8	static
../Core/Src/rf.c:428:6:RF_Task	16	static
