../Core/Src/rf.c:87:13:uart_ln	16	static
../Core/Src/rf.c:120:9:RF_CRC8	24	static
../Core/Src/rf.c:136:23:rf_pin	8	static
../Core/Src/rf.c:143:24:tim_start	4	static
../Core/Src/rf.c:144:24:tim_now	4	static
../Core/Src/rf.c:166:15:read_bit	32	static
../Core/Src/rf.c:211:13:read_byte	24	static
../Core/Src/rf.c:232:13:try_receive_frame	328	static
../Core/Src/rf.c:385:6:RF_IsWirelessDataValid	8	static
../Core/Src/rf.c:397:15:RF_GetWirelessTankLevel	4	static
../Core/Src/rf.c:398:15:RF_GetWirelessWellDry	4	static
../Core/Src/rf.c:399:15:RF_HasReceivedPacket	4	static
../Core/Src/rf.c:400:15:RF_GetLastRawPacket	4	static
../Core/Src/rf.c:401:15:RF_GetLastPacketDID	4	static
../Core/Src/rf.c:402:15:RF_GetLastPacketSeq	4	static
../Core/Src/rf.c:403:15:RF_GetLastPacketType	4	static
../Core/Src/rf.c:404:15:RF_GetLastPacketCrcRx	4	static
../Core/Src/rf.c:405:15:RF_GetLastPacketCrcCalc	4	static
../Core/Src/rf.c:406:15:RF_GetRxPacketCount	4	static
../Core/Src/rf.c:407:15:RF_GetRxErrorCount	4	static
../Core/Src/rf.c:409:10:RF_GetLastPacketAgeMs	8	static
../Core/Src/rf.c:415:6:RF_ClearWirelessData	4	static
../Core/Src/rf.c:436:6:RF_Init	8	static
../Core/Src/rf.c:474:6:RF_Task	16	static
