../Core/Src/rf.c:80:13:uart_ln	16	static
../Core/Src/rf.c:101:9:RF_CRC8	24	static
../Core/Src/rf.c:112:23:rf_pin	8	static
../Core/Src/rf.c:119:22:tim_rst	4	static
../Core/Src/rf.c:120:24:tim_us	4	static
../Core/Src/rf.c:125:13:wait_low	24	static
../Core/Src/rf.c:133:13:wait_high	24	static
../Core/Src/rf.c:153:15:read_bit	16	static
../Core/Src/rf.c:175:13:read_byte	24	static
../Core/Src/rf.c:207:13:try_receive_frame	224	static
../Core/Src/rf.c:329:6:RF_IsWirelessDataValid	8	static
../Core/Src/rf.c:341:9:RF_GetWirelessTankLevel	4	static
../Core/Src/rf.c:342:9:RF_GetWirelessWellDry	4	static
../Core/Src/rf.c:344:6:RF_ClearWirelessData	4	static
../Core/Src/rf.c:355:6:RF_Init	8	static
../Core/Src/rf.c:395:6:RF_Task	16	static
