../Core/Src/rf.c:58:13:uart_ln	16	static
../Core/Src/rf.c:98:9:RF_CRC8	24	static
../Core/Src/rf.c:117:23:rf_pin	8	static
../Core/Src/rf.c:123:20:tim_rst	4	static
../Core/Src/rf.c:128:24:tim_us	4	static
../Core/Src/rf.c:134:13:wait_low	24	static
../Core/Src/rf.c:148:13:wait_high	24	static
../Core/Src/rf.c:170:15:read_bit	16	static
../Core/Src/rf.c:197:13:read_byte	24	static
../Core/Src/rf.c:229:13:try_receive_frame	320	static
../Core/Src/rf.c:425:6:RF_IsWirelessDataValid	8	static
../Core/Src/rf.c:440:10:RF_GetWirelessTankLevel	4	static
../Core/Src/rf.c:441:10:RF_GetWirelessWellDry	4	static
../Core/Src/rf.c:443:15:RF_HasReceivedPacket	4	static
../Core/Src/rf.c:444:15:RF_GetLastRawPacket	4	static
../Core/Src/rf.c:445:15:RF_GetLastPacketDID	4	static
../Core/Src/rf.c:446:15:RF_GetLastPacketSeq	4	static
../Core/Src/rf.c:447:15:RF_GetLastPacketType	4	static
../Core/Src/rf.c:448:15:RF_GetLastPacketCrcRx	4	static
../Core/Src/rf.c:449:15:RF_GetLastPacketCrcCalc	4	static
../Core/Src/rf.c:450:15:RF_GetRxPacketCount	4	static
../Core/Src/rf.c:451:15:RF_GetRxErrorCount	4	static
../Core/Src/rf.c:453:10:RF_GetLastPacketAgeMs	8	static
../Core/Src/rf.c:461:6:RF_ClearWirelessData	4	static
../Core/Src/rf.c:484:6:RF_Init	8	static
../Core/Src/rf.c:525:6:RF_Task	16	static
