../Core/Src/rf.c:54:13:uart_ln	16	static
../Core/Src/rf.c:99:9:RF_CRC8	24	static
../Core/Src/rf.c:120:23:rf_pin	8	static
../Core/Src/rf.c:128:20:tim_rst	4	static
../Core/Src/rf.c:133:24:tim_us	4	static
../Core/Src/rf.c:138:13:wait_low	24	static
../Core/Src/rf.c:151:13:wait_high	24	static
../Core/Src/rf.c:172:15:read_bit	16	static
../Core/Src/rf.c:196:13:read_byte	24	static
../Core/Src/rf.c:227:13:try_receive_frame	304	static
../Core/Src/rf.c:426:6:RF_IsWirelessDataValid	8	static
../Core/Src/rf.c:441:9:RF_GetWirelessTankLevel	4	static
../Core/Src/rf.c:446:9:RF_GetWirelessWellDry	4	static
../Core/Src/rf.c:453:6:RF_HasReceivedPacket	4	static
../Core/Src/rf.c:458:13:RF_GetLastRawPacket	4	static
../Core/Src/rf.c:463:10:RF_GetLastPacketDID	4	static
../Core/Src/rf.c:468:10:RF_GetLastPacketSeq	4	static
../Core/Src/rf.c:473:9:RF_GetLastPacketType	4	static
../Core/Src/rf.c:478:10:RF_GetLastPacketAgeMs	8	static
../Core/Src/rf.c:486:9:RF_GetLastPacketCrcRx	4	static
../Core/Src/rf.c:491:9:RF_GetLastPacketCrcCalc	4	static
../Core/Src/rf.c:496:10:RF_GetRxPacketCount	4	static
../Core/Src/rf.c:501:10:RF_GetRxErrorCount	4	static
../Core/Src/rf.c:506:6:RF_ClearWirelessData	4	static
../Core/Src/rf.c:530:6:RF_Init	8	static
../Core/Src/rf.c:559:6:RF_Task	16	static
