../Core/Src/rf.c:71:13:uart_ln	16	static
../Core/Src/rf.c:104:9:RF_CRC8	24	static
../Core/Src/rf.c:120:23:rf_pin	8	static
../Core/Src/rf.c:127:24:tim_start	4	static
../Core/Src/rf.c:128:24:tim_now	4	static
../Core/Src/rf.c:154:15:read_bit	24	static
../Core/Src/rf.c:196:13:read_byte	24	static
../Core/Src/rf.c:223:13:try_receive_frame	320	static
../Core/Src/rf.c:369:6:RF_IsWirelessDataValid	8	static
../Core/Src/rf.c:381:15:RF_GetWirelessTankLevel	4	static
../Core/Src/rf.c:382:15:RF_GetWirelessWellDry	4	static
../Core/Src/rf.c:383:15:RF_HasReceivedPacket	4	static
../Core/Src/rf.c:384:15:RF_GetLastRawPacket	4	static
../Core/Src/rf.c:385:15:RF_GetLastPacketDID	4	static
../Core/Src/rf.c:386:15:RF_GetLastPacketSeq	4	static
../Core/Src/rf.c:387:15:RF_GetLastPacketType	4	static
../Core/Src/rf.c:388:15:RF_GetLastPacketCrcRx	4	static
../Core/Src/rf.c:389:15:RF_GetLastPacketCrcCalc	4	static
../Core/Src/rf.c:390:15:RF_GetRxPacketCount	4	static
../Core/Src/rf.c:391:15:RF_GetRxErrorCount	4	static
../Core/Src/rf.c:393:10:RF_GetLastPacketAgeMs	8	static
../Core/Src/rf.c:399:6:RF_ClearWirelessData	4	static
../Core/Src/rf.c:420:6:RF_Init	8	static
../Core/Src/rf.c:456:6:RF_Task	8	static
