../Core/Src/screen.c:211:20:clear_sticky_mode_flags	4	static
../Core/Src/screen.c:217:20:sticky_set_manual_off	4	static
../Core/Src/screen.c:225:20:sticky_set_auto_off	4	static
../Core/Src/screen.c:233:20:clear_all_dash_sticky_flags	8	static
../Core/Src/screen.c:240:20:sticky_set_countdown	4	static
../Core/Src/screen.c:246:20:sticky_set_semi	4	static
../Core/Src/screen.c:254:6:Screen_Init	8	static
../Core/Src/screen.c:261:20:refreshInactivityTimer	8	static
../Core/Src/screen.c:263:20:lcd_line	40	static
../Core/Src/screen.c:268:20:lcd_line0	16	static
../Core/Src/screen.c:269:20:lcd_line1	16	static
../Core/Src/screen.c:274:13:show_welcome	8	static
../Core/Src/screen.c:276:13:show_dash	120	static
../Core/Src/screen.c:349:13:draw_menu_cursor	16	static
../Core/Src/screen.c:358:13:show_menu	48	static
../Core/Src/screen.c:371:13:show_devset_menu	80	static
../Core/Src/screen.c:404:13:show_timer_slot_select	64	static
../Core/Src/screen.c:419:13:show_edit_on_time	4	static
../Core/Src/screen.c:420:13:show_edit_off_time	4	static
../Core/Src/screen.c:426:13:show_timer_days	40	static
../Core/Src/screen.c:437:13:show_timer_gap	40	static
../Core/Src/screen.c:443:13:show_timer_enable	32	static
../Core/Src/screen.c:448:13:show_timer_summary	32	static
../Core/Src/screen.c:453:13:show_auto_menu	8	static
../Core/Src/screen.c:454:13:show_auto_gap	32	static
../Core/Src/screen.c:455:13:show_auto_maxrun	32	static
../Core/Src/screen.c:456:13:show_auto_retry	32	static
../Core/Src/screen.c:457:13:show_semi_auto	8	static
../Core/Src/screen.c:459:6:ModelHandle_1SecondTask	4	static
../Core/Src/screen.c:465:13:show_twist	40	static
../Core/Src/screen.c:474:13:show_countdown	80	static
../Core/Src/screen.c:490:13:show_countdown_edit_min	32	static
../Core/Src/screen.c:492:13:show_settings_gap	32	static
../Core/Src/screen.c:499:13:show_settings_retry	32	static
../Core/Src/screen.c:506:13:show_settings_uv	32	static
../Core/Src/screen.c:513:13:show_settings_ov	32	static
../Core/Src/screen.c:520:13:show_settings_ol	32	static
../Core/Src/screen.c:527:13:show_settings_ul	32	static
../Core/Src/screen.c:534:13:show_settings_maxrun	32	static
../Core/Src/screen.c:541:13:show_settings_pwrrest	8	static
../Core/Src/screen.c:547:13:show_settings_factory	8	static
../Core/Src/screen.c:552:13:show_devset_edit_date	40	static
../Core/Src/screen.c:560:13:show_devset_edit_time	40	static
../Core/Src/screen.c:567:13:show_devset_edit_day	32	static
../Core/Src/screen.c:574:13:show_add_device_menu	8	static
../Core/Src/screen.c:580:13:show_add_device_pair	80	static
../Core/Src/screen.c:649:13:show_add_device_remove	80	static
../Core/Src/screen.c:662:13:show_add_device_pair_done	24	static
../Core/Src/screen.c:669:13:show_add_device_remove_done	32	static
../Core/Src/screen.c:676:13:show_reset_confirm	8	static
../Core/Src/screen.c:685:13:apply_settings_core	48	static
../Core/Src/screen.c:699:13:start_settings_edit_flow	16	static
../Core/Src/screen.c:739:13:goto_menu_top	4	static
../Core/Src/screen.c:744:13:menu_select	40	static
../Core/Src/screen.c:839:6:increase_edit_value	16	static
../Core/Src/screen.c:893:6:decrease_edit_value	16	static
../Core/Src/screen.c:937:17:decode_button_press	24	static
../Core/Src/screen.c:974:6:Screen_HandleSwitches	32	static
../Core/Src/screen.c:1503:6:Screen_Update	16	static
