../Core/Src/screen.c:191:20:refreshInactivityTimer	8	static
../Core/Src/screen.c:195:20:lcd_line	40	static
../Core/Src/screen.c:202:20:lcd_line0	16	static
../Core/Src/screen.c:203:20:lcd_line1	16	static
../Core/Src/screen.c:209:13:draw_menu_cursor	16	static
../Core/Src/screen.c:230:13:show_welcome	8	static
../Core/Src/screen.c:240:6:Screen_Init	8	static
../Core/Src/screen.c:249:13:show_dash	80	static
../Core/Src/screen.c:288:13:show_menu	48	static
../Core/Src/screen.c:313:20:lcd_val_next_int	40	static
../Core/Src/screen.c:319:20:lcd_val_next_float	48	static
../Core/Src/screen.c:329:13:show_manual	8	static
../Core/Src/screen.c:341:13:show_timer_slot_select	56	static
../Core/Src/screen.c:387:13:show_timer	56	static
../Core/Src/screen.c:401:13:show_timer_on_h	8	static
../Core/Src/screen.c:406:13:show_timer_on_m	8	static
../Core/Src/screen.c:411:13:show_timer_off_h	8	static
../Core/Src/screen.c:416:13:show_timer_off_m	8	static
../Core/Src/screen.c:422:13:show_timer_days	48	static
../Core/Src/screen.c:436:13:show_timer_enable	8	static
../Core/Src/screen.c:445:13:show_auto_menu	8	static
../Core/Src/screen.c:450:13:show_auto_gap	8	static
../Core/Src/screen.c:455:13:show_auto_maxrun	8	static
../Core/Src/screen.c:460:13:show_auto_retry	8	static
../Core/Src/screen.c:469:13:show_semi_auto	8	static
../Core/Src/screen.c:479:13:show_twist	40	static
../Core/Src/screen.c:491:13:show_twist_on_sec	8	static
../Core/Src/screen.c:496:13:show_twist_off_sec	8	static
../Core/Src/screen.c:501:13:show_twist_on_h	8	static
../Core/Src/screen.c:506:13:show_twist_on_m	8	static
../Core/Src/screen.c:511:13:show_twist_off_h	8	static
../Core/Src/screen.c:516:13:show_twist_off_m	8	static
../Core/Src/screen.c:525:13:show_countdown	72	static
../Core/Src/screen.c:544:13:show_countdown_edit_min	8	static
../Core/Src/screen.c:553:13:show_settings_gap	8	static
../Core/Src/screen.c:558:13:show_settings_retry	8	static
../Core/Src/screen.c:563:13:show_settings_uv	8	static
../Core/Src/screen.c:568:13:show_settings_ov	8	static
../Core/Src/screen.c:573:13:show_settings_ol	8	static
../Core/Src/screen.c:578:13:show_settings_ul	8	static
../Core/Src/screen.c:583:13:show_settings_maxrun	8	static
../Core/Src/screen.c:588:13:show_settings_factory	8	static
../Core/Src/screen.c:601:13:apply_timer_settings	16	static
../Core/Src/screen.c:616:13:apply_auto_settings	8	static
../Core/Src/screen.c:624:13:apply_twist_settings	4	static
../Core/Src/screen.c:635:13:apply_countdown_settings	4	static
../Core/Src/screen.c:642:13:apply_settings_all	56	static
../Core/Src/screen.c:661:13:start_settings_edit_flow	8	static
../Core/Src/screen.c:677:13:advance_settings_flow	8	static
../Core/Src/screen.c:725:13:goto_menu_top	4	static
../Core/Src/screen.c:730:13:menu_select	8	static
../Core/Src/screen.c:943:17:decode_button_press	32	static
../Core/Src/screen.c:992:6:increase_edit_value	8	static
../Core/Src/screen.c:1044:6:decrease_edit_value	8	static
../Core/Src/screen.c:1097:6:Screen_HandleSwitches	24	static
../Core/Src/screen.c:1486:6:Screen_Update	16	static
