../Core/Src/screen.c:192:6:Screen_Init	8	static
../Core/Src/screen.c:202:20:refreshInactivityTimer	8	static
../Core/Src/screen.c:207:20:lcd_line	40	static
../Core/Src/screen.c:215:20:lcd_line0	16	static
../Core/Src/screen.c:216:20:lcd_line1	16	static
../Core/Src/screen.c:218:13:show_welcome	8	static
../Core/Src/screen.c:225:13:show_dash	120	static
../Core/Src/screen.c:312:13:draw_menu_cursor	16	static
../Core/Src/screen.c:325:13:show_menu	48	static
../Core/Src/screen.c:344:13:show_devset_menu	80	static
../Core/Src/screen.c:391:13:show_timer_slot_select	64	static
../Core/Src/screen.c:416:13:show_edit_on_time	4	static
../Core/Src/screen.c:417:13:show_edit_off_time	4	static
../Core/Src/screen.c:424:13:show_timer_days	40	static
../Core/Src/screen.c:439:13:show_timer_gap	40	static
../Core/Src/screen.c:448:13:show_timer_enable	32	static
../Core/Src/screen.c:456:13:show_timer_summary	32	static
../Core/Src/screen.c:464:13:show_auto_menu	8	static
../Core/Src/screen.c:470:13:show_auto_gap	32	static
../Core/Src/screen.c:477:13:show_auto_maxrun	32	static
../Core/Src/screen.c:484:13:show_auto_retry	32	static
../Core/Src/screen.c:491:13:show_semi_auto	8	static
../Core/Src/screen.c:497:6:ModelHandle_1SecondTask	4	static
../Core/Src/screen.c:507:13:show_twist	40	static
../Core/Src/screen.c:518:13:show_countdown	80	static
../Core/Src/screen.c:542:13:show_countdown_edit_min	32	static
../Core/Src/screen.c:549:13:show_settings_dry_en	8	static
../Core/Src/screen.c:555:13:show_settings_gap	32	static
../Core/Src/screen.c:566:13:show_settings_retry	32	static
../Core/Src/screen.c:577:13:show_settings_uv	32	static
../Core/Src/screen.c:588:13:show_settings_ov	32	static
../Core/Src/screen.c:599:13:show_settings_ol	32	static
../Core/Src/screen.c:610:13:show_settings_ul	32	static
../Core/Src/screen.c:621:13:show_settings_maxrun	32	static
../Core/Src/screen.c:632:13:show_settings_pwrrest	16	static
../Core/Src/screen.c:642:13:show_settings_factory	8	static
../Core/Src/screen.c:648:13:show_devset_edit_date	40	static
../Core/Src/screen.c:659:13:show_devset_edit_time	40	static
../Core/Src/screen.c:670:13:show_devset_edit_day	32	static
../Core/Src/screen.c:678:13:show_add_device_menu	8	static
../Core/Src/screen.c:684:13:show_add_device_pair	32	static
../Core/Src/screen.c:692:13:show_add_device_remove	32	static
../Core/Src/screen.c:700:13:show_add_device_pair_done	32	static
../Core/Src/screen.c:708:13:show_add_device_remove_done	32	static
../Core/Src/screen.c:716:13:show_reset_confirm	8	static
../Core/Src/screen.c:722:13:apply_settings_core	48	static
../Core/Src/screen.c:743:13:start_settings_edit_flow	16	static
../Core/Src/screen.c:803:13:goto_menu_top	4	static
../Core/Src/screen.c:809:13:menu_select	40	static
../Core/Src/screen.c:959:6:increase_edit_value	16	static
../Core/Src/screen.c:1051:6:decrease_edit_value	16	static
../Core/Src/screen.c:1107:17:decode_button_press	24	static
../Core/Src/screen.c:1169:6:Screen_HandleSwitches	32	static
../Core/Src/screen.c:1396:6:Screen_Update	16	static
