../Core/Src/screen.c:192:6:Screen_Init	8	static
../Core/Src/screen.c:202:20:refreshInactivityTimer	8	static
../Core/Src/screen.c:207:20:lcd_line	40	static
../Core/Src/screen.c:215:20:lcd_line0	16	static
../Core/Src/screen.c:216:20:lcd_line1	16	static
../Core/Src/screen.c:218:13:show_welcome	8	static
../Core/Src/screen.c:224:13:show_dash	120	static
../Core/Src/screen.c:327:13:draw_menu_cursor	16	static
../Core/Src/screen.c:340:13:show_menu	48	static
../Core/Src/screen.c:359:13:show_devset_menu	80	static
../Core/Src/screen.c:406:13:show_timer_slot_select	64	static
../Core/Src/screen.c:431:13:show_edit_on_time	4	static
../Core/Src/screen.c:432:13:show_edit_off_time	4	static
../Core/Src/screen.c:439:13:show_timer_days	40	static
../Core/Src/screen.c:454:13:show_timer_gap	40	static
../Core/Src/screen.c:463:13:show_timer_enable	32	static
../Core/Src/screen.c:471:13:show_timer_summary	32	static
../Core/Src/screen.c:479:13:show_auto_menu	8	static
../Core/Src/screen.c:485:13:show_auto_gap	32	static
../Core/Src/screen.c:492:13:show_auto_maxrun	32	static
../Core/Src/screen.c:499:13:show_auto_retry	32	static
../Core/Src/screen.c:506:13:show_semi_auto	8	static
../Core/Src/screen.c:512:6:ModelHandle_1SecondTask	4	static
../Core/Src/screen.c:522:13:show_twist	40	static
../Core/Src/screen.c:533:13:show_countdown	80	static
../Core/Src/screen.c:557:13:show_countdown_edit_min	32	static
../Core/Src/screen.c:564:13:show_settings_dry_en	8	static
../Core/Src/screen.c:570:13:show_settings_gap	32	static
../Core/Src/screen.c:581:13:show_settings_retry	32	static
../Core/Src/screen.c:592:13:show_settings_uv	32	static
../Core/Src/screen.c:603:13:show_settings_ov	32	static
../Core/Src/screen.c:614:13:show_settings_ol	32	static
../Core/Src/screen.c:625:13:show_settings_ul	32	static
../Core/Src/screen.c:636:13:show_settings_maxrun	32	static
../Core/Src/screen.c:647:13:show_settings_pwrrest	16	static
../Core/Src/screen.c:657:13:show_settings_factory	8	static
../Core/Src/screen.c:663:13:show_devset_edit_date	40	static
../Core/Src/screen.c:674:13:show_devset_edit_time	40	static
../Core/Src/screen.c:685:13:show_devset_edit_day	32	static
../Core/Src/screen.c:693:13:show_add_device_menu	8	static
../Core/Src/screen.c:699:13:show_add_device_pair	32	static
../Core/Src/screen.c:707:13:show_add_device_remove	32	static
../Core/Src/screen.c:715:13:show_add_device_pair_done	32	static
../Core/Src/screen.c:723:13:show_add_device_remove_done	32	static
../Core/Src/screen.c:731:13:show_reset_confirm	8	static
../Core/Src/screen.c:737:13:apply_settings_core	48	static
../Core/Src/screen.c:758:13:start_settings_edit_flow	16	static
../Core/Src/screen.c:818:13:goto_menu_top	4	static
../Core/Src/screen.c:824:13:menu_select	40	static
../Core/Src/screen.c:974:6:increase_edit_value	16	static
../Core/Src/screen.c:1066:6:decrease_edit_value	16	static
../Core/Src/screen.c:1122:17:decode_button_press	24	static
../Core/Src/screen.c:1184:6:Screen_HandleSwitches	32	static
../Core/Src/screen.c:1411:6:Screen_Update	16	static
