../Core/Src/screen.c:108:20:lcd_line	40	static
../Core/Src/screen.c:114:20:lcd_line0	16	static
../Core/Src/screen.c:115:20:lcd_line1	16	static
../Core/Src/screen.c:118:13:refreshInactivityTimer	8	static
../Core/Src/screen.c:119:13:goto_menu_top	4	static
../Core/Src/screen.c:122:13:format_menu_line	56	static
../Core/Src/screen.c:134:13:show_welcome	8	static
../Core/Src/screen.c:140:13:show_dash	80	static
../Core/Src/screen.c:174:13:show_menu	48	static
../Core/Src/screen.c:184:13:show_manual	48	static
../Core/Src/screen.c:193:13:show_semi_auto	48	static
../Core/Src/screen.c:202:13:show_timer	56	static
../Core/Src/screen.c:210:13:show_search	56	static
../Core/Src/screen.c:222:13:show_countdown	72	static
../Core/Src/screen.c:241:13:show_twist	64	static
../Core/Src/screen.c:259:13:apply_search_settings	4	static
../Core/Src/screen.c:264:13:apply_twist_settings	4	static
../Core/Src/screen.c:269:13:apply_countdown_settings	4	static
../Core/Src/screen.c:274:13:enable_semi_auto	8	static
../Core/Src/screen.c:279:13:disable_semi_auto	8	static
../Core/Src/screen.c:284:13:apply_timer_settings	8	static
../Core/Src/screen.c:291:6:Screen_Update	456	static
../Core/Src/screen.c:432:6:Screen_ShowCurrentMode	4	static
../Core/Src/screen.c:468:6:Screen_Init	8	static
../Core/Src/screen.c:485:6:Screen_ResetToHome	8	static
../Core/Src/screen.c:494:13:menu_select	16	static
../Core/Src/screen.c:600:13:menu_reset	8	static
../Core/Src/screen.c:628:6:Screen_HandleButton	24	static
../Core/Src/screen.c:786:6:Screen_HandleSwitches	24	static
