../Core/Src/screen.c:184:6:Screen_Init	8	static
../Core/Src/screen.c:193:20:refreshInactivityTimer	8	static
../Core/Src/screen.c:196:20:lcd_line	40	static
../Core/Src/screen.c:207:20:lcd_line0	16	static
../Core/Src/screen.c:208:20:lcd_line1	16	static
../Core/Src/screen.c:209:13:show_welcome	8	static
../Core/Src/screen.c:215:13:show_dash	112	static
../Core/Src/screen.c:305:13:draw_menu_cursor	16	static
../Core/Src/screen.c:317:13:show_menu	48	static
../Core/Src/screen.c:333:13:show_devset_menu	64	static
../Core/Src/screen.c:375:13:show_timer_slot_select	64	static
../Core/Src/screen.c:407:13:show_edit_on_time	56	static
../Core/Src/screen.c:421:13:show_edit_off_time	56	static
../Core/Src/screen.c:438:13:show_timer_days	40	static
../Core/Src/screen.c:454:13:show_timer_gap	40	static
../Core/Src/screen.c:465:13:show_timer_enable	32	static
../Core/Src/screen.c:474:13:show_timer_summary	32	static
../Core/Src/screen.c:485:13:show_auto_menu	8	static
../Core/Src/screen.c:490:13:show_auto_gap	32	static
../Core/Src/screen.c:495:13:show_auto_maxrun	32	static
../Core/Src/screen.c:500:13:show_auto_retry	32	static
../Core/Src/screen.c:505:13:show_semi_auto	8	static
../Core/Src/screen.c:511:13:show_twist	40	static
../Core/Src/screen.c:521:13:show_twist_on_sec	32	static
../Core/Src/screen.c:526:13:show_twist_off_sec	32	static
../Core/Src/screen.c:531:13:show_twist_on_h	32	static
../Core/Src/screen.c:536:13:show_twist_on_m	32	static
../Core/Src/screen.c:541:13:show_twist_off_h	32	static
../Core/Src/screen.c:546:13:show_twist_off_m	32	static
../Core/Src/screen.c:551:13:show_countdown	72	static
../Core/Src/screen.c:571:13:show_countdown_edit_min	32	static
../Core/Src/screen.c:576:13:show_settings_gap	32	static
../Core/Src/screen.c:585:13:show_settings_retry	32	static
../Core/Src/screen.c:594:13:show_settings_uv	32	static
../Core/Src/screen.c:603:13:show_settings_ov	32	static
../Core/Src/screen.c:612:13:show_settings_ol	32	static
../Core/Src/screen.c:621:13:show_settings_ul	32	static
../Core/Src/screen.c:630:13:show_settings_maxrun	32	static
../Core/Src/screen.c:639:13:show_settings_pwrrest	16	static
../Core/Src/screen.c:647:13:show_settings_factory	8	static
../Core/Src/screen.c:652:13:show_devset_edit_date	40	static
../Core/Src/screen.c:665:13:show_devset_edit_time	40	static
../Core/Src/screen.c:677:13:show_devset_edit_day	32	static
../Core/Src/screen.c:684:13:show_add_device_menu	8	static
../Core/Src/screen.c:689:13:show_add_device_pair	32	static
../Core/Src/screen.c:696:13:show_add_device_remove	32	static
../Core/Src/screen.c:703:13:show_add_device_pair_done	32	static
../Core/Src/screen.c:710:13:show_add_device_remove_done	32	static
../Core/Src/screen.c:717:13:show_reset_confirm	8	static
../Core/Src/screen.c:723:13:apply_timer_slot	16	static
../Core/Src/screen.c:737:13:apply_auto_settings	8	static
../Core/Src/screen.c:745:13:apply_settings_core	48	static
../Core/Src/screen.c:760:13:start_settings_edit_flow	16	static
../Core/Src/screen.c:808:13:goto_menu_top	4	static
../Core/Src/screen.c:813:13:menu_select	40	static
../Core/Src/screen.c:966:6:increase_edit_value	4	static
../Core/Src/screen.c:1102:6:decrease_edit_value	4	static
../Core/Src/screen.c:1177:17:decode_button_press	24	static
../Core/Src/screen.c:1224:6:Screen_HandleSwitches	24	static
../Core/Src/screen.c:1407:6:Screen_Update	16	static
