../Core/Src/screen.c:287:6:Screen_Init	8	static
../Core/Src/screen.c:302:20:refreshInactivityTimer	8	static
../Core/Src/screen.c:306:20:lcd_line	40	static
../Core/Src/screen.c:313:20:lcd_line0	16	static
../Core/Src/screen.c:314:20:lcd_line1	16	static
../Core/Src/screen.c:323:13:show_welcome	8	static
../Core/Src/screen.c:333:13:show_dash	80	static
../Core/Src/screen.c:370:13:draw_menu_cursor	16	static
../Core/Src/screen.c:385:13:show_menu	48	static
../Core/Src/screen.c:411:13:show_devset_menu	56	static
../Core/Src/screen.c:446:13:show_timer_slot_select	64	static
../Core/Src/screen.c:490:13:show_edit_on_time	56	static
../Core/Src/screen.c:508:13:show_edit_off_time	56	static
../Core/Src/screen.c:532:13:show_timer_days	40	static
../Core/Src/screen.c:556:13:show_timer_gap	40	static
../Core/Src/screen.c:571:13:show_timer_enable	32	static
../Core/Src/screen.c:584:13:show_timer_summary	32	static
../Core/Src/screen.c:601:13:show_auto_menu	8	static
../Core/Src/screen.c:607:13:show_auto_gap	32	static
../Core/Src/screen.c:612:13:show_auto_maxrun	32	static
../Core/Src/screen.c:617:13:show_auto_retry	32	static
../Core/Src/screen.c:626:13:show_semi_auto	8	static
../Core/Src/screen.c:636:13:show_twist	40	static
../Core/Src/screen.c:648:13:show_twist_on_sec	32	static
../Core/Src/screen.c:653:13:show_twist_off_sec	32	static
../Core/Src/screen.c:658:13:show_twist_on_h	32	static
../Core/Src/screen.c:663:13:show_twist_on_m	32	static
../Core/Src/screen.c:668:13:show_twist_off_h	32	static
../Core/Src/screen.c:673:13:show_twist_off_m	32	static
../Core/Src/screen.c:682:13:show_countdown	72	static
../Core/Src/screen.c:706:13:show_countdown_edit_min	32	static
../Core/Src/screen.c:716:13:show_settings_gap	32	static
../Core/Src/screen.c:727:13:show_settings_retry	32	static
../Core/Src/screen.c:738:13:show_settings_uv	32	static
../Core/Src/screen.c:749:13:show_settings_ov	32	static
../Core/Src/screen.c:761:13:show_settings_ol	32	static
../Core/Src/screen.c:772:13:show_settings_ul	32	static
../Core/Src/screen.c:783:13:show_settings_maxrun	32	static
../Core/Src/screen.c:794:13:show_settings_pwrrest	16	static
../Core/Src/screen.c:803:13:show_settings_factory	8	static
../Core/Src/screen.c:812:13:show_devset_edit_date	40	static
../Core/Src/screen.c:829:13:show_devset_edit_time	40	static
../Core/Src/screen.c:842:13:show_devset_edit_day	32	static
../Core/Src/screen.c:853:13:show_add_device_menu	8	static
../Core/Src/screen.c:859:13:show_add_device_pair	32	static
../Core/Src/screen.c:867:13:show_add_device_remove	32	static
../Core/Src/screen.c:875:13:show_add_device_pair_done	32	static
../Core/Src/screen.c:883:13:show_add_device_remove_done	32	static
../Core/Src/screen.c:894:13:show_reset_confirm	8	static
../Core/Src/screen.c:904:13:apply_timer_slot	16	static
../Core/Src/screen.c:920:13:apply_auto_settings	8	static
../Core/Src/screen.c:930:13:apply_settings_core	48	static
../Core/Src/screen.c:953:13:start_settings_edit_flow	16	static
../Core/Src/screen.c:1023:13:goto_menu_top	4	static
../Core/Src/screen.c:1029:13:menu_select	16	static
../Core/Src/screen.c:1164:6:increase_edit_value	4	static
../Core/Src/screen.c:1279:6:decrease_edit_value	4	static
../Core/Src/screen.c:1395:17:decode_button_press	24	static
../Core/Src/screen.c:1451:6:Screen_HandleSwitches	72	static
../Core/Src/screen.c:2184:6:Screen_Update	16	static
