../Core/Src/screen.c:99:20:lcd_line	40	static
../Core/Src/screen.c:106:20:lcd_line0	16	static
../Core/Src/screen.c:107:20:lcd_line1	16	static
../Core/Src/screen.c:110:13:refreshInactivityTimer	8	static
../Core/Src/screen.c:113:13:goto_menu_top	4	static
../Core/Src/screen.c:119:13:format_menu_line	56	static
../Core/Src/screen.c:132:13:show_welcome	8	static
../Core/Src/screen.c:138:13:show_dash	64	static
../Core/Src/screen.c:156:13:show_menu	56	static
../Core/Src/screen.c:178:13:show_manual	48	static
../Core/Src/screen.c:187:13:show_semi_auto	48	static
../Core/Src/screen.c:197:13:show_timer	56	static
../Core/Src/screen.c:206:13:show_search	56	static
../Core/Src/screen.c:215:13:show_countdown	72	static
../Core/Src/screen.c:232:13:show_twist	48	static
../Core/Src/screen.c:241:13:apply_search_settings	4	static
../Core/Src/screen.c:247:13:apply_twist_settings	4	static
../Core/Src/screen.c:252:13:apply_countdown_settings	4	static
../Core/Src/screen.c:256:13:apply_timer_settings	4	static
../Core/Src/screen.c:268:6:Screen_Update	376	static
../Core/Src/screen.c:416:6:Screen_Init	8	static
../Core/Src/screen.c:433:6:Screen_ResetToHome	8	static
../Core/Src/screen.c:443:13:menu_move_up	8	static
../Core/Src/screen.c:470:13:menu_move_down	8	static
../Core/Src/screen.c:495:13:menu_select	8	static
../Core/Src/screen.c:601:13:menu_reset	8	static
../Core/Src/screen.c:646:6:Screen_HandleButton	16	static
../Core/Src/screen.c:654:6:Screen_HandleSwitches	16	static
