../Core/Src/screen.c:113:20:lcd_line	40	static
../Core/Src/screen.c:119:20:lcd_line0	16	static
../Core/Src/screen.c:120:20:lcd_line1	16	static
../Core/Src/screen.c:123:13:refreshInactivityTimer	8	static
../Core/Src/screen.c:124:13:goto_menu_top	4	static
../Core/Src/screen.c:127:13:format_menu_line	56	static
../Core/Src/screen.c:139:13:show_welcome	8	static
../Core/Src/screen.c:145:13:show_dash	80	static
../Core/Src/screen.c:179:13:show_menu	48	static
../Core/Src/screen.c:189:13:show_manual	48	static
../Core/Src/screen.c:198:13:show_semi_auto	48	static
../Core/Src/screen.c:207:13:show_timer	80	static
../Core/Src/screen.c:220:13:apply_timer_slot	24	static
../Core/Src/screen.c:232:13:show_search	56	static
../Core/Src/screen.c:244:13:show_countdown	72	static
../Core/Src/screen.c:263:13:show_twist	64	static
../Core/Src/screen.c:281:13:apply_search_settings	4	static
../Core/Src/screen.c:286:13:apply_twist_settings	4	static
../Core/Src/screen.c:291:13:apply_countdown_settings	4	static
../Core/Src/screen.c:296:13:enable_semi_auto	8	static
../Core/Src/screen.c:301:13:disable_semi_auto	8	static
../Core/Src/screen.c:306:13:apply_timer_settings	4	static
../Core/Src/screen.c:317:6:Screen_ShowCurrentMode	4	static
../Core/Src/screen.c:353:6:Screen_Init	8	static
../Core/Src/screen.c:370:6:Screen_ResetToHome	8	static
../Core/Src/screen.c:383:13:menu_select	16	static
../Core/Src/screen.c:534:13:menu_reset	8	static
../Core/Src/screen.c:595:6:Screen_Update	504	static
../Core/Src/screen.c:769:6:Screen_HandleButton	24	static
../Core/Src/screen.c:968:6:Screen_HandleSwitches	24	static
