../Core/Src/screen.c:99:20:lcd_line	40	static
../Core/Src/screen.c:105:20:lcd_line0	16	static
../Core/Src/screen.c:106:20:lcd_line1	16	static
../Core/Src/screen.c:109:13:refreshInactivityTimer	8	static
../Core/Src/screen.c:110:13:goto_menu_top	4	static
../Core/Src/screen.c:113:13:format_menu_line	56	static
../Core/Src/screen.c:126:13:show_welcome	8	static
../Core/Src/screen.c:132:13:show_dash	64	static
../Core/Src/screen.c:157:13:show_menu	48	static
../Core/Src/screen.c:167:13:show_manual	48	static
../Core/Src/screen.c:176:13:show_semi_auto	48	static
../Core/Src/screen.c:185:13:show_timer	56	static
../Core/Src/screen.c:193:13:show_search	56	static
../Core/Src/screen.c:201:13:show_countdown	72	static
../Core/Src/screen.c:216:13:show_twist	48	static
../Core/Src/screen.c:225:13:apply_search_settings	4	static
../Core/Src/screen.c:230:13:apply_twist_settings	4	static
../Core/Src/screen.c:235:13:apply_countdown_settings	4	static
../Core/Src/screen.c:239:13:enable_semi_auto	8	static
../Core/Src/screen.c:244:13:disable_semi_auto	8	static
../Core/Src/screen.c:249:13:apply_timer_settings	4	static
../Core/Src/screen.c:258:6:Screen_Update	376	static
../Core/Src/screen.c:420:6:Screen_Init	8	static
../Core/Src/screen.c:435:6:Screen_ResetToHome	8	static
../Core/Src/screen.c:444:13:menu_select	8	static
../Core/Src/screen.c:515:13:menu_reset	8	static
../Core/Src/screen.c:555:6:Screen_HandleButton	16	static
../Core/Src/screen.c:603:6:Screen_HandleSwitches	24	static
