../Core/Src/screen.c:187:6:Screen_Init	8	static
../Core/Src/screen.c:196:20:refreshInactivityTimer	8	static
../Core/Src/screen.c:199:20:lcd_line	40	static
../Core/Src/screen.c:210:20:lcd_line0	16	static
../Core/Src/screen.c:211:20:lcd_line1	16	static
../Core/Src/screen.c:212:13:show_welcome	8	static
../Core/Src/screen.c:218:13:show_dash	96	static
../Core/Src/screen.c:325:13:draw_menu_cursor	16	static
../Core/Src/screen.c:337:13:show_menu	48	static
../Core/Src/screen.c:353:13:show_devset_menu	64	static
../Core/Src/screen.c:395:13:show_timer_slot_select	64	static
../Core/Src/screen.c:429:13:show_edit_on_time	56	static
../Core/Src/screen.c:441:13:show_edit_off_time	56	static
../Core/Src/screen.c:458:13:show_timer_days	40	static
../Core/Src/screen.c:474:13:show_timer_gap	40	static
../Core/Src/screen.c:483:13:show_timer_enable	32	static
../Core/Src/screen.c:492:13:show_timer_summary	32	static
../Core/Src/screen.c:503:13:show_auto_menu	8	static
../Core/Src/screen.c:508:13:show_auto_gap	32	static
../Core/Src/screen.c:513:13:show_auto_maxrun	32	static
../Core/Src/screen.c:518:13:show_auto_retry	32	static
../Core/Src/screen.c:523:13:show_semi_auto	8	static
../Core/Src/screen.c:529:13:show_twist	40	static
../Core/Src/screen.c:539:13:show_twist_on_sec	32	static
../Core/Src/screen.c:544:13:show_twist_off_sec	32	static
../Core/Src/screen.c:549:13:show_twist_on_h	32	static
../Core/Src/screen.c:554:13:show_twist_on_m	32	static
../Core/Src/screen.c:559:13:show_twist_off_h	32	static
../Core/Src/screen.c:564:13:show_twist_off_m	32	static
../Core/Src/screen.c:569:13:show_countdown	72	static
../Core/Src/screen.c:589:13:show_countdown_edit_min	32	static
../Core/Src/screen.c:594:13:show_settings_gap	32	static
../Core/Src/screen.c:603:13:show_settings_retry	32	static
../Core/Src/screen.c:612:13:show_settings_uv	32	static
../Core/Src/screen.c:621:13:show_settings_ov	32	static
../Core/Src/screen.c:630:13:show_settings_ol	32	static
../Core/Src/screen.c:639:13:show_settings_ul	32	static
../Core/Src/screen.c:648:13:show_settings_maxrun	32	static
../Core/Src/screen.c:657:13:show_settings_pwrrest	16	static
../Core/Src/screen.c:665:13:show_settings_factory	8	static
../Core/Src/screen.c:670:13:show_devset_edit_date	40	static
../Core/Src/screen.c:683:13:show_devset_edit_time	40	static
../Core/Src/screen.c:695:13:show_devset_edit_day	32	static
../Core/Src/screen.c:702:13:show_add_device_menu	8	static
../Core/Src/screen.c:707:13:show_add_device_pair	32	static
../Core/Src/screen.c:714:13:show_add_device_remove	32	static
../Core/Src/screen.c:721:13:show_add_device_pair_done	32	static
../Core/Src/screen.c:728:13:show_add_device_remove_done	32	static
../Core/Src/screen.c:735:13:show_reset_confirm	8	static
../Core/Src/screen.c:742:13:apply_settings_core	48	static
../Core/Src/screen.c:757:13:start_settings_edit_flow	16	static
../Core/Src/screen.c:805:13:goto_menu_top	4	static
../Core/Src/screen.c:810:13:menu_select	40	static
../Core/Src/screen.c:927:6:increase_edit_value	16	static
../Core/Src/screen.c:1066:6:decrease_edit_value	16	static
../Core/Src/screen.c:1158:17:decode_button_press	24	static
../Core/Src/screen.c:1237:6:Screen_HandleSwitches	16	static
../Core/Src/screen.c:1477:6:Screen_Update	16	static
