../Core/Src/screen.c:74:13:lcd_line0	16	static
../Core/Src/screen.c:75:13:lcd_line1	16	static
../Core/Src/screen.c:77:13:goto_dash_cycle	4	static
../Core/Src/screen.c:81:13:show_welcome	8	static
../Core/Src/screen.c:87:13:show_dash_water	8	static
../Core/Src/screen.c:100:13:show_dash_mode	16	static
../Core/Src/screen.c:111:13:show_dash_search	16	static
../Core/Src/screen.c:124:13:show_dash_twist	16	static
../Core/Src/screen.c:137:13:show_menu	8	static
../Core/Src/screen.c:146:13:show_edit_mm	16	static
../Core/Src/screen.c:153:13:show_edit_ms	24	static
../Core/Src/screen.c:160:13:show_edit_hhmm	24	static
../Core/Src/screen.c:167:13:apply_menu_action	8	static
../Core/Src/screen.c:189:13:send_cmd	16	static
../Core/Src/screen.c:195:6:Screen_Init	8	static
../Core/Src/screen.c:201:6:Screen_ResetToHome	8	static
../Core/Src/screen.c:206:6:Screen_HandleButton	104	static
../Core/Src/screen.c:368:6:Screen_Update	16	static
../Core/Src/screen.c:457:6:Screen_HandleSwitches	8	static
