../Core/Src/screen.c:199:6:Screen_Init	8	static
../Core/Src/screen.c:214:20:refreshInactivityTimer	8	static
../Core/Src/screen.c:218:20:lcd_line	40	static
../Core/Src/screen.c:225:20:lcd_line0	16	static
../Core/Src/screen.c:226:20:lcd_line1	16	static
../Core/Src/screen.c:235:13:show_welcome	8	static
../Core/Src/screen.c:245:13:show_dash	80	static
../Core/Src/screen.c:282:13:draw_menu_cursor	16	static
../Core/Src/screen.c:297:13:show_menu	48	static
../Core/Src/screen.c:320:13:show_timer_slot_select	64	static
../Core/Src/screen.c:364:13:show_edit_on_time	40	static
../Core/Src/screen.c:380:13:show_edit_off_time	40	static
../Core/Src/screen.c:401:13:show_timer_days	40	static
../Core/Src/screen.c:425:13:show_timer_gap	32	static
../Core/Src/screen.c:439:13:show_timer_enable	8	static
../Core/Src/screen.c:449:13:show_timer_summary	8	static
../Core/Src/screen.c:462:13:show_auto_menu	8	static
../Core/Src/screen.c:468:13:show_auto_gap	32	static
../Core/Src/screen.c:473:13:show_auto_maxrun	32	static
../Core/Src/screen.c:478:13:show_auto_retry	32	static
../Core/Src/screen.c:487:13:show_semi_auto	8	static
../Core/Src/screen.c:497:13:show_twist	40	static
../Core/Src/screen.c:509:13:show_twist_on_sec	32	static
../Core/Src/screen.c:514:13:show_twist_off_sec	32	static
../Core/Src/screen.c:519:13:show_twist_on_h	32	static
../Core/Src/screen.c:524:13:show_twist_on_m	32	static
../Core/Src/screen.c:529:13:show_twist_off_h	32	static
../Core/Src/screen.c:534:13:show_twist_off_m	32	static
../Core/Src/screen.c:543:13:show_countdown	72	static
../Core/Src/screen.c:567:13:show_countdown_edit_min	32	static
../Core/Src/screen.c:576:13:show_settings_gap	32	static
../Core/Src/screen.c:581:13:show_settings_retry	32	static
../Core/Src/screen.c:586:13:show_settings_uv	32	static
../Core/Src/screen.c:591:13:show_settings_ov	32	static
../Core/Src/screen.c:596:13:show_settings_ol	40	static
../Core/Src/screen.c:601:13:show_settings_ul	40	static
../Core/Src/screen.c:606:13:show_settings_maxrun	32	static
../Core/Src/screen.c:611:13:show_settings_factory	8	static
../Core/Src/screen.c:625:13:apply_timer_slot	16	static
../Core/Src/screen.c:654:13:apply_auto_settings	8	static
../Core/Src/screen.c:666:13:apply_twist_settings	4	static
../Core/Src/screen.c:681:13:apply_countdown_settings	4	static
../Core/Src/screen.c:692:13:apply_settings_all	56	static
../Core/Src/screen.c:711:13:start_settings_edit_flow	8	static
../Core/Src/screen.c:731:13:advance_settings_flow	8	static
../Core/Src/screen.c:760:13:goto_menu_top	4	static
../Core/Src/screen.c:766:13:menu_select	16	static
../Core/Src/screen.c:914:6:increase_edit_value	8	static
../Core/Src/screen.c:993:6:decrease_edit_value	8	static
../Core/Src/screen.c:1072:17:decode_button_press	24	static
../Core/Src/screen.c:1125:6:Screen_HandleSwitches	24	static
../Core/Src/screen.c:1406:6:Screen_Update	16	static
