../Core/Src/screen.c:214:6:Screen_Init	8	static
../Core/Src/screen.c:224:20:refreshInactivityTimer	8	static
../Core/Src/screen.c:229:20:lcd_line	40	static
../Core/Src/screen.c:237:20:lcd_line0	16	static
../Core/Src/screen.c:238:20:lcd_line1	16	static
../Core/Src/screen.c:240:13:show_welcome	8	static
../Core/Src/screen.c:246:13:show_dash	120	static
../Core/Src/screen.c:361:13:draw_menu_cursor	16	static
../Core/Src/screen.c:374:13:show_menu	48	static
../Core/Src/screen.c:393:13:show_devset_menu	80	static
../Core/Src/screen.c:440:13:show_timer_slot_select	64	static
../Core/Src/screen.c:465:13:show_edit_on_time	4	static
../Core/Src/screen.c:466:13:show_edit_off_time	4	static
../Core/Src/screen.c:473:13:show_timer_days	40	static
../Core/Src/screen.c:488:13:show_timer_gap	40	static
../Core/Src/screen.c:497:13:show_timer_enable	32	static
../Core/Src/screen.c:505:13:show_timer_summary	32	static
../Core/Src/screen.c:513:13:show_auto_menu	8	static
../Core/Src/screen.c:519:13:show_auto_gap	32	static
../Core/Src/screen.c:526:13:show_auto_maxrun	32	static
../Core/Src/screen.c:533:13:show_auto_retry	32	static
../Core/Src/screen.c:540:13:show_semi_auto	8	static
../Core/Src/screen.c:546:6:ModelHandle_1SecondTask	4	static
../Core/Src/screen.c:556:13:show_twist	40	static
../Core/Src/screen.c:566:13:show_twist_on_sec	32	static
../Core/Src/screen.c:573:13:show_twist_off_sec	32	static
../Core/Src/screen.c:580:13:show_twist_on_h	32	static
../Core/Src/screen.c:587:13:show_twist_on_m	32	static
../Core/Src/screen.c:594:13:show_twist_off_h	32	static
../Core/Src/screen.c:601:13:show_twist_off_m	32	static
../Core/Src/screen.c:608:13:show_countdown	80	static
../Core/Src/screen.c:634:13:show_countdown_edit_min	32	static
../Core/Src/screen.c:641:13:show_settings_dry_en	8	static
../Core/Src/screen.c:647:13:show_settings_gap	32	static
../Core/Src/screen.c:658:13:show_settings_retry	32	static
../Core/Src/screen.c:669:13:show_settings_uv	32	static
../Core/Src/screen.c:680:13:show_settings_ov	32	static
../Core/Src/screen.c:691:13:show_settings_ol	32	static
../Core/Src/screen.c:702:13:show_settings_ul	32	static
../Core/Src/screen.c:713:13:show_settings_maxrun	32	static
../Core/Src/screen.c:724:13:show_settings_pwrrest	16	static
../Core/Src/screen.c:734:13:show_settings_factory	8	static
../Core/Src/screen.c:740:13:show_devset_edit_date	40	static
../Core/Src/screen.c:751:13:show_devset_edit_time	40	static
../Core/Src/screen.c:762:13:show_devset_edit_day	32	static
../Core/Src/screen.c:770:13:show_add_device_menu	8	static
../Core/Src/screen.c:776:13:show_add_device_pair	32	static
../Core/Src/screen.c:784:13:show_add_device_remove	32	static
../Core/Src/screen.c:792:13:show_add_device_pair_done	32	static
../Core/Src/screen.c:800:13:show_add_device_remove_done	32	static
../Core/Src/screen.c:808:13:show_reset_confirm	8	static
../Core/Src/screen.c:814:13:apply_settings_core	48	static
../Core/Src/screen.c:835:13:start_settings_edit_flow	16	static
../Core/Src/screen.c:895:13:goto_menu_top	4	static
../Core/Src/screen.c:901:13:menu_select	40	static
../Core/Src/screen.c:1051:6:increase_edit_value	16	static
../Core/Src/screen.c:1143:6:decrease_edit_value	16	static
../Core/Src/screen.c:1199:17:decode_button_press	24	static
../Core/Src/screen.c:1261:6:Screen_HandleSwitches	32	static
../Core/Src/screen.c:1488:6:Screen_Update	16	static
