../Core/Src/screen.c:193:6:Screen_Init	8	static
../Core/Src/screen.c:202:20:refreshInactivityTimer	8	static
../Core/Src/screen.c:206:20:lcd_line	40	static
../Core/Src/screen.c:218:20:lcd_line0	16	static
../Core/Src/screen.c:219:20:lcd_line1	16	static
../Core/Src/screen.c:220:13:show_welcome	8	static
../Core/Src/screen.c:226:13:show_dash	96	static
../Core/Src/screen.c:326:13:draw_menu_cursor	16	static
../Core/Src/screen.c:338:13:show_menu	48	static
../Core/Src/screen.c:359:13:show_devset_menu	80	static
../Core/Src/screen.c:407:13:show_timer_slot_select	64	static
../Core/Src/screen.c:429:13:show_edit_on_time	4	static
../Core/Src/screen.c:430:13:show_edit_off_time	4	static
../Core/Src/screen.c:435:13:show_timer_days	40	static
../Core/Src/screen.c:449:13:show_timer_gap	40	static
../Core/Src/screen.c:457:13:show_timer_enable	32	static
../Core/Src/screen.c:464:13:show_timer_summary	32	static
../Core/Src/screen.c:471:13:show_auto_menu	8	static
../Core/Src/screen.c:476:13:show_auto_gap	32	static
../Core/Src/screen.c:482:13:show_auto_maxrun	32	static
../Core/Src/screen.c:488:13:show_auto_retry	32	static
../Core/Src/screen.c:494:13:show_semi_auto	8	static
../Core/Src/screen.c:500:6:ModelHandle_1SecondTask	4	static
../Core/Src/screen.c:510:13:show_twist	40	static
../Core/Src/screen.c:519:13:show_twist_on_sec	32	static
../Core/Src/screen.c:525:13:show_twist_off_sec	32	static
../Core/Src/screen.c:531:13:show_twist_on_h	32	static
../Core/Src/screen.c:537:13:show_twist_on_m	32	static
../Core/Src/screen.c:543:13:show_twist_off_h	32	static
../Core/Src/screen.c:549:13:show_twist_off_m	32	static
../Core/Src/screen.c:555:13:show_countdown	72	static
../Core/Src/screen.c:573:13:show_countdown_edit_min	32	static
../Core/Src/screen.c:586:13:show_settings_dry_en	8	static
../Core/Src/screen.c:591:13:show_settings_gap	32	static
../Core/Src/screen.c:601:13:show_settings_retry	32	static
../Core/Src/screen.c:611:13:show_settings_uv	32	static
../Core/Src/screen.c:621:13:show_settings_ov	32	static
../Core/Src/screen.c:631:13:show_settings_ol	32	static
../Core/Src/screen.c:641:13:show_settings_ul	32	static
../Core/Src/screen.c:651:13:show_settings_maxrun	32	static
../Core/Src/screen.c:661:13:show_settings_pwrrest	16	static
../Core/Src/screen.c:670:13:show_settings_factory	8	static
../Core/Src/screen.c:675:13:show_devset_edit_date	40	static
../Core/Src/screen.c:685:13:show_devset_edit_time	40	static
../Core/Src/screen.c:695:13:show_devset_edit_day	32	static
../Core/Src/screen.c:702:13:show_add_device_menu	8	static
../Core/Src/screen.c:707:13:show_add_device_pair	32	static
../Core/Src/screen.c:714:13:show_add_device_remove	32	static
../Core/Src/screen.c:721:13:show_add_device_pair_done	32	static
../Core/Src/screen.c:728:13:show_add_device_remove_done	32	static
../Core/Src/screen.c:735:13:show_reset_confirm	8	static
../Core/Src/screen.c:750:13:apply_settings_core	40	static
../Core/Src/screen.c:778:13:start_settings_edit_flow	16	static
../Core/Src/screen.c:837:13:goto_menu_top	4	static
../Core/Src/screen.c:843:13:menu_select	40	static
../Core/Src/screen.c:1008:6:increase_edit_value	16	static
../Core/Src/screen.c:1100:6:decrease_edit_value	16	static
../Core/Src/screen.c:1156:17:decode_button_press	24	static
../Core/Src/screen.c:1220:6:Screen_HandleSwitches	16	static
../Core/Src/screen.c:1391:6:Screen_Update	16	static
