../Core/Src/screen.c:203:20:clear_sticky_mode_flags	4	static
../Core/Src/screen.c:204:20:sticky_set_countdown	4	static
../Core/Src/screen.c:205:20:sticky_set_semi	4	static
../Core/Src/screen.c:210:6:Screen_Init	8	static
../Core/Src/screen.c:217:20:refreshInactivityTimer	8	static
../Core/Src/screen.c:219:20:lcd_line	40	static
../Core/Src/screen.c:224:20:lcd_line0	16	static
../Core/Src/screen.c:225:20:lcd_line1	16	static
../Core/Src/screen.c:230:13:show_welcome	8	static
../Core/Src/screen.c:232:13:show_dash	120	static
../Core/Src/screen.c:303:13:draw_menu_cursor	16	static
../Core/Src/screen.c:312:13:show_menu	48	static
../Core/Src/screen.c:325:13:show_devset_menu	80	static
../Core/Src/screen.c:358:13:show_timer_slot_select	64	static
../Core/Src/screen.c:373:13:show_edit_on_time	4	static
../Core/Src/screen.c:374:13:show_edit_off_time	4	static
../Core/Src/screen.c:380:13:show_timer_days	40	static
../Core/Src/screen.c:391:13:show_timer_gap	40	static
../Core/Src/screen.c:397:13:show_timer_enable	32	static
../Core/Src/screen.c:402:13:show_timer_summary	32	static
../Core/Src/screen.c:407:13:show_auto_menu	8	static
../Core/Src/screen.c:408:13:show_auto_gap	32	static
../Core/Src/screen.c:409:13:show_auto_maxrun	32	static
../Core/Src/screen.c:410:13:show_auto_retry	32	static
../Core/Src/screen.c:411:13:show_semi_auto	8	static
../Core/Src/screen.c:413:6:ModelHandle_1SecondTask	4	static
../Core/Src/screen.c:419:13:show_twist	40	static
../Core/Src/screen.c:428:13:show_countdown	80	static
../Core/Src/screen.c:444:13:show_countdown_edit_min	32	static
../Core/Src/screen.c:446:13:show_settings_gap	32	static
../Core/Src/screen.c:453:13:show_settings_retry	32	static
../Core/Src/screen.c:460:13:show_settings_uv	32	static
../Core/Src/screen.c:467:13:show_settings_ov	32	static
../Core/Src/screen.c:474:13:show_settings_ol	32	static
../Core/Src/screen.c:481:13:show_settings_ul	32	static
../Core/Src/screen.c:488:13:show_settings_maxrun	32	static
../Core/Src/screen.c:495:13:show_settings_pwrrest	8	static
../Core/Src/screen.c:501:13:show_settings_factory	8	static
../Core/Src/screen.c:506:13:show_devset_edit_date	40	static
../Core/Src/screen.c:514:13:show_devset_edit_time	40	static
../Core/Src/screen.c:521:13:show_devset_edit_day	32	static
../Core/Src/screen.c:528:13:show_add_device_menu	8	static
../Core/Src/screen.c:534:13:show_add_device_pair	88	static
../Core/Src/screen.c:567:13:show_add_device_remove	80	static
../Core/Src/screen.c:580:13:show_add_device_pair_done	24	static
../Core/Src/screen.c:587:13:show_add_device_remove_done	32	static
../Core/Src/screen.c:594:13:show_reset_confirm	8	static
../Core/Src/screen.c:603:13:apply_settings_core	48	static
../Core/Src/screen.c:617:13:start_settings_edit_flow	16	static
../Core/Src/screen.c:657:13:goto_menu_top	4	static
../Core/Src/screen.c:662:13:menu_select	40	static
../Core/Src/screen.c:757:6:increase_edit_value	16	static
../Core/Src/screen.c:811:6:decrease_edit_value	16	static
../Core/Src/screen.c:855:17:decode_button_press	24	static
../Core/Src/screen.c:896:6:Screen_HandleSwitches	24	static
../Core/Src/screen.c:1141:6:Screen_Update	16	static
