../Core/Src/screen.c:146:20:lcd_line	40	static
../Core/Src/screen.c:152:20:lcd_line0	16	static
../Core/Src/screen.c:153:20:lcd_line1	16	static
../Core/Src/screen.c:156:13:refreshInactivityTimer	8	static
../Core/Src/screen.c:157:13:goto_menu_top	4	static
../Core/Src/screen.c:160:13:format_menu_line	56	static
../Core/Src/screen.c:172:13:show_welcome	8	static
../Core/Src/screen.c:177:13:menu_navigate_up	8	static
../Core/Src/screen.c:190:13:menu_navigate_down	8	static
../Core/Src/screen.c:202:13:show_dash	80	static
../Core/Src/screen.c:237:13:show_menu	48	static
../Core/Src/screen.c:247:13:show_manual	48	static
../Core/Src/screen.c:259:13:show_auto_menu	48	static
../Core/Src/screen.c:292:13:show_semi_auto	48	static
../Core/Src/screen.c:301:13:show_timer	80	static
../Core/Src/screen.c:314:13:apply_timer_slot	24	static
../Core/Src/screen.c:326:13:show_countdown	72	static
../Core/Src/screen.c:349:13:show_twist	64	static
../Core/Src/screen.c:369:13:apply_twist_settings	4	static
../Core/Src/screen.c:380:13:apply_countdown_settings	4	static
../Core/Src/screen.c:385:13:enable_semi_auto	8	static
../Core/Src/screen.c:390:13:disable_semi_auto	8	static
../Core/Src/screen.c:395:13:apply_timer_settings	8	static
../Core/Src/screen.c:412:6:Screen_ShowCurrentMode	4	static
../Core/Src/screen.c:419:6:Screen_Init	8	static
../Core/Src/screen.c:437:6:Screen_ResetToHome	8	static
../Core/Src/screen.c:450:13:menu_select	24	static
../Core/Src/screen.c:605:13:menu_reset	8	static
../Core/Src/screen.c:668:6:Screen_Update	432	static
../Core/Src/screen.c:864:13:increase_edit_value	4	static
../Core/Src/screen.c:904:13:decrease_edit_value	4	static
../Core/Src/screen.c:944:17:decode_button_press	32	static
../Core/Src/screen.c:1008:6:Screen_HandleSwitches	24	static
