../Core/Src/screen.c:112:20:lcd_line	40	static
../Core/Src/screen.c:118:20:lcd_line0	16	static
../Core/Src/screen.c:119:20:lcd_line1	16	static
../Core/Src/screen.c:122:13:refreshInactivityTimer	8	static
../Core/Src/screen.c:123:13:goto_menu_top	4	static
../Core/Src/screen.c:126:13:format_menu_line	56	static
../Core/Src/screen.c:138:13:show_welcome	8	static
../Core/Src/screen.c:144:13:show_dash	80	static
../Core/Src/screen.c:178:13:show_menu	48	static
../Core/Src/screen.c:188:13:show_manual	48	static
../Core/Src/screen.c:197:13:show_semi_auto	48	static
../Core/Src/screen.c:206:13:show_timer	80	static
../Core/Src/screen.c:219:13:apply_timer_slot	24	static
../Core/Src/screen.c:231:13:show_search	56	static
../Core/Src/screen.c:243:13:show_countdown	72	static
../Core/Src/screen.c:262:13:show_twist	64	static
../Core/Src/screen.c:280:13:apply_search_settings	4	static
../Core/Src/screen.c:285:13:apply_twist_settings	4	static
../Core/Src/screen.c:290:13:apply_countdown_settings	4	static
../Core/Src/screen.c:295:13:enable_semi_auto	8	static
../Core/Src/screen.c:300:13:disable_semi_auto	8	static
../Core/Src/screen.c:305:13:apply_timer_settings	4	static
../Core/Src/screen.c:316:6:Screen_ShowCurrentMode	4	static
../Core/Src/screen.c:352:6:Screen_Init	8	static
../Core/Src/screen.c:369:6:Screen_ResetToHome	8	static
../Core/Src/screen.c:382:13:menu_select	16	static
../Core/Src/screen.c:533:13:menu_reset	8	static
../Core/Src/screen.c:594:6:Screen_Update	504	static
../Core/Src/screen.c:768:6:Screen_HandleButton	24	static
../Core/Src/screen.c:967:6:Screen_HandleSwitches	24	static
