../Core/Src/screen.c:154:20:refreshInactivityTimer	8	static
../Core/Src/screen.c:158:20:lcd_line	40	static
../Core/Src/screen.c:165:20:lcd_line0	16	static
../Core/Src/screen.c:166:20:lcd_line1	16	static
../Core/Src/screen.c:168:20:lcd_val_next	40	static
../Core/Src/screen.c:178:6:Screen_Init	16	static
../Core/Src/screen.c:202:13:show_welcome	8	static
../Core/Src/screen.c:208:13:show_dash	80	static
../Core/Src/screen.c:249:13:format_menu_line	32	static
../Core/Src/screen.c:257:13:show_menu	48	static
../Core/Src/screen.c:277:13:show_manual	8	static
../Core/Src/screen.c:285:13:show_auto_menu	8	static
../Core/Src/screen.c:290:13:show_auto_gap	8	static
../Core/Src/screen.c:295:13:show_auto_maxrun	8	static
../Core/Src/screen.c:300:13:show_auto_retry	8	static
../Core/Src/screen.c:307:13:show_semi_auto	8	static
../Core/Src/screen.c:315:13:show_timer	56	static
../Core/Src/screen.c:326:13:show_timer_on_h	8	static
../Core/Src/screen.c:331:13:show_timer_on_m	8	static
../Core/Src/screen.c:336:13:show_timer_off_h	8	static
../Core/Src/screen.c:341:13:show_timer_off_m	8	static
../Core/Src/screen.c:348:13:show_twist	40	static
../Core/Src/screen.c:358:13:show_twist_on_sec	8	static
../Core/Src/screen.c:363:13:show_twist_off_sec	8	static
../Core/Src/screen.c:368:13:show_twist_on_h	8	static
../Core/Src/screen.c:373:13:show_twist_on_m	8	static
../Core/Src/screen.c:378:13:show_twist_off_h	8	static
../Core/Src/screen.c:383:13:show_twist_off_m	8	static
../Core/Src/screen.c:390:13:show_countdown	72	static
../Core/Src/screen.c:415:13:show_countdown_edit_min	8	static
../Core/Src/screen.c:424:13:apply_timer_settings	16	static
../Core/Src/screen.c:436:13:apply_auto_settings	8	static
../Core/Src/screen.c:444:13:apply_twist_settings	4	static
../Core/Src/screen.c:454:13:apply_countdown_settings	4	static
../Core/Src/screen.c:462:13:increase_edit_value	4	static
../Core/Src/screen.c:510:13:decrease_edit_value	4	static
../Core/Src/screen.c:579:17:decode_button_press	32	static
../Core/Src/screen.c:632:13:goto_menu_top	4	static
../Core/Src/screen.c:643:13:menu_select	8	static
../Core/Src/screen.c:761:6:Screen_HandleSwitches	16	static
../Core/Src/screen.c:986:6:Screen_Update	16	static
