../Core/Src/screen.c:105:20:lcd_line	40	static
../Core/Src/screen.c:111:20:lcd_line0	16	static
../Core/Src/screen.c:112:20:lcd_line1	16	static
../Core/Src/screen.c:115:13:refreshInactivityTimer	8	static
../Core/Src/screen.c:116:13:goto_menu_top	4	static
../Core/Src/screen.c:119:13:format_menu_line	56	static
../Core/Src/screen.c:131:13:show_welcome	8	static
../Core/Src/screen.c:137:13:show_dash	80	static
../Core/Src/screen.c:171:13:show_menu	48	static
../Core/Src/screen.c:181:13:show_manual	48	static
../Core/Src/screen.c:190:13:show_semi_auto	48	static
../Core/Src/screen.c:199:13:show_timer	56	static
../Core/Src/screen.c:207:13:show_search	56	static
../Core/Src/screen.c:215:13:show_countdown	72	static
../Core/Src/screen.c:230:13:show_twist	48	static
../Core/Src/screen.c:239:13:apply_search_settings	4	static
../Core/Src/screen.c:244:13:apply_twist_settings	4	static
../Core/Src/screen.c:249:13:apply_countdown_settings	4	static
../Core/Src/screen.c:253:13:enable_semi_auto	8	static
../Core/Src/screen.c:258:13:disable_semi_auto	8	static
../Core/Src/screen.c:263:13:apply_timer_settings	8	static
../Core/Src/screen.c:270:6:Screen_Update	376	static
../Core/Src/screen.c:396:6:Screen_Init	8	static
../Core/Src/screen.c:411:6:Screen_ResetToHome	8	static
../Core/Src/screen.c:420:13:menu_select	8	static
../Core/Src/screen.c:485:13:menu_reset	8	static
../Core/Src/screen.c:512:6:Screen_HandleButton	16	static
../Core/Src/screen.c:553:6:Screen_HandleSwitches	24	static
