../Core/Src/screen.c:189:20:refreshInactivityTimer	8	static
../Core/Src/screen.c:193:20:lcd_line	40	static
../Core/Src/screen.c:200:20:lcd_line0	16	static
../Core/Src/screen.c:201:20:lcd_line1	16	static
../Core/Src/screen.c:207:13:draw_menu_cursor	16	static
../Core/Src/screen.c:228:13:show_welcome	8	static
../Core/Src/screen.c:239:13:show_dash	80	static
../Core/Src/screen.c:277:6:Screen_Init	8	static
../Core/Src/screen.c:286:13:show_menu	48	static
../Core/Src/screen.c:311:20:lcd_val_next_int	40	static
../Core/Src/screen.c:317:20:lcd_val_next_float	48	static
../Core/Src/screen.c:327:13:show_manual	8	static
../Core/Src/screen.c:339:13:show_timer_slot_select	56	static
../Core/Src/screen.c:385:13:show_timer	56	static
../Core/Src/screen.c:399:13:show_timer_on_h	8	static
../Core/Src/screen.c:404:13:show_timer_on_m	8	static
../Core/Src/screen.c:409:13:show_timer_off_h	8	static
../Core/Src/screen.c:414:13:show_timer_off_m	8	static
../Core/Src/screen.c:420:13:show_timer_days	48	static
../Core/Src/screen.c:434:13:show_timer_enable	8	static
../Core/Src/screen.c:443:13:show_auto_menu	8	static
../Core/Src/screen.c:448:13:show_auto_gap	8	static
../Core/Src/screen.c:453:13:show_auto_maxrun	8	static
../Core/Src/screen.c:458:13:show_auto_retry	8	static
../Core/Src/screen.c:467:13:show_semi_auto	8	static
../Core/Src/screen.c:477:13:show_twist	40	static
../Core/Src/screen.c:489:13:show_twist_on_sec	8	static
../Core/Src/screen.c:494:13:show_twist_off_sec	8	static
../Core/Src/screen.c:499:13:show_twist_on_h	8	static
../Core/Src/screen.c:504:13:show_twist_on_m	8	static
../Core/Src/screen.c:509:13:show_twist_off_h	8	static
../Core/Src/screen.c:514:13:show_twist_off_m	8	static
../Core/Src/screen.c:523:13:show_countdown	72	static
../Core/Src/screen.c:542:13:show_countdown_edit_min	8	static
../Core/Src/screen.c:551:13:show_settings_gap	8	static
../Core/Src/screen.c:556:13:show_settings_retry	8	static
../Core/Src/screen.c:561:13:show_settings_uv	8	static
../Core/Src/screen.c:566:13:show_settings_ov	8	static
../Core/Src/screen.c:571:13:show_settings_ol	8	static
../Core/Src/screen.c:576:13:show_settings_ul	8	static
../Core/Src/screen.c:581:13:show_settings_maxrun	8	static
../Core/Src/screen.c:586:13:show_settings_factory	8	static
../Core/Src/screen.c:599:13:apply_timer_settings	16	static
../Core/Src/screen.c:614:13:apply_auto_settings	8	static
../Core/Src/screen.c:622:13:apply_twist_settings	4	static
../Core/Src/screen.c:633:13:apply_countdown_settings	4	static
../Core/Src/screen.c:640:13:apply_settings_all	56	static
../Core/Src/screen.c:659:13:start_settings_edit_flow	8	static
../Core/Src/screen.c:675:13:advance_settings_flow	8	static
../Core/Src/screen.c:723:13:goto_menu_top	4	static
../Core/Src/screen.c:728:13:menu_select	8	static
../Core/Src/screen.c:931:17:decode_button_press	32	static
../Core/Src/screen.c:979:6:increase_edit_value	8	static
../Core/Src/screen.c:1045:6:decrease_edit_value	8	static
../Core/Src/screen.c:1115:6:Screen_HandleSwitches	24	static
../Core/Src/screen.c:1495:6:Screen_Update	16	static
