../Core/Src/screen.c:213:6:Screen_Init	8	static
../Core/Src/screen.c:223:20:refreshInactivityTimer	8	static
../Core/Src/screen.c:228:20:lcd_line	40	static
../Core/Src/screen.c:236:20:lcd_line0	16	static
../Core/Src/screen.c:237:20:lcd_line1	16	static
../Core/Src/screen.c:239:13:show_welcome	8	static
../Core/Src/screen.c:245:13:show_dash	104	static
../Core/Src/screen.c:338:13:draw_menu_cursor	16	static
../Core/Src/screen.c:351:13:show_menu	48	static
../Core/Src/screen.c:370:13:show_devset_menu	80	static
../Core/Src/screen.c:417:13:show_timer_slot_select	64	static
../Core/Src/screen.c:442:13:show_edit_on_time	4	static
../Core/Src/screen.c:443:13:show_edit_off_time	4	static
../Core/Src/screen.c:450:13:show_timer_days	40	static
../Core/Src/screen.c:465:13:show_timer_gap	40	static
../Core/Src/screen.c:474:13:show_timer_enable	32	static
../Core/Src/screen.c:482:13:show_timer_summary	32	static
../Core/Src/screen.c:490:13:show_auto_menu	8	static
../Core/Src/screen.c:496:13:show_auto_gap	32	static
../Core/Src/screen.c:503:13:show_auto_maxrun	32	static
../Core/Src/screen.c:510:13:show_auto_retry	32	static
../Core/Src/screen.c:517:13:show_semi_auto	8	static
../Core/Src/screen.c:523:6:ModelHandle_1SecondTask	4	static
../Core/Src/screen.c:533:13:show_twist	40	static
../Core/Src/screen.c:543:13:show_twist_on_sec	32	static
../Core/Src/screen.c:550:13:show_twist_off_sec	32	static
../Core/Src/screen.c:557:13:show_twist_on_h	32	static
../Core/Src/screen.c:564:13:show_twist_on_m	32	static
../Core/Src/screen.c:571:13:show_twist_off_h	32	static
../Core/Src/screen.c:578:13:show_twist_off_m	32	static
../Core/Src/screen.c:585:13:show_countdown	72	static
../Core/Src/screen.c:604:13:show_countdown_edit_min	32	static
../Core/Src/screen.c:611:13:show_settings_dry_en	8	static
../Core/Src/screen.c:617:13:show_settings_gap	32	static
../Core/Src/screen.c:628:13:show_settings_retry	32	static
../Core/Src/screen.c:639:13:show_settings_uv	32	static
../Core/Src/screen.c:650:13:show_settings_ov	32	static
../Core/Src/screen.c:661:13:show_settings_ol	32	static
../Core/Src/screen.c:672:13:show_settings_ul	32	static
../Core/Src/screen.c:683:13:show_settings_maxrun	32	static
../Core/Src/screen.c:694:13:show_settings_pwrrest	16	static
../Core/Src/screen.c:704:13:show_settings_factory	8	static
../Core/Src/screen.c:710:13:show_devset_edit_date	40	static
../Core/Src/screen.c:721:13:show_devset_edit_time	40	static
../Core/Src/screen.c:732:13:show_devset_edit_day	32	static
../Core/Src/screen.c:740:13:show_add_device_menu	8	static
../Core/Src/screen.c:746:13:show_add_device_pair	32	static
../Core/Src/screen.c:754:13:show_add_device_remove	32	static
../Core/Src/screen.c:762:13:show_add_device_pair_done	32	static
../Core/Src/screen.c:770:13:show_add_device_remove_done	32	static
../Core/Src/screen.c:778:13:show_reset_confirm	8	static
../Core/Src/screen.c:784:13:apply_settings_core	48	static
../Core/Src/screen.c:805:13:start_settings_edit_flow	16	static
../Core/Src/screen.c:865:13:goto_menu_top	4	static
../Core/Src/screen.c:871:13:menu_select	40	static
../Core/Src/screen.c:1021:6:increase_edit_value	16	static
../Core/Src/screen.c:1113:6:decrease_edit_value	16	static
../Core/Src/screen.c:1169:17:decode_button_press	24	static
../Core/Src/screen.c:1231:6:Screen_HandleSwitches	32	static
../Core/Src/screen.c:1446:6:Screen_Update	16	static
