../Core/Src/screen.c:231:20:clear_sticky_mode_flags	4	static
../Core/Src/screen.c:242:20:sticky_set_countdown	4	static
../Core/Src/screen.c:253:20:sticky_set_semi	4	static
../Core/Src/screen.c:259:6:Screen_Init	8	static
../Core/Src/screen.c:269:20:refreshInactivityTimer	8	static
../Core/Src/screen.c:274:20:lcd_line	40	static
../Core/Src/screen.c:282:20:lcd_line0	16	static
../Core/Src/screen.c:283:20:lcd_line1	16	static
../Core/Src/screen.c:285:13:show_welcome	8	static
../Core/Src/screen.c:291:13:show_dash	120	static
../Core/Src/screen.c:403:13:draw_menu_cursor	16	static
../Core/Src/screen.c:416:13:show_menu	48	static
../Core/Src/screen.c:435:13:show_devset_menu	80	static
../Core/Src/screen.c:482:13:show_timer_slot_select	64	static
../Core/Src/screen.c:507:13:show_edit_on_time	4	static
../Core/Src/screen.c:508:13:show_edit_off_time	4	static
../Core/Src/screen.c:515:13:show_timer_days	40	static
../Core/Src/screen.c:530:13:show_timer_gap	40	static
../Core/Src/screen.c:539:13:show_timer_enable	32	static
../Core/Src/screen.c:547:13:show_timer_summary	32	static
../Core/Src/screen.c:555:13:show_auto_menu	8	static
../Core/Src/screen.c:561:13:show_auto_gap	32	static
../Core/Src/screen.c:568:13:show_auto_maxrun	32	static
../Core/Src/screen.c:575:13:show_auto_retry	32	static
../Core/Src/screen.c:582:13:show_semi_auto	8	static
../Core/Src/screen.c:588:6:ModelHandle_1SecondTask	4	static
../Core/Src/screen.c:598:13:show_twist	40	static
../Core/Src/screen.c:608:13:show_countdown	80	static
../Core/Src/screen.c:632:13:show_countdown_edit_min	32	static
../Core/Src/screen.c:639:13:show_settings_dry_en	8	static
../Core/Src/screen.c:645:13:show_settings_gap	32	static
../Core/Src/screen.c:656:13:show_settings_retry	32	static
../Core/Src/screen.c:667:13:show_settings_uv	32	static
../Core/Src/screen.c:678:13:show_settings_ov	32	static
../Core/Src/screen.c:689:13:show_settings_ol	32	static
../Core/Src/screen.c:700:13:show_settings_ul	32	static
../Core/Src/screen.c:711:13:show_settings_maxrun	32	static
../Core/Src/screen.c:722:13:show_settings_pwrrest	16	static
../Core/Src/screen.c:732:13:show_settings_factory	8	static
../Core/Src/screen.c:738:13:show_devset_edit_date	40	static
../Core/Src/screen.c:749:13:show_devset_edit_time	40	static
../Core/Src/screen.c:760:13:show_devset_edit_day	32	static
../Core/Src/screen.c:768:13:show_add_device_menu	8	static
../Core/Src/screen.c:774:13:show_add_device_pair	32	static
../Core/Src/screen.c:782:13:show_add_device_remove	32	static
../Core/Src/screen.c:790:13:show_add_device_pair_done	32	static
../Core/Src/screen.c:798:13:show_add_device_remove_done	32	static
../Core/Src/screen.c:806:13:show_reset_confirm	8	static
../Core/Src/screen.c:812:13:apply_settings_core	48	static
../Core/Src/screen.c:833:13:start_settings_edit_flow	16	static
../Core/Src/screen.c:893:13:goto_menu_top	4	static
../Core/Src/screen.c:899:13:menu_select	40	static
../Core/Src/screen.c:1050:6:increase_edit_value	16	static
../Core/Src/screen.c:1142:6:decrease_edit_value	16	static
../Core/Src/screen.c:1198:17:decode_button_press	24	static
../Core/Src/screen.c:1260:6:Screen_HandleSwitches	32	static
../Core/Src/screen.c:1507:6:Screen_Update	16	static
