../Core/Src/screen.c:172:20:refreshInactivityTimer	8	static
../Core/Src/screen.c:176:20:lcd_line	40	static
../Core/Src/screen.c:183:20:lcd_line0	16	static
../Core/Src/screen.c:184:20:lcd_line1	16	static
../Core/Src/screen.c:186:20:lcd_val_next	40	static
../Core/Src/screen.c:196:6:Screen_Init	16	static
../Core/Src/screen.c:220:13:show_welcome	8	static
../Core/Src/screen.c:226:13:show_dash	80	static
../Core/Src/screen.c:265:13:format_menu_line	32	static
../Core/Src/screen.c:273:13:show_menu	48	static
../Core/Src/screen.c:290:13:show_manual	8	static
../Core/Src/screen.c:298:13:show_timer	56	static
../Core/Src/screen.c:313:13:show_timer_on_h	8	static
../Core/Src/screen.c:318:13:show_timer_on_m	8	static
../Core/Src/screen.c:323:13:show_timer_off_h	8	static
../Core/Src/screen.c:328:13:show_timer_off_m	8	static
../Core/Src/screen.c:335:13:show_auto_menu	8	static
../Core/Src/screen.c:340:13:show_auto_gap	8	static
../Core/Src/screen.c:345:13:show_auto_maxrun	8	static
../Core/Src/screen.c:350:13:show_auto_retry	8	static
../Core/Src/screen.c:357:13:show_semi_auto	8	static
../Core/Src/screen.c:365:13:show_twist	40	static
../Core/Src/screen.c:377:13:show_twist_on_sec	8	static
../Core/Src/screen.c:382:13:show_twist_off_sec	8	static
../Core/Src/screen.c:387:13:show_twist_on_h	8	static
../Core/Src/screen.c:392:13:show_twist_on_m	8	static
../Core/Src/screen.c:397:13:show_twist_off_h	8	static
../Core/Src/screen.c:402:13:show_twist_off_m	8	static
../Core/Src/screen.c:409:13:show_countdown	72	static
../Core/Src/screen.c:428:13:show_countdown_edit_min	8	static
../Core/Src/screen.c:437:13:apply_timer_settings	16	static
../Core/Src/screen.c:450:13:apply_auto_settings	8	static
../Core/Src/screen.c:458:13:apply_twist_settings	4	static
../Core/Src/screen.c:468:13:apply_countdown_settings	4	static
../Core/Src/screen.c:483:17:decode_button_press	32	static
../Core/Src/screen.c:537:13:goto_menu_top	4	static
../Core/Src/screen.c:542:13:menu_select	8	static
../Core/Src/screen.c:708:6:increase_edit_value	4	static
../Core/Src/screen.c:739:6:decrease_edit_value	4	static
../Core/Src/screen.c:770:6:Screen_HandleSwitches	24	static
../Core/Src/screen.c:1038:6:Screen_Update	16	static
