../Core/Src/screen.c:77:13:lcd_line0	16	static
../Core/Src/screen.c:78:13:lcd_line1	16	static
../Core/Src/screen.c:80:13:lcd_line0_full	40	static
../Core/Src/screen.c:86:13:lcd_line1_full	40	static
../Core/Src/screen.c:92:13:goto_dash_cycle	4	static
../Core/Src/screen.c:96:13:show_welcome	8	static
../Core/Src/screen.c:102:13:show_dash_water	8	static
../Core/Src/screen.c:115:13:show_dash_mode	16	static
../Core/Src/screen.c:126:13:show_dash_search	16	static
../Core/Src/screen.c:139:13:show_dash_twist	16	static
../Core/Src/screen.c:152:13:show_menu	24	static
../Core/Src/screen.c:162:13:show_edit_mm	16	static
../Core/Src/screen.c:169:13:show_edit_ms	24	static
../Core/Src/screen.c:176:13:show_edit_hhmm	24	static
../Core/Src/screen.c:183:13:apply_menu_action	8	static
../Core/Src/screen.c:205:13:send_cmd	16	static
../Core/Src/screen.c:211:6:Screen_Init	8	static
../Core/Src/screen.c:217:6:Screen_ResetToHome	8	static
../Core/Src/screen.c:222:6:Screen_HandleButton	104	static
../Core/Src/screen.c:385:6:Screen_Update	16	static
../Core/Src/screen.c:479:6:Screen_HandleSwitches	8	static
