../Core/Src/screen.c:108:20:lcd_line	40	static
../Core/Src/screen.c:114:20:lcd_line0	16	static
../Core/Src/screen.c:115:20:lcd_line1	16	static
../Core/Src/screen.c:118:13:refreshInactivityTimer	8	static
../Core/Src/screen.c:119:13:goto_menu_top	4	static
../Core/Src/screen.c:122:13:format_menu_line	56	static
../Core/Src/screen.c:134:13:show_welcome	8	static
../Core/Src/screen.c:140:13:show_dash	80	static
../Core/Src/screen.c:174:13:show_menu	48	static
../Core/Src/screen.c:184:13:show_manual	48	static
../Core/Src/screen.c:193:13:show_semi_auto	48	static
../Core/Src/screen.c:202:13:show_timer	56	static
../Core/Src/screen.c:210:13:show_search	56	static
../Core/Src/screen.c:218:13:show_countdown	72	static
../Core/Src/screen.c:237:13:show_twist	48	static
../Core/Src/screen.c:246:13:apply_search_settings	4	static
../Core/Src/screen.c:251:13:apply_twist_settings	4	static
../Core/Src/screen.c:256:13:apply_countdown_settings	4	static
../Core/Src/screen.c:261:13:enable_semi_auto	8	static
../Core/Src/screen.c:266:13:disable_semi_auto	8	static
../Core/Src/screen.c:271:13:apply_timer_settings	8	static
../Core/Src/screen.c:278:6:Screen_Update	456	static
../Core/Src/screen.c:420:6:Screen_Init	8	static
../Core/Src/screen.c:437:6:Screen_ResetToHome	8	static
../Core/Src/screen.c:446:13:menu_select	16	static
../Core/Src/screen.c:536:13:menu_reset	8	static
../Core/Src/screen.c:564:6:Screen_HandleButton	16	static
../Core/Src/screen.c:615:6:Screen_HandleSwitches	24	static
