../Core/Src/screen.c:184:6:Screen_Init	8	static
../Core/Src/screen.c:193:20:refreshInactivityTimer	8	static
../Core/Src/screen.c:196:20:lcd_line	40	static
../Core/Src/screen.c:207:20:lcd_line0	16	static
../Core/Src/screen.c:208:20:lcd_line1	16	static
../Core/Src/screen.c:209:13:show_welcome	8	static
../Core/Src/screen.c:215:13:show_dash	96	static
../Core/Src/screen.c:331:13:draw_menu_cursor	16	static
../Core/Src/screen.c:343:13:show_menu	48	static
../Core/Src/screen.c:359:13:show_devset_menu	64	static
../Core/Src/screen.c:401:13:show_timer_slot_select	64	static
../Core/Src/screen.c:433:13:show_edit_on_time	56	static
../Core/Src/screen.c:445:13:show_edit_off_time	56	static
../Core/Src/screen.c:462:13:show_timer_days	40	static
../Core/Src/screen.c:478:13:show_timer_gap	40	static
../Core/Src/screen.c:489:13:show_timer_enable	32	static
../Core/Src/screen.c:498:13:show_timer_summary	32	static
../Core/Src/screen.c:509:13:show_auto_menu	8	static
../Core/Src/screen.c:514:13:show_auto_gap	32	static
../Core/Src/screen.c:519:13:show_auto_maxrun	32	static
../Core/Src/screen.c:524:13:show_auto_retry	32	static
../Core/Src/screen.c:529:13:show_semi_auto	8	static
../Core/Src/screen.c:535:13:show_twist	40	static
../Core/Src/screen.c:545:13:show_twist_on_sec	32	static
../Core/Src/screen.c:550:13:show_twist_off_sec	32	static
../Core/Src/screen.c:555:13:show_twist_on_h	32	static
../Core/Src/screen.c:560:13:show_twist_on_m	32	static
../Core/Src/screen.c:565:13:show_twist_off_h	32	static
../Core/Src/screen.c:570:13:show_twist_off_m	32	static
../Core/Src/screen.c:575:13:show_countdown	72	static
../Core/Src/screen.c:595:13:show_countdown_edit_min	32	static
../Core/Src/screen.c:600:13:show_settings_gap	32	static
../Core/Src/screen.c:609:13:show_settings_retry	32	static
../Core/Src/screen.c:618:13:show_settings_uv	32	static
../Core/Src/screen.c:627:13:show_settings_ov	32	static
../Core/Src/screen.c:636:13:show_settings_ol	32	static
../Core/Src/screen.c:645:13:show_settings_ul	32	static
../Core/Src/screen.c:654:13:show_settings_maxrun	32	static
../Core/Src/screen.c:663:13:show_settings_pwrrest	16	static
../Core/Src/screen.c:671:13:show_settings_factory	8	static
../Core/Src/screen.c:676:13:show_devset_edit_date	40	static
../Core/Src/screen.c:689:13:show_devset_edit_time	40	static
../Core/Src/screen.c:701:13:show_devset_edit_day	32	static
../Core/Src/screen.c:708:13:show_add_device_menu	8	static
../Core/Src/screen.c:713:13:show_add_device_pair	32	static
../Core/Src/screen.c:720:13:show_add_device_remove	32	static
../Core/Src/screen.c:727:13:show_add_device_pair_done	32	static
../Core/Src/screen.c:734:13:show_add_device_remove_done	32	static
../Core/Src/screen.c:741:13:show_reset_confirm	8	static
../Core/Src/screen.c:747:13:apply_timer_slot	16	static
../Core/Src/screen.c:761:13:apply_auto_settings	8	static
../Core/Src/screen.c:769:13:apply_settings_core	48	static
../Core/Src/screen.c:784:13:start_settings_edit_flow	16	static
../Core/Src/screen.c:832:13:goto_menu_top	4	static
../Core/Src/screen.c:837:13:menu_select	40	static
../Core/Src/screen.c:958:6:increase_edit_value	16	static
../Core/Src/screen.c:1122:6:decrease_edit_value	16	static
../Core/Src/screen.c:1228:17:decode_button_press	24	static
../Core/Src/screen.c:1317:6:Screen_HandleSwitches	16	static
../Core/Src/screen.c:1563:6:Screen_Update	16	static
