../Core/Src/screen.c:137:20:lcd_line	40	static
../Core/Src/screen.c:143:20:lcd_line0	16	static
../Core/Src/screen.c:144:20:lcd_line1	16	static
../Core/Src/screen.c:147:13:refreshInactivityTimer	8	static
../Core/Src/screen.c:148:13:goto_menu_top	4	static
../Core/Src/screen.c:151:13:format_menu_line	56	static
../Core/Src/screen.c:163:13:show_welcome	8	static
../Core/Src/screen.c:169:13:show_dash	80	static
../Core/Src/screen.c:204:13:show_menu	48	static
../Core/Src/screen.c:214:13:show_manual	48	static
../Core/Src/screen.c:223:13:show_semi_auto	48	static
../Core/Src/screen.c:232:13:show_timer	80	static
../Core/Src/screen.c:245:13:apply_timer_slot	24	static
../Core/Src/screen.c:256:13:show_search	48	static
../Core/Src/screen.c:271:13:show_countdown	72	static
../Core/Src/screen.c:293:13:show_twist	64	static
../Core/Src/screen.c:312:13:apply_search_settings	4	static
../Core/Src/screen.c:324:13:apply_twist_settings	4	static
../Core/Src/screen.c:335:13:apply_countdown_settings	4	static
../Core/Src/screen.c:340:13:enable_semi_auto	8	static
../Core/Src/screen.c:345:13:disable_semi_auto	8	static
../Core/Src/screen.c:350:13:apply_timer_settings	8	static
../Core/Src/screen.c:367:6:Screen_ShowCurrentMode	4	static
../Core/Src/screen.c:403:6:Screen_Init	8	static
../Core/Src/screen.c:425:6:Screen_ResetToHome	8	static
../Core/Src/screen.c:438:13:menu_select	32	static
../Core/Src/screen.c:623:13:menu_reset	8	static
../Core/Src/screen.c:690:6:Screen_Update	464	static
../Core/Src/screen.c:909:6:Screen_HandleSwitches	40	static
../Core/Src/screen.c:1022:6:Screen_HandleButton	24	static
