../Core/Src/screen.c:214:20:clear_sticky_mode_flags	4	static
../Core/Src/screen.c:220:20:sticky_set_countdown	4	static
../Core/Src/screen.c:226:20:sticky_set_semi	4	static
../Core/Src/screen.c:232:6:Screen_Init	8	static
../Core/Src/screen.c:242:20:refreshInactivityTimer	8	static
../Core/Src/screen.c:247:20:lcd_line	40	static
../Core/Src/screen.c:255:20:lcd_line0	16	static
../Core/Src/screen.c:256:20:lcd_line1	16	static
../Core/Src/screen.c:258:13:show_welcome	8	static
../Core/Src/screen.c:264:13:show_dash	120	static
../Core/Src/screen.c:363:13:draw_menu_cursor	16	static
../Core/Src/screen.c:376:13:show_menu	48	static
../Core/Src/screen.c:395:13:show_devset_menu	80	static
../Core/Src/screen.c:442:13:show_timer_slot_select	64	static
../Core/Src/screen.c:467:13:show_edit_on_time	4	static
../Core/Src/screen.c:468:13:show_edit_off_time	4	static
../Core/Src/screen.c:475:13:show_timer_days	40	static
../Core/Src/screen.c:490:13:show_timer_gap	40	static
../Core/Src/screen.c:499:13:show_timer_enable	32	static
../Core/Src/screen.c:507:13:show_timer_summary	32	static
../Core/Src/screen.c:515:13:show_auto_menu	8	static
../Core/Src/screen.c:521:13:show_auto_gap	32	static
../Core/Src/screen.c:528:13:show_auto_maxrun	32	static
../Core/Src/screen.c:535:13:show_auto_retry	32	static
../Core/Src/screen.c:542:13:show_semi_auto	8	static
../Core/Src/screen.c:548:6:ModelHandle_1SecondTask	4	static
../Core/Src/screen.c:558:13:show_twist	40	static
../Core/Src/screen.c:568:13:show_countdown	80	static
../Core/Src/screen.c:592:13:show_countdown_edit_min	32	static
../Core/Src/screen.c:599:13:show_settings_dry_en	8	static
../Core/Src/screen.c:605:13:show_settings_gap	32	static
../Core/Src/screen.c:616:13:show_settings_retry	32	static
../Core/Src/screen.c:627:13:show_settings_uv	32	static
../Core/Src/screen.c:638:13:show_settings_ov	32	static
../Core/Src/screen.c:649:13:show_settings_ol	32	static
../Core/Src/screen.c:660:13:show_settings_ul	32	static
../Core/Src/screen.c:671:13:show_settings_maxrun	32	static
../Core/Src/screen.c:682:13:show_settings_pwrrest	16	static
../Core/Src/screen.c:692:13:show_settings_factory	8	static
../Core/Src/screen.c:698:13:show_devset_edit_date	40	static
../Core/Src/screen.c:709:13:show_devset_edit_time	40	static
../Core/Src/screen.c:720:13:show_devset_edit_day	32	static
../Core/Src/screen.c:728:13:show_add_device_menu	8	static
../Core/Src/screen.c:734:13:show_add_device_pair	32	static
../Core/Src/screen.c:742:13:show_add_device_remove	32	static
../Core/Src/screen.c:750:13:show_add_device_pair_done	32	static
../Core/Src/screen.c:758:13:show_add_device_remove_done	32	static
../Core/Src/screen.c:766:13:show_reset_confirm	8	static
../Core/Src/screen.c:772:13:apply_settings_core	48	static
../Core/Src/screen.c:793:13:start_settings_edit_flow	16	static
../Core/Src/screen.c:853:13:goto_menu_top	4	static
../Core/Src/screen.c:859:13:menu_select	40	static
../Core/Src/screen.c:1010:6:increase_edit_value	16	static
../Core/Src/screen.c:1102:6:decrease_edit_value	16	static
../Core/Src/screen.c:1158:17:decode_button_press	24	static
../Core/Src/screen.c:1246:6:Screen_HandleSwitches	32	static
../Core/Src/screen.c:1498:6:Screen_Update	16	static
