../Core/Src/screen.c:192:6:Screen_Init	8	static
../Core/Src/screen.c:202:20:refreshInactivityTimer	8	static
../Core/Src/screen.c:207:20:lcd_line	40	static
../Core/Src/screen.c:215:20:lcd_line0	16	static
../Core/Src/screen.c:216:20:lcd_line1	16	static
../Core/Src/screen.c:218:13:show_welcome	8	static
../Core/Src/screen.c:225:13:show_dash	120	static
../Core/Src/screen.c:313:13:draw_menu_cursor	16	static
../Core/Src/screen.c:326:13:show_menu	48	static
../Core/Src/screen.c:345:13:show_devset_menu	80	static
../Core/Src/screen.c:392:13:show_timer_slot_select	64	static
../Core/Src/screen.c:417:13:show_edit_on_time	4	static
../Core/Src/screen.c:418:13:show_edit_off_time	4	static
../Core/Src/screen.c:425:13:show_timer_days	40	static
../Core/Src/screen.c:440:13:show_timer_gap	40	static
../Core/Src/screen.c:449:13:show_timer_enable	32	static
../Core/Src/screen.c:457:13:show_timer_summary	32	static
../Core/Src/screen.c:465:13:show_auto_menu	8	static
../Core/Src/screen.c:471:13:show_auto_gap	32	static
../Core/Src/screen.c:478:13:show_auto_maxrun	32	static
../Core/Src/screen.c:485:13:show_auto_retry	32	static
../Core/Src/screen.c:492:13:show_semi_auto	8	static
../Core/Src/screen.c:498:6:ModelHandle_1SecondTask	4	static
../Core/Src/screen.c:508:13:show_twist	40	static
../Core/Src/screen.c:519:13:show_countdown	80	static
../Core/Src/screen.c:543:13:show_countdown_edit_min	32	static
../Core/Src/screen.c:550:13:show_settings_dry_en	8	static
../Core/Src/screen.c:556:13:show_settings_gap	32	static
../Core/Src/screen.c:567:13:show_settings_retry	32	static
../Core/Src/screen.c:578:13:show_settings_uv	32	static
../Core/Src/screen.c:589:13:show_settings_ov	32	static
../Core/Src/screen.c:600:13:show_settings_ol	32	static
../Core/Src/screen.c:611:13:show_settings_ul	32	static
../Core/Src/screen.c:622:13:show_settings_maxrun	32	static
../Core/Src/screen.c:633:13:show_settings_pwrrest	16	static
../Core/Src/screen.c:643:13:show_settings_factory	8	static
../Core/Src/screen.c:649:13:show_devset_edit_date	40	static
../Core/Src/screen.c:660:13:show_devset_edit_time	40	static
../Core/Src/screen.c:671:13:show_devset_edit_day	32	static
../Core/Src/screen.c:679:13:show_add_device_menu	8	static
../Core/Src/screen.c:685:13:show_add_device_pair	32	static
../Core/Src/screen.c:693:13:show_add_device_remove	32	static
../Core/Src/screen.c:701:13:show_add_device_pair_done	32	static
../Core/Src/screen.c:709:13:show_add_device_remove_done	32	static
../Core/Src/screen.c:717:13:show_reset_confirm	8	static
../Core/Src/screen.c:723:13:apply_settings_core	48	static
../Core/Src/screen.c:744:13:start_settings_edit_flow	16	static
../Core/Src/screen.c:804:13:goto_menu_top	4	static
../Core/Src/screen.c:810:13:menu_select	40	static
../Core/Src/screen.c:960:6:increase_edit_value	16	static
../Core/Src/screen.c:1052:6:decrease_edit_value	16	static
../Core/Src/screen.c:1108:17:decode_button_press	24	static
../Core/Src/screen.c:1170:6:Screen_HandleSwitches	32	static
../Core/Src/screen.c:1397:6:Screen_Update	16	static
